********** Iniciando experimentos CUTMIX: 22:12:10 **********
Ejecutando: prueba inicial CUTMIX (sobre Oitaven)
********************Ejecutando prueba sobre el dataset oitaven ******************************
Cargando datos en memoria principal...
--- Iniciando Grid Search Paralelo (15 combinaciones) ---
 Evaluando: Alpha=0.1, Epochs=200, Batch=100, Prob=0.2
 Evaluando: Alpha=0.1, Epochs=200, Batch=100, Prob=0.5
 Evaluando: Alpha=0.1, Epochs=200, Batch=100, Prob=0.7
 Fin evaluación: Alpha=0.1,  Epochs=200, Batch=100, Prob=0.2 *************************
 Evaluando: Alpha=0.3, Epochs=200, Batch=100, Prob=0.2
 Fin evaluación: Alpha=0.1,  Epochs=200, Batch=100, Prob=0.5 *************************
 Fin evaluación: Alpha=0.1,  Epochs=200, Batch=100, Prob=0.7 *************************
 Evaluando: Alpha=0.3, Epochs=200, Batch=100, Prob=0.5
 Evaluando: Alpha=0.3, Epochs=200, Batch=100, Prob=0.7
 Fin evaluación: Alpha=0.3,  Epochs=200, Batch=100, Prob=0.2 *************************
 Evaluando: Alpha=0.5, Epochs=200, Batch=100, Prob=0.2
 Fin evaluación: Alpha=0.3,  Epochs=200, Batch=100, Prob=0.5 *************************
 Fin evaluación: Alpha=0.3,  Epochs=200, Batch=100, Prob=0.7 *************************
 Evaluando: Alpha=0.5, Epochs=200, Batch=100, Prob=0.5
 Evaluando: Alpha=0.5, Epochs=200, Batch=100, Prob=0.7
 Fin evaluación: Alpha=0.5,  Epochs=200, Batch=100, Prob=0.2 *************************
 Evaluando: Alpha=0.7, Epochs=200, Batch=100, Prob=0.2
 Fin evaluación: Alpha=0.5,  Epochs=200, Batch=100, Prob=0.5 *************************
 Fin evaluación: Alpha=0.5,  Epochs=200, Batch=100, Prob=0.7 *************************
 Evaluando: Alpha=0.7, Epochs=200, Batch=100, Prob=0.5
 Evaluando: Alpha=0.7, Epochs=200, Batch=100, Prob=0.7
 Fin evaluación: Alpha=0.7,  Epochs=200, Batch=100, Prob=0.2 *************************
 Evaluando: Alpha=1.0, Epochs=200, Batch=100, Prob=0.2
 Fin evaluación: Alpha=0.7,  Epochs=200, Batch=100, Prob=0.5 *************************
 Fin evaluación: Alpha=0.7,  Epochs=200, Batch=100, Prob=0.7 *************************
 Evaluando: Alpha=1.0, Epochs=200, Batch=100, Prob=0.5
 Evaluando: Alpha=1.0, Epochs=200, Batch=100, Prob=0.7
 Fin evaluación: Alpha=1.0,  Epochs=200, Batch=100, Prob=0.2 *************************
 Fin evaluación: Alpha=1.0,  Epochs=200, Batch=100, Prob=0.5 *************************
 Fin evaluación: Alpha=1.0,  Epochs=200, Batch=100, Prob=0.7 *************************

--- Ejecutando evaluación final paralela (5 experimentos) ---
ACABÓ LA PRUEBA
ACABÓ LA PRUEBA
ACABÓ LA PRUEBA
ACABÓ LA PRUEBA
ACABÓ LA PRUEBA

============================================================
RESULTADOS FINALES PROMEDIADOS (CONJUNTO DE TEST) SOBRE EL FICHERO: oitaven
============================================================
Mejor Configuración: Alpha=0.5, Epoch=200, Batch=100, Prob=0.5
------------------------------------------------------------
ACCURACY POR CLASE:
  Clase 01: 96.80% ± 0.85%
  Clase 02: 85.71% ± 3.45%
  Clase 03: 85.25% ± 3.62%
  Clase 04: 96.03% ± 4.04%
  Clase 05: 92.97% ± 3.21%
  Clase 06: 95.02% ± 1.57%
  Clase 07: 97.32% ± 0.24%
  Clase 08: 96.03% ± 0.51%
  Clase 09: 99.48% ± 0.11%
  Clase 10: 92.56% ± 1.36%
------------------------------------------------------------
OA Final: 95.90% ± 0.31%
AA Final: 93.72% ± 0.60%
============================================================
------------------------------------------
Ejecutando prueba iteración: 1...
********************Ejecutando prueba sobre el dataset das_mestas ******************************
Cargando datos en memoria principal...
--- Iniciando Grid Search Paralelo (15 combinaciones) ---
 Evaluando: Alpha=0.1, Epochs=200, Batch=100, Prob=0.2
 Evaluando: Alpha=0.1, Epochs=200, Batch=100, Prob=0.5
 Evaluando: Alpha=0.1, Epochs=200, Batch=100, Prob=0.7
 Fin evaluación: Alpha=0.1,  Epochs=200, Batch=100, Prob=0.2 *************************
 Evaluando: Alpha=0.3, Epochs=200, Batch=100, Prob=0.2
 Fin evaluación: Alpha=0.1,  Epochs=200, Batch=100, Prob=0.5 *************************
 Fin evaluación: Alpha=0.1,  Epochs=200, Batch=100, Prob=0.7 *************************
 Evaluando: Alpha=0.3, Epochs=200, Batch=100, Prob=0.5
 Evaluando: Alpha=0.3, Epochs=200, Batch=100, Prob=0.7
 Fin evaluación: Alpha=0.3,  Epochs=200, Batch=100, Prob=0.2 *************************
 Evaluando: Alpha=0.5, Epochs=200, Batch=100, Prob=0.2
 Fin evaluación: Alpha=0.3,  Epochs=200, Batch=100, Prob=0.5 *************************
 Evaluando: Alpha=0.5, Epochs=200, Batch=100, Prob=0.5
 Fin evaluación: Alpha=0.3,  Epochs=200, Batch=100, Prob=0.7 *************************
 Evaluando: Alpha=0.5, Epochs=200, Batch=100, Prob=0.7
 Fin evaluación: Alpha=0.5,  Epochs=200, Batch=100, Prob=0.2 *************************
 Evaluando: Alpha=0.7, Epochs=200, Batch=100, Prob=0.2
 Fin evaluación: Alpha=0.5,  Epochs=200, Batch=100, Prob=0.5 *************************
 Evaluando: Alpha=0.7, Epochs=200, Batch=100, Prob=0.5
 Fin evaluación: Alpha=0.5,  Epochs=200, Batch=100, Prob=0.7 *************************
 Evaluando: Alpha=0.7, Epochs=200, Batch=100, Prob=0.7
 Fin evaluación: Alpha=0.7,  Epochs=200, Batch=100, Prob=0.2 *************************
 Evaluando: Alpha=1.0, Epochs=200, Batch=100, Prob=0.2
 Fin evaluación: Alpha=0.7,  Epochs=200, Batch=100, Prob=0.5 *************************
 Fin evaluación: Alpha=0.7,  Epochs=200, Batch=100, Prob=0.7 *************************
 Evaluando: Alpha=1.0, Epochs=200, Batch=100, Prob=0.5
 Evaluando: Alpha=1.0, Epochs=200, Batch=100, Prob=0.7
 Fin evaluación: Alpha=1.0,  Epochs=200, Batch=100, Prob=0.2 *************************
 Fin evaluación: Alpha=1.0,  Epochs=200, Batch=100, Prob=0.5 *************************
 Fin evaluación: Alpha=1.0,  Epochs=200, Batch=100, Prob=0.7 *************************

--- Ejecutando evaluación final paralela (5 experimentos) ---
ACABÓ LA PRUEBA
ACABÓ LA PRUEBA
ACABÓ LA PRUEBA
ACABÓ LA PRUEBA
ACABÓ LA PRUEBA

============================================================
RESULTADOS FINALES PROMEDIADOS (CONJUNTO DE TEST) SOBRE EL FICHERO: das_mestas
============================================================
Mejor Configuración: Alpha=1.0, Epoch=200, Batch=100, Prob=0.7
------------------------------------------------------------
ACCURACY POR CLASE:
  Clase 02: 72.59% ± 0.47%
  Clase 07: 91.44% ± 0.42%
  Clase 08: 97.94% ± 0.26%
  Clase 10: 94.96% ± 0.34%
------------------------------------------------------------
OA Final: 91.27% ± 0.16%
AA Final: 89.23% ± 0.15%
============================================================
Prueba iteracion 1 finalizada.
********************************************
Ejecutando prueba iteración: 2...
********************Ejecutando prueba sobre el dataset eiras_dam ******************************
Cargando datos en memoria principal...
--- Iniciando Grid Search Paralelo (15 combinaciones) ---
 Evaluando: Alpha=0.1, Epochs=200, Batch=100, Prob=0.2
 Evaluando: Alpha=0.1, Epochs=200, Batch=100, Prob=0.5
 Evaluando: Alpha=0.1, Epochs=200, Batch=100, Prob=0.7
 Fin evaluación: Alpha=0.1,  Epochs=200, Batch=100, Prob=0.2 *************************
 Fin evaluación: Alpha=0.1,  Epochs=200, Batch=100, Prob=0.5 *************************
 Evaluando: Alpha=0.3, Epochs=200, Batch=100, Prob=0.2
 Evaluando: Alpha=0.3, Epochs=200, Batch=100, Prob=0.5
 Fin evaluación: Alpha=0.1,  Epochs=200, Batch=100, Prob=0.7 *************************
 Evaluando: Alpha=0.3, Epochs=200, Batch=100, Prob=0.7
 Fin evaluación: Alpha=0.3,  Epochs=200, Batch=100, Prob=0.2 *************************
 Evaluando: Alpha=0.5, Epochs=200, Batch=100, Prob=0.2
 Fin evaluación: Alpha=0.3,  Epochs=200, Batch=100, Prob=0.5 *************************
 Evaluando: Alpha=0.5, Epochs=200, Batch=100, Prob=0.5
 Fin evaluación: Alpha=0.3,  Epochs=200, Batch=100, Prob=0.7 *************************
 Evaluando: Alpha=0.5, Epochs=200, Batch=100, Prob=0.7
 Fin evaluación: Alpha=0.5,  Epochs=200, Batch=100, Prob=0.2 *************************
 Evaluando: Alpha=0.7, Epochs=200, Batch=100, Prob=0.2
 Fin evaluación: Alpha=0.5,  Epochs=200, Batch=100, Prob=0.5 *************************
 Evaluando: Alpha=0.7, Epochs=200, Batch=100, Prob=0.5
 Fin evaluación: Alpha=0.5,  Epochs=200, Batch=100, Prob=0.7 *************************
 Evaluando: Alpha=0.7, Epochs=200, Batch=100, Prob=0.7
 Fin evaluación: Alpha=0.7,  Epochs=200, Batch=100, Prob=0.2 *************************
 Evaluando: Alpha=1.0, Epochs=200, Batch=100, Prob=0.2
 Fin evaluación: Alpha=0.7,  Epochs=200, Batch=100, Prob=0.5 *************************
 Evaluando: Alpha=1.0, Epochs=200, Batch=100, Prob=0.5
 Fin evaluación: Alpha=0.7,  Epochs=200, Batch=100, Prob=0.7 *************************
 Evaluando: Alpha=1.0, Epochs=200, Batch=100, Prob=0.7
 Fin evaluación: Alpha=1.0,  Epochs=200, Batch=100, Prob=0.2 *************************
 Fin evaluación: Alpha=1.0,  Epochs=200, Batch=100, Prob=0.5 *************************
 Fin evaluación: Alpha=1.0,  Epochs=200, Batch=100, Prob=0.7 *************************

--- Ejecutando evaluación final paralela (5 experimentos) ---
ACABÓ LA PRUEBA
ACABÓ LA PRUEBA
ACABÓ LA PRUEBA
ACABÓ LA PRUEBA
ACABÓ LA PRUEBA

============================================================
RESULTADOS FINALES PROMEDIADOS (CONJUNTO DE TEST) SOBRE EL FICHERO: eiras_dam
============================================================
Mejor Configuración: Alpha=0.7, Epoch=200, Batch=100, Prob=0.5
------------------------------------------------------------
ACCURACY POR CLASE:
  Clase 01: 99.28% ± 0.36%
  Clase 02: 88.41% ± 1.84%
  Clase 03: 96.67% ± 2.42%
  Clase 04: 97.56% ± 1.88%
  Clase 05: 82.30% ± 5.18%
  Clase 06: 96.15% ± 4.57%
  Clase 07: 96.31% ± 0.35%
  Clase 08: 98.14% ± 0.21%
  Clase 09: 88.36% ± 2.44%
  Clase 10: 89.13% ± 3.92%
------------------------------------------------------------
OA Final: 97.37% ± 0.14%
AA Final: 93.23% ± 1.31%
============================================================
Prueba iteracion 2 finalizada.
********************************************
Ejecutando prueba iteración: 3...
********************Ejecutando prueba sobre el dataset ermidas_creek ******************************
Cargando datos en memoria principal...
--- Iniciando Grid Search Paralelo (15 combinaciones) ---
 Evaluando: Alpha=0.1, Epochs=200, Batch=100, Prob=0.2
 Evaluando: Alpha=0.1, Epochs=200, Batch=100, Prob=0.5
 Evaluando: Alpha=0.1, Epochs=200, Batch=100, Prob=0.7
 Fin evaluación: Alpha=0.1,  Epochs=200, Batch=100, Prob=0.2 *************************
 Evaluando: Alpha=0.3, Epochs=200, Batch=100, Prob=0.2
 Fin evaluación: Alpha=0.1,  Epochs=200, Batch=100, Prob=0.5 *************************
 Fin evaluación: Alpha=0.1,  Epochs=200, Batch=100, Prob=0.7 *************************
 Evaluando: Alpha=0.3, Epochs=200, Batch=100, Prob=0.5
 Evaluando: Alpha=0.3, Epochs=200, Batch=100, Prob=0.7
 Fin evaluación: Alpha=0.3,  Epochs=200, Batch=100, Prob=0.2 *************************
 Evaluando: Alpha=0.5, Epochs=200, Batch=100, Prob=0.2
 Fin evaluación: Alpha=0.3,  Epochs=200, Batch=100, Prob=0.5 *************************
 Fin evaluación: Alpha=0.3,  Epochs=200, Batch=100, Prob=0.7 *************************
 Evaluando: Alpha=0.5, Epochs=200, Batch=100, Prob=0.5
 Evaluando: Alpha=0.5, Epochs=200, Batch=100, Prob=0.7
 Fin evaluación: Alpha=0.5,  Epochs=200, Batch=100, Prob=0.2 *************************
 Evaluando: Alpha=0.7, Epochs=200, Batch=100, Prob=0.2
 Fin evaluación: Alpha=0.5,  Epochs=200, Batch=100, Prob=0.5 *************************
 Fin evaluación: Alpha=0.5,  Epochs=200, Batch=100, Prob=0.7 *************************
 Evaluando: Alpha=0.7, Epochs=200, Batch=100, Prob=0.5
 Evaluando: Alpha=0.7, Epochs=200, Batch=100, Prob=0.7
 Fin evaluación: Alpha=0.7,  Epochs=200, Batch=100, Prob=0.2 *************************
 Evaluando: Alpha=1.0, Epochs=200, Batch=100, Prob=0.2
 Fin evaluación: Alpha=0.7,  Epochs=200, Batch=100, Prob=0.5 *************************
 Fin evaluación: Alpha=0.7,  Epochs=200, Batch=100, Prob=0.7 *************************
 Evaluando: Alpha=1.0, Epochs=200, Batch=100, Prob=0.5
 Evaluando: Alpha=1.0, Epochs=200, Batch=100, Prob=0.7
 Fin evaluación: Alpha=1.0,  Epochs=200, Batch=100, Prob=0.2 *************************
 Fin evaluación: Alpha=1.0,  Epochs=200, Batch=100, Prob=0.5 *************************
 Fin evaluación: Alpha=1.0,  Epochs=200, Batch=100, Prob=0.7 *************************

--- Ejecutando evaluación final paralela (5 experimentos) ---
ACABÓ LA PRUEBA
ACABÓ LA PRUEBA
ACABÓ LA PRUEBA
ACABÓ LA PRUEBA
ACABÓ LA PRUEBA

============================================================
RESULTADOS FINALES PROMEDIADOS (CONJUNTO DE TEST) SOBRE EL FICHERO: ermidas_creek
============================================================
Mejor Configuración: Alpha=1.0, Epoch=200, Batch=100, Prob=0.7
------------------------------------------------------------
ACCURACY POR CLASE:
  Clase 01: 95.19% ± 1.69%
  Clase 02: 95.24% ± 1.48%
  Clase 03: 92.28% ± 2.26%
  Clase 04: 98.98% ± 0.21%
  Clase 05: 97.52% ± 3.71%
  Clase 06: 98.26% ± 1.20%
  Clase 07: 98.75% ± 0.16%
  Clase 08: 97.54% ± 0.33%
  Clase 09: 98.17% ± 0.65%
  Clase 10: 98.80% ± 0.33%
------------------------------------------------------------
OA Final: 98.34% ± 0.03%
AA Final: 97.07% ± 0.56%
============================================================
Prueba iteracion 3 finalizada.
********************************************
Ejecutando prueba iteración: 4...
********************Ejecutando prueba sobre el dataset ferreiras_river ******************************
Cargando datos en memoria principal...
--- Iniciando Grid Search Paralelo (15 combinaciones) ---
 Evaluando: Alpha=0.1, Epochs=200, Batch=100, Prob=0.2
 Evaluando: Alpha=0.1, Epochs=200, Batch=100, Prob=0.5
 Evaluando: Alpha=0.1, Epochs=200, Batch=100, Prob=0.7
 Fin evaluación: Alpha=0.1,  Epochs=200, Batch=100, Prob=0.2 *************************
 Evaluando: Alpha=0.3, Epochs=200, Batch=100, Prob=0.2
 Fin evaluación: Alpha=0.1,  Epochs=200, Batch=100, Prob=0.5 *************************
 Fin evaluación: Alpha=0.1,  Epochs=200, Batch=100, Prob=0.7 *************************
 Evaluando: Alpha=0.3, Epochs=200, Batch=100, Prob=0.5
 Evaluando: Alpha=0.3, Epochs=200, Batch=100, Prob=0.7
 Fin evaluación: Alpha=0.3,  Epochs=200, Batch=100, Prob=0.2 *************************
 Evaluando: Alpha=0.5, Epochs=200, Batch=100, Prob=0.2
 Fin evaluación: Alpha=0.3,  Epochs=200, Batch=100, Prob=0.5 *************************
 Fin evaluación: Alpha=0.3,  Epochs=200, Batch=100, Prob=0.7 *************************
 Evaluando: Alpha=0.5, Epochs=200, Batch=100, Prob=0.5
 Evaluando: Alpha=0.5, Epochs=200, Batch=100, Prob=0.7
 Fin evaluación: Alpha=0.5,  Epochs=200, Batch=100, Prob=0.2 *************************
 Evaluando: Alpha=0.7, Epochs=200, Batch=100, Prob=0.2
 Fin evaluación: Alpha=0.5,  Epochs=200, Batch=100, Prob=0.5 *************************
 Evaluando: Alpha=0.7, Epochs=200, Batch=100, Prob=0.5
 Fin evaluación: Alpha=0.5,  Epochs=200, Batch=100, Prob=0.7 *************************
 Evaluando: Alpha=0.7, Epochs=200, Batch=100, Prob=0.7
 Fin evaluación: Alpha=0.7,  Epochs=200, Batch=100, Prob=0.2 *************************
 Evaluando: Alpha=1.0, Epochs=200, Batch=100, Prob=0.2
 Fin evaluación: Alpha=0.7,  Epochs=200, Batch=100, Prob=0.5 *************************
 Evaluando: Alpha=1.0, Epochs=200, Batch=100, Prob=0.5
 Fin evaluación: Alpha=0.7,  Epochs=200, Batch=100, Prob=0.7 *************************
 Evaluando: Alpha=1.0, Epochs=200, Batch=100, Prob=0.7
 Fin evaluación: Alpha=1.0,  Epochs=200, Batch=100, Prob=0.2 *************************
 Fin evaluación: Alpha=1.0,  Epochs=200, Batch=100, Prob=0.5 *************************
 Fin evaluación: Alpha=1.0,  Epochs=200, Batch=100, Prob=0.7 *************************

--- Ejecutando evaluación final paralela (5 experimentos) ---
ACABÓ LA PRUEBA
ACABÓ LA PRUEBA
ACABÓ LA PRUEBA
ACABÓ LA PRUEBA
ACABÓ LA PRUEBA

============================================================
RESULTADOS FINALES PROMEDIADOS (CONJUNTO DE TEST) SOBRE EL FICHERO: ferreiras_river
============================================================
Mejor Configuración: Alpha=0.7, Epoch=200, Batch=100, Prob=0.7
------------------------------------------------------------
ACCURACY POR CLASE:
  Clase 02: 94.82% ± 0.08%
  Clase 04: 98.46% ± 0.32%
  Clase 07: 80.72% ± 0.30%
  Clase 08: 94.93% ± 1.03%
  Clase 09: 7.91% ± 8.02%
  Clase 10: 94.63% ± 0.13%
------------------------------------------------------------
OA Final: 91.73% ± 0.06%
AA Final: 78.58% ± 1.43%
============================================================
Prueba iteracion 4 finalizada.
********************************************
Ejecutando prueba iteración: 5...
********************Ejecutando prueba sobre el dataset mera_river ******************************
Cargando datos en memoria principal...
--- Iniciando Grid Search Paralelo (15 combinaciones) ---
 Evaluando: Alpha=0.1, Epochs=200, Batch=100, Prob=0.2
 Evaluando: Alpha=0.1, Epochs=200, Batch=100, Prob=0.5
 Evaluando: Alpha=0.1, Epochs=200, Batch=100, Prob=0.7
 Fin evaluación: Alpha=0.1,  Epochs=200, Batch=100, Prob=0.2 *************************
 Evaluando: Alpha=0.3, Epochs=200, Batch=100, Prob=0.2
 Fin evaluación: Alpha=0.1,  Epochs=200, Batch=100, Prob=0.5 *************************
 Fin evaluación: Alpha=0.1,  Epochs=200, Batch=100, Prob=0.7 *************************
 Evaluando: Alpha=0.3, Epochs=200, Batch=100, Prob=0.5
 Evaluando: Alpha=0.3, Epochs=200, Batch=100, Prob=0.7
 Fin evaluación: Alpha=0.3,  Epochs=200, Batch=100, Prob=0.2 *************************
 Evaluando: Alpha=0.5, Epochs=200, Batch=100, Prob=0.2
 Fin evaluación: Alpha=0.3,  Epochs=200, Batch=100, Prob=0.5 *************************
 Fin evaluación: Alpha=0.3,  Epochs=200, Batch=100, Prob=0.7 *************************
 Evaluando: Alpha=0.5, Epochs=200, Batch=100, Prob=0.5
 Evaluando: Alpha=0.5, Epochs=200, Batch=100, Prob=0.7
 Fin evaluación: Alpha=0.5,  Epochs=200, Batch=100, Prob=0.2 *************************
 Evaluando: Alpha=0.7, Epochs=200, Batch=100, Prob=0.2
 Fin evaluación: Alpha=0.5,  Epochs=200, Batch=100, Prob=0.5 *************************
 Fin evaluación: Alpha=0.5,  Epochs=200, Batch=100, Prob=0.7 *************************
 Evaluando: Alpha=0.7, Epochs=200, Batch=100, Prob=0.5
 Evaluando: Alpha=0.7, Epochs=200, Batch=100, Prob=0.7
 Fin evaluación: Alpha=0.7,  Epochs=200, Batch=100, Prob=0.2 *************************
 Evaluando: Alpha=1.0, Epochs=200, Batch=100, Prob=0.2
 Fin evaluación: Alpha=0.7,  Epochs=200, Batch=100, Prob=0.5 *************************
 Fin evaluación: Alpha=0.7,  Epochs=200, Batch=100, Prob=0.7 *************************
 Evaluando: Alpha=1.0, Epochs=200, Batch=100, Prob=0.5
 Evaluando: Alpha=1.0, Epochs=200, Batch=100, Prob=0.7
 Fin evaluación: Alpha=1.0,  Epochs=200, Batch=100, Prob=0.2 *************************
 Fin evaluación: Alpha=1.0,  Epochs=200, Batch=100, Prob=0.5 *************************
 Fin evaluación: Alpha=1.0,  Epochs=200, Batch=100, Prob=0.7 *************************

--- Ejecutando evaluación final paralela (5 experimentos) ---
ACABÓ LA PRUEBA
ACABÓ LA PRUEBA
ACABÓ LA PRUEBA
ACABÓ LA PRUEBA
ACABÓ LA PRUEBA

============================================================
RESULTADOS FINALES PROMEDIADOS (CONJUNTO DE TEST) SOBRE EL FICHERO: mera_river
============================================================
Mejor Configuración: Alpha=0.5, Epoch=200, Batch=100, Prob=0.5
------------------------------------------------------------
ACCURACY POR CLASE:
  Clase 02: 87.59% ± 0.31%
  Clase 04: 93.14% ± 1.20%
  Clase 05: 97.50% ± 5.60%
  Clase 06: 9.54% ± 4.91%
  Clase 07: 88.17% ± 0.27%
  Clase 08: 98.53% ± 0.30%
  Clase 10: 93.71% ± 0.10%
------------------------------------------------------------
OA Final: 90.93% ± 0.07%
AA Final: 81.17% ± 1.26%
============================================================
Prueba iteracion 5 finalizada.
********************************************
Ejecutando prueba iteración: 6...
********************Ejecutando prueba sobre el dataset ulla ******************************
Cargando datos en memoria principal...
--- Iniciando Grid Search Paralelo (15 combinaciones) ---
 Evaluando: Alpha=0.1, Epochs=200, Batch=100, Prob=0.2
 Evaluando: Alpha=0.1, Epochs=200, Batch=100, Prob=0.5
 Evaluando: Alpha=0.1, Epochs=200, Batch=100, Prob=0.7
 Fin evaluación: Alpha=0.1,  Epochs=200, Batch=100, Prob=0.2 *************************
 Fin evaluación: Alpha=0.1,  Epochs=200, Batch=100, Prob=0.5 *************************
 Evaluando: Alpha=0.3, Epochs=200, Batch=100, Prob=0.2
 Fin evaluación: Alpha=0.1,  Epochs=200, Batch=100, Prob=0.7 *************************
 Evaluando: Alpha=0.3, Epochs=200, Batch=100, Prob=0.5
 Evaluando: Alpha=0.3, Epochs=200, Batch=100, Prob=0.7
 Fin evaluación: Alpha=0.3,  Epochs=200, Batch=100, Prob=0.2 *************************
 Evaluando: Alpha=0.5, Epochs=200, Batch=100, Prob=0.2
 Fin evaluación: Alpha=0.3,  Epochs=200, Batch=100, Prob=0.5 *************************
 Fin evaluación: Alpha=0.3,  Epochs=200, Batch=100, Prob=0.7 *************************
 Evaluando: Alpha=0.5, Epochs=200, Batch=100, Prob=0.5
 Evaluando: Alpha=0.5, Epochs=200, Batch=100, Prob=0.7
 Fin evaluación: Alpha=0.5,  Epochs=200, Batch=100, Prob=0.2 *************************
 Evaluando: Alpha=0.7, Epochs=200, Batch=100, Prob=0.2
 Fin evaluación: Alpha=0.5,  Epochs=200, Batch=100, Prob=0.5 *************************
 Fin evaluación: Alpha=0.5,  Epochs=200, Batch=100, Prob=0.7 *************************
 Evaluando: Alpha=0.7, Epochs=200, Batch=100, Prob=0.5
 Evaluando: Alpha=0.7, Epochs=200, Batch=100, Prob=0.7
 Fin evaluación: Alpha=0.7,  Epochs=200, Batch=100, Prob=0.2 *************************
 Evaluando: Alpha=1.0, Epochs=200, Batch=100, Prob=0.2
 Fin evaluación: Alpha=0.7,  Epochs=200, Batch=100, Prob=0.5 *************************
 Fin evaluación: Alpha=0.7,  Epochs=200, Batch=100, Prob=0.7 *************************
 Evaluando: Alpha=1.0, Epochs=200, Batch=100, Prob=0.5
 Evaluando: Alpha=1.0, Epochs=200, Batch=100, Prob=0.7
 Fin evaluación: Alpha=1.0,  Epochs=200, Batch=100, Prob=0.2 *************************
 Fin evaluación: Alpha=1.0,  Epochs=200, Batch=100, Prob=0.5 *************************
 Fin evaluación: Alpha=1.0,  Epochs=200, Batch=100, Prob=0.7 *************************

--- Ejecutando evaluación final paralela (5 experimentos) ---
ACABÓ LA PRUEBA
ACABÓ LA PRUEBA
ACABÓ LA PRUEBA
ACABÓ LA PRUEBA
ACABÓ LA PRUEBA

============================================================
RESULTADOS FINALES PROMEDIADOS (CONJUNTO DE TEST) SOBRE EL FICHERO: ulla
============================================================
Mejor Configuración: Alpha=0.3, Epoch=200, Batch=100, Prob=0.7
------------------------------------------------------------
ACCURACY POR CLASE:
  Clase 02: 99.83% ± 0.00%
  Clase 04: 100.00% ± 0.00%
  Clase 07: 99.98% ± 0.04%
  Clase 08: 99.16% ± 0.23%
  Clase 09: 97.20% ± 1.40%
------------------------------------------------------------
OA Final: 99.39% ± 0.12%
AA Final: 99.23% ± 0.27%
============================================================
Prueba iteracion 6 finalizada.
********************************************
Ejecutando prueba iteración: 7...
********************Ejecutando prueba sobre el dataset xesta ******************************
Cargando datos en memoria principal...
--- Iniciando Grid Search Paralelo (15 combinaciones) ---
 Evaluando: Alpha=0.1, Epochs=200, Batch=100, Prob=0.2
 Evaluando: Alpha=0.1, Epochs=200, Batch=100, Prob=0.5
 Evaluando: Alpha=0.1, Epochs=200, Batch=100, Prob=0.7
 Fin evaluación: Alpha=0.1,  Epochs=200, Batch=100, Prob=0.2 *************************
 Evaluando: Alpha=0.3, Epochs=200, Batch=100, Prob=0.2
 Fin evaluación: Alpha=0.1,  Epochs=200, Batch=100, Prob=0.5 *************************
 Evaluando: Alpha=0.3, Epochs=200, Batch=100, Prob=0.5
 Fin evaluación: Alpha=0.1,  Epochs=200, Batch=100, Prob=0.7 *************************
 Evaluando: Alpha=0.3, Epochs=200, Batch=100, Prob=0.7
 Fin evaluación: Alpha=0.3,  Epochs=200, Batch=100, Prob=0.2 *************************
 Evaluando: Alpha=0.5, Epochs=200, Batch=100, Prob=0.2
 Fin evaluación: Alpha=0.3,  Epochs=200, Batch=100, Prob=0.5 *************************
 Evaluando: Alpha=0.5, Epochs=200, Batch=100, Prob=0.5
 Fin evaluación: Alpha=0.3,  Epochs=200, Batch=100, Prob=0.7 *************************
 Evaluando: Alpha=0.5, Epochs=200, Batch=100, Prob=0.7
 Fin evaluación: Alpha=0.5,  Epochs=200, Batch=100, Prob=0.2 *************************
 Evaluando: Alpha=0.7, Epochs=200, Batch=100, Prob=0.2
 Fin evaluación: Alpha=0.5,  Epochs=200, Batch=100, Prob=0.5 *************************
 Evaluando: Alpha=0.7, Epochs=200, Batch=100, Prob=0.5
 Fin evaluación: Alpha=0.5,  Epochs=200, Batch=100, Prob=0.7 *************************
 Evaluando: Alpha=0.7, Epochs=200, Batch=100, Prob=0.7
 Fin evaluación: Alpha=0.7,  Epochs=200, Batch=100, Prob=0.2 *************************
 Evaluando: Alpha=1.0, Epochs=200, Batch=100, Prob=0.2
 Fin evaluación: Alpha=0.7,  Epochs=200, Batch=100, Prob=0.5 *************************
 Evaluando: Alpha=1.0, Epochs=200, Batch=100, Prob=0.5
 Fin evaluación: Alpha=0.7,  Epochs=200, Batch=100, Prob=0.7 *************************
 Evaluando: Alpha=1.0, Epochs=200, Batch=100, Prob=0.7
 Fin evaluación: Alpha=1.0,  Epochs=200, Batch=100, Prob=0.2 *************************
 Fin evaluación: Alpha=1.0,  Epochs=200, Batch=100, Prob=0.5 *************************
 Fin evaluación: Alpha=1.0,  Epochs=200, Batch=100, Prob=0.7 *************************

--- Ejecutando evaluación final paralela (5 experimentos) ---
ACABÓ LA PRUEBA
ACABÓ LA PRUEBA
ACABÓ LA PRUEBA
ACABÓ LA PRUEBA
ACABÓ LA PRUEBA

============================================================
RESULTADOS FINALES PROMEDIADOS (CONJUNTO DE TEST) SOBRE EL FICHERO: xesta
============================================================
Mejor Configuración: Alpha=0.5, Epoch=200, Batch=100, Prob=0.5
------------------------------------------------------------
ACCURACY POR CLASE:
  Clase 01: 90.04% ± 2.96%
  Clase 02: 79.22% ± 2.75%
  Clase 03: 93.36% ± 0.87%
  Clase 04: 96.46% ± 1.22%
  Clase 07: 98.94% ± 0.09%
  Clase 08: 98.15% ± 0.21%
------------------------------------------------------------
OA Final: 98.53% ± 0.04%
AA Final: 92.70% ± 0.38%
============================================================
Prueba iteracion 7 finalizada.
********************************************
********** Se han finalizado todas las pruebas: 23:31:24 **********
