********** Iniciando experimentos CNN Básica: 12:22:22 **********
Ejecutando: prueba inicial CNN Básica (sobre Oitaven)
********************Ejecutando prueba sobre el dataset oitaven ******************************
Cargando datos en memoria principal...
Ejecutando test...
ACABÓ LA PRUEBA
ACABÓ LA PRUEBA
ACABÓ LA PRUEBA
ACABÓ LA PRUEBA
ACABÓ LA PRUEBA

============================================================
RESULTADOS FINALES PROMEDIADOS (CONJUNTO DE TEST) SOBRE EL FICHERO: oitaven
============================================================
Mejor Configuración: Epoch=200, Batch=100
------------------------------------------------------------
ACCURACY POR CLASE:
  Clase 01: 96.58% ± 0.99%
  Clase 02: 83.78% ± 3.28%
  Clase 03: 79.91% ± 4.11%
  Clase 04: 92.16% ± 1.79%
  Clase 05: 89.26% ± 1.42%
  Clase 06: 93.03% ± 2.22%
  Clase 07: 96.90% ± 0.46%
  Clase 08: 95.93% ± 0.20%
  Clase 09: 98.89% ± 0.57%
  Clase 10: 92.90% ± 0.56%
------------------------------------------------------------
OA Final: 95.48% ± 0.13%
AA Final: 91.94% ± 0.18%
============================================================
------------------------------------------
Ejecutando prueba iteración: 1...
********************Ejecutando prueba sobre el dataset das_mestas ******************************
Cargando datos en memoria principal...
Ejecutando test...
ACABÓ LA PRUEBA
ACABÓ LA PRUEBA
ACABÓ LA PRUEBA
ACABÓ LA PRUEBA
ACABÓ LA PRUEBA

============================================================
RESULTADOS FINALES PROMEDIADOS (CONJUNTO DE TEST) SOBRE EL FICHERO: das_mestas
============================================================
Mejor Configuración: Epoch=200, Batch=100
------------------------------------------------------------
ACCURACY POR CLASE:
  Clase 02: 71.31% ± 0.44%
  Clase 07: 90.93% ± 0.29%
  Clase 08: 95.32% ± 0.61%
  Clase 10: 94.78% ± 0.24%
------------------------------------------------------------
OA Final: 90.77% ± 0.10%
AA Final: 88.09% ± 0.15%
============================================================
Prueba iteracion 1 finalizada.
********************************************
Ejecutando prueba iteración: 2...
********************Ejecutando prueba sobre el dataset eiras_dam ******************************
Cargando datos en memoria principal...
Ejecutando test...
ACABÓ LA PRUEBA
ACABÓ LA PRUEBA
ACABÓ LA PRUEBA
ACABÓ LA PRUEBA
ACABÓ LA PRUEBA

============================================================
RESULTADOS FINALES PROMEDIADOS (CONJUNTO DE TEST) SOBRE EL FICHERO: eiras_dam
============================================================
Mejor Configuración: Epoch=200, Batch=100
------------------------------------------------------------
ACCURACY POR CLASE:
  Clase 01: 99.10% ± 0.21%
  Clase 02: 82.96% ± 3.86%
  Clase 03: 95.98% ± 1.78%
  Clase 04: 94.85% ± 3.68%
  Clase 05: 75.31% ± 5.48%
  Clase 06: 91.06% ± 4.43%
  Clase 07: 96.15% ± 0.66%
  Clase 08: 98.46% ± 0.15%
  Clase 09: 81.11% ± 2.72%
  Clase 10: 88.97% ± 5.35%
------------------------------------------------------------
OA Final: 97.04% ± 0.13%
AA Final: 90.40% ± 0.66%
============================================================
Prueba iteracion 2 finalizada.
********************************************
Ejecutando prueba iteración: 3...
********************Ejecutando prueba sobre el dataset ermidas_creek ******************************
Cargando datos en memoria principal...
Ejecutando test...
ACABÓ LA PRUEBA
ACABÓ LA PRUEBA
ACABÓ LA PRUEBA
ACABÓ LA PRUEBA
ACABÓ LA PRUEBA

============================================================
RESULTADOS FINALES PROMEDIADOS (CONJUNTO DE TEST) SOBRE EL FICHERO: ermidas_creek
============================================================
Mejor Configuración: Epoch=200, Batch=100
------------------------------------------------------------
ACCURACY POR CLASE:
  Clase 01: 92.45% ± 1.52%
  Clase 02: 90.92% ± 0.98%
  Clase 03: 92.08% ± 1.21%
  Clase 04: 98.50% ± 0.31%
  Clase 05: 97.35% ± 0.70%
  Clase 06: 97.62% ± 0.85%
  Clase 07: 99.20% ± 0.09%
  Clase 08: 97.62% ± 0.64%
  Clase 09: 98.28% ± 0.50%
  Clase 10: 98.44% ± 0.27%
------------------------------------------------------------
OA Final: 98.34% ± 0.13%
AA Final: 96.25% ± 0.29%
============================================================
Prueba iteracion 3 finalizada.
********************************************
Ejecutando prueba iteración: 4...
********************Ejecutando prueba sobre el dataset ferreiras_river ******************************
Cargando datos en memoria principal...
Ejecutando test...
ACABÓ LA PRUEBA
ACABÓ LA PRUEBA
ACABÓ LA PRUEBA
ACABÓ LA PRUEBA
ACABÓ LA PRUEBA

============================================================
RESULTADOS FINALES PROMEDIADOS (CONJUNTO DE TEST) SOBRE EL FICHERO: ferreiras_river
============================================================
Mejor Configuración: Epoch=200, Batch=100
------------------------------------------------------------
ACCURACY POR CLASE:
  Clase 02: 94.35% ± 0.34%
  Clase 04: 96.46% ± 0.54%
  Clase 07: 80.12% ± 0.60%
  Clase 08: 92.56% ± 1.06%
  Clase 09: 12.88% ± 8.00%
  Clase 10: 93.78% ± 0.25%
------------------------------------------------------------
OA Final: 91.02% ± 0.15%
AA Final: 78.36% ± 1.32%
============================================================
Prueba iteracion 4 finalizada.
********************************************
Ejecutando prueba iteración: 5...
********************Ejecutando prueba sobre el dataset mera_river ******************************
Cargando datos en memoria principal...
Ejecutando test...
ACABÓ LA PRUEBA
ACABÓ LA PRUEBA
ACABÓ LA PRUEBA
ACABÓ LA PRUEBA
ACABÓ LA PRUEBA

============================================================
RESULTADOS FINALES PROMEDIADOS (CONJUNTO DE TEST) SOBRE EL FICHERO: mera_river
============================================================
Mejor Configuración: Epoch=200, Batch=100
------------------------------------------------------------
ACCURACY POR CLASE:
  Clase 02: 86.44% ± 0.52%
  Clase 04: 90.56% ± 2.20%
  Clase 05: 48.53% ± 28.66%
  Clase 06: 21.24% ± 20.50%
  Clase 07: 88.45% ± 0.23%
  Clase 08: 96.53% ± 0.54%
  Clase 10: 93.03% ± 0.10%
------------------------------------------------------------
OA Final: 90.45% ± 0.05%
AA Final: 74.97% ± 6.95%
============================================================
Prueba iteracion 5 finalizada.
********************************************
Ejecutando prueba iteración: 6...
********************Ejecutando prueba sobre el dataset ulla ******************************
Cargando datos en memoria principal...
Ejecutando test...
ACABÓ LA PRUEBA
ACABÓ LA PRUEBA
ACABÓ LA PRUEBA
ACABÓ LA PRUEBA
ACABÓ LA PRUEBA

============================================================
RESULTADOS FINALES PROMEDIADOS (CONJUNTO DE TEST) SOBRE EL FICHERO: ulla
============================================================
Mejor Configuración: Epoch=200, Batch=100
------------------------------------------------------------
ACCURACY POR CLASE:
  Clase 02: 99.62% ± 0.43%
  Clase 04: 98.43% ± 3.50%
  Clase 07: 98.77% ± 1.12%
  Clase 08: 99.20% ± 0.43%
  Clase 09: 91.78% ± 6.12%
------------------------------------------------------------
OA Final: 98.79% ± 0.41%
AA Final: 97.56% ± 1.26%
============================================================
Prueba iteracion 6 finalizada.
********************************************
Ejecutando prueba iteración: 7...
********************Ejecutando prueba sobre el dataset xesta ******************************
Cargando datos en memoria principal...
Ejecutando test...
ACABÓ LA PRUEBA
ACABÓ LA PRUEBA
ACABÓ LA PRUEBA
ACABÓ LA PRUEBA
ACABÓ LA PRUEBA

============================================================
RESULTADOS FINALES PROMEDIADOS (CONJUNTO DE TEST) SOBRE EL FICHERO: xesta
============================================================
Mejor Configuración: Epoch=200, Batch=100
------------------------------------------------------------
ACCURACY POR CLASE:
  Clase 01: 85.15% ± 3.43%
  Clase 02: 74.07% ± 6.50%
  Clase 03: 91.31% ± 0.40%
  Clase 04: 94.64% ± 2.33%
  Clase 07: 98.88% ± 0.17%
  Clase 08: 97.31% ± 0.44%
------------------------------------------------------------
OA Final: 98.21% ± 0.08%
AA Final: 90.23% ± 0.67%
============================================================
Prueba iteracion 7 finalizada.
********************************************
********** Se han finalizado todas las pruebas: 12:48:37 **********
