********** Iniciando experimentos CUTMIX sin aumentado: 03:58:10 **********
Ejecutando: prueba inicial CUTMIX (sobre Oitaven)
GPUs detectadas: 2
********************Ejecutando prueba sobre el dataset oitaven ******************************
Cargando datos en memoria principal...
--- Iniciando Grid Search Paralelo (49 combinaciones) ---
[GPU: 0]  Evaluando: Alpha=0.1, Epochs=100, Batch=256, Prob=0.2, Usar_sampler=0
[GPU: 1]  Evaluando: Alpha=0.1, Epochs=100, Batch=256, Prob=0.3, Usar_sampler=0
[GPU: 0]  Evaluando: Alpha=0.1, Epochs=100, Batch=256, Prob=0.4, Usar_sampler=0
[GPU: 1]  Evaluando: Alpha=0.1, Epochs=100, Batch=256, Prob=0.5, Usar_sampler=0
[GPU: 0]  Fin evaluación: Alpha=0.1,  Epochs=100, Batch=256, Prob=0.2, Usar_sampler=0 *************************
[GPU: 1]  Fin evaluación: Alpha=0.1,  Epochs=100, Batch=256, Prob=0.3, Usar_sampler=0 *************************
[GPU: 0]  Evaluando: Alpha=0.1, Epochs=100, Batch=256, Prob=0.6, Usar_sampler=0
[GPU: 1]  Fin evaluación: Alpha=0.1,  Epochs=100, Batch=256, Prob=0.5, Usar_sampler=0 *************************
[GPU: 1]  Evaluando: Alpha=0.1, Epochs=100, Batch=256, Prob=0.7, Usar_sampler=0
[GPU: 0]  Fin evaluación: Alpha=0.1,  Epochs=100, Batch=256, Prob=0.4, Usar_sampler=0 *************************
[GPU: 0]  Evaluando: Alpha=0.1, Epochs=100, Batch=256, Prob=0.8, Usar_sampler=0
[GPU: 1]  Evaluando: Alpha=0.2, Epochs=100, Batch=256, Prob=0.2, Usar_sampler=0
[GPU: 1]  Fin evaluación: Alpha=0.1,  Epochs=100, Batch=256, Prob=0.7, Usar_sampler=0 *************************
[GPU: 0]  Evaluando: Alpha=0.2, Epochs=100, Batch=256, Prob=0.3, Usar_sampler=0
[GPU: 0]  Fin evaluación: Alpha=0.1,  Epochs=100, Batch=256, Prob=0.8, Usar_sampler=0 *************************
[GPU: 0]  Fin evaluación: Alpha=0.1,  Epochs=100, Batch=256, Prob=0.6, Usar_sampler=0 *************************
[GPU: 1]  Fin evaluación: Alpha=0.2,  Epochs=100, Batch=256, Prob=0.2, Usar_sampler=0 *************************
[GPU: 1]  Evaluando: Alpha=0.2, Epochs=100, Batch=256, Prob=0.4, Usar_sampler=0
[GPU: 0]  Evaluando: Alpha=0.2, Epochs=100, Batch=256, Prob=0.5, Usar_sampler=0
[GPU: 1]  Evaluando: Alpha=0.2, Epochs=100, Batch=256, Prob=0.6, Usar_sampler=0
[GPU: 0]  Fin evaluación: Alpha=0.2,  Epochs=100, Batch=256, Prob=0.3, Usar_sampler=0 *************************
[GPU: 0]  Evaluando: Alpha=0.2, Epochs=100, Batch=256, Prob=0.7, Usar_sampler=0
[GPU: 1]  Fin evaluación: Alpha=0.2,  Epochs=100, Batch=256, Prob=0.4, Usar_sampler=0 *************************
[GPU: 1]  Evaluando: Alpha=0.2, Epochs=100, Batch=256, Prob=0.8, Usar_sampler=0
[GPU: 0]  Fin evaluación: Alpha=0.2,  Epochs=100, Batch=256, Prob=0.5, Usar_sampler=0 *************************
[GPU: 0]  Evaluando: Alpha=0.3, Epochs=100, Batch=256, Prob=0.2, Usar_sampler=0
[GPU: 1]  Fin evaluación: Alpha=0.2,  Epochs=100, Batch=256, Prob=0.6, Usar_sampler=0 *************************
[GPU: 1]  Evaluando: Alpha=0.3, Epochs=100, Batch=256, Prob=0.3, Usar_sampler=0
[GPU: 0]  Fin evaluación: Alpha=0.2,  Epochs=100, Batch=256, Prob=0.7, Usar_sampler=0 *************************
[GPU: 0]  Evaluando: Alpha=0.3, Epochs=100, Batch=256, Prob=0.4, Usar_sampler=0
[GPU: 1]  Fin evaluación: Alpha=0.2,  Epochs=100, Batch=256, Prob=0.8, Usar_sampler=0 *************************
[GPU: 1]  Evaluando: Alpha=0.3, Epochs=100, Batch=256, Prob=0.5, Usar_sampler=0
[GPU: 0]  Fin evaluación: Alpha=0.3,  Epochs=100, Batch=256, Prob=0.2, Usar_sampler=0 *************************
[GPU: 1]  Fin evaluación: Alpha=0.3,  Epochs=100, Batch=256, Prob=0.3, Usar_sampler=0 *************************
[GPU: 0]  Evaluando: Alpha=0.3, Epochs=100, Batch=256, Prob=0.6, Usar_sampler=0
[GPU: 1]  Evaluando: Alpha=0.3, Epochs=100, Batch=256, Prob=0.7, Usar_sampler=0
[GPU: 0]  Fin evaluación: Alpha=0.3,  Epochs=100, Batch=256, Prob=0.4, Usar_sampler=0 *************************
[GPU: 0]  Evaluando: Alpha=0.3, Epochs=100, Batch=256, Prob=0.8, Usar_sampler=0
[GPU: 1]  Fin evaluación: Alpha=0.3,  Epochs=100, Batch=256, Prob=0.5, Usar_sampler=0 *************************
[GPU: 1]  Evaluando: Alpha=0.5, Epochs=100, Batch=256, Prob=0.2, Usar_sampler=0
[GPU: 0]  Fin evaluación: Alpha=0.3,  Epochs=100, Batch=256, Prob=0.6, Usar_sampler=0 *************************
[GPU: 1]  Fin evaluación: Alpha=0.3,  Epochs=100, Batch=256, Prob=0.7, Usar_sampler=0 *************************
[GPU: 0]  Evaluando: Alpha=0.5, Epochs=100, Batch=256, Prob=0.3, Usar_sampler=0
[GPU: 1]  Evaluando: Alpha=0.5, Epochs=100, Batch=256, Prob=0.4, Usar_sampler=0
[GPU: 0]  Fin evaluación: Alpha=0.3,  Epochs=100, Batch=256, Prob=0.8, Usar_sampler=0 *************************
[GPU: 0]  Evaluando: Alpha=0.5, Epochs=100, Batch=256, Prob=0.5, Usar_sampler=0
[GPU: 1]  Fin evaluación: Alpha=0.5,  Epochs=100, Batch=256, Prob=0.2, Usar_sampler=0 *************************
[GPU: 1]  Evaluando: Alpha=0.5, Epochs=100, Batch=256, Prob=0.6, Usar_sampler=0
[GPU: 1]  Fin evaluación: Alpha=0.5,  Epochs=100, Batch=256, Prob=0.4, Usar_sampler=0 *************************
[GPU: 0]  Fin evaluación: Alpha=0.5,  Epochs=100, Batch=256, Prob=0.3, Usar_sampler=0 *************************
[GPU: 0]  Evaluando: Alpha=0.5, Epochs=100, Batch=256, Prob=0.7, Usar_sampler=0
[GPU: 1]  Evaluando: Alpha=0.5, Epochs=100, Batch=256, Prob=0.8, Usar_sampler=0
[GPU: 0]  Fin evaluación: Alpha=0.5,  Epochs=100, Batch=256, Prob=0.5, Usar_sampler=0 *************************
[GPU: 0]  Evaluando: Alpha=0.7, Epochs=100, Batch=256, Prob=0.2, Usar_sampler=0
[GPU: 1]  Fin evaluación: Alpha=0.5,  Epochs=100, Batch=256, Prob=0.6, Usar_sampler=0 *************************
[GPU: 1]  Evaluando: Alpha=0.7, Epochs=100, Batch=256, Prob=0.3, Usar_sampler=0
[GPU: 0]  Fin evaluación: Alpha=0.5,  Epochs=100, Batch=256, Prob=0.7, Usar_sampler=0 *************************
[GPU: 0]  Evaluando: Alpha=0.7, Epochs=100, Batch=256, Prob=0.4, Usar_sampler=0
[GPU: 1]  Fin evaluación: Alpha=0.5,  Epochs=100, Batch=256, Prob=0.8, Usar_sampler=0 *************************
[GPU: 1]  Evaluando: Alpha=0.7, Epochs=100, Batch=256, Prob=0.5, Usar_sampler=0
[GPU: 0]  Fin evaluación: Alpha=0.7,  Epochs=100, Batch=256, Prob=0.2, Usar_sampler=0 *************************
[GPU: 0]  Evaluando: Alpha=0.7, Epochs=100, Batch=256, Prob=0.6, Usar_sampler=0
[GPU: 1]  Fin evaluación: Alpha=0.7,  Epochs=100, Batch=256, Prob=0.3, Usar_sampler=0 *************************
[GPU: 1]  Evaluando: Alpha=0.7, Epochs=100, Batch=256, Prob=0.7, Usar_sampler=0
[GPU: 0]  Fin evaluación: Alpha=0.7,  Epochs=100, Batch=256, Prob=0.4, Usar_sampler=0 *************************
[GPU: 0]  Evaluando: Alpha=0.7, Epochs=100, Batch=256, Prob=0.8, Usar_sampler=0
[GPU: 1]  Fin evaluación: Alpha=0.7,  Epochs=100, Batch=256, Prob=0.5, Usar_sampler=0 *************************
[GPU: 1]  Evaluando: Alpha=0.9, Epochs=100, Batch=256, Prob=0.2, Usar_sampler=0
[GPU: 0]  Fin evaluación: Alpha=0.7,  Epochs=100, Batch=256, Prob=0.6, Usar_sampler=0 *************************
[GPU: 0]  Evaluando: Alpha=0.9, Epochs=100, Batch=256, Prob=0.3, Usar_sampler=0
[GPU: 1]  Fin evaluación: Alpha=0.7,  Epochs=100, Batch=256, Prob=0.7, Usar_sampler=0 *************************
[GPU: 1]  Evaluando: Alpha=0.9, Epochs=100, Batch=256, Prob=0.4, Usar_sampler=0
[GPU: 0]  Fin evaluación: Alpha=0.7,  Epochs=100, Batch=256, Prob=0.8, Usar_sampler=0 *************************
[GPU: 0]  Evaluando: Alpha=0.9, Epochs=100, Batch=256, Prob=0.5, Usar_sampler=0
[GPU: 1]  Fin evaluación: Alpha=0.9,  Epochs=100, Batch=256, Prob=0.2, Usar_sampler=0 *************************
[GPU: 1]  Evaluando: Alpha=0.9, Epochs=100, Batch=256, Prob=0.6, Usar_sampler=0
[GPU: 0]  Fin evaluación: Alpha=0.9,  Epochs=100, Batch=256, Prob=0.3, Usar_sampler=0 *************************
[GPU: 0]  Evaluando: Alpha=0.9, Epochs=100, Batch=256, Prob=0.7, Usar_sampler=0
[GPU: 1]  Fin evaluación: Alpha=0.9,  Epochs=100, Batch=256, Prob=0.4, Usar_sampler=0 *************************
[GPU: 1]  Evaluando: Alpha=0.9, Epochs=100, Batch=256, Prob=0.8, Usar_sampler=0
[GPU: 0]  Fin evaluación: Alpha=0.9,  Epochs=100, Batch=256, Prob=0.5, Usar_sampler=0 *************************
[GPU: 0]  Evaluando: Alpha=1.0, Epochs=100, Batch=256, Prob=0.2, Usar_sampler=0
[GPU: 1]  Fin evaluación: Alpha=0.9,  Epochs=100, Batch=256, Prob=0.6, Usar_sampler=0 *************************
[GPU: 1]  Evaluando: Alpha=1.0, Epochs=100, Batch=256, Prob=0.3, Usar_sampler=0
[GPU: 0]  Fin evaluación: Alpha=0.9,  Epochs=100, Batch=256, Prob=0.7, Usar_sampler=0 *************************
[GPU: 0]  Evaluando: Alpha=1.0, Epochs=100, Batch=256, Prob=0.4, Usar_sampler=0
[GPU: 1]  Fin evaluación: Alpha=0.9,  Epochs=100, Batch=256, Prob=0.8, Usar_sampler=0 *************************
[GPU: 1]  Evaluando: Alpha=1.0, Epochs=100, Batch=256, Prob=0.5, Usar_sampler=0
[GPU: 0]  Fin evaluación: Alpha=1.0,  Epochs=100, Batch=256, Prob=0.2, Usar_sampler=0 *************************
[GPU: 0]  Evaluando: Alpha=1.0, Epochs=100, Batch=256, Prob=0.6, Usar_sampler=0
[GPU: 1]  Fin evaluación: Alpha=1.0,  Epochs=100, Batch=256, Prob=0.3, Usar_sampler=0 *************************
[GPU: 1]  Evaluando: Alpha=1.0, Epochs=100, Batch=256, Prob=0.7, Usar_sampler=0
[GPU: 0]  Fin evaluación: Alpha=1.0,  Epochs=100, Batch=256, Prob=0.4, Usar_sampler=0 *************************
[GPU: 0]  Evaluando: Alpha=1.0, Epochs=100, Batch=256, Prob=0.8, Usar_sampler=0
[GPU: 1]  Fin evaluación: Alpha=1.0,  Epochs=100, Batch=256, Prob=0.5, Usar_sampler=0 *************************
[GPU: 0]  Fin evaluación: Alpha=1.0,  Epochs=100, Batch=256, Prob=0.6, Usar_sampler=0 *************************
[GPU: 1]  Fin evaluación: Alpha=1.0,  Epochs=100, Batch=256, Prob=0.7, Usar_sampler=0 *************************
[GPU: 0]  Fin evaluación: Alpha=1.0,  Epochs=100, Batch=256, Prob=0.8, Usar_sampler=0 *************************

--- Ejecutando evaluación final paralela (10 experimentos) ---
ACABÓ LA PRUEBA
ACABÓ LA PRUEBA
ACABÓ LA PRUEBA
ACABÓ LA PRUEBA
ACABÓ LA PRUEBA
ACABÓ LA PRUEBA
ACABÓ LA PRUEBA
ACABÓ LA PRUEBA
ACABÓ LA PRUEBA
ACABÓ LA PRUEBA

============================================================
RESULTADOS FINALES PROMEDIADOS (CONJUNTO DE TEST) SOBRE EL FICHERO: oitaven
============================================================
Mejor Configuración: Alpha=0.1, Epoch=100, Batch=256, Prob=0.4, Sampler=0
------------------------------------------------------------
ACCURACY POR CLASE:
  Clase 01: 97.52% ± 0.57%
  Clase 02: 79.18% ± 2.24%
  Clase 03: 77.04% ± 3.11%
  Clase 04: 93.17% ± 2.52%
  Clase 05: 86.38% ± 3.35%
  Clase 06: 92.63% ± 1.80%
  Clase 07: 97.14% ± 0.31%
  Clase 08: 95.85% ± 0.43%
  Clase 09: 99.30% ± 0.41%
  Clase 10: 91.11% ± 0.92%
------------------------------------------------------------
OA Final: 95.22% ± 0.17%
AA Final: 90.93% ± 0.67%
------------------------------------------------------------
Tiempo entrenamiento total medio con hiperparámetros óptimos: 52.82 s
Tiempo medio por época con hiperparámetros óptimos: 0.5282 s
============================================================
------------------------------------------
Ejecutando prueba iteración: 1...
GPUs detectadas: 2
********************Ejecutando prueba sobre el dataset das_mestas ******************************
Cargando datos en memoria principal...
--- Cargando hiperparámetros óptimos desde hiperParametros_CUTMIX.json ---

--- Ejecutando evaluación final paralela (10 experimentos) ---
ACABÓ LA PRUEBA
ACABÓ LA PRUEBA
ACABÓ LA PRUEBA
ACABÓ LA PRUEBA
ACABÓ LA PRUEBA
ACABÓ LA PRUEBA
ACABÓ LA PRUEBA
ACABÓ LA PRUEBA
ACABÓ LA PRUEBA
ACABÓ LA PRUEBA

============================================================
RESULTADOS FINALES PROMEDIADOS (CONJUNTO DE TEST) SOBRE EL FICHERO: das_mestas
============================================================
Mejor Configuración: Alpha=0.1, Epoch=100, Batch=256, Prob=0.4, Sampler=0
------------------------------------------------------------
ACCURACY POR CLASE:
  Clase 02: 70.51% ± 1.00%
  Clase 07: 91.80% ± 0.25%
  Clase 08: 94.09% ± 1.19%
  Clase 10: 95.03% ± 0.13%
------------------------------------------------------------
OA Final: 91.15% ± 0.07%
AA Final: 87.86% ± 0.28%
------------------------------------------------------------
Tiempo entrenamiento total medio con hiperparámetros óptimos: 94.32 s
Tiempo medio por época con hiperparámetros óptimos: 0.9432 s
============================================================
Prueba iteracion 1 finalizada.
********************************************
Ejecutando prueba iteración: 2...
GPUs detectadas: 2
********************Ejecutando prueba sobre el dataset eiras_dam ******************************
Cargando datos en memoria principal...
--- Cargando hiperparámetros óptimos desde hiperParametros_CUTMIX.json ---

--- Ejecutando evaluación final paralela (10 experimentos) ---
ACABÓ LA PRUEBA
ACABÓ LA PRUEBA
ACABÓ LA PRUEBA
ACABÓ LA PRUEBA
ACABÓ LA PRUEBA
ACABÓ LA PRUEBA
ACABÓ LA PRUEBA
ACABÓ LA PRUEBA
ACABÓ LA PRUEBA
ACABÓ LA PRUEBA

============================================================
RESULTADOS FINALES PROMEDIADOS (CONJUNTO DE TEST) SOBRE EL FICHERO: eiras_dam
============================================================
Mejor Configuración: Alpha=0.1, Epoch=100, Batch=256, Prob=0.4, Sampler=0
------------------------------------------------------------
ACCURACY POR CLASE:
  Clase 01: 98.76% ± 0.37%
  Clase 02: 78.64% ± 2.39%
  Clase 03: 94.23% ± 2.56%
  Clase 04: 92.23% ± 2.84%
  Clase 05: 58.14% ± 9.61%
  Clase 06: 82.20% ± 10.16%
  Clase 07: 94.30% ± 1.78%
  Clase 08: 98.09% ± 0.47%
  Clase 09: 59.99% ± 5.99%
  Clase 10: 71.32% ± 10.15%
------------------------------------------------------------
OA Final: 95.56% ± 0.17%
AA Final: 82.79% ± 1.20%
------------------------------------------------------------
Tiempo entrenamiento total medio con hiperparámetros óptimos: 39.31 s
Tiempo medio por época con hiperparámetros óptimos: 0.3931 s
============================================================
Prueba iteracion 2 finalizada.
********************************************
Ejecutando prueba iteración: 3...
GPUs detectadas: 2
********************Ejecutando prueba sobre el dataset ermidas_creek ******************************
Cargando datos en memoria principal...
--- Cargando hiperparámetros óptimos desde hiperParametros_CUTMIX.json ---

--- Ejecutando evaluación final paralela (10 experimentos) ---
ACABÓ LA PRUEBA
ACABÓ LA PRUEBA
ACABÓ LA PRUEBA
ACABÓ LA PRUEBA
ACABÓ LA PRUEBA
ACABÓ LA PRUEBA
ACABÓ LA PRUEBA
ACABÓ LA PRUEBA
ACABÓ LA PRUEBA
ACABÓ LA PRUEBA

============================================================
RESULTADOS FINALES PROMEDIADOS (CONJUNTO DE TEST) SOBRE EL FICHERO: ermidas_creek
============================================================
Mejor Configuración: Alpha=0.1, Epoch=100, Batch=256, Prob=0.4, Sampler=0
------------------------------------------------------------
ACCURACY POR CLASE:
  Clase 01: 90.57% ± 2.31%
  Clase 02: 90.89% ± 1.23%
  Clase 03: 87.91% ± 2.10%
  Clase 04: 98.42% ± 0.50%
  Clase 05: 95.59% ± 5.36%
  Clase 06: 98.03% ± 1.17%
  Clase 07: 99.09% ± 0.15%
  Clase 08: 96.72% ± 0.38%
  Clase 09: 96.97% ± 1.04%
  Clase 10: 97.70% ± 0.33%
------------------------------------------------------------
OA Final: 97.90% ± 0.14%
AA Final: 95.19% ± 0.60%
------------------------------------------------------------
Tiempo entrenamiento total medio con hiperparámetros óptimos: 60.15 s
Tiempo medio por época con hiperparámetros óptimos: 0.6015 s
============================================================
Prueba iteracion 3 finalizada.
********************************************
Ejecutando prueba iteración: 4...
GPUs detectadas: 2
********************Ejecutando prueba sobre el dataset ferreiras_river ******************************
Cargando datos en memoria principal...
--- Cargando hiperparámetros óptimos desde hiperParametros_CUTMIX.json ---

--- Ejecutando evaluación final paralela (10 experimentos) ---
ACABÓ LA PRUEBA
ACABÓ LA PRUEBA
ACABÓ LA PRUEBA
ACABÓ LA PRUEBA
ACABÓ LA PRUEBA
ACABÓ LA PRUEBA
ACABÓ LA PRUEBA
ACABÓ LA PRUEBA
ACABÓ LA PRUEBA
ACABÓ LA PRUEBA

============================================================
RESULTADOS FINALES PROMEDIADOS (CONJUNTO DE TEST) SOBRE EL FICHERO: ferreiras_river
============================================================
Mejor Configuración: Alpha=0.1, Epoch=100, Batch=256, Prob=0.4, Sampler=0
------------------------------------------------------------
ACCURACY POR CLASE:
  Clase 02: 94.96% ± 0.20%
  Clase 04: 97.11% ± 0.50%
  Clase 07: 80.59% ± 0.48%
  Clase 08: 87.04% ± 1.22%
  Clase 09: 8.15% ± 7.50%
  Clase 10: 94.55% ± 0.19%
------------------------------------------------------------
OA Final: 91.50% ± 0.10%
AA Final: 77.07% ± 1.14%
------------------------------------------------------------
Tiempo entrenamiento total medio con hiperparámetros óptimos: 129.48 s
Tiempo medio por época con hiperparámetros óptimos: 1.2948 s
============================================================
Prueba iteracion 4 finalizada.
********************************************
Ejecutando prueba iteración: 5...
GPUs detectadas: 2
********************Ejecutando prueba sobre el dataset mera_river ******************************
Cargando datos en memoria principal...
--- Cargando hiperparámetros óptimos desde hiperParametros_CUTMIX.json ---

--- Ejecutando evaluación final paralela (10 experimentos) ---
ACABÓ LA PRUEBA
ACABÓ LA PRUEBA
ACABÓ LA PRUEBA
ACABÓ LA PRUEBA
ACABÓ LA PRUEBA
ACABÓ LA PRUEBA
ACABÓ LA PRUEBA
ACABÓ LA PRUEBA
ACABÓ LA PRUEBA
ACABÓ LA PRUEBA

============================================================
RESULTADOS FINALES PROMEDIADOS (CONJUNTO DE TEST) SOBRE EL FICHERO: mera_river
============================================================
Mejor Configuración: Alpha=0.1, Epoch=100, Batch=256, Prob=0.4, Sampler=0
------------------------------------------------------------
ACCURACY POR CLASE:
  Clase 02: 86.87% ± 0.45%
  Clase 04: 89.59% ± 2.45%
  Clase 05: 47.28% ± 28.88%
  Clase 06: 16.73% ± 21.72%
  Clase 07: 88.39% ± 0.30%
  Clase 08: 96.64% ± 0.50%
  Clase 10: 93.73% ± 0.30%
------------------------------------------------------------
OA Final: 90.77% ± 0.09%
AA Final: 74.18% ± 4.80%
------------------------------------------------------------
Tiempo entrenamiento total medio con hiperparámetros óptimos: 151.15 s
Tiempo medio por época con hiperparámetros óptimos: 1.5115 s
============================================================
Prueba iteracion 5 finalizada.
********************************************
Ejecutando prueba iteración: 6...
GPUs detectadas: 2
********************Ejecutando prueba sobre el dataset ulla ******************************
Cargando datos en memoria principal...
--- Cargando hiperparámetros óptimos desde hiperParametros_CUTMIX.json ---

--- Ejecutando evaluación final paralela (10 experimentos) ---
ACABÓ LA PRUEBA
ACABÓ LA PRUEBA
ACABÓ LA PRUEBA
ACABÓ LA PRUEBA
ACABÓ LA PRUEBA
ACABÓ LA PRUEBA
ACABÓ LA PRUEBA
ACABÓ LA PRUEBA
ACABÓ LA PRUEBA
ACABÓ LA PRUEBA

============================================================
RESULTADOS FINALES PROMEDIADOS (CONJUNTO DE TEST) SOBRE EL FICHERO: ulla
============================================================
Mejor Configuración: Alpha=0.1, Epoch=100, Batch=256, Prob=0.4, Sampler=0
------------------------------------------------------------
ACCURACY POR CLASE:
  Clase 02: 99.74% ± 0.33%
  Clase 04: 99.28% ± 2.26%
  Clase 07: 99.39% ± 0.87%
  Clase 08: 99.10% ± 0.51%
  Clase 09: 90.47% ± 3.53%
------------------------------------------------------------
OA Final: 98.87% ± 0.47%
AA Final: 97.60% ± 1.11%
------------------------------------------------------------
Tiempo entrenamiento total medio con hiperparámetros óptimos: 4.43 s
Tiempo medio por época con hiperparámetros óptimos: 0.0443 s
============================================================
Prueba iteracion 6 finalizada.
********************************************
Ejecutando prueba iteración: 7...
GPUs detectadas: 2
********************Ejecutando prueba sobre el dataset xesta ******************************
Cargando datos en memoria principal...
--- Cargando hiperparámetros óptimos desde hiperParametros_CUTMIX.json ---

--- Ejecutando evaluación final paralela (10 experimentos) ---
ACABÓ LA PRUEBA
ACABÓ LA PRUEBA
ACABÓ LA PRUEBA
ACABÓ LA PRUEBA
ACABÓ LA PRUEBA
ACABÓ LA PRUEBA
ACABÓ LA PRUEBA
ACABÓ LA PRUEBA
ACABÓ LA PRUEBA
ACABÓ LA PRUEBA

============================================================
RESULTADOS FINALES PROMEDIADOS (CONJUNTO DE TEST) SOBRE EL FICHERO: xesta
============================================================
Mejor Configuración: Alpha=0.1, Epoch=100, Batch=256, Prob=0.4, Sampler=0
------------------------------------------------------------
ACCURACY POR CLASE:
  Clase 01: 84.58% ± 3.40%
  Clase 02: 76.00% ± 6.44%
  Clase 03: 90.48% ± 0.84%
  Clase 04: 93.11% ± 1.72%
  Clase 07: 99.10% ± 0.07%
  Clase 08: 96.59% ± 0.53%
------------------------------------------------------------
OA Final: 98.19% ± 0.11%
AA Final: 89.98% ± 1.18%
------------------------------------------------------------
Tiempo entrenamiento total medio con hiperparámetros óptimos: 147.77 s
Tiempo medio por época con hiperparámetros óptimos: 1.4777 s
============================================================
Prueba iteracion 7 finalizada.
********************************************
********** Se han finalizado todas las pruebas de CUTMIX sin aumentado: 05:21:13 **********
