********** Iniciando experimentos CUTMIX: 18:44:30 **********
Ejecutando: prueba inicial CUTMIX (sobre Oitaven)
********************Ejecutando prueba sobre el dataset oitaven ******************************
Cargando datos en memoria principal...
--- Iniciando Grid Search Paralelo (15 combinaciones) ---
 Evaluando: Alpha=0.1, Epochs=200, Batch=100, Prob=0.2
 Evaluando: Alpha=0.1, Epochs=200, Batch=100, Prob=0.5
 Evaluando: Alpha=0.1, Epochs=200, Batch=100, Prob=0.7
 Fin evaluación: Alpha=0.1,  Epochs=200, Batch=100, Prob=0.2 *************************
 Evaluando: Alpha=0.3, Epochs=200, Batch=100, Prob=0.2
 Fin evaluación: Alpha=0.1,  Epochs=200, Batch=100, Prob=0.5 *************************
 Evaluando: Alpha=0.3, Epochs=200, Batch=100, Prob=0.5
 Fin evaluación: Alpha=0.1,  Epochs=200, Batch=100, Prob=0.7 *************************
 Evaluando: Alpha=0.3, Epochs=200, Batch=100, Prob=0.7
 Fin evaluación: Alpha=0.3,  Epochs=200, Batch=100, Prob=0.2 *************************
 Evaluando: Alpha=0.5, Epochs=200, Batch=100, Prob=0.2
 Fin evaluación: Alpha=0.3,  Epochs=200, Batch=100, Prob=0.5 *************************
 Fin evaluación: Alpha=0.3,  Epochs=200, Batch=100, Prob=0.7 *************************
 Evaluando: Alpha=0.5, Epochs=200, Batch=100, Prob=0.5
 Evaluando: Alpha=0.5, Epochs=200, Batch=100, Prob=0.7
 Fin evaluación: Alpha=0.5,  Epochs=200, Batch=100, Prob=0.2 *************************
 Evaluando: Alpha=0.7, Epochs=200, Batch=100, Prob=0.2
 Fin evaluación: Alpha=0.5,  Epochs=200, Batch=100, Prob=0.5 *************************
 Fin evaluación: Alpha=0.5,  Epochs=200, Batch=100, Prob=0.7 *************************
 Evaluando: Alpha=0.7, Epochs=200, Batch=100, Prob=0.5
 Evaluando: Alpha=0.7, Epochs=200, Batch=100, Prob=0.7
 Fin evaluación: Alpha=0.7,  Epochs=200, Batch=100, Prob=0.2 *************************
 Evaluando: Alpha=1.0, Epochs=200, Batch=100, Prob=0.2
 Fin evaluación: Alpha=0.7,  Epochs=200, Batch=100, Prob=0.5 *************************
 Fin evaluación: Alpha=0.7,  Epochs=200, Batch=100, Prob=0.7 *************************
 Evaluando: Alpha=1.0, Epochs=200, Batch=100, Prob=0.5
 Evaluando: Alpha=1.0, Epochs=200, Batch=100, Prob=0.7
 Fin evaluación: Alpha=1.0,  Epochs=200, Batch=100, Prob=0.2 *************************
 Fin evaluación: Alpha=1.0,  Epochs=200, Batch=100, Prob=0.5 *************************
 Fin evaluación: Alpha=1.0,  Epochs=200, Batch=100, Prob=0.7 *************************

--- Ejecutando evaluación final paralela (5 experimentos) ---
ACABÓ LA PRUEBA
ACABÓ LA PRUEBA
ACABÓ LA PRUEBA
ACABÓ LA PRUEBA
ACABÓ LA PRUEBA

============================================================
RESULTADOS FINALES PROMEDIADOS (CONJUNTO DE TEST) SOBRE EL FICHERO: oitaven
============================================================
Mejor Configuración: Alpha=0.1, Epoch=200, Batch=100, Prob=0.2
------------------------------------------------------------
ACCURACY POR CLASE:
  Clase 01: 97.60% ± 0.84%
  Clase 02: 82.16% ± 2.70%
  Clase 03: 80.68% ± 4.35%
  Clase 04: 91.63% ± 4.09%
  Clase 05: 87.30% ± 2.64%
  Clase 06: 91.94% ± 1.78%
  Clase 07: 97.56% ± 0.29%
  Clase 08: 96.57% ± 0.30%
  Clase 09: 99.47% ± 0.50%
  Clase 10: 93.87% ± 0.84%
------------------------------------------------------------
OA Final: 96.06% ± 0.15%
AA Final: 91.88% ± 0.22%
============================================================
------------------------------------------
Ejecutando prueba iteración: 1...
********************Ejecutando prueba sobre el dataset das_mestas ******************************
Cargando datos en memoria principal...
--- Iniciando Grid Search Paralelo (15 combinaciones) ---
 Evaluando: Alpha=0.1, Epochs=200, Batch=100, Prob=0.2
 Evaluando: Alpha=0.1, Epochs=200, Batch=100, Prob=0.5
 Evaluando: Alpha=0.1, Epochs=200, Batch=100, Prob=0.7
 Fin evaluación: Alpha=0.1,  Epochs=200, Batch=100, Prob=0.2 *************************
 Evaluando: Alpha=0.3, Epochs=200, Batch=100, Prob=0.2
 Fin evaluación: Alpha=0.1,  Epochs=200, Batch=100, Prob=0.5 *************************
 Evaluando: Alpha=0.3, Epochs=200, Batch=100, Prob=0.5
 Fin evaluación: Alpha=0.1,  Epochs=200, Batch=100, Prob=0.7 *************************
 Evaluando: Alpha=0.3, Epochs=200, Batch=100, Prob=0.7
 Fin evaluación: Alpha=0.3,  Epochs=200, Batch=100, Prob=0.2 *************************
 Evaluando: Alpha=0.5, Epochs=200, Batch=100, Prob=0.2
 Fin evaluación: Alpha=0.3,  Epochs=200, Batch=100, Prob=0.5 *************************
 Fin evaluación: Alpha=0.3,  Epochs=200, Batch=100, Prob=0.7 *************************
 Evaluando: Alpha=0.5, Epochs=200, Batch=100, Prob=0.5
 Evaluando: Alpha=0.5, Epochs=200, Batch=100, Prob=0.7
 Fin evaluación: Alpha=0.5,  Epochs=200, Batch=100, Prob=0.2 *************************
 Evaluando: Alpha=0.7, Epochs=200, Batch=100, Prob=0.2
 Fin evaluación: Alpha=0.5,  Epochs=200, Batch=100, Prob=0.5 *************************
 Fin evaluación: Alpha=0.5,  Epochs=200, Batch=100, Prob=0.7 *************************
 Evaluando: Alpha=0.7, Epochs=200, Batch=100, Prob=0.5
 Evaluando: Alpha=0.7, Epochs=200, Batch=100, Prob=0.7
 Fin evaluación: Alpha=0.7,  Epochs=200, Batch=100, Prob=0.2 *************************
 Evaluando: Alpha=1.0, Epochs=200, Batch=100, Prob=0.2
 Fin evaluación: Alpha=0.7,  Epochs=200, Batch=100, Prob=0.5 *************************
 Fin evaluación: Alpha=0.7,  Epochs=200, Batch=100, Prob=0.7 *************************
 Evaluando: Alpha=1.0, Epochs=200, Batch=100, Prob=0.5
 Evaluando: Alpha=1.0, Epochs=200, Batch=100, Prob=0.7
 Fin evaluación: Alpha=1.0,  Epochs=200, Batch=100, Prob=0.2 *************************
 Fin evaluación: Alpha=1.0,  Epochs=200, Batch=100, Prob=0.5 *************************
 Fin evaluación: Alpha=1.0,  Epochs=200, Batch=100, Prob=0.7 *************************

--- Ejecutando evaluación final paralela (5 experimentos) ---
ACABÓ LA PRUEBA
ACABÓ LA PRUEBA
ACABÓ LA PRUEBA
ACABÓ LA PRUEBA
ACABÓ LA PRUEBA

============================================================
RESULTADOS FINALES PROMEDIADOS (CONJUNTO DE TEST) SOBRE EL FICHERO: das_mestas
============================================================
Mejor Configuración: Alpha=0.7, Epoch=200, Batch=100, Prob=0.5
------------------------------------------------------------
ACCURACY POR CLASE:
  Clase 02: 69.56% ± 1.47%
  Clase 07: 92.22% ± 0.41%
  Clase 08: 95.81% ± 0.52%
  Clase 10: 95.34% ± 0.38%
------------------------------------------------------------
OA Final: 91.42% ± 0.10%
AA Final: 88.23% ± 0.25%
============================================================
Prueba iteracion 1 finalizada.
********************************************
Ejecutando prueba iteración: 2...
********************Ejecutando prueba sobre el dataset eiras_dam ******************************
Cargando datos en memoria principal...
--- Iniciando Grid Search Paralelo (15 combinaciones) ---
 Evaluando: Alpha=0.1, Epochs=200, Batch=100, Prob=0.2
 Evaluando: Alpha=0.1, Epochs=200, Batch=100, Prob=0.5
 Evaluando: Alpha=0.1, Epochs=200, Batch=100, Prob=0.7
 Fin evaluación: Alpha=0.1,  Epochs=200, Batch=100, Prob=0.2 *************************
 Evaluando: Alpha=0.3, Epochs=200, Batch=100, Prob=0.2
 Fin evaluación: Alpha=0.1,  Epochs=200, Batch=100, Prob=0.5 *************************
 Fin evaluación: Alpha=0.1,  Epochs=200, Batch=100, Prob=0.7 *************************
 Evaluando: Alpha=0.3, Epochs=200, Batch=100, Prob=0.5
 Evaluando: Alpha=0.3, Epochs=200, Batch=100, Prob=0.7
 Fin evaluación: Alpha=0.3,  Epochs=200, Batch=100, Prob=0.2 *************************
 Evaluando: Alpha=0.5, Epochs=200, Batch=100, Prob=0.2
 Fin evaluación: Alpha=0.3,  Epochs=200, Batch=100, Prob=0.5 *************************
 Fin evaluación: Alpha=0.3,  Epochs=200, Batch=100, Prob=0.7 *************************
 Evaluando: Alpha=0.5, Epochs=200, Batch=100, Prob=0.5
 Evaluando: Alpha=0.5, Epochs=200, Batch=100, Prob=0.7
 Fin evaluación: Alpha=0.5,  Epochs=200, Batch=100, Prob=0.2 *************************
 Evaluando: Alpha=0.7, Epochs=200, Batch=100, Prob=0.2
 Fin evaluación: Alpha=0.5,  Epochs=200, Batch=100, Prob=0.5 *************************
 Fin evaluación: Alpha=0.5,  Epochs=200, Batch=100, Prob=0.7 *************************
 Evaluando: Alpha=0.7, Epochs=200, Batch=100, Prob=0.5
 Evaluando: Alpha=0.7, Epochs=200, Batch=100, Prob=0.7
 Fin evaluación: Alpha=0.7,  Epochs=200, Batch=100, Prob=0.2 *************************
 Evaluando: Alpha=1.0, Epochs=200, Batch=100, Prob=0.2
 Fin evaluación: Alpha=0.7,  Epochs=200, Batch=100, Prob=0.5 *************************
 Fin evaluación: Alpha=1.0,  Epochs=200, Batch=100, Prob=0.2 *************************
 Fin evaluación: Alpha=0.7,  Epochs=200, Batch=100, Prob=0.7 *************************
 Evaluando: Alpha=1.0, Epochs=200, Batch=100, Prob=0.5
 Evaluando: Alpha=1.0, Epochs=200, Batch=100, Prob=0.7
 Fin evaluación: Alpha=1.0,  Epochs=200, Batch=100, Prob=0.5 *************************
 Fin evaluación: Alpha=1.0,  Epochs=200, Batch=100, Prob=0.7 *************************

--- Ejecutando evaluación final paralela (5 experimentos) ---
ACABÓ LA PRUEBA
ACABÓ LA PRUEBA
ACABÓ LA PRUEBA
ACABÓ LA PRUEBA
ACABÓ LA PRUEBA

============================================================
RESULTADOS FINALES PROMEDIADOS (CONJUNTO DE TEST) SOBRE EL FICHERO: eiras_dam
============================================================
Mejor Configuración: Alpha=0.3, Epoch=200, Batch=100, Prob=0.5
------------------------------------------------------------
ACCURACY POR CLASE:
  Clase 01: 99.36% ± 0.28%
  Clase 02: 84.81% ± 4.51%
  Clase 03: 96.47% ± 0.86%
  Clase 04: 96.03% ± 2.05%
  Clase 05: 81.53% ± 6.25%
  Clase 06: 89.51% ± 11.85%
  Clase 07: 96.24% ± 1.02%
  Clase 08: 98.86% ± 0.24%
  Clase 09: 79.69% ± 2.79%
  Clase 10: 86.65% ± 5.77%
------------------------------------------------------------
OA Final: 97.40% ± 0.20%
AA Final: 90.92% ± 1.81%
============================================================
Prueba iteracion 2 finalizada.
********************************************
Ejecutando prueba iteración: 3...
********************Ejecutando prueba sobre el dataset ermidas_creek ******************************
Cargando datos en memoria principal...
--- Iniciando Grid Search Paralelo (15 combinaciones) ---
 Evaluando: Alpha=0.1, Epochs=200, Batch=100, Prob=0.2
 Evaluando: Alpha=0.1, Epochs=200, Batch=100, Prob=0.5
 Evaluando: Alpha=0.1, Epochs=200, Batch=100, Prob=0.7
 Fin evaluación: Alpha=0.1,  Epochs=200, Batch=100, Prob=0.2 *************************
 Evaluando: Alpha=0.3, Epochs=200, Batch=100, Prob=0.2
 Fin evaluación: Alpha=0.1,  Epochs=200, Batch=100, Prob=0.5 *************************
 Fin evaluación: Alpha=0.1,  Epochs=200, Batch=100, Prob=0.7 *************************
 Evaluando: Alpha=0.3, Epochs=200, Batch=100, Prob=0.5
 Evaluando: Alpha=0.3, Epochs=200, Batch=100, Prob=0.7
 Fin evaluación: Alpha=0.3,  Epochs=200, Batch=100, Prob=0.2 *************************
 Evaluando: Alpha=0.5, Epochs=200, Batch=100, Prob=0.2
 Fin evaluación: Alpha=0.3,  Epochs=200, Batch=100, Prob=0.5 *************************
 Fin evaluación: Alpha=0.3,  Epochs=200, Batch=100, Prob=0.7 *************************
 Evaluando: Alpha=0.5, Epochs=200, Batch=100, Prob=0.5
 Evaluando: Alpha=0.5, Epochs=200, Batch=100, Prob=0.7
 Fin evaluación: Alpha=0.5,  Epochs=200, Batch=100, Prob=0.2 *************************
 Evaluando: Alpha=0.7, Epochs=200, Batch=100, Prob=0.2
 Fin evaluación: Alpha=0.5,  Epochs=200, Batch=100, Prob=0.5 *************************
 Fin evaluación: Alpha=0.5,  Epochs=200, Batch=100, Prob=0.7 *************************
 Evaluando: Alpha=0.7, Epochs=200, Batch=100, Prob=0.5
 Evaluando: Alpha=0.7, Epochs=200, Batch=100, Prob=0.7
 Fin evaluación: Alpha=0.7,  Epochs=200, Batch=100, Prob=0.2 *************************
 Evaluando: Alpha=1.0, Epochs=200, Batch=100, Prob=0.2
 Fin evaluación: Alpha=0.7,  Epochs=200, Batch=100, Prob=0.5 *************************
 Fin evaluación: Alpha=0.7,  Epochs=200, Batch=100, Prob=0.7 *************************
 Evaluando: Alpha=1.0, Epochs=200, Batch=100, Prob=0.5
 Evaluando: Alpha=1.0, Epochs=200, Batch=100, Prob=0.7
 Fin evaluación: Alpha=1.0,  Epochs=200, Batch=100, Prob=0.2 *************************
 Fin evaluación: Alpha=1.0,  Epochs=200, Batch=100, Prob=0.5 *************************
 Fin evaluación: Alpha=1.0,  Epochs=200, Batch=100, Prob=0.7 *************************

--- Ejecutando evaluación final paralela (5 experimentos) ---
ACABÓ LA PRUEBA
ACABÓ LA PRUEBA
ACABÓ LA PRUEBA
ACABÓ LA PRUEBA
ACABÓ LA PRUEBA

============================================================
RESULTADOS FINALES PROMEDIADOS (CONJUNTO DE TEST) SOBRE EL FICHERO: ermidas_creek
============================================================
Mejor Configuración: Alpha=0.3, Epoch=200, Batch=100, Prob=0.2
------------------------------------------------------------
ACCURACY POR CLASE:
  Clase 01: 93.04% ± 1.11%
  Clase 02: 91.76% ± 1.12%
  Clase 03: 92.73% ± 0.44%
  Clase 04: 98.92% ± 0.06%
  Clase 05: 95.33% ± 6.50%
  Clase 06: 97.81% ± 1.18%
  Clase 07: 99.46% ± 0.09%
  Clase 08: 97.71% ± 0.18%
  Clase 09: 97.72% ± 0.66%
  Clase 10: 98.65% ± 0.13%
------------------------------------------------------------
OA Final: 98.58% ± 0.07%
AA Final: 96.31% ± 0.61%
============================================================
Prueba iteracion 3 finalizada.
********************************************
Ejecutando prueba iteración: 4...
********************Ejecutando prueba sobre el dataset ferreiras_river ******************************
Cargando datos en memoria principal...
--- Iniciando Grid Search Paralelo (15 combinaciones) ---
 Evaluando: Alpha=0.1, Epochs=200, Batch=100, Prob=0.2
 Evaluando: Alpha=0.1, Epochs=200, Batch=100, Prob=0.5
 Evaluando: Alpha=0.1, Epochs=200, Batch=100, Prob=0.7
 Fin evaluación: Alpha=0.1,  Epochs=200, Batch=100, Prob=0.2 *************************
 Evaluando: Alpha=0.3, Epochs=200, Batch=100, Prob=0.2
 Fin evaluación: Alpha=0.1,  Epochs=200, Batch=100, Prob=0.5 *************************
 Evaluando: Alpha=0.3, Epochs=200, Batch=100, Prob=0.5
 Fin evaluación: Alpha=0.1,  Epochs=200, Batch=100, Prob=0.7 *************************
 Evaluando: Alpha=0.3, Epochs=200, Batch=100, Prob=0.7
 Fin evaluación: Alpha=0.3,  Epochs=200, Batch=100, Prob=0.2 *************************
 Evaluando: Alpha=0.5, Epochs=200, Batch=100, Prob=0.2
 Fin evaluación: Alpha=0.3,  Epochs=200, Batch=100, Prob=0.5 *************************
 Evaluando: Alpha=0.5, Epochs=200, Batch=100, Prob=0.5
 Fin evaluación: Alpha=0.3,  Epochs=200, Batch=100, Prob=0.7 *************************
 Evaluando: Alpha=0.5, Epochs=200, Batch=100, Prob=0.7
 Fin evaluación: Alpha=0.5,  Epochs=200, Batch=100, Prob=0.2 *************************
 Evaluando: Alpha=0.7, Epochs=200, Batch=100, Prob=0.2
 Fin evaluación: Alpha=0.5,  Epochs=200, Batch=100, Prob=0.5 *************************
 Evaluando: Alpha=0.7, Epochs=200, Batch=100, Prob=0.5
 Fin evaluación: Alpha=0.5,  Epochs=200, Batch=100, Prob=0.7 *************************
 Evaluando: Alpha=0.7, Epochs=200, Batch=100, Prob=0.7
 Fin evaluación: Alpha=0.7,  Epochs=200, Batch=100, Prob=0.2 *************************
 Evaluando: Alpha=1.0, Epochs=200, Batch=100, Prob=0.2
 Fin evaluación: Alpha=0.7,  Epochs=200, Batch=100, Prob=0.5 *************************
 Evaluando: Alpha=1.0, Epochs=200, Batch=100, Prob=0.5
 Fin evaluación: Alpha=0.7,  Epochs=200, Batch=100, Prob=0.7 *************************
 Evaluando: Alpha=1.0, Epochs=200, Batch=100, Prob=0.7
 Fin evaluación: Alpha=1.0,  Epochs=200, Batch=100, Prob=0.2 *************************
 Fin evaluación: Alpha=1.0,  Epochs=200, Batch=100, Prob=0.5 *************************
 Fin evaluación: Alpha=1.0,  Epochs=200, Batch=100, Prob=0.7 *************************

--- Ejecutando evaluación final paralela (5 experimentos) ---
ACABÓ LA PRUEBA
ACABÓ LA PRUEBA
ACABÓ LA PRUEBA
ACABÓ LA PRUEBA
ACABÓ LA PRUEBA

============================================================
RESULTADOS FINALES PROMEDIADOS (CONJUNTO DE TEST) SOBRE EL FICHERO: ferreiras_river
============================================================
Mejor Configuración: Alpha=0.3, Epoch=200, Batch=100, Prob=0.2
------------------------------------------------------------
ACCURACY POR CLASE:
  Clase 02: 94.44% ± 0.16%
  Clase 04: 97.03% ± 0.88%
  Clase 07: 81.06% ± 0.25%
  Clase 08: 90.47% ± 2.05%
  Clase 09: 7.91% ± 5.76%
  Clase 10: 94.46% ± 0.31%
------------------------------------------------------------
OA Final: 91.47% ± 0.05%
AA Final: 77.56% ± 1.32%
============================================================
Prueba iteracion 4 finalizada.
********************************************
Ejecutando prueba iteración: 5...
********************Ejecutando prueba sobre el dataset mera_river ******************************
Cargando datos en memoria principal...
--- Iniciando Grid Search Paralelo (15 combinaciones) ---
 Evaluando: Alpha=0.1, Epochs=200, Batch=100, Prob=0.2
 Evaluando: Alpha=0.1, Epochs=200, Batch=100, Prob=0.5
 Evaluando: Alpha=0.1, Epochs=200, Batch=100, Prob=0.7
 Fin evaluación: Alpha=0.1,  Epochs=200, Batch=100, Prob=0.2 *************************
 Evaluando: Alpha=0.3, Epochs=200, Batch=100, Prob=0.2
 Fin evaluación: Alpha=0.1,  Epochs=200, Batch=100, Prob=0.5 *************************
 Fin evaluación: Alpha=0.1,  Epochs=200, Batch=100, Prob=0.7 *************************
 Evaluando: Alpha=0.3, Epochs=200, Batch=100, Prob=0.5
 Evaluando: Alpha=0.3, Epochs=200, Batch=100, Prob=0.7
 Fin evaluación: Alpha=0.3,  Epochs=200, Batch=100, Prob=0.2 *************************
 Evaluando: Alpha=0.5, Epochs=200, Batch=100, Prob=0.2
 Fin evaluación: Alpha=0.3,  Epochs=200, Batch=100, Prob=0.5 *************************
 Fin evaluación: Alpha=0.3,  Epochs=200, Batch=100, Prob=0.7 *************************
 Evaluando: Alpha=0.5, Epochs=200, Batch=100, Prob=0.5
 Evaluando: Alpha=0.5, Epochs=200, Batch=100, Prob=0.7
 Fin evaluación: Alpha=0.5,  Epochs=200, Batch=100, Prob=0.2 *************************
 Evaluando: Alpha=0.7, Epochs=200, Batch=100, Prob=0.2
 Fin evaluación: Alpha=0.5,  Epochs=200, Batch=100, Prob=0.5 *************************
 Fin evaluación: Alpha=0.5,  Epochs=200, Batch=100, Prob=0.7 *************************
 Evaluando: Alpha=0.7, Epochs=200, Batch=100, Prob=0.5
 Evaluando: Alpha=0.7, Epochs=200, Batch=100, Prob=0.7
 Fin evaluación: Alpha=0.7,  Epochs=200, Batch=100, Prob=0.2 *************************
 Evaluando: Alpha=1.0, Epochs=200, Batch=100, Prob=0.2
 Fin evaluación: Alpha=0.7,  Epochs=200, Batch=100, Prob=0.5 *************************
 Fin evaluación: Alpha=0.7,  Epochs=200, Batch=100, Prob=0.7 *************************
 Evaluando: Alpha=1.0, Epochs=200, Batch=100, Prob=0.5
 Evaluando: Alpha=1.0, Epochs=200, Batch=100, Prob=0.7
 Fin evaluación: Alpha=1.0,  Epochs=200, Batch=100, Prob=0.2 *************************
 Fin evaluación: Alpha=1.0,  Epochs=200, Batch=100, Prob=0.5 *************************
 Fin evaluación: Alpha=1.0,  Epochs=200, Batch=100, Prob=0.7 *************************

--- Ejecutando evaluación final paralela (5 experimentos) ---
ACABÓ LA PRUEBA
ACABÓ LA PRUEBA
ACABÓ LA PRUEBA
ACABÓ LA PRUEBA
ACABÓ LA PRUEBA

============================================================
RESULTADOS FINALES PROMEDIADOS (CONJUNTO DE TEST) SOBRE EL FICHERO: mera_river
============================================================
Mejor Configuración: Alpha=0.3, Epoch=200, Batch=100, Prob=0.5
------------------------------------------------------------
ACCURACY POR CLASE:
  Clase 02: 87.01% ± 0.17%
  Clase 04: 89.49% ± 2.37%
  Clase 05: 77.44% ± 8.27%
  Clase 06: 10.84% ± 5.46%
  Clase 07: 88.77% ± 0.33%
  Clase 08: 97.36% ± 0.59%
  Clase 10: 93.80% ± 0.16%
------------------------------------------------------------
OA Final: 91.01% ± 0.07%
AA Final: 77.82% ± 1.34%
============================================================
Prueba iteracion 5 finalizada.
********************************************
Ejecutando prueba iteración: 6...
********************Ejecutando prueba sobre el dataset ulla ******************************
Cargando datos en memoria principal...
--- Iniciando Grid Search Paralelo (15 combinaciones) ---
 Evaluando: Alpha=0.1, Epochs=200, Batch=100, Prob=0.2
 Evaluando: Alpha=0.1, Epochs=200, Batch=100, Prob=0.5
 Evaluando: Alpha=0.1, Epochs=200, Batch=100, Prob=0.7
 Fin evaluación: Alpha=0.1,  Epochs=200, Batch=100, Prob=0.2 *************************
 Fin evaluación: Alpha=0.1,  Epochs=200, Batch=100, Prob=0.5 *************************
 Evaluando: Alpha=0.3, Epochs=200, Batch=100, Prob=0.2
 Fin evaluación: Alpha=0.1,  Epochs=200, Batch=100, Prob=0.7 *************************
 Evaluando: Alpha=0.3, Epochs=200, Batch=100, Prob=0.5
 Evaluando: Alpha=0.3, Epochs=200, Batch=100, Prob=0.7
 Fin evaluación: Alpha=0.3,  Epochs=200, Batch=100, Prob=0.2 *************************
 Fin evaluación: Alpha=0.3,  Epochs=200, Batch=100, Prob=0.5 *************************
 Evaluando: Alpha=0.5, Epochs=200, Batch=100, Prob=0.2
 Fin evaluación: Alpha=0.3,  Epochs=200, Batch=100, Prob=0.7 *************************
 Evaluando: Alpha=0.5, Epochs=200, Batch=100, Prob=0.5
 Evaluando: Alpha=0.5, Epochs=200, Batch=100, Prob=0.7
 Fin evaluación: Alpha=0.5,  Epochs=200, Batch=100, Prob=0.2 *************************
 Evaluando: Alpha=0.7, Epochs=200, Batch=100, Prob=0.2
 Fin evaluación: Alpha=0.5,  Epochs=200, Batch=100, Prob=0.5 *************************
 Fin evaluación: Alpha=0.5,  Epochs=200, Batch=100, Prob=0.7 *************************
 Evaluando: Alpha=0.7, Epochs=200, Batch=100, Prob=0.5
 Fin evaluación: Alpha=0.7,  Epochs=200, Batch=100, Prob=0.2 *************************
 Evaluando: Alpha=0.7, Epochs=200, Batch=100, Prob=0.7
 Evaluando: Alpha=1.0, Epochs=200, Batch=100, Prob=0.2
 Fin evaluación: Alpha=0.7,  Epochs=200, Batch=100, Prob=0.5 *************************
 Fin evaluación: Alpha=0.7,  Epochs=200, Batch=100, Prob=0.7 *************************
 Evaluando: Alpha=1.0, Epochs=200, Batch=100, Prob=0.5
 Evaluando: Alpha=1.0, Epochs=200, Batch=100, Prob=0.7
 Fin evaluación: Alpha=1.0,  Epochs=200, Batch=100, Prob=0.2 *************************
 Fin evaluación: Alpha=1.0,  Epochs=200, Batch=100, Prob=0.5 *************************
 Fin evaluación: Alpha=1.0,  Epochs=200, Batch=100, Prob=0.7 *************************

--- Ejecutando evaluación final paralela (5 experimentos) ---
ACABÓ LA PRUEBA
ACABÓ LA PRUEBA
ACABÓ LA PRUEBA
ACABÓ LA PRUEBA
ACABÓ LA PRUEBA

============================================================
RESULTADOS FINALES PROMEDIADOS (CONJUNTO DE TEST) SOBRE EL FICHERO: ulla
============================================================
Mejor Configuración: Alpha=0.1, Epoch=200, Batch=100, Prob=0.7
------------------------------------------------------------
ACCURACY POR CLASE:
  Clase 02: 99.93% ± 0.09%
  Clase 04: 100.00% ± 0.00%
  Clase 07: 99.98% ± 0.04%
  Clase 08: 99.30% ± 0.40%
  Clase 09: 95.93% ± 3.77%
------------------------------------------------------------
OA Final: 99.42% ± 0.36%
AA Final: 99.03% ± 0.82%
============================================================
Prueba iteracion 6 finalizada.
********************************************
Ejecutando prueba iteración: 7...
********************Ejecutando prueba sobre el dataset xesta ******************************
Cargando datos en memoria principal...
--- Iniciando Grid Search Paralelo (15 combinaciones) ---
 Evaluando: Alpha=0.1, Epochs=200, Batch=100, Prob=0.2
 Evaluando: Alpha=0.1, Epochs=200, Batch=100, Prob=0.5
 Evaluando: Alpha=0.1, Epochs=200, Batch=100, Prob=0.7
 Fin evaluación: Alpha=0.1,  Epochs=200, Batch=100, Prob=0.2 *************************
 Evaluando: Alpha=0.3, Epochs=200, Batch=100, Prob=0.2
 Fin evaluación: Alpha=0.1,  Epochs=200, Batch=100, Prob=0.5 *************************
 Evaluando: Alpha=0.3, Epochs=200, Batch=100, Prob=0.5
 Fin evaluación: Alpha=0.1,  Epochs=200, Batch=100, Prob=0.7 *************************
 Evaluando: Alpha=0.3, Epochs=200, Batch=100, Prob=0.7
 Fin evaluación: Alpha=0.3,  Epochs=200, Batch=100, Prob=0.2 *************************
 Evaluando: Alpha=0.5, Epochs=200, Batch=100, Prob=0.2
 Fin evaluación: Alpha=0.3,  Epochs=200, Batch=100, Prob=0.5 *************************
 Evaluando: Alpha=0.5, Epochs=200, Batch=100, Prob=0.5
 Fin evaluación: Alpha=0.3,  Epochs=200, Batch=100, Prob=0.7 *************************
 Evaluando: Alpha=0.5, Epochs=200, Batch=100, Prob=0.7
 Fin evaluación: Alpha=0.5,  Epochs=200, Batch=100, Prob=0.2 *************************
 Evaluando: Alpha=0.7, Epochs=200, Batch=100, Prob=0.2
 Fin evaluación: Alpha=0.5,  Epochs=200, Batch=100, Prob=0.5 *************************
 Evaluando: Alpha=0.7, Epochs=200, Batch=100, Prob=0.5
 Fin evaluación: Alpha=0.5,  Epochs=200, Batch=100, Prob=0.7 *************************
 Evaluando: Alpha=0.7, Epochs=200, Batch=100, Prob=0.7
 Fin evaluación: Alpha=0.7,  Epochs=200, Batch=100, Prob=0.2 *************************
 Evaluando: Alpha=1.0, Epochs=200, Batch=100, Prob=0.2
 Fin evaluación: Alpha=0.7,  Epochs=200, Batch=100, Prob=0.5 *************************
 Evaluando: Alpha=1.0, Epochs=200, Batch=100, Prob=0.5
 Fin evaluación: Alpha=0.7,  Epochs=200, Batch=100, Prob=0.7 *************************
 Evaluando: Alpha=1.0, Epochs=200, Batch=100, Prob=0.7
 Fin evaluación: Alpha=1.0,  Epochs=200, Batch=100, Prob=0.2 *************************
 Fin evaluación: Alpha=1.0,  Epochs=200, Batch=100, Prob=0.5 *************************
 Fin evaluación: Alpha=1.0,  Epochs=200, Batch=100, Prob=0.7 *************************

--- Ejecutando evaluación final paralela (5 experimentos) ---
ACABÓ LA PRUEBA
ACABÓ LA PRUEBA
ACABÓ LA PRUEBA
ACABÓ LA PRUEBA
ACABÓ LA PRUEBA

============================================================
RESULTADOS FINALES PROMEDIADOS (CONJUNTO DE TEST) SOBRE EL FICHERO: xesta
============================================================
Mejor Configuración: Alpha=0.1, Epoch=200, Batch=100, Prob=0.7
------------------------------------------------------------
ACCURACY POR CLASE:
  Clase 01: 85.08% ± 6.72%
  Clase 02: 75.79% ± 5.41%
  Clase 03: 90.02% ± 0.42%
  Clase 04: 96.05% ± 1.44%
  Clase 07: 99.30% ± 0.08%
  Clase 08: 97.59% ± 0.33%
------------------------------------------------------------
OA Final: 98.57% ± 0.04%
AA Final: 90.64% ± 0.97%
============================================================
Prueba iteracion 7 finalizada.
********************************************
********** Se han finalizado todas las pruebas: 20:03:12 **********
