********** Iniciando experimentos MIXUP: 20:03:12 **********
Ejecutando: prueba inicial MIXUP (sobre Oitaven)
********************Ejecutando prueba sobre el dataset oitaven ******************************
Cargando datos en memoria principal...
--- Iniciando Grid Search Paralelo (15 combinaciones) ---
 Evaluando: Alpha=0.1, Epochs=200, Batch=100, Prob=0.2
 Evaluando: Alpha=0.1, Epochs=200, Batch=100, Prob=0.5
 Evaluando: Alpha=0.1, Epochs=200, Batch=100, Prob=0.7
 Fin evaluación: Alpha=0.1,  Epochs=200, Batch=100, Prob=0.2 *************************
 Evaluando: Alpha=0.3, Epochs=200, Batch=100, Prob=0.2
 Fin evaluación: Alpha=0.1,  Epochs=200, Batch=100, Prob=0.5 *************************
 Evaluando: Alpha=0.3, Epochs=200, Batch=100, Prob=0.5
 Fin evaluación: Alpha=0.1,  Epochs=200, Batch=100, Prob=0.7 *************************
 Evaluando: Alpha=0.3, Epochs=200, Batch=100, Prob=0.7
 Fin evaluación: Alpha=0.3,  Epochs=200, Batch=100, Prob=0.2 *************************
 Evaluando: Alpha=0.5, Epochs=200, Batch=100, Prob=0.2
 Fin evaluación: Alpha=0.3,  Epochs=200, Batch=100, Prob=0.5 *************************
 Evaluando: Alpha=0.5, Epochs=200, Batch=100, Prob=0.5
 Fin evaluación: Alpha=0.3,  Epochs=200, Batch=100, Prob=0.7 *************************
 Evaluando: Alpha=0.5, Epochs=200, Batch=100, Prob=0.7
 Fin evaluación: Alpha=0.5,  Epochs=200, Batch=100, Prob=0.2 *************************
 Evaluando: Alpha=0.7, Epochs=200, Batch=100, Prob=0.2
 Fin evaluación: Alpha=0.5,  Epochs=200, Batch=100, Prob=0.5 *************************
 Evaluando: Alpha=0.7, Epochs=200, Batch=100, Prob=0.5
 Fin evaluación: Alpha=0.5,  Epochs=200, Batch=100, Prob=0.7 *************************
 Evaluando: Alpha=0.7, Epochs=200, Batch=100, Prob=0.7
 Fin evaluación: Alpha=0.7,  Epochs=200, Batch=100, Prob=0.2 *************************
 Evaluando: Alpha=1.0, Epochs=200, Batch=100, Prob=0.2
 Fin evaluación: Alpha=0.7,  Epochs=200, Batch=100, Prob=0.5 *************************
 Evaluando: Alpha=1.0, Epochs=200, Batch=100, Prob=0.5
 Fin evaluación: Alpha=0.7,  Epochs=200, Batch=100, Prob=0.7 *************************
 Evaluando: Alpha=1.0, Epochs=200, Batch=100, Prob=0.7
 Fin evaluación: Alpha=1.0,  Epochs=200, Batch=100, Prob=0.2 *************************
 Fin evaluación: Alpha=1.0,  Epochs=200, Batch=100, Prob=0.5 *************************
 Fin evaluación: Alpha=1.0,  Epochs=200, Batch=100, Prob=0.7 *************************

--- Ejecutando evaluación final paralela (5 experimentos) ---
ACABÓ LA PRUEBA
ACABÓ LA PRUEBA
ACABÓ LA PRUEBA
ACABÓ LA PRUEBA
ACABÓ LA PRUEBA

============================================================
RESULTADOS FINALES PROMEDIADOS (CONJUNTO DE TEST) SOBRE EL FICHERO: oitaven
============================================================
Mejor Configuración: Alpha=0.5, Epoch=200, Batch=100, Prob=0.7
------------------------------------------------------------
ACCURACY POR CLASE:
  Clase 01: 98.29% ± 0.50%
  Clase 02: 78.42% ± 2.07%
  Clase 03: 74.16% ± 3.78%
  Clase 04: 81.83% ± 7.10%
  Clase 05: 82.18% ± 2.47%
  Clase 06: 88.67% ± 1.90%
  Clase 07: 96.42% ± 0.47%
  Clase 08: 96.93% ± 0.30%
  Clase 09: 98.21% ± 0.69%
  Clase 10: 90.07% ± 0.71%
------------------------------------------------------------
OA Final: 94.85% ± 0.22%
AA Final: 88.52% ± 0.55%
============================================================
------------------------------------------
Ejecutando prueba iteración: 1...
********************Ejecutando prueba sobre el dataset das_mestas ******************************
Cargando datos en memoria principal...
--- Iniciando Grid Search Paralelo (15 combinaciones) ---
 Evaluando: Alpha=0.1, Epochs=200, Batch=100, Prob=0.2
 Evaluando: Alpha=0.1, Epochs=200, Batch=100, Prob=0.5
 Evaluando: Alpha=0.1, Epochs=200, Batch=100, Prob=0.7
 Fin evaluación: Alpha=0.1,  Epochs=200, Batch=100, Prob=0.2 *************************
 Evaluando: Alpha=0.3, Epochs=200, Batch=100, Prob=0.2
 Fin evaluación: Alpha=0.1,  Epochs=200, Batch=100, Prob=0.5 *************************
 Fin evaluación: Alpha=0.1,  Epochs=200, Batch=100, Prob=0.7 *************************
 Evaluando: Alpha=0.3, Epochs=200, Batch=100, Prob=0.5
 Evaluando: Alpha=0.3, Epochs=200, Batch=100, Prob=0.7
 Fin evaluación: Alpha=0.3,  Epochs=200, Batch=100, Prob=0.2 *************************
 Evaluando: Alpha=0.5, Epochs=200, Batch=100, Prob=0.2
 Fin evaluación: Alpha=0.3,  Epochs=200, Batch=100, Prob=0.5 *************************
 Fin evaluación: Alpha=0.3,  Epochs=200, Batch=100, Prob=0.7 *************************
 Evaluando: Alpha=0.5, Epochs=200, Batch=100, Prob=0.5
 Evaluando: Alpha=0.5, Epochs=200, Batch=100, Prob=0.7
 Fin evaluación: Alpha=0.5,  Epochs=200, Batch=100, Prob=0.2 *************************
 Evaluando: Alpha=0.7, Epochs=200, Batch=100, Prob=0.2
 Fin evaluación: Alpha=0.5,  Epochs=200, Batch=100, Prob=0.5 *************************
 Fin evaluación: Alpha=0.5,  Epochs=200, Batch=100, Prob=0.7 *************************
 Evaluando: Alpha=0.7, Epochs=200, Batch=100, Prob=0.5
 Evaluando: Alpha=0.7, Epochs=200, Batch=100, Prob=0.7
 Fin evaluación: Alpha=0.7,  Epochs=200, Batch=100, Prob=0.2 *************************
 Evaluando: Alpha=1.0, Epochs=200, Batch=100, Prob=0.2
 Fin evaluación: Alpha=0.7,  Epochs=200, Batch=100, Prob=0.5 *************************
 Fin evaluación: Alpha=0.7,  Epochs=200, Batch=100, Prob=0.7 *************************
 Evaluando: Alpha=1.0, Epochs=200, Batch=100, Prob=0.5
 Evaluando: Alpha=1.0, Epochs=200, Batch=100, Prob=0.7
 Fin evaluación: Alpha=1.0,  Epochs=200, Batch=100, Prob=0.2 *************************
 Fin evaluación: Alpha=1.0,  Epochs=200, Batch=100, Prob=0.5 *************************
 Fin evaluación: Alpha=1.0,  Epochs=200, Batch=100, Prob=0.7 *************************

--- Ejecutando evaluación final paralela (5 experimentos) ---
ACABÓ LA PRUEBA
ACABÓ LA PRUEBA
ACABÓ LA PRUEBA
ACABÓ LA PRUEBA
ACABÓ LA PRUEBA

============================================================
RESULTADOS FINALES PROMEDIADOS (CONJUNTO DE TEST) SOBRE EL FICHERO: das_mestas
============================================================
Mejor Configuración: Alpha=0.5, Epoch=200, Batch=100, Prob=0.5
------------------------------------------------------------
ACCURACY POR CLASE:
  Clase 02: 68.94% ± 0.80%
  Clase 07: 91.10% ± 0.36%
  Clase 08: 92.56% ± 0.87%
  Clase 10: 94.94% ± 0.22%
------------------------------------------------------------
OA Final: 90.61% ± 0.20%
AA Final: 86.89% ± 0.26%
============================================================
Prueba iteracion 1 finalizada.
********************************************
Ejecutando prueba iteración: 2...
********************Ejecutando prueba sobre el dataset eiras_dam ******************************
Cargando datos en memoria principal...
--- Iniciando Grid Search Paralelo (15 combinaciones) ---
 Evaluando: Alpha=0.1, Epochs=200, Batch=100, Prob=0.2
 Evaluando: Alpha=0.1, Epochs=200, Batch=100, Prob=0.5
 Evaluando: Alpha=0.1, Epochs=200, Batch=100, Prob=0.7
 Fin evaluación: Alpha=0.1,  Epochs=200, Batch=100, Prob=0.2 *************************
 Evaluando: Alpha=0.3, Epochs=200, Batch=100, Prob=0.2
 Fin evaluación: Alpha=0.1,  Epochs=200, Batch=100, Prob=0.5 *************************
 Fin evaluación: Alpha=0.1,  Epochs=200, Batch=100, Prob=0.7 *************************
 Evaluando: Alpha=0.3, Epochs=200, Batch=100, Prob=0.5
 Evaluando: Alpha=0.3, Epochs=200, Batch=100, Prob=0.7
 Fin evaluación: Alpha=0.3,  Epochs=200, Batch=100, Prob=0.2 *************************
 Evaluando: Alpha=0.5, Epochs=200, Batch=100, Prob=0.2
 Fin evaluación: Alpha=0.3,  Epochs=200, Batch=100, Prob=0.5 *************************
 Evaluando: Alpha=0.5, Epochs=200, Batch=100, Prob=0.5
 Fin evaluación: Alpha=0.3,  Epochs=200, Batch=100, Prob=0.7 *************************
 Evaluando: Alpha=0.5, Epochs=200, Batch=100, Prob=0.7
 Fin evaluación: Alpha=0.5,  Epochs=200, Batch=100, Prob=0.2 *************************
 Evaluando: Alpha=0.7, Epochs=200, Batch=100, Prob=0.2
 Fin evaluación: Alpha=0.5,  Epochs=200, Batch=100, Prob=0.5 *************************
 Evaluando: Alpha=0.7, Epochs=200, Batch=100, Prob=0.5
 Fin evaluación: Alpha=0.5,  Epochs=200, Batch=100, Prob=0.7 *************************
 Evaluando: Alpha=0.7, Epochs=200, Batch=100, Prob=0.7
 Fin evaluación: Alpha=0.7,  Epochs=200, Batch=100, Prob=0.2 *************************
 Fin evaluación: Alpha=0.7,  Epochs=200, Batch=100, Prob=0.5 *************************
 Evaluando: Alpha=1.0, Epochs=200, Batch=100, Prob=0.2
 Evaluando: Alpha=1.0, Epochs=200, Batch=100, Prob=0.5
 Fin evaluación: Alpha=0.7,  Epochs=200, Batch=100, Prob=0.7 *************************
 Evaluando: Alpha=1.0, Epochs=200, Batch=100, Prob=0.7
 Fin evaluación: Alpha=1.0,  Epochs=200, Batch=100, Prob=0.2 *************************
 Fin evaluación: Alpha=1.0,  Epochs=200, Batch=100, Prob=0.5 *************************
 Fin evaluación: Alpha=1.0,  Epochs=200, Batch=100, Prob=0.7 *************************

--- Ejecutando evaluación final paralela (5 experimentos) ---
ACABÓ LA PRUEBA
ACABÓ LA PRUEBA
ACABÓ LA PRUEBA
ACABÓ LA PRUEBA
ACABÓ LA PRUEBA

============================================================
RESULTADOS FINALES PROMEDIADOS (CONJUNTO DE TEST) SOBRE EL FICHERO: eiras_dam
============================================================
Mejor Configuración: Alpha=0.1, Epoch=200, Batch=100, Prob=0.2
------------------------------------------------------------
ACCURACY POR CLASE:
  Clase 01: 99.35% ± 0.17%
  Clase 02: 83.00% ± 0.74%
  Clase 03: 95.93% ± 0.85%
  Clase 04: 95.24% ± 0.66%
  Clase 05: 70.30% ± 9.42%
  Clase 06: 80.10% ± 8.57%
  Clase 07: 95.81% ± 0.70%
  Clase 08: 98.90% ± 0.18%
  Clase 09: 74.71% ± 2.78%
  Clase 10: 69.64% ± 4.45%
------------------------------------------------------------
OA Final: 97.02% ± 0.08%
AA Final: 86.30% ± 1.30%
============================================================
Prueba iteracion 2 finalizada.
********************************************
Ejecutando prueba iteración: 3...
********************Ejecutando prueba sobre el dataset ermidas_creek ******************************
Cargando datos en memoria principal...
--- Iniciando Grid Search Paralelo (15 combinaciones) ---
 Evaluando: Alpha=0.1, Epochs=200, Batch=100, Prob=0.2
 Evaluando: Alpha=0.1, Epochs=200, Batch=100, Prob=0.5
 Evaluando: Alpha=0.1, Epochs=200, Batch=100, Prob=0.7
 Fin evaluación: Alpha=0.1,  Epochs=200, Batch=100, Prob=0.2 *************************
 Fin evaluación: Alpha=0.1,  Epochs=200, Batch=100, Prob=0.5 *************************
 Evaluando: Alpha=0.3, Epochs=200, Batch=100, Prob=0.2
 Fin evaluación: Alpha=0.1,  Epochs=200, Batch=100, Prob=0.7 *************************
 Evaluando: Alpha=0.3, Epochs=200, Batch=100, Prob=0.5
 Evaluando: Alpha=0.3, Epochs=200, Batch=100, Prob=0.7
 Fin evaluación: Alpha=0.3,  Epochs=200, Batch=100, Prob=0.2 *************************
 Fin evaluación: Alpha=0.3,  Epochs=200, Batch=100, Prob=0.5 *************************
 Evaluando: Alpha=0.5, Epochs=200, Batch=100, Prob=0.2
 Fin evaluación: Alpha=0.3,  Epochs=200, Batch=100, Prob=0.7 *************************
 Evaluando: Alpha=0.5, Epochs=200, Batch=100, Prob=0.5
 Evaluando: Alpha=0.5, Epochs=200, Batch=100, Prob=0.7
 Fin evaluación: Alpha=0.5,  Epochs=200, Batch=100, Prob=0.2 *************************
 Evaluando: Alpha=0.7, Epochs=200, Batch=100, Prob=0.2
 Fin evaluación: Alpha=0.5,  Epochs=200, Batch=100, Prob=0.5 *************************
 Evaluando: Alpha=0.7, Epochs=200, Batch=100, Prob=0.5
 Fin evaluación: Alpha=0.5,  Epochs=200, Batch=100, Prob=0.7 *************************
 Evaluando: Alpha=0.7, Epochs=200, Batch=100, Prob=0.7
 Fin evaluación: Alpha=0.7,  Epochs=200, Batch=100, Prob=0.2 *************************
 Evaluando: Alpha=1.0, Epochs=200, Batch=100, Prob=0.2
 Fin evaluación: Alpha=0.7,  Epochs=200, Batch=100, Prob=0.5 *************************
 Evaluando: Alpha=1.0, Epochs=200, Batch=100, Prob=0.5
 Fin evaluación: Alpha=0.7,  Epochs=200, Batch=100, Prob=0.7 *************************
 Evaluando: Alpha=1.0, Epochs=200, Batch=100, Prob=0.7
 Fin evaluación: Alpha=1.0,  Epochs=200, Batch=100, Prob=0.2 *************************
 Fin evaluación: Alpha=1.0,  Epochs=200, Batch=100, Prob=0.5 *************************
 Fin evaluación: Alpha=1.0,  Epochs=200, Batch=100, Prob=0.7 *************************

--- Ejecutando evaluación final paralela (5 experimentos) ---
ACABÓ LA PRUEBA
ACABÓ LA PRUEBA
ACABÓ LA PRUEBA
ACABÓ LA PRUEBA
ACABÓ LA PRUEBA

============================================================
RESULTADOS FINALES PROMEDIADOS (CONJUNTO DE TEST) SOBRE EL FICHERO: ermidas_creek
============================================================
Mejor Configuración: Alpha=0.1, Epoch=200, Batch=100, Prob=0.5
------------------------------------------------------------
ACCURACY POR CLASE:
  Clase 01: 93.49% ± 1.46%
  Clase 02: 89.53% ± 3.03%
  Clase 03: 90.37% ± 2.26%
  Clase 04: 98.89% ± 0.31%
  Clase 05: 92.39% ± 2.40%
  Clase 06: 96.81% ± 2.35%
  Clase 07: 99.44% ± 0.06%
  Clase 08: 97.69% ± 0.63%
  Clase 09: 96.48% ± 0.72%
  Clase 10: 98.17% ± 0.35%
------------------------------------------------------------
OA Final: 98.35% ± 0.17%
AA Final: 95.32% ± 0.63%
============================================================
Prueba iteracion 3 finalizada.
********************************************
Ejecutando prueba iteración: 4...
********************Ejecutando prueba sobre el dataset ferreiras_river ******************************
Cargando datos en memoria principal...
--- Iniciando Grid Search Paralelo (15 combinaciones) ---
 Evaluando: Alpha=0.1, Epochs=200, Batch=100, Prob=0.2
 Evaluando: Alpha=0.1, Epochs=200, Batch=100, Prob=0.5
 Evaluando: Alpha=0.1, Epochs=200, Batch=100, Prob=0.7
 Fin evaluación: Alpha=0.1,  Epochs=200, Batch=100, Prob=0.2 *************************
 Evaluando: Alpha=0.3, Epochs=200, Batch=100, Prob=0.2
 Fin evaluación: Alpha=0.1,  Epochs=200, Batch=100, Prob=0.5 *************************
 Evaluando: Alpha=0.3, Epochs=200, Batch=100, Prob=0.5
 Fin evaluación: Alpha=0.1,  Epochs=200, Batch=100, Prob=0.7 *************************
 Evaluando: Alpha=0.3, Epochs=200, Batch=100, Prob=0.7
 Fin evaluación: Alpha=0.3,  Epochs=200, Batch=100, Prob=0.2 *************************
 Evaluando: Alpha=0.5, Epochs=200, Batch=100, Prob=0.2
 Fin evaluación: Alpha=0.3,  Epochs=200, Batch=100, Prob=0.5 *************************
 Evaluando: Alpha=0.5, Epochs=200, Batch=100, Prob=0.5
 Fin evaluación: Alpha=0.3,  Epochs=200, Batch=100, Prob=0.7 *************************
 Evaluando: Alpha=0.5, Epochs=200, Batch=100, Prob=0.7
 Fin evaluación: Alpha=0.5,  Epochs=200, Batch=100, Prob=0.2 *************************
 Evaluando: Alpha=0.7, Epochs=200, Batch=100, Prob=0.2
 Fin evaluación: Alpha=0.5,  Epochs=200, Batch=100, Prob=0.5 *************************
 Evaluando: Alpha=0.7, Epochs=200, Batch=100, Prob=0.5
 Fin evaluación: Alpha=0.5,  Epochs=200, Batch=100, Prob=0.7 *************************
 Evaluando: Alpha=0.7, Epochs=200, Batch=100, Prob=0.7
 Fin evaluación: Alpha=0.7,  Epochs=200, Batch=100, Prob=0.2 *************************
 Evaluando: Alpha=1.0, Epochs=200, Batch=100, Prob=0.2
 Fin evaluación: Alpha=0.7,  Epochs=200, Batch=100, Prob=0.5 *************************
 Evaluando: Alpha=1.0, Epochs=200, Batch=100, Prob=0.5
 Fin evaluación: Alpha=0.7,  Epochs=200, Batch=100, Prob=0.7 *************************
 Evaluando: Alpha=1.0, Epochs=200, Batch=100, Prob=0.7
 Fin evaluación: Alpha=1.0,  Epochs=200, Batch=100, Prob=0.2 *************************
 Fin evaluación: Alpha=1.0,  Epochs=200, Batch=100, Prob=0.5 *************************
 Fin evaluación: Alpha=1.0,  Epochs=200, Batch=100, Prob=0.7 *************************

--- Ejecutando evaluación final paralela (5 experimentos) ---
ACABÓ LA PRUEBA
ACABÓ LA PRUEBA
ACABÓ LA PRUEBA
ACABÓ LA PRUEBA
ACABÓ LA PRUEBA

============================================================
RESULTADOS FINALES PROMEDIADOS (CONJUNTO DE TEST) SOBRE EL FICHERO: ferreiras_river
============================================================
Mejor Configuración: Alpha=0.5, Epoch=200, Batch=100, Prob=0.7
------------------------------------------------------------
ACCURACY POR CLASE:
  Clase 02: 94.47% ± 0.18%
  Clase 04: 95.14% ± 1.21%
  Clase 07: 79.43% ± 0.48%
  Clase 08: 85.94% ± 1.65%
  Clase 09: 10.89% ± 5.86%
  Clase 10: 93.56% ± 0.33%
------------------------------------------------------------
OA Final: 90.64% ± 0.16%
AA Final: 76.57% ± 1.15%
============================================================
Prueba iteracion 4 finalizada.
********************************************
Ejecutando prueba iteración: 5...
********************Ejecutando prueba sobre el dataset mera_river ******************************
Cargando datos en memoria principal...
--- Iniciando Grid Search Paralelo (15 combinaciones) ---
 Evaluando: Alpha=0.1, Epochs=200, Batch=100, Prob=0.2
 Evaluando: Alpha=0.1, Epochs=200, Batch=100, Prob=0.5
 Evaluando: Alpha=0.1, Epochs=200, Batch=100, Prob=0.7
 Fin evaluación: Alpha=0.1,  Epochs=200, Batch=100, Prob=0.2 *************************
 Evaluando: Alpha=0.3, Epochs=200, Batch=100, Prob=0.2
 Fin evaluación: Alpha=0.1,  Epochs=200, Batch=100, Prob=0.5 *************************
 Fin evaluación: Alpha=0.1,  Epochs=200, Batch=100, Prob=0.7 *************************
 Evaluando: Alpha=0.3, Epochs=200, Batch=100, Prob=0.5
 Evaluando: Alpha=0.3, Epochs=200, Batch=100, Prob=0.7
 Fin evaluación: Alpha=0.3,  Epochs=200, Batch=100, Prob=0.2 *************************
 Evaluando: Alpha=0.5, Epochs=200, Batch=100, Prob=0.2
 Fin evaluación: Alpha=0.3,  Epochs=200, Batch=100, Prob=0.5 *************************
 Evaluando: Alpha=0.5, Epochs=200, Batch=100, Prob=0.5
 Fin evaluación: Alpha=0.3,  Epochs=200, Batch=100, Prob=0.7 *************************
 Evaluando: Alpha=0.5, Epochs=200, Batch=100, Prob=0.7
 Fin evaluación: Alpha=0.5,  Epochs=200, Batch=100, Prob=0.2 *************************
 Evaluando: Alpha=0.7, Epochs=200, Batch=100, Prob=0.2
 Fin evaluación: Alpha=0.5,  Epochs=200, Batch=100, Prob=0.5 *************************
 Evaluando: Alpha=0.7, Epochs=200, Batch=100, Prob=0.5
 Fin evaluación: Alpha=0.5,  Epochs=200, Batch=100, Prob=0.7 *************************
 Evaluando: Alpha=0.7, Epochs=200, Batch=100, Prob=0.7
 Fin evaluación: Alpha=0.7,  Epochs=200, Batch=100, Prob=0.2 *************************
 Evaluando: Alpha=1.0, Epochs=200, Batch=100, Prob=0.2
 Fin evaluación: Alpha=0.7,  Epochs=200, Batch=100, Prob=0.5 *************************
 Evaluando: Alpha=1.0, Epochs=200, Batch=100, Prob=0.5
 Fin evaluación: Alpha=0.7,  Epochs=200, Batch=100, Prob=0.7 *************************
 Evaluando: Alpha=1.0, Epochs=200, Batch=100, Prob=0.7
 Fin evaluación: Alpha=1.0,  Epochs=200, Batch=100, Prob=0.2 *************************
 Fin evaluación: Alpha=1.0,  Epochs=200, Batch=100, Prob=0.5 *************************
 Fin evaluación: Alpha=1.0,  Epochs=200, Batch=100, Prob=0.7 *************************

--- Ejecutando evaluación final paralela (5 experimentos) ---
ACABÓ LA PRUEBA
ACABÓ LA PRUEBA
ACABÓ LA PRUEBA
ACABÓ LA PRUEBA
ACABÓ LA PRUEBA

============================================================
RESULTADOS FINALES PROMEDIADOS (CONJUNTO DE TEST) SOBRE EL FICHERO: mera_river
============================================================
Mejor Configuración: Alpha=0.7, Epoch=200, Batch=100, Prob=0.7
------------------------------------------------------------
ACCURACY POR CLASE:
  Clase 02: 86.54% ± 0.53%
  Clase 04: 84.28% ± 3.63%
  Clase 05: 35.08% ± 35.43%
  Clase 06: 20.24% ± 9.09%
  Clase 07: 87.44% ± 0.41%
  Clase 08: 95.98% ± 0.47%
  Clase 10: 93.19% ± 0.23%
------------------------------------------------------------
OA Final: 90.07% ± 0.23%
AA Final: 71.82% ± 4.00%
============================================================
Prueba iteracion 5 finalizada.
********************************************
Ejecutando prueba iteración: 6...
********************Ejecutando prueba sobre el dataset ulla ******************************
Cargando datos en memoria principal...
--- Iniciando Grid Search Paralelo (15 combinaciones) ---
 Evaluando: Alpha=0.1, Epochs=200, Batch=100, Prob=0.2
 Evaluando: Alpha=0.1, Epochs=200, Batch=100, Prob=0.5
 Evaluando: Alpha=0.1, Epochs=200, Batch=100, Prob=0.7
 Fin evaluación: Alpha=0.1,  Epochs=200, Batch=100, Prob=0.2 *************************
 Fin evaluación: Alpha=0.1,  Epochs=200, Batch=100, Prob=0.5 *************************
 Evaluando: Alpha=0.3, Epochs=200, Batch=100, Prob=0.2
 Fin evaluación: Alpha=0.1,  Epochs=200, Batch=100, Prob=0.7 *************************
 Evaluando: Alpha=0.3, Epochs=200, Batch=100, Prob=0.5
 Evaluando: Alpha=0.3, Epochs=200, Batch=100, Prob=0.7
 Fin evaluación: Alpha=0.3,  Epochs=200, Batch=100, Prob=0.2 *************************
 Evaluando: Alpha=0.5, Epochs=200, Batch=100, Prob=0.2
 Fin evaluación: Alpha=0.3,  Epochs=200, Batch=100, Prob=0.5 *************************
 Fin evaluación: Alpha=0.3,  Epochs=200, Batch=100, Prob=0.7 *************************
 Evaluando: Alpha=0.5, Epochs=200, Batch=100, Prob=0.5
 Evaluando: Alpha=0.5, Epochs=200, Batch=100, Prob=0.7
 Fin evaluación: Alpha=0.5,  Epochs=200, Batch=100, Prob=0.2 *************************
 Evaluando: Alpha=0.7, Epochs=200, Batch=100, Prob=0.2
 Fin evaluación: Alpha=0.5,  Epochs=200, Batch=100, Prob=0.5 *************************
 Fin evaluación: Alpha=0.5,  Epochs=200, Batch=100, Prob=0.7 *************************
 Evaluando: Alpha=0.7, Epochs=200, Batch=100, Prob=0.5
 Evaluando: Alpha=0.7, Epochs=200, Batch=100, Prob=0.7
 Fin evaluación: Alpha=0.7,  Epochs=200, Batch=100, Prob=0.2 *************************
 Evaluando: Alpha=1.0, Epochs=200, Batch=100, Prob=0.2
 Fin evaluación: Alpha=0.7,  Epochs=200, Batch=100, Prob=0.5 *************************
 Fin evaluación: Alpha=0.7,  Epochs=200, Batch=100, Prob=0.7 *************************
 Evaluando: Alpha=1.0, Epochs=200, Batch=100, Prob=0.5
 Evaluando: Alpha=1.0, Epochs=200, Batch=100, Prob=0.7
 Fin evaluación: Alpha=1.0,  Epochs=200, Batch=100, Prob=0.2 *************************
 Fin evaluación: Alpha=1.0,  Epochs=200, Batch=100, Prob=0.5 *************************
 Fin evaluación: Alpha=1.0,  Epochs=200, Batch=100, Prob=0.7 *************************

--- Ejecutando evaluación final paralela (5 experimentos) ---
ACABÓ LA PRUEBA
ACABÓ LA PRUEBA
ACABÓ LA PRUEBA
ACABÓ LA PRUEBA
ACABÓ LA PRUEBA

============================================================
RESULTADOS FINALES PROMEDIADOS (CONJUNTO DE TEST) SOBRE EL FICHERO: ulla
============================================================
Mejor Configuración: Alpha=0.1, Epoch=200, Batch=100, Prob=0.2
------------------------------------------------------------
ACCURACY POR CLASE:
  Clase 02: 99.74% ± 0.36%
  Clase 04: 100.00% ± 0.00%
  Clase 07: 98.78% ± 1.29%
  Clase 08: 99.27% ± 0.88%
  Clase 09: 93.45% ± 3.26%
------------------------------------------------------------
OA Final: 98.95% ± 0.60%
AA Final: 98.25% ± 0.60%
============================================================
Prueba iteracion 6 finalizada.
********************************************
Ejecutando prueba iteración: 7...
********************Ejecutando prueba sobre el dataset xesta ******************************
Cargando datos en memoria principal...
--- Iniciando Grid Search Paralelo (15 combinaciones) ---
 Evaluando: Alpha=0.1, Epochs=200, Batch=100, Prob=0.2
 Evaluando: Alpha=0.1, Epochs=200, Batch=100, Prob=0.5
 Evaluando: Alpha=0.1, Epochs=200, Batch=100, Prob=0.7
 Fin evaluación: Alpha=0.1,  Epochs=200, Batch=100, Prob=0.2 *************************
 Evaluando: Alpha=0.3, Epochs=200, Batch=100, Prob=0.2
 Fin evaluación: Alpha=0.1,  Epochs=200, Batch=100, Prob=0.5 *************************
 Evaluando: Alpha=0.3, Epochs=200, Batch=100, Prob=0.5
 Fin evaluación: Alpha=0.1,  Epochs=200, Batch=100, Prob=0.7 *************************
 Evaluando: Alpha=0.3, Epochs=200, Batch=100, Prob=0.7
 Fin evaluación: Alpha=0.3,  Epochs=200, Batch=100, Prob=0.2 *************************
 Evaluando: Alpha=0.5, Epochs=200, Batch=100, Prob=0.2
 Fin evaluación: Alpha=0.3,  Epochs=200, Batch=100, Prob=0.5 *************************
 Evaluando: Alpha=0.5, Epochs=200, Batch=100, Prob=0.5
 Fin evaluación: Alpha=0.3,  Epochs=200, Batch=100, Prob=0.7 *************************
 Evaluando: Alpha=0.5, Epochs=200, Batch=100, Prob=0.7
 Fin evaluación: Alpha=0.5,  Epochs=200, Batch=100, Prob=0.2 *************************
 Evaluando: Alpha=0.7, Epochs=200, Batch=100, Prob=0.2
 Fin evaluación: Alpha=0.5,  Epochs=200, Batch=100, Prob=0.5 *************************
 Evaluando: Alpha=0.7, Epochs=200, Batch=100, Prob=0.5
 Fin evaluación: Alpha=0.5,  Epochs=200, Batch=100, Prob=0.7 *************************
 Evaluando: Alpha=0.7, Epochs=200, Batch=100, Prob=0.7
 Fin evaluación: Alpha=0.7,  Epochs=200, Batch=100, Prob=0.2 *************************
 Evaluando: Alpha=1.0, Epochs=200, Batch=100, Prob=0.2
 Fin evaluación: Alpha=0.7,  Epochs=200, Batch=100, Prob=0.5 *************************
 Evaluando: Alpha=1.0, Epochs=200, Batch=100, Prob=0.5
 Fin evaluación: Alpha=1.0,  Epochs=200, Batch=100, Prob=0.2 *************************
 Evaluando: Alpha=1.0, Epochs=200, Batch=100, Prob=0.7
 Fin evaluación: Alpha=0.7,  Epochs=200, Batch=100, Prob=0.7 *************************
 Fin evaluación: Alpha=1.0,  Epochs=200, Batch=100, Prob=0.5 *************************
 Fin evaluación: Alpha=1.0,  Epochs=200, Batch=100, Prob=0.7 *************************

--- Ejecutando evaluación final paralela (5 experimentos) ---
ACABÓ LA PRUEBA
ACABÓ LA PRUEBA
ACABÓ LA PRUEBA
ACABÓ LA PRUEBA
ACABÓ LA PRUEBA

============================================================
RESULTADOS FINALES PROMEDIADOS (CONJUNTO DE TEST) SOBRE EL FICHERO: xesta
============================================================
Mejor Configuración: Alpha=1.0, Epoch=200, Batch=100, Prob=0.5
------------------------------------------------------------
ACCURACY POR CLASE:
  Clase 01: 84.12% ± 1.65%
  Clase 02: 57.80% ± 3.76%
  Clase 03: 90.66% ± 0.92%
  Clase 04: 89.98% ± 2.37%
  Clase 07: 98.99% ± 0.14%
  Clase 08: 97.58% ± 0.17%
------------------------------------------------------------
OA Final: 98.26% ± 0.08%
AA Final: 86.52% ± 0.78%
============================================================
Prueba iteracion 7 finalizada.
********************************************
********** Se han finalizado todas las pruebas: 21:22:12 **********
