********** Iniciando experimentos MIXUP: 23:31:24 **********
Ejecutando: prueba inicial MIXUP (sobre Oitaven)
********************Ejecutando prueba sobre el dataset oitaven ******************************
Cargando datos en memoria principal...
--- Iniciando Grid Search Paralelo (15 combinaciones) ---
 Evaluando: Alpha=0.1, Epochs=200, Batch=100, Prob=0.2
 Evaluando: Alpha=0.1, Epochs=200, Batch=100, Prob=0.5
 Evaluando: Alpha=0.1, Epochs=200, Batch=100, Prob=0.7
 Fin evaluación: Alpha=0.1,  Epochs=200, Batch=100, Prob=0.2 *************************
 Evaluando: Alpha=0.3, Epochs=200, Batch=100, Prob=0.2
 Fin evaluación: Alpha=0.1,  Epochs=200, Batch=100, Prob=0.5 *************************
 Fin evaluación: Alpha=0.1,  Epochs=200, Batch=100, Prob=0.7 *************************
 Evaluando: Alpha=0.3, Epochs=200, Batch=100, Prob=0.5
 Evaluando: Alpha=0.3, Epochs=200, Batch=100, Prob=0.7
 Fin evaluación: Alpha=0.3,  Epochs=200, Batch=100, Prob=0.2 *************************
 Evaluando: Alpha=0.5, Epochs=200, Batch=100, Prob=0.2
 Fin evaluación: Alpha=0.3,  Epochs=200, Batch=100, Prob=0.5 *************************
 Fin evaluación: Alpha=0.3,  Epochs=200, Batch=100, Prob=0.7 *************************
 Evaluando: Alpha=0.5, Epochs=200, Batch=100, Prob=0.5
 Evaluando: Alpha=0.5, Epochs=200, Batch=100, Prob=0.7
 Fin evaluación: Alpha=0.5,  Epochs=200, Batch=100, Prob=0.2 *************************
 Evaluando: Alpha=0.7, Epochs=200, Batch=100, Prob=0.2
 Fin evaluación: Alpha=0.5,  Epochs=200, Batch=100, Prob=0.5 *************************
 Fin evaluación: Alpha=0.5,  Epochs=200, Batch=100, Prob=0.7 *************************
 Evaluando: Alpha=0.7, Epochs=200, Batch=100, Prob=0.5
 Evaluando: Alpha=0.7, Epochs=200, Batch=100, Prob=0.7
 Fin evaluación: Alpha=0.7,  Epochs=200, Batch=100, Prob=0.2 *************************
 Evaluando: Alpha=1.0, Epochs=200, Batch=100, Prob=0.2
 Fin evaluación: Alpha=0.7,  Epochs=200, Batch=100, Prob=0.5 *************************
 Fin evaluación: Alpha=0.7,  Epochs=200, Batch=100, Prob=0.7 *************************
 Evaluando: Alpha=1.0, Epochs=200, Batch=100, Prob=0.5
 Evaluando: Alpha=1.0, Epochs=200, Batch=100, Prob=0.7
 Fin evaluación: Alpha=1.0,  Epochs=200, Batch=100, Prob=0.2 *************************
 Fin evaluación: Alpha=1.0,  Epochs=200, Batch=100, Prob=0.5 *************************
 Fin evaluación: Alpha=1.0,  Epochs=200, Batch=100, Prob=0.7 *************************

--- Ejecutando evaluación final paralela (5 experimentos) ---
ACABÓ LA PRUEBA
ACABÓ LA PRUEBA
ACABÓ LA PRUEBA
ACABÓ LA PRUEBA
ACABÓ LA PRUEBA

============================================================
RESULTADOS FINALES PROMEDIADOS (CONJUNTO DE TEST) SOBRE EL FICHERO: oitaven
============================================================
Mejor Configuración: Alpha=0.1, Epoch=200, Batch=100, Prob=0.7
------------------------------------------------------------
ACCURACY POR CLASE:
  Clase 01: 97.62% ± 0.75%
  Clase 02: 81.63% ± 1.68%
  Clase 03: 80.53% ± 2.25%
  Clase 04: 87.60% ± 1.22%
  Clase 05: 88.66% ± 2.13%
  Clase 06: 91.24% ± 2.89%
  Clase 07: 96.97% ± 0.36%
  Clase 08: 96.08% ± 0.34%
  Clase 09: 98.51% ± 0.50%
  Clase 10: 92.53% ± 1.42%
------------------------------------------------------------
OA Final: 95.45% ± 0.26%
AA Final: 91.14% ± 0.53%
============================================================
------------------------------------------
Ejecutando prueba iteración: 1...
********************Ejecutando prueba sobre el dataset das_mestas ******************************
Cargando datos en memoria principal...
--- Iniciando Grid Search Paralelo (15 combinaciones) ---
 Evaluando: Alpha=0.1, Epochs=200, Batch=100, Prob=0.2
 Evaluando: Alpha=0.1, Epochs=200, Batch=100, Prob=0.5
 Evaluando: Alpha=0.1, Epochs=200, Batch=100, Prob=0.7
 Fin evaluación: Alpha=0.1,  Epochs=200, Batch=100, Prob=0.2 *************************
 Evaluando: Alpha=0.3, Epochs=200, Batch=100, Prob=0.2
 Fin evaluación: Alpha=0.1,  Epochs=200, Batch=100, Prob=0.5 *************************
 Fin evaluación: Alpha=0.1,  Epochs=200, Batch=100, Prob=0.7 *************************
 Evaluando: Alpha=0.3, Epochs=200, Batch=100, Prob=0.5
 Evaluando: Alpha=0.3, Epochs=200, Batch=100, Prob=0.7
 Fin evaluación: Alpha=0.3,  Epochs=200, Batch=100, Prob=0.2 *************************
 Evaluando: Alpha=0.5, Epochs=200, Batch=100, Prob=0.2
 Fin evaluación: Alpha=0.3,  Epochs=200, Batch=100, Prob=0.5 *************************
 Fin evaluación: Alpha=0.3,  Epochs=200, Batch=100, Prob=0.7 *************************
 Evaluando: Alpha=0.5, Epochs=200, Batch=100, Prob=0.5
 Evaluando: Alpha=0.5, Epochs=200, Batch=100, Prob=0.7
 Fin evaluación: Alpha=0.5,  Epochs=200, Batch=100, Prob=0.2 *************************
 Evaluando: Alpha=0.7, Epochs=200, Batch=100, Prob=0.2
 Fin evaluación: Alpha=0.5,  Epochs=200, Batch=100, Prob=0.5 *************************
 Fin evaluación: Alpha=0.5,  Epochs=200, Batch=100, Prob=0.7 *************************
 Evaluando: Alpha=0.7, Epochs=200, Batch=100, Prob=0.5
 Evaluando: Alpha=0.7, Epochs=200, Batch=100, Prob=0.7
 Fin evaluación: Alpha=0.7,  Epochs=200, Batch=100, Prob=0.2 *************************
 Evaluando: Alpha=1.0, Epochs=200, Batch=100, Prob=0.2
 Fin evaluación: Alpha=0.7,  Epochs=200, Batch=100, Prob=0.5 *************************
 Fin evaluación: Alpha=0.7,  Epochs=200, Batch=100, Prob=0.7 *************************
 Evaluando: Alpha=1.0, Epochs=200, Batch=100, Prob=0.5
 Evaluando: Alpha=1.0, Epochs=200, Batch=100, Prob=0.7
 Fin evaluación: Alpha=1.0,  Epochs=200, Batch=100, Prob=0.2 *************************
 Fin evaluación: Alpha=1.0,  Epochs=200, Batch=100, Prob=0.5 *************************
 Fin evaluación: Alpha=1.0,  Epochs=200, Batch=100, Prob=0.7 *************************

--- Ejecutando evaluación final paralela (5 experimentos) ---
ACABÓ LA PRUEBA
ACABÓ LA PRUEBA
ACABÓ LA PRUEBA
ACABÓ LA PRUEBA
ACABÓ LA PRUEBA

============================================================
RESULTADOS FINALES PROMEDIADOS (CONJUNTO DE TEST) SOBRE EL FICHERO: das_mestas
============================================================
Mejor Configuración: Alpha=0.5, Epoch=200, Batch=100, Prob=0.5
------------------------------------------------------------
ACCURACY POR CLASE:
  Clase 02: 69.47% ± 0.36%
  Clase 07: 91.06% ± 0.20%
  Clase 08: 95.21% ± 0.85%
  Clase 10: 94.77% ± 0.32%
------------------------------------------------------------
OA Final: 90.64% ± 0.13%
AA Final: 87.63% ± 0.22%
============================================================
Prueba iteracion 1 finalizada.
********************************************
Ejecutando prueba iteración: 2...
********************Ejecutando prueba sobre el dataset eiras_dam ******************************
Cargando datos en memoria principal...
--- Iniciando Grid Search Paralelo (15 combinaciones) ---
 Evaluando: Alpha=0.1, Epochs=200, Batch=100, Prob=0.2
 Evaluando: Alpha=0.1, Epochs=200, Batch=100, Prob=0.5
 Evaluando: Alpha=0.1, Epochs=200, Batch=100, Prob=0.7
 Fin evaluación: Alpha=0.1,  Epochs=200, Batch=100, Prob=0.2 *************************
 Evaluando: Alpha=0.3, Epochs=200, Batch=100, Prob=0.2
 Fin evaluación: Alpha=0.1,  Epochs=200, Batch=100, Prob=0.5 *************************
 Fin evaluación: Alpha=0.1,  Epochs=200, Batch=100, Prob=0.7 *************************
 Evaluando: Alpha=0.3, Epochs=200, Batch=100, Prob=0.5
 Evaluando: Alpha=0.3, Epochs=200, Batch=100, Prob=0.7
 Fin evaluación: Alpha=0.3,  Epochs=200, Batch=100, Prob=0.2 *************************
 Evaluando: Alpha=0.5, Epochs=200, Batch=100, Prob=0.2
 Fin evaluación: Alpha=0.3,  Epochs=200, Batch=100, Prob=0.5 *************************
 Fin evaluación: Alpha=0.3,  Epochs=200, Batch=100, Prob=0.7 *************************
 Evaluando: Alpha=0.5, Epochs=200, Batch=100, Prob=0.5
 Evaluando: Alpha=0.5, Epochs=200, Batch=100, Prob=0.7
 Fin evaluación: Alpha=0.5,  Epochs=200, Batch=100, Prob=0.2 *************************
 Evaluando: Alpha=0.7, Epochs=200, Batch=100, Prob=0.2
 Fin evaluación: Alpha=0.5,  Epochs=200, Batch=100, Prob=0.5 *************************
 Fin evaluación: Alpha=0.5,  Epochs=200, Batch=100, Prob=0.7 *************************
 Evaluando: Alpha=0.7, Epochs=200, Batch=100, Prob=0.5
 Evaluando: Alpha=0.7, Epochs=200, Batch=100, Prob=0.7
 Fin evaluación: Alpha=0.7,  Epochs=200, Batch=100, Prob=0.2 *************************
 Evaluando: Alpha=1.0, Epochs=200, Batch=100, Prob=0.2
 Fin evaluación: Alpha=0.7,  Epochs=200, Batch=100, Prob=0.5 *************************
 Fin evaluación: Alpha=0.7,  Epochs=200, Batch=100, Prob=0.7 *************************
 Evaluando: Alpha=1.0, Epochs=200, Batch=100, Prob=0.5
 Evaluando: Alpha=1.0, Epochs=200, Batch=100, Prob=0.7
 Fin evaluación: Alpha=1.0,  Epochs=200, Batch=100, Prob=0.2 *************************
 Fin evaluación: Alpha=1.0,  Epochs=200, Batch=100, Prob=0.5 *************************
 Fin evaluación: Alpha=1.0,  Epochs=200, Batch=100, Prob=0.7 *************************

--- Ejecutando evaluación final paralela (5 experimentos) ---
ACABÓ LA PRUEBA
ACABÓ LA PRUEBA
ACABÓ LA PRUEBA
ACABÓ LA PRUEBA
ACABÓ LA PRUEBA

============================================================
RESULTADOS FINALES PROMEDIADOS (CONJUNTO DE TEST) SOBRE EL FICHERO: eiras_dam
============================================================
Mejor Configuración: Alpha=0.1, Epoch=200, Batch=100, Prob=0.7
------------------------------------------------------------
ACCURACY POR CLASE:
  Clase 01: 99.65% ± 0.05%
  Clase 02: 83.36% ± 4.68%
  Clase 03: 95.64% ± 1.13%
  Clase 04: 95.33% ± 2.00%
  Clase 05: 72.94% ± 4.81%
  Clase 06: 87.76% ± 10.68%
  Clase 07: 96.37% ± 0.70%
  Clase 08: 98.48% ± 0.18%
  Clase 09: 77.56% ± 1.64%
  Clase 10: 60.97% ± 6.71%
------------------------------------------------------------
OA Final: 97.03% ± 0.08%
AA Final: 86.81% ± 1.45%
============================================================
Prueba iteracion 2 finalizada.
********************************************
Ejecutando prueba iteración: 3...
********************Ejecutando prueba sobre el dataset ermidas_creek ******************************
Cargando datos en memoria principal...
--- Iniciando Grid Search Paralelo (15 combinaciones) ---
 Evaluando: Alpha=0.1, Epochs=200, Batch=100, Prob=0.2
 Evaluando: Alpha=0.1, Epochs=200, Batch=100, Prob=0.5
 Evaluando: Alpha=0.1, Epochs=200, Batch=100, Prob=0.7
 Fin evaluación: Alpha=0.1,  Epochs=200, Batch=100, Prob=0.2 *************************
 Fin evaluación: Alpha=0.1,  Epochs=200, Batch=100, Prob=0.5 *************************
 Evaluando: Alpha=0.3, Epochs=200, Batch=100, Prob=0.2
 Fin evaluación: Alpha=0.1,  Epochs=200, Batch=100, Prob=0.7 *************************
 Evaluando: Alpha=0.3, Epochs=200, Batch=100, Prob=0.5
 Evaluando: Alpha=0.3, Epochs=200, Batch=100, Prob=0.7
 Fin evaluación: Alpha=0.3,  Epochs=200, Batch=100, Prob=0.2 *************************
 Evaluando: Alpha=0.5, Epochs=200, Batch=100, Prob=0.2
 Fin evaluación: Alpha=0.3,  Epochs=200, Batch=100, Prob=0.5 *************************
 Fin evaluación: Alpha=0.3,  Epochs=200, Batch=100, Prob=0.7 *************************
 Evaluando: Alpha=0.5, Epochs=200, Batch=100, Prob=0.5
 Evaluando: Alpha=0.5, Epochs=200, Batch=100, Prob=0.7
 Fin evaluación: Alpha=0.5,  Epochs=200, Batch=100, Prob=0.2 *************************
 Evaluando: Alpha=0.7, Epochs=200, Batch=100, Prob=0.2
 Fin evaluación: Alpha=0.5,  Epochs=200, Batch=100, Prob=0.5 *************************
 Fin evaluación: Alpha=0.5,  Epochs=200, Batch=100, Prob=0.7 *************************
 Evaluando: Alpha=0.7, Epochs=200, Batch=100, Prob=0.5
 Evaluando: Alpha=0.7, Epochs=200, Batch=100, Prob=0.7
 Fin evaluación: Alpha=0.7,  Epochs=200, Batch=100, Prob=0.2 *************************
 Evaluando: Alpha=1.0, Epochs=200, Batch=100, Prob=0.2
 Fin evaluación: Alpha=0.7,  Epochs=200, Batch=100, Prob=0.5 *************************
 Fin evaluación: Alpha=0.7,  Epochs=200, Batch=100, Prob=0.7 *************************
 Evaluando: Alpha=1.0, Epochs=200, Batch=100, Prob=0.5
 Evaluando: Alpha=1.0, Epochs=200, Batch=100, Prob=0.7
 Fin evaluación: Alpha=1.0,  Epochs=200, Batch=100, Prob=0.2 *************************
 Fin evaluación: Alpha=1.0,  Epochs=200, Batch=100, Prob=0.5 *************************
 Fin evaluación: Alpha=1.0,  Epochs=200, Batch=100, Prob=0.7 *************************

--- Ejecutando evaluación final paralela (5 experimentos) ---
ACABÓ LA PRUEBA
ACABÓ LA PRUEBA
ACABÓ LA PRUEBA
ACABÓ LA PRUEBA
ACABÓ LA PRUEBA

============================================================
RESULTADOS FINALES PROMEDIADOS (CONJUNTO DE TEST) SOBRE EL FICHERO: ermidas_creek
============================================================
Mejor Configuración: Alpha=0.1, Epoch=200, Batch=100, Prob=0.2
------------------------------------------------------------
ACCURACY POR CLASE:
  Clase 01: 93.77% ± 1.99%
  Clase 02: 92.47% ± 1.27%
  Clase 03: 91.43% ± 2.32%
  Clase 04: 98.18% ± 0.34%
  Clase 05: 96.32% ± 2.27%
  Clase 06: 97.33% ± 0.59%
  Clase 07: 99.21% ± 0.17%
  Clase 08: 97.54% ± 0.91%
  Clase 09: 97.49% ± 0.64%
  Clase 10: 98.34% ± 0.32%
------------------------------------------------------------
OA Final: 98.29% ± 0.04%
AA Final: 96.21% ± 0.52%
============================================================
Prueba iteracion 3 finalizada.
********************************************
Ejecutando prueba iteración: 4...
********************Ejecutando prueba sobre el dataset ferreiras_river ******************************
Cargando datos en memoria principal...
--- Iniciando Grid Search Paralelo (15 combinaciones) ---
 Evaluando: Alpha=0.1, Epochs=200, Batch=100, Prob=0.2
 Evaluando: Alpha=0.1, Epochs=200, Batch=100, Prob=0.5
 Evaluando: Alpha=0.1, Epochs=200, Batch=100, Prob=0.7
 Fin evaluación: Alpha=0.1,  Epochs=200, Batch=100, Prob=0.2 *************************
 Evaluando: Alpha=0.3, Epochs=200, Batch=100, Prob=0.2
 Fin evaluación: Alpha=0.1,  Epochs=200, Batch=100, Prob=0.5 *************************
 Fin evaluación: Alpha=0.1,  Epochs=200, Batch=100, Prob=0.7 *************************
 Evaluando: Alpha=0.3, Epochs=200, Batch=100, Prob=0.5
 Evaluando: Alpha=0.3, Epochs=200, Batch=100, Prob=0.7
 Fin evaluación: Alpha=0.3,  Epochs=200, Batch=100, Prob=0.2 *************************
 Evaluando: Alpha=0.5, Epochs=200, Batch=100, Prob=0.2
 Fin evaluación: Alpha=0.3,  Epochs=200, Batch=100, Prob=0.5 *************************
 Fin evaluación: Alpha=0.3,  Epochs=200, Batch=100, Prob=0.7 *************************
 Evaluando: Alpha=0.5, Epochs=200, Batch=100, Prob=0.5
 Evaluando: Alpha=0.5, Epochs=200, Batch=100, Prob=0.7
 Fin evaluación: Alpha=0.5,  Epochs=200, Batch=100, Prob=0.2 *************************
 Evaluando: Alpha=0.7, Epochs=200, Batch=100, Prob=0.2
 Fin evaluación: Alpha=0.5,  Epochs=200, Batch=100, Prob=0.5 *************************
 Fin evaluación: Alpha=0.5,  Epochs=200, Batch=100, Prob=0.7 *************************
 Evaluando: Alpha=0.7, Epochs=200, Batch=100, Prob=0.5
 Evaluando: Alpha=0.7, Epochs=200, Batch=100, Prob=0.7
 Fin evaluación: Alpha=0.7,  Epochs=200, Batch=100, Prob=0.2 *************************
 Evaluando: Alpha=1.0, Epochs=200, Batch=100, Prob=0.2
 Fin evaluación: Alpha=0.7,  Epochs=200, Batch=100, Prob=0.5 *************************
 Fin evaluación: Alpha=0.7,  Epochs=200, Batch=100, Prob=0.7 *************************
 Evaluando: Alpha=1.0, Epochs=200, Batch=100, Prob=0.5
 Evaluando: Alpha=1.0, Epochs=200, Batch=100, Prob=0.7
 Fin evaluación: Alpha=1.0,  Epochs=200, Batch=100, Prob=0.2 *************************
 Fin evaluación: Alpha=1.0,  Epochs=200, Batch=100, Prob=0.5 *************************
 Fin evaluación: Alpha=1.0,  Epochs=200, Batch=100, Prob=0.7 *************************

--- Ejecutando evaluación final paralela (5 experimentos) ---
ACABÓ LA PRUEBA
ACABÓ LA PRUEBA
ACABÓ LA PRUEBA
ACABÓ LA PRUEBA
ACABÓ LA PRUEBA

============================================================
RESULTADOS FINALES PROMEDIADOS (CONJUNTO DE TEST) SOBRE EL FICHERO: ferreiras_river
============================================================
Mejor Configuración: Alpha=0.1, Epoch=200, Batch=100, Prob=0.5
------------------------------------------------------------
ACCURACY POR CLASE:
  Clase 02: 94.26% ± 0.21%
  Clase 04: 96.82% ± 1.41%
  Clase 07: 79.78% ± 0.54%
  Clase 08: 90.98% ± 1.00%
  Clase 09: 11.75% ± 6.09%
  Clase 10: 93.77% ± 0.32%
------------------------------------------------------------
OA Final: 90.87% ± 0.23%
AA Final: 77.89% ± 1.01%
============================================================
Prueba iteracion 4 finalizada.
********************************************
Ejecutando prueba iteración: 5...
********************Ejecutando prueba sobre el dataset mera_river ******************************
Cargando datos en memoria principal...
--- Iniciando Grid Search Paralelo (15 combinaciones) ---
 Evaluando: Alpha=0.1, Epochs=200, Batch=100, Prob=0.2
 Evaluando: Alpha=0.1, Epochs=200, Batch=100, Prob=0.5
 Evaluando: Alpha=0.1, Epochs=200, Batch=100, Prob=0.7
 Fin evaluación: Alpha=0.1,  Epochs=200, Batch=100, Prob=0.2 *************************
 Evaluando: Alpha=0.3, Epochs=200, Batch=100, Prob=0.2
 Fin evaluación: Alpha=0.1,  Epochs=200, Batch=100, Prob=0.5 *************************
 Fin evaluación: Alpha=0.1,  Epochs=200, Batch=100, Prob=0.7 *************************
 Evaluando: Alpha=0.3, Epochs=200, Batch=100, Prob=0.5
 Evaluando: Alpha=0.3, Epochs=200, Batch=100, Prob=0.7
 Fin evaluación: Alpha=0.3,  Epochs=200, Batch=100, Prob=0.2 *************************
 Evaluando: Alpha=0.5, Epochs=200, Batch=100, Prob=0.2
 Fin evaluación: Alpha=0.3,  Epochs=200, Batch=100, Prob=0.5 *************************
 Fin evaluación: Alpha=0.3,  Epochs=200, Batch=100, Prob=0.7 *************************
 Evaluando: Alpha=0.5, Epochs=200, Batch=100, Prob=0.5
 Evaluando: Alpha=0.5, Epochs=200, Batch=100, Prob=0.7
 Fin evaluación: Alpha=0.5,  Epochs=200, Batch=100, Prob=0.2 *************************
 Evaluando: Alpha=0.7, Epochs=200, Batch=100, Prob=0.2
 Fin evaluación: Alpha=0.5,  Epochs=200, Batch=100, Prob=0.5 *************************
 Fin evaluación: Alpha=0.5,  Epochs=200, Batch=100, Prob=0.7 *************************
 Evaluando: Alpha=0.7, Epochs=200, Batch=100, Prob=0.5
 Evaluando: Alpha=0.7, Epochs=200, Batch=100, Prob=0.7
 Fin evaluación: Alpha=0.7,  Epochs=200, Batch=100, Prob=0.2 *************************
 Evaluando: Alpha=1.0, Epochs=200, Batch=100, Prob=0.2
 Fin evaluación: Alpha=0.7,  Epochs=200, Batch=100, Prob=0.5 *************************
 Fin evaluación: Alpha=0.7,  Epochs=200, Batch=100, Prob=0.7 *************************
 Evaluando: Alpha=1.0, Epochs=200, Batch=100, Prob=0.5
 Evaluando: Alpha=1.0, Epochs=200, Batch=100, Prob=0.7
 Fin evaluación: Alpha=1.0,  Epochs=200, Batch=100, Prob=0.2 *************************
 Fin evaluación: Alpha=1.0,  Epochs=200, Batch=100, Prob=0.5 *************************
 Fin evaluación: Alpha=1.0,  Epochs=200, Batch=100, Prob=0.7 *************************

--- Ejecutando evaluación final paralela (5 experimentos) ---
ACABÓ LA PRUEBA
ACABÓ LA PRUEBA
ACABÓ LA PRUEBA
ACABÓ LA PRUEBA
ACABÓ LA PRUEBA

============================================================
RESULTADOS FINALES PROMEDIADOS (CONJUNTO DE TEST) SOBRE EL FICHERO: mera_river
============================================================
Mejor Configuración: Alpha=0.1, Epoch=200, Batch=100, Prob=0.7
------------------------------------------------------------
ACCURACY POR CLASE:
  Clase 02: 86.21% ± 0.56%
  Clase 04: 84.71% ± 3.15%
  Clase 05: 22.84% ± 12.38%
  Clase 06: 15.73% ± 13.53%
  Clase 07: 88.00% ± 0.18%
  Clase 08: 97.01% ± 0.34%
  Clase 10: 93.27% ± 0.24%
------------------------------------------------------------
OA Final: 90.33% ± 0.09%
AA Final: 69.68% ± 3.02%
============================================================
Prueba iteracion 5 finalizada.
********************************************
Ejecutando prueba iteración: 6...
********************Ejecutando prueba sobre el dataset ulla ******************************
Cargando datos en memoria principal...
--- Iniciando Grid Search Paralelo (15 combinaciones) ---
 Evaluando: Alpha=0.1, Epochs=200, Batch=100, Prob=0.2
 Evaluando: Alpha=0.1, Epochs=200, Batch=100, Prob=0.5
 Evaluando: Alpha=0.1, Epochs=200, Batch=100, Prob=0.7
 Fin evaluación: Alpha=0.1,  Epochs=200, Batch=100, Prob=0.2 *************************
 Fin evaluación: Alpha=0.1,  Epochs=200, Batch=100, Prob=0.5 *************************
 Evaluando: Alpha=0.3, Epochs=200, Batch=100, Prob=0.2
 Fin evaluación: Alpha=0.1,  Epochs=200, Batch=100, Prob=0.7 *************************
 Evaluando: Alpha=0.3, Epochs=200, Batch=100, Prob=0.5
 Evaluando: Alpha=0.3, Epochs=200, Batch=100, Prob=0.7
 Fin evaluación: Alpha=0.3,  Epochs=200, Batch=100, Prob=0.2 *************************
 Fin evaluación: Alpha=0.3,  Epochs=200, Batch=100, Prob=0.5 *************************
 Evaluando: Alpha=0.5, Epochs=200, Batch=100, Prob=0.2
 Fin evaluación: Alpha=0.3,  Epochs=200, Batch=100, Prob=0.7 *************************
 Evaluando: Alpha=0.5, Epochs=200, Batch=100, Prob=0.5
 Evaluando: Alpha=0.5, Epochs=200, Batch=100, Prob=0.7
 Fin evaluación: Alpha=0.5,  Epochs=200, Batch=100, Prob=0.2 *************************
 Evaluando: Alpha=0.7, Epochs=200, Batch=100, Prob=0.2
 Fin evaluación: Alpha=0.5,  Epochs=200, Batch=100, Prob=0.5 *************************
 Fin evaluación: Alpha=0.5,  Epochs=200, Batch=100, Prob=0.7 *************************
 Evaluando: Alpha=0.7, Epochs=200, Batch=100, Prob=0.5
 Evaluando: Alpha=0.7, Epochs=200, Batch=100, Prob=0.7
 Fin evaluación: Alpha=0.7,  Epochs=200, Batch=100, Prob=0.2 *************************
 Evaluando: Alpha=1.0, Epochs=200, Batch=100, Prob=0.2
 Fin evaluación: Alpha=0.7,  Epochs=200, Batch=100, Prob=0.5 *************************
 Fin evaluación: Alpha=0.7,  Epochs=200, Batch=100, Prob=0.7 *************************
 Evaluando: Alpha=1.0, Epochs=200, Batch=100, Prob=0.5
 Evaluando: Alpha=1.0, Epochs=200, Batch=100, Prob=0.7
 Fin evaluación: Alpha=1.0,  Epochs=200, Batch=100, Prob=0.2 *************************
 Fin evaluación: Alpha=1.0,  Epochs=200, Batch=100, Prob=0.5 *************************
 Fin evaluación: Alpha=1.0,  Epochs=200, Batch=100, Prob=0.7 *************************

--- Ejecutando evaluación final paralela (5 experimentos) ---
ACABÓ LA PRUEBA
ACABÓ LA PRUEBA
ACABÓ LA PRUEBA
ACABÓ LA PRUEBA
ACABÓ LA PRUEBA

============================================================
RESULTADOS FINALES PROMEDIADOS (CONJUNTO DE TEST) SOBRE EL FICHERO: ulla
============================================================
Mejor Configuración: Alpha=0.1, Epoch=200, Batch=100, Prob=0.2
------------------------------------------------------------
ACCURACY POR CLASE:
  Clase 02: 99.53% ± 0.52%
  Clase 04: 98.21% ± 4.01%
  Clase 07: 99.01% ± 1.16%
  Clase 08: 98.91% ± 0.29%
  Clase 09: 95.43% ± 1.21%
------------------------------------------------------------
OA Final: 98.85% ± 0.41%
AA Final: 98.22% ± 0.95%
============================================================
Prueba iteracion 6 finalizada.
********************************************
Ejecutando prueba iteración: 7...
********************Ejecutando prueba sobre el dataset xesta ******************************
Cargando datos en memoria principal...
--- Iniciando Grid Search Paralelo (15 combinaciones) ---
 Evaluando: Alpha=0.1, Epochs=200, Batch=100, Prob=0.2
 Evaluando: Alpha=0.1, Epochs=200, Batch=100, Prob=0.5
 Evaluando: Alpha=0.1, Epochs=200, Batch=100, Prob=0.7
 Fin evaluación: Alpha=0.1,  Epochs=200, Batch=100, Prob=0.2 *************************
 Evaluando: Alpha=0.3, Epochs=200, Batch=100, Prob=0.2
 Fin evaluación: Alpha=0.1,  Epochs=200, Batch=100, Prob=0.7 *************************
 Fin evaluación: Alpha=0.1,  Epochs=200, Batch=100, Prob=0.5 *************************
 Evaluando: Alpha=0.3, Epochs=200, Batch=100, Prob=0.5
 Evaluando: Alpha=0.3, Epochs=200, Batch=100, Prob=0.7
 Fin evaluación: Alpha=0.3,  Epochs=200, Batch=100, Prob=0.2 *************************
 Evaluando: Alpha=0.5, Epochs=200, Batch=100, Prob=0.2
 Fin evaluación: Alpha=0.3,  Epochs=200, Batch=100, Prob=0.5 *************************
 Evaluando: Alpha=0.5, Epochs=200, Batch=100, Prob=0.5
 Fin evaluación: Alpha=0.3,  Epochs=200, Batch=100, Prob=0.7 *************************
 Evaluando: Alpha=0.5, Epochs=200, Batch=100, Prob=0.7
 Fin evaluación: Alpha=0.5,  Epochs=200, Batch=100, Prob=0.2 *************************
 Evaluando: Alpha=0.7, Epochs=200, Batch=100, Prob=0.2
 Fin evaluación: Alpha=0.5,  Epochs=200, Batch=100, Prob=0.5 *************************
 Evaluando: Alpha=0.7, Epochs=200, Batch=100, Prob=0.5
 Fin evaluación: Alpha=0.5,  Epochs=200, Batch=100, Prob=0.7 *************************
 Evaluando: Alpha=0.7, Epochs=200, Batch=100, Prob=0.7
 Fin evaluación: Alpha=0.7,  Epochs=200, Batch=100, Prob=0.2 *************************
 Evaluando: Alpha=1.0, Epochs=200, Batch=100, Prob=0.2
 Fin evaluación: Alpha=0.7,  Epochs=200, Batch=100, Prob=0.5 *************************
 Evaluando: Alpha=1.0, Epochs=200, Batch=100, Prob=0.5
 Fin evaluación: Alpha=0.7,  Epochs=200, Batch=100, Prob=0.7 *************************
 Evaluando: Alpha=1.0, Epochs=200, Batch=100, Prob=0.7
 Fin evaluación: Alpha=1.0,  Epochs=200, Batch=100, Prob=0.2 *************************
 Fin evaluación: Alpha=1.0,  Epochs=200, Batch=100, Prob=0.5 *************************
 Fin evaluación: Alpha=1.0,  Epochs=200, Batch=100, Prob=0.7 *************************

--- Ejecutando evaluación final paralela (5 experimentos) ---
ACABÓ LA PRUEBA
ACABÓ LA PRUEBA
ACABÓ LA PRUEBA
ACABÓ LA PRUEBA
ACABÓ LA PRUEBA

============================================================
RESULTADOS FINALES PROMEDIADOS (CONJUNTO DE TEST) SOBRE EL FICHERO: xesta
============================================================
Mejor Configuración: Alpha=0.1, Epoch=200, Batch=100, Prob=0.2
------------------------------------------------------------
ACCURACY POR CLASE:
  Clase 01: 88.09% ± 1.89%
  Clase 02: 66.11% ± 6.47%
  Clase 03: 91.69% ± 0.45%
  Clase 04: 92.02% ± 2.09%
  Clase 07: 99.00% ± 0.10%
  Clase 08: 97.77% ± 0.28%
------------------------------------------------------------
OA Final: 98.38% ± 0.03%
AA Final: 89.12% ± 1.20%
============================================================
Prueba iteracion 7 finalizada.
********************************************
********** Se han finalizado todas las pruebas: 00:50:43 **********
