********** Iniciando experimentos CUTMIX sin aumentado: 17:29:00 **********
Ejecutando: prueba inicial CUTMIX (sobre Oitaven)
GPUs detectadas: 2
********************Ejecutando prueba sobre el dataset oitaven ******************************
Cargando datos en memoria principal...
--- Iniciando Grid Search Paralelo (49 combinaciones) ---
[GPU: 0]  Evaluando: Alpha=0.1, Epochs=100, Batch=256, Prob=0.2, Usar_sampler=0
[GPU: 1]  Evaluando: Alpha=0.1, Epochs=100, Batch=256, Prob=0.3, Usar_sampler=0
[GPU: 0]  Evaluando: Alpha=0.1, Epochs=100, Batch=256, Prob=0.4, Usar_sampler=0
[GPU: 1]  Evaluando: Alpha=0.1, Epochs=100, Batch=256, Prob=0.5, Usar_sampler=0
[GPU: 0]  Evaluando: Alpha=0.1, Epochs=100, Batch=256, Prob=0.6, Usar_sampler=0
[GPU: 1]  Evaluando: Alpha=0.1, Epochs=100, Batch=256, Prob=0.7, Usar_sampler=0
[GPU: 0]  Fin evaluación: Alpha=0.1,  Epochs=100, Batch=256, Prob=0.2, Usar_sampler=0 *************************
[GPU: 0]  Fin evaluación: Alpha=0.1,  Epochs=100, Batch=256, Prob=0.4, Usar_sampler=0 *************************
[GPU: 1]  Fin evaluación: Alpha=0.1,  Epochs=100, Batch=256, Prob=0.3, Usar_sampler=0 *************************
[GPU: 1]  Fin evaluación: Alpha=0.1,  Epochs=100, Batch=256, Prob=0.5, Usar_sampler=0 *************************
[GPU: 0]  Fin evaluación: Alpha=0.1,  Epochs=100, Batch=256, Prob=0.6, Usar_sampler=0 *************************
[GPU: 0]  Evaluando: Alpha=0.1, Epochs=100, Batch=256, Prob=0.8, Usar_sampler=0
[GPU: 1]  Evaluando: Alpha=0.2, Epochs=100, Batch=256, Prob=0.2, Usar_sampler=0
[GPU: 0]  Evaluando: Alpha=0.2, Epochs=100, Batch=256, Prob=0.3, Usar_sampler=0
[GPU: 1]  Fin evaluación: Alpha=0.1,  Epochs=100, Batch=256, Prob=0.7, Usar_sampler=0 *************************
[GPU: 1]  Evaluando: Alpha=0.2, Epochs=100, Batch=256, Prob=0.4, Usar_sampler=0
[GPU: 0]  Evaluando: Alpha=0.2, Epochs=100, Batch=256, Prob=0.5, Usar_sampler=0
[GPU: 1]  Evaluando: Alpha=0.2, Epochs=100, Batch=256, Prob=0.6, Usar_sampler=0
[GPU: 0]  Fin evaluación: Alpha=0.1,  Epochs=100, Batch=256, Prob=0.8, Usar_sampler=0 *************************
[GPU: 1]  Fin evaluación: Alpha=0.2,  Epochs=100, Batch=256, Prob=0.2, Usar_sampler=0 *************************
[GPU: 1]  Fin evaluación: Alpha=0.2,  Epochs=100, Batch=256, Prob=0.4, Usar_sampler=0 *************************
[GPU: 0]  Evaluando: Alpha=0.2, Epochs=100, Batch=256, Prob=0.7, Usar_sampler=0
[GPU: 0]  Fin evaluación: Alpha=0.2,  Epochs=100, Batch=256, Prob=0.3, Usar_sampler=0 *************************
[GPU: 1]  Evaluando: Alpha=0.2, Epochs=100, Batch=256, Prob=0.8, Usar_sampler=0
[GPU: 0]  Evaluando: Alpha=0.3, Epochs=100, Batch=256, Prob=0.2, Usar_sampler=0
[GPU: 1]  Fin evaluación: Alpha=0.2,  Epochs=100, Batch=256, Prob=0.6, Usar_sampler=0 *************************
[GPU: 0]  Fin evaluación: Alpha=0.2,  Epochs=100, Batch=256, Prob=0.5, Usar_sampler=0 *************************
[GPU: 1]  Evaluando: Alpha=0.3, Epochs=100, Batch=256, Prob=0.3, Usar_sampler=0
[GPU: 0]  Evaluando: Alpha=0.3, Epochs=100, Batch=256, Prob=0.4, Usar_sampler=0
[GPU: 1]  Evaluando: Alpha=0.3, Epochs=100, Batch=256, Prob=0.5, Usar_sampler=0
[GPU: 0]  Fin evaluación: Alpha=0.2,  Epochs=100, Batch=256, Prob=0.7, Usar_sampler=0 *************************
[GPU: 0]  Fin evaluación: Alpha=0.3,  Epochs=100, Batch=256, Prob=0.2, Usar_sampler=0 *************************
[GPU: 0]  Evaluando: Alpha=0.3, Epochs=100, Batch=256, Prob=0.6, Usar_sampler=0
[GPU: 1]  Fin evaluación: Alpha=0.2,  Epochs=100, Batch=256, Prob=0.8, Usar_sampler=0 *************************
[GPU: 1]  Evaluando: Alpha=0.3, Epochs=100, Batch=256, Prob=0.7, Usar_sampler=0
[GPU: 1]  Fin evaluación: Alpha=0.3,  Epochs=100, Batch=256, Prob=0.3, Usar_sampler=0 *************************
[GPU: 0]  Evaluando: Alpha=0.3, Epochs=100, Batch=256, Prob=0.8, Usar_sampler=0
[GPU: 0]  Fin evaluación: Alpha=0.3,  Epochs=100, Batch=256, Prob=0.4, Usar_sampler=0 *************************
[GPU: 1]  Evaluando: Alpha=0.5, Epochs=100, Batch=256, Prob=0.2, Usar_sampler=0
[GPU: 1]  Fin evaluación: Alpha=0.3,  Epochs=100, Batch=256, Prob=0.5, Usar_sampler=0 *************************
[GPU: 0]  Evaluando: Alpha=0.5, Epochs=100, Batch=256, Prob=0.3, Usar_sampler=0
[GPU: 1]  Evaluando: Alpha=0.5, Epochs=100, Batch=256, Prob=0.4, Usar_sampler=0
[GPU: 1]  Fin evaluación: Alpha=0.3,  Epochs=100, Batch=256, Prob=0.7, Usar_sampler=0 *************************
[GPU: 0]  Fin evaluación: Alpha=0.3,  Epochs=100, Batch=256, Prob=0.6, Usar_sampler=0 *************************
[GPU: 0]  Fin evaluación: Alpha=0.3,  Epochs=100, Batch=256, Prob=0.8, Usar_sampler=0 *************************
[GPU: 0]  Evaluando: Alpha=0.5, Epochs=100, Batch=256, Prob=0.5, Usar_sampler=0
[GPU: 1]  Evaluando: Alpha=0.5, Epochs=100, Batch=256, Prob=0.6, Usar_sampler=0
[GPU: 1]  Fin evaluación: Alpha=0.5,  Epochs=100, Batch=256, Prob=0.2, Usar_sampler=0 *************************
[GPU: 0]  Fin evaluación: Alpha=0.5,  Epochs=100, Batch=256, Prob=0.3, Usar_sampler=0 *************************
[GPU: 0]  Evaluando: Alpha=0.5, Epochs=100, Batch=256, Prob=0.7, Usar_sampler=0
[GPU: 1]  Evaluando: Alpha=0.5, Epochs=100, Batch=256, Prob=0.8, Usar_sampler=0
[GPU: 0]  Evaluando: Alpha=0.7, Epochs=100, Batch=256, Prob=0.2, Usar_sampler=0
[GPU: 1]  Fin evaluación: Alpha=0.5,  Epochs=100, Batch=256, Prob=0.4, Usar_sampler=0 *************************
[GPU: 1]  Evaluando: Alpha=0.7, Epochs=100, Batch=256, Prob=0.3, Usar_sampler=0
[GPU: 0]  Fin evaluación: Alpha=0.5,  Epochs=100, Batch=256, Prob=0.5, Usar_sampler=0 *************************
[GPU: 1]  Fin evaluación: Alpha=0.5,  Epochs=100, Batch=256, Prob=0.6, Usar_sampler=0 *************************
[GPU: 0]  Evaluando: Alpha=0.7, Epochs=100, Batch=256, Prob=0.4, Usar_sampler=0
[GPU: 0]  Fin evaluación: Alpha=0.5,  Epochs=100, Batch=256, Prob=0.7, Usar_sampler=0 *************************
[GPU: 1]  Evaluando: Alpha=0.7, Epochs=100, Batch=256, Prob=0.5, Usar_sampler=0
[GPU: 1]  Fin evaluación: Alpha=0.5,  Epochs=100, Batch=256, Prob=0.8, Usar_sampler=0 *************************
[GPU: 0]  Evaluando: Alpha=0.7, Epochs=100, Batch=256, Prob=0.6, Usar_sampler=0
[GPU: 1]  Fin evaluación: Alpha=0.7,  Epochs=100, Batch=256, Prob=0.3, Usar_sampler=0 *************************
[GPU: 0]  Fin evaluación: Alpha=0.7,  Epochs=100, Batch=256, Prob=0.2, Usar_sampler=0 *************************
[GPU: 1]  Evaluando: Alpha=0.7, Epochs=100, Batch=256, Prob=0.7, Usar_sampler=0
[GPU: 0]  Evaluando: Alpha=0.7, Epochs=100, Batch=256, Prob=0.8, Usar_sampler=0
[GPU: 1]  Evaluando: Alpha=0.9, Epochs=100, Batch=256, Prob=0.2, Usar_sampler=0
[GPU: 0]  Fin evaluación: Alpha=0.7,  Epochs=100, Batch=256, Prob=0.4, Usar_sampler=0 *************************
[GPU: 1]  Fin evaluación: Alpha=0.7,  Epochs=100, Batch=256, Prob=0.5, Usar_sampler=0 *************************
[GPU: 0]  Evaluando: Alpha=0.9, Epochs=100, Batch=256, Prob=0.3, Usar_sampler=0
[GPU: 0]  Fin evaluación: Alpha=0.7,  Epochs=100, Batch=256, Prob=0.6, Usar_sampler=0 *************************
[GPU: 1]  Evaluando: Alpha=0.9, Epochs=100, Batch=256, Prob=0.4, Usar_sampler=0
[GPU: 0]  Evaluando: Alpha=0.9, Epochs=100, Batch=256, Prob=0.5, Usar_sampler=0
[GPU: 1]  Fin evaluación: Alpha=0.7,  Epochs=100, Batch=256, Prob=0.7, Usar_sampler=0 *************************
[GPU: 1]  Evaluando: Alpha=0.9, Epochs=100, Batch=256, Prob=0.6, Usar_sampler=0
[GPU: 0]  Fin evaluación: Alpha=0.7,  Epochs=100, Batch=256, Prob=0.8, Usar_sampler=0 *************************
[GPU: 1]  Fin evaluación: Alpha=0.9,  Epochs=100, Batch=256, Prob=0.2, Usar_sampler=0 *************************
[GPU: 0]  Evaluando: Alpha=0.9, Epochs=100, Batch=256, Prob=0.7, Usar_sampler=0
[GPU: 1]  Evaluando: Alpha=0.9, Epochs=100, Batch=256, Prob=0.8, Usar_sampler=0
[GPU: 0]  Fin evaluación: Alpha=0.9,  Epochs=100, Batch=256, Prob=0.3, Usar_sampler=0 *************************
[GPU: 1]  Fin evaluación: Alpha=0.9,  Epochs=100, Batch=256, Prob=0.4, Usar_sampler=0 *************************
[GPU: 0]  Evaluando: Alpha=1.0, Epochs=100, Batch=256, Prob=0.2, Usar_sampler=0
[GPU: 1]  Evaluando: Alpha=1.0, Epochs=100, Batch=256, Prob=0.3, Usar_sampler=0
[GPU: 0]  Fin evaluación: Alpha=0.9,  Epochs=100, Batch=256, Prob=0.5, Usar_sampler=0 *************************
[GPU: 0]  Evaluando: Alpha=1.0, Epochs=100, Batch=256, Prob=0.4, Usar_sampler=0
[GPU: 1]  Fin evaluación: Alpha=0.9,  Epochs=100, Batch=256, Prob=0.6, Usar_sampler=0 *************************
[GPU: 1]  Evaluando: Alpha=1.0, Epochs=100, Batch=256, Prob=0.5, Usar_sampler=0
[GPU: 0]  Fin evaluación: Alpha=0.9,  Epochs=100, Batch=256, Prob=0.7, Usar_sampler=0 *************************
[GPU: 0]  Evaluando: Alpha=1.0, Epochs=100, Batch=256, Prob=0.6, Usar_sampler=0
[GPU: 1]  Fin evaluación: Alpha=0.9,  Epochs=100, Batch=256, Prob=0.8, Usar_sampler=0 *************************
[GPU: 1]  Evaluando: Alpha=1.0, Epochs=100, Batch=256, Prob=0.7, Usar_sampler=0
[GPU: 0]  Fin evaluación: Alpha=1.0,  Epochs=100, Batch=256, Prob=0.2, Usar_sampler=0 *************************
[GPU: 1]  Fin evaluación: Alpha=1.0,  Epochs=100, Batch=256, Prob=0.3, Usar_sampler=0 *************************
[GPU: 0]  Evaluando: Alpha=1.0, Epochs=100, Batch=256, Prob=0.8, Usar_sampler=0
[GPU: 0]  Fin evaluación: Alpha=1.0,  Epochs=100, Batch=256, Prob=0.4, Usar_sampler=0 *************************
[GPU: 1]  Fin evaluación: Alpha=1.0,  Epochs=100, Batch=256, Prob=0.5, Usar_sampler=0 *************************
[GPU: 0]  Fin evaluación: Alpha=1.0,  Epochs=100, Batch=256, Prob=0.6, Usar_sampler=0 *************************
[GPU: 1]  Fin evaluación: Alpha=1.0,  Epochs=100, Batch=256, Prob=0.7, Usar_sampler=0 *************************
[GPU: 0]  Fin evaluación: Alpha=1.0,  Epochs=100, Batch=256, Prob=0.8, Usar_sampler=0 *************************

--- Ejecutando evaluación final paralela (10 experimentos) ---
ACABÓ LA PRUEBA
ACABÓ LA PRUEBA
ACABÓ LA PRUEBA
ACABÓ LA PRUEBA
ACABÓ LA PRUEBA
ACABÓ LA PRUEBA
ACABÓ LA PRUEBA
ACABÓ LA PRUEBA
ACABÓ LA PRUEBA
ACABÓ LA PRUEBA

============================================================
RESULTADOS FINALES PROMEDIADOS (CONJUNTO DE TEST) SOBRE EL FICHERO: oitaven
============================================================
Mejor Configuración: Alpha=0.1, Epoch=100, Batch=256, Prob=0.4, Sampler=0
------------------------------------------------------------
ACCURACY POR CLASE:
  Clase 01: 97.38% ± 0.84%
  Clase 02: 79.28% ± 2.59%
  Clase 03: 75.97% ± 4.57%
  Clase 04: 90.32% ± 2.23%
  Clase 05: 86.50% ± 2.03%
  Clase 06: 93.05% ± 1.08%
  Clase 07: 97.15% ± 0.24%
  Clase 08: 95.72% ± 0.44%
  Clase 09: 99.00% ± 0.37%
  Clase 10: 91.27% ± 0.75%
------------------------------------------------------------
OA Final: 95.17% ± 0.12%
AA Final: 90.56% ± 0.35%
------------------------------------------------------------
Tiempo entrenamiento total medio con hiperparámetros óptimos: 52.15 s
Tiempo medio por época con hiperparámetros óptimos: 0.5215 s
============================================================
------------------------------------------
Ejecutando prueba iteración: 1...
GPUs detectadas: 2
********************Ejecutando prueba sobre el dataset das_mestas ******************************
Cargando datos en memoria principal...
--- Cargando hiperparámetros óptimos desde hiperParametros_CUTMIX.json ---

--- Ejecutando evaluación final paralela (10 experimentos) ---
ACABÓ LA PRUEBA
ACABÓ LA PRUEBA
ACABÓ LA PRUEBA
ACABÓ LA PRUEBA
ACABÓ LA PRUEBA
ACABÓ LA PRUEBA
ACABÓ LA PRUEBA
ACABÓ LA PRUEBA
ACABÓ LA PRUEBA
ACABÓ LA PRUEBA

============================================================
RESULTADOS FINALES PROMEDIADOS (CONJUNTO DE TEST) SOBRE EL FICHERO: das_mestas
============================================================
Mejor Configuración: Alpha=0.1, Epoch=100, Batch=256, Prob=0.4, Sampler=0
------------------------------------------------------------
ACCURACY POR CLASE:
  Clase 02: 69.64% ± 0.71%
  Clase 07: 92.05% ± 0.24%
  Clase 08: 94.09% ± 1.24%
  Clase 10: 94.99% ± 0.24%
------------------------------------------------------------
OA Final: 91.16% ± 0.07%
AA Final: 87.69% ± 0.34%
------------------------------------------------------------
Tiempo entrenamiento total medio con hiperparámetros óptimos: 94.89 s
Tiempo medio por época con hiperparámetros óptimos: 0.9489 s
============================================================
Prueba iteracion 1 finalizada.
********************************************
Ejecutando prueba iteración: 2...
GPUs detectadas: 2
********************Ejecutando prueba sobre el dataset eiras_dam ******************************
Cargando datos en memoria principal...
--- Cargando hiperparámetros óptimos desde hiperParametros_CUTMIX.json ---

--- Ejecutando evaluación final paralela (10 experimentos) ---
ACABÓ LA PRUEBA
ACABÓ LA PRUEBA
ACABÓ LA PRUEBA
ACABÓ LA PRUEBA
ACABÓ LA PRUEBA
ACABÓ LA PRUEBA
ACABÓ LA PRUEBA
ACABÓ LA PRUEBA
ACABÓ LA PRUEBA
ACABÓ LA PRUEBA

============================================================
RESULTADOS FINALES PROMEDIADOS (CONJUNTO DE TEST) SOBRE EL FICHERO: eiras_dam
============================================================
Mejor Configuración: Alpha=0.1, Epoch=100, Batch=256, Prob=0.4, Sampler=0
------------------------------------------------------------
ACCURACY POR CLASE:
  Clase 01: 98.94% ± 0.30%
  Clase 02: 82.16% ± 3.36%
  Clase 03: 93.65% ± 1.79%
  Clase 04: 89.78% ± 2.90%
  Clase 05: 60.99% ± 11.83%
  Clase 06: 79.82% ± 10.84%
  Clase 07: 94.26% ± 1.00%
  Clase 08: 97.89% ± 0.45%
  Clase 09: 62.88% ± 3.11%
  Clase 10: 73.86% ± 7.58%
------------------------------------------------------------
OA Final: 95.58% ± 0.14%
AA Final: 83.42% ± 1.74%
------------------------------------------------------------
Tiempo entrenamiento total medio con hiperparámetros óptimos: 40.16 s
Tiempo medio por época con hiperparámetros óptimos: 0.4016 s
============================================================
Prueba iteracion 2 finalizada.
********************************************
Ejecutando prueba iteración: 3...
GPUs detectadas: 2
********************Ejecutando prueba sobre el dataset ermidas_creek ******************************
Cargando datos en memoria principal...
--- Cargando hiperparámetros óptimos desde hiperParametros_CUTMIX.json ---

--- Ejecutando evaluación final paralela (10 experimentos) ---
ACABÓ LA PRUEBA
ACABÓ LA PRUEBA
ACABÓ LA PRUEBA
ACABÓ LA PRUEBA
ACABÓ LA PRUEBA
ACABÓ LA PRUEBA
ACABÓ LA PRUEBA
ACABÓ LA PRUEBA
ACABÓ LA PRUEBA
ACABÓ LA PRUEBA

============================================================
RESULTADOS FINALES PROMEDIADOS (CONJUNTO DE TEST) SOBRE EL FICHERO: ermidas_creek
============================================================
Mejor Configuración: Alpha=0.1, Epoch=100, Batch=256, Prob=0.4, Sampler=0
------------------------------------------------------------
ACCURACY POR CLASE:
  Clase 01: 90.19% ± 2.38%
  Clase 02: 89.32% ± 2.08%
  Clase 03: 89.07% ± 3.10%
  Clase 04: 98.27% ± 0.47%
  Clase 05: 98.05% ± 1.31%
  Clase 06: 97.75% ± 1.32%
  Clase 07: 99.14% ± 0.13%
  Clase 08: 96.64% ± 0.29%
  Clase 09: 96.45% ± 0.82%
  Clase 10: 97.96% ± 0.28%
------------------------------------------------------------
OA Final: 97.93% ± 0.13%
AA Final: 95.28% ± 0.47%
------------------------------------------------------------
Tiempo entrenamiento total medio con hiperparámetros óptimos: 59.22 s
Tiempo medio por época con hiperparámetros óptimos: 0.5922 s
============================================================
Prueba iteracion 3 finalizada.
********************************************
Ejecutando prueba iteración: 4...
GPUs detectadas: 2
********************Ejecutando prueba sobre el dataset ferreiras_river ******************************
Cargando datos en memoria principal...
--- Cargando hiperparámetros óptimos desde hiperParametros_CUTMIX.json ---

--- Ejecutando evaluación final paralela (10 experimentos) ---
ACABÓ LA PRUEBA
ACABÓ LA PRUEBA
ACABÓ LA PRUEBA
ACABÓ LA PRUEBA
ACABÓ LA PRUEBA
ACABÓ LA PRUEBA
ACABÓ LA PRUEBA
ACABÓ LA PRUEBA
ACABÓ LA PRUEBA
ACABÓ LA PRUEBA

============================================================
RESULTADOS FINALES PROMEDIADOS (CONJUNTO DE TEST) SOBRE EL FICHERO: ferreiras_river
============================================================
Mejor Configuración: Alpha=0.1, Epoch=100, Batch=256, Prob=0.4, Sampler=0
------------------------------------------------------------
ACCURACY POR CLASE:
  Clase 02: 94.97% ± 0.19%
  Clase 04: 96.55% ± 0.84%
  Clase 07: 80.49% ± 0.28%
  Clase 08: 86.73% ± 1.59%
  Clase 09: 3.33% ± 2.17%
  Clase 10: 94.59% ± 0.19%
------------------------------------------------------------
OA Final: 91.48% ± 0.10%
AA Final: 76.11% ± 0.30%
------------------------------------------------------------
Tiempo entrenamiento total medio con hiperparámetros óptimos: 134.86 s
Tiempo medio por época con hiperparámetros óptimos: 1.3486 s
============================================================
Prueba iteracion 4 finalizada.
********************************************
Ejecutando prueba iteración: 5...
GPUs detectadas: 2
********************Ejecutando prueba sobre el dataset mera_river ******************************
Cargando datos en memoria principal...
--- Cargando hiperparámetros óptimos desde hiperParametros_CUTMIX.json ---

--- Ejecutando evaluación final paralela (10 experimentos) ---
ACABÓ LA PRUEBA
ACABÓ LA PRUEBA
ACABÓ LA PRUEBA
ACABÓ LA PRUEBA
ACABÓ LA PRUEBA
ACABÓ LA PRUEBA
ACABÓ LA PRUEBA
ACABÓ LA PRUEBA
ACABÓ LA PRUEBA
ACABÓ LA PRUEBA

============================================================
RESULTADOS FINALES PROMEDIADOS (CONJUNTO DE TEST) SOBRE EL FICHERO: mera_river
============================================================
Mejor Configuración: Alpha=0.1, Epoch=100, Batch=256, Prob=0.4, Sampler=0
------------------------------------------------------------
ACCURACY POR CLASE:
  Clase 02: 86.93% ± 0.33%
  Clase 04: 89.71% ± 1.87%
  Clase 05: 57.75% ± 27.68%
  Clase 06: 26.32% ± 21.74%
  Clase 07: 88.31% ± 0.23%
  Clase 08: 96.68% ± 0.63%
  Clase 10: 93.78% ± 0.28%
------------------------------------------------------------
OA Final: 90.77% ± 0.08%
AA Final: 77.07% ± 5.02%
------------------------------------------------------------
Tiempo entrenamiento total medio con hiperparámetros óptimos: 153.95 s
Tiempo medio por época con hiperparámetros óptimos: 1.5395 s
============================================================
Prueba iteracion 5 finalizada.
********************************************
Ejecutando prueba iteración: 6...
GPUs detectadas: 2
********************Ejecutando prueba sobre el dataset ulla ******************************
Cargando datos en memoria principal...
--- Cargando hiperparámetros óptimos desde hiperParametros_CUTMIX.json ---

--- Ejecutando evaluación final paralela (10 experimentos) ---
ACABÓ LA PRUEBA
ACABÓ LA PRUEBA
ACABÓ LA PRUEBA
ACABÓ LA PRUEBA
ACABÓ LA PRUEBA
ACABÓ LA PRUEBA
ACABÓ LA PRUEBA
ACABÓ LA PRUEBA
ACABÓ LA PRUEBA
ACABÓ LA PRUEBA

============================================================
RESULTADOS FINALES PROMEDIADOS (CONJUNTO DE TEST) SOBRE EL FICHERO: ulla
============================================================
Mejor Configuración: Alpha=0.1, Epoch=100, Batch=256, Prob=0.4, Sampler=0
------------------------------------------------------------
ACCURACY POR CLASE:
  Clase 02: 99.47% ± 1.18%
  Clase 04: 97.22% ± 6.66%
  Clase 07: 99.29% ± 0.83%
  Clase 08: 98.93% ± 0.53%
  Clase 09: 93.91% ± 3.15%
------------------------------------------------------------
OA Final: 98.84% ± 0.35%
AA Final: 97.76% ± 1.47%
------------------------------------------------------------
Tiempo entrenamiento total medio con hiperparámetros óptimos: 4.51 s
Tiempo medio por época con hiperparámetros óptimos: 0.0451 s
============================================================
Prueba iteracion 6 finalizada.
********************************************
Ejecutando prueba iteración: 7...
GPUs detectadas: 2
********************Ejecutando prueba sobre el dataset xesta ******************************
Cargando datos en memoria principal...
--- Cargando hiperparámetros óptimos desde hiperParametros_CUTMIX.json ---

--- Ejecutando evaluación final paralela (10 experimentos) ---
ACABÓ LA PRUEBA
ACABÓ LA PRUEBA
ACABÓ LA PRUEBA
ACABÓ LA PRUEBA
ACABÓ LA PRUEBA
ACABÓ LA PRUEBA
ACABÓ LA PRUEBA
ACABÓ LA PRUEBA
ACABÓ LA PRUEBA
ACABÓ LA PRUEBA

============================================================
RESULTADOS FINALES PROMEDIADOS (CONJUNTO DE TEST) SOBRE EL FICHERO: xesta
============================================================
Mejor Configuración: Alpha=0.1, Epoch=100, Batch=256, Prob=0.4, Sampler=0
------------------------------------------------------------
ACCURACY POR CLASE:
  Clase 01: 86.04% ± 4.15%
  Clase 02: 76.00% ± 5.93%
  Clase 03: 89.41% ± 0.90%
  Clase 04: 94.20% ± 1.79%
  Clase 07: 99.07% ± 0.06%
  Clase 08: 96.51% ± 0.26%
------------------------------------------------------------
OA Final: 98.14% ± 0.07%
AA Final: 90.21% ± 0.98%
------------------------------------------------------------
Tiempo entrenamiento total medio con hiperparámetros óptimos: 148.45 s
Tiempo medio por época con hiperparámetros óptimos: 1.4845 s
============================================================
Prueba iteracion 7 finalizada.
********************************************
********** Se han finalizado todas las pruebas de CUTMIX sin aumentado: 18:28:02 **********
