********** Iniciando experimentos VIT+CUTMIX con aumentado: 14:44:28 **********
Ejecutando: prueba inicial CUTMIX (sobre Oitaven)
GPUs detectadas: 2
********************Ejecutando prueba sobre el dataset oitaven ******************************
Cargando datos en memoria principal...
--- Iniciando Grid Search Paralelo ViT (49 combinaciones) ---
[GPU: 0]  Evaluando ViT: Alpha=0.1, Epochs=100, Batch=256, Prob=0.2, Usar_sampler=1
[GPU: 1]  Evaluando ViT: Alpha=0.1, Epochs=100, Batch=256, Prob=0.3, Usar_sampler=1
[GPU: 0]  Evaluando ViT: Alpha=0.1, Epochs=100, Batch=256, Prob=0.4, Usar_sampler=1
[GPU: 1]  Evaluando ViT: Alpha=0.1, Epochs=100, Batch=256, Prob=0.5, Usar_sampler=1
[GPU: 0]  Evaluando ViT: Alpha=0.1, Epochs=100, Batch=256, Prob=0.6, Usar_sampler=1
[GPU: 1]  Evaluando ViT: Alpha=0.1, Epochs=100, Batch=256, Prob=0.7, Usar_sampler=1
[GPU: 0]  Evaluando ViT: Alpha=0.1, Epochs=100, Batch=256, Prob=0.8, Usar_sampler=1
[GPU: 1]  Evaluando ViT: Alpha=0.2, Epochs=100, Batch=256, Prob=0.2, Usar_sampler=1
[GPU: 0]  Evaluando ViT: Alpha=0.2, Epochs=100, Batch=256, Prob=0.3, Usar_sampler=1
[GPU: 1]  Evaluando ViT: Alpha=0.2, Epochs=100, Batch=256, Prob=0.4, Usar_sampler=1
[GPU: 0]  Evaluando ViT: Alpha=0.2, Epochs=100, Batch=256, Prob=0.5, Usar_sampler=1
[GPU: 1]  Evaluando ViT: Alpha=0.2, Epochs=100, Batch=256, Prob=0.6, Usar_sampler=1
[GPU: 0]  Evaluando ViT: Alpha=0.2, Epochs=100, Batch=256, Prob=0.7, Usar_sampler=1
[GPU: 1]  Evaluando ViT: Alpha=0.2, Epochs=100, Batch=256, Prob=0.8, Usar_sampler=1
[GPU: 0]  Evaluando ViT: Alpha=0.3, Epochs=100, Batch=256, Prob=0.2, Usar_sampler=1
[GPU: 1]  Evaluando ViT: Alpha=0.3, Epochs=100, Batch=256, Prob=0.3, Usar_sampler=1
[GPU: 0]  Evaluando ViT: Alpha=0.3, Epochs=100, Batch=256, Prob=0.4, Usar_sampler=1
[GPU: 1]  Evaluando ViT: Alpha=0.3, Epochs=100, Batch=256, Prob=0.5, Usar_sampler=1
[GPU: 0]  Evaluando ViT: Alpha=0.3, Epochs=100, Batch=256, Prob=0.6, Usar_sampler=1
[GPU: 1]  Evaluando ViT: Alpha=0.3, Epochs=100, Batch=256, Prob=0.7, Usar_sampler=1
[GPU: 0]  Evaluando ViT: Alpha=0.3, Epochs=100, Batch=256, Prob=0.8, Usar_sampler=1
[GPU: 1]  Evaluando ViT: Alpha=0.5, Epochs=100, Batch=256, Prob=0.2, Usar_sampler=1
[GPU: 0]  Evaluando ViT: Alpha=0.5, Epochs=100, Batch=256, Prob=0.3, Usar_sampler=1
[GPU: 1]  Evaluando ViT: Alpha=0.5, Epochs=100, Batch=256, Prob=0.4, Usar_sampler=1
[GPU: 0]  Evaluando ViT: Alpha=0.5, Epochs=100, Batch=256, Prob=0.5, Usar_sampler=1
[GPU: 1]  Evaluando ViT: Alpha=0.5, Epochs=100, Batch=256, Prob=0.6, Usar_sampler=1
[GPU: 0]  Evaluando ViT: Alpha=0.5, Epochs=100, Batch=256, Prob=0.7, Usar_sampler=1
[GPU: 1]  Evaluando ViT: Alpha=0.5, Epochs=100, Batch=256, Prob=0.8, Usar_sampler=1
[GPU: 0]  Evaluando ViT: Alpha=0.7, Epochs=100, Batch=256, Prob=0.2, Usar_sampler=1
[GPU: 1]  Evaluando ViT: Alpha=0.7, Epochs=100, Batch=256, Prob=0.3, Usar_sampler=1
[GPU: 0]  Evaluando ViT: Alpha=0.7, Epochs=100, Batch=256, Prob=0.4, Usar_sampler=1
[GPU: 1]  Evaluando ViT: Alpha=0.7, Epochs=100, Batch=256, Prob=0.5, Usar_sampler=1
[GPU: 0]  Evaluando ViT: Alpha=0.7, Epochs=100, Batch=256, Prob=0.6, Usar_sampler=1
[GPU: 1]  Evaluando ViT: Alpha=0.7, Epochs=100, Batch=256, Prob=0.7, Usar_sampler=1
[GPU: 0]  Evaluando ViT: Alpha=0.7, Epochs=100, Batch=256, Prob=0.8, Usar_sampler=1
[GPU: 1]  Evaluando ViT: Alpha=0.9, Epochs=100, Batch=256, Prob=0.2, Usar_sampler=1
[GPU: 0]  Evaluando ViT: Alpha=0.9, Epochs=100, Batch=256, Prob=0.3, Usar_sampler=1
[GPU: 1]  Evaluando ViT: Alpha=0.9, Epochs=100, Batch=256, Prob=0.4, Usar_sampler=1
[GPU: 0]  Evaluando ViT: Alpha=0.9, Epochs=100, Batch=256, Prob=0.5, Usar_sampler=1
[GPU: 1]  Evaluando ViT: Alpha=0.9, Epochs=100, Batch=256, Prob=0.6, Usar_sampler=1
[GPU: 0]  Evaluando ViT: Alpha=0.9, Epochs=100, Batch=256, Prob=0.7, Usar_sampler=1
[GPU: 1]  Evaluando ViT: Alpha=0.9, Epochs=100, Batch=256, Prob=0.8, Usar_sampler=1
[GPU: 0]  Evaluando ViT: Alpha=1.0, Epochs=100, Batch=256, Prob=0.2, Usar_sampler=1
[GPU: 1]  Evaluando ViT: Alpha=1.0, Epochs=100, Batch=256, Prob=0.3, Usar_sampler=1
[GPU: 0]  Evaluando ViT: Alpha=1.0, Epochs=100, Batch=256, Prob=0.4, Usar_sampler=1
[GPU: 1]  Evaluando ViT: Alpha=1.0, Epochs=100, Batch=256, Prob=0.5, Usar_sampler=1
[GPU: 0]  Evaluando ViT: Alpha=1.0, Epochs=100, Batch=256, Prob=0.6, Usar_sampler=1
[GPU: 1]  Evaluando ViT: Alpha=1.0, Epochs=100, Batch=256, Prob=0.7, Usar_sampler=1
[GPU: 0]  Evaluando ViT: Alpha=1.0, Epochs=100, Batch=256, Prob=0.8, Usar_sampler=1

--- Ejecutando evaluación final paralela ViT (10 experimentos) ---
Ejecutando test de ViT...
Exception ignored in: <Finalize object, dead>
Traceback (most recent call last):
  File "/usr/lib/python3.10/multiprocessing/util.py", line 224, in __call__
    res = self._callback(*self._args, **self._kwargs)
  File "/usr/lib/python3.10/multiprocessing/synchronize.py", line 87, in _cleanup
    sem_unlink(name)
FileNotFoundError: [Errno 2] No such file or directory
Exception ignored in: <Finalize object, dead>
Traceback (most recent call last):
  File "/usr/lib/python3.10/multiprocessing/util.py", line 224, in __call__
    res = self._callback(*self._args, **self._kwargs)
  File "/usr/lib/python3.10/multiprocessing/synchronize.py", line 87, in _cleanup
    sem_unlink(name)
FileNotFoundError: [Errno 2] No such file or directory
Exception ignored in: <Finalize object, dead>
Traceback (most recent call last):
  File "/usr/lib/python3.10/multiprocessing/util.py", line 224, in __call__
    res = self._callback(*self._args, **self._kwargs)
  File "/usr/lib/python3.10/multiprocessing/synchronize.py", line 87, in _cleanup
    sem_unlink(name)
FileNotFoundError: [Errno 2] No such file or directory
Exception ignored in: <Finalize object, dead>
Traceback (most recent call last):
  File "/usr/lib/python3.10/multiprocessing/util.py", line 224, in __call__
    res = self._callback(*self._args, **self._kwargs)
  File "/usr/lib/python3.10/multiprocessing/synchronize.py", line 87, in _cleanup
    sem_unlink(name)
FileNotFoundError: [Errno 2] No such file or directory
Exception ignored in: <Finalize object, dead>
Traceback (most recent call last):
  File "/usr/lib/python3.10/multiprocessing/util.py", line 224, in __call__
    res = self._callback(*self._args, **self._kwargs)
  File "/usr/lib/python3.10/multiprocessing/synchronize.py", line 87, in _cleanup
    sem_unlink(name)
FileNotFoundError: [Errno 2] No such file or directory

============================================================
RESULTADOS FINALES PROMEDIADOS VIT+CUTMIX SOBRE: oitaven
============================================================
Mejor Configuración ViT: Alpha=0.5, Epoch=100, Batch=256, Prob=0.2, Sampler=1
------------------------------------------------------------
ACCURACY POR CLASE:
  Clase 01: 97.09% ± 0.87%
  Clase 02: 86.85% ± 2.82%
  Clase 03: 85.24% ± 3.71%
  Clase 04: 94.88% ± 2.71%
  Clase 05: 92.27% ± 1.46%
  Clase 06: 96.67% ± 0.61%
  Clase 07: 97.13% ± 0.31%
  Clase 08: 96.09% ± 0.34%
  Clase 09: 99.57% ± 0.29%
  Clase 10: 95.86% ± 0.50%
------------------------------------------------------------
OA Final: 96.28% ± 0.15%
AA Final: 94.16% ± 0.45%
------------------------------------------------------------
Tiempo entrenamiento total medio con hiperparámetros óptimos: 734.83 s
Tiempo medio por época con hiperparámetros óptimos: 7.3483 s
============================================================
/usr/lib/python3.10/multiprocessing/resource_tracker.py:224: UserWarning: resource_tracker: There appear to be 5 leaked semaphore objects to clean up at shutdown
  warnings.warn('resource_tracker: There appear to be %d '
/usr/lib/python3.10/multiprocessing/resource_tracker.py:237: UserWarning: resource_tracker: '/loky-2949671-2ue_c123': [Errno 2] No such file or directory
  warnings.warn('resource_tracker: %r: %s' % (name, e))
/usr/lib/python3.10/multiprocessing/resource_tracker.py:237: UserWarning: resource_tracker: '/loky-2949671-lpq2zwnw': [Errno 2] No such file or directory
  warnings.warn('resource_tracker: %r: %s' % (name, e))
/usr/lib/python3.10/multiprocessing/resource_tracker.py:237: UserWarning: resource_tracker: '/loky-2949671-54d6566_': [Errno 2] No such file or directory
  warnings.warn('resource_tracker: %r: %s' % (name, e))
/usr/lib/python3.10/multiprocessing/resource_tracker.py:237: UserWarning: resource_tracker: '/loky-2949671-n29p3t8a': [Errno 2] No such file or directory
  warnings.warn('resource_tracker: %r: %s' % (name, e))
/usr/lib/python3.10/multiprocessing/resource_tracker.py:237: UserWarning: resource_tracker: '/loky-2949671-p7ucpih6': [Errno 2] No such file or directory
  warnings.warn('resource_tracker: %r: %s' % (name, e))
------------------------------------------
Ejecutando prueba iteración: 1...
GPUs detectadas: 2
********************Ejecutando prueba sobre el dataset das_mestas ******************************
Cargando datos en memoria principal...
--- Cargando hiperparámetros óptimos desde hiperParametros_ViT_CUTMIX_Con_Aumentado.json ---

--- Ejecutando evaluación final paralela ViT (10 experimentos) ---
Ejecutando test de ViT...

============================================================
RESULTADOS FINALES PROMEDIADOS VIT+CUTMIX SOBRE: das_mestas
============================================================
Mejor Configuración ViT: Alpha=0.5, Epoch=100, Batch=256, Prob=0.2, Sampler=1
------------------------------------------------------------
ACCURACY POR CLASE:
  Clase 02: 75.77% ± 0.76%
  Clase 07: 90.51% ± 0.20%
  Clase 08: 97.33% ± 0.55%
  Clase 10: 94.75% ± 0.22%
------------------------------------------------------------
OA Final: 91.06% ± 0.06%
AA Final: 89.59% ± 0.12%
------------------------------------------------------------
Tiempo entrenamiento total medio con hiperparámetros óptimos: 1332.15 s
Tiempo medio por época con hiperparámetros óptimos: 13.3215 s
============================================================
Prueba iteracion 1 finalizada.
********************************************
Ejecutando prueba iteración: 2...
GPUs detectadas: 2
********************Ejecutando prueba sobre el dataset eiras_dam ******************************
Cargando datos en memoria principal...
--- Cargando hiperparámetros óptimos desde hiperParametros_ViT_CUTMIX_Con_Aumentado.json ---

--- Ejecutando evaluación final paralela ViT (10 experimentos) ---
Ejecutando test de ViT...

============================================================
RESULTADOS FINALES PROMEDIADOS VIT+CUTMIX SOBRE: eiras_dam
============================================================
Mejor Configuración ViT: Alpha=0.5, Epoch=100, Batch=256, Prob=0.2, Sampler=1
------------------------------------------------------------
ACCURACY POR CLASE:
  Clase 01: 99.06% ± 0.38%
  Clase 02: 80.35% ± 2.73%
  Clase 03: 94.63% ± 1.68%
  Clase 04: 96.08% ± 2.32%
  Clase 05: 87.77% ± 3.92%
  Clase 06: 92.31% ± 7.97%
  Clase 07: 92.84% ± 0.99%
  Clase 08: 96.13% ± 0.81%
  Clase 09: 86.86% ± 5.94%
  Clase 10: 86.54% ± 6.53%
------------------------------------------------------------
OA Final: 95.35% ± 0.47%
AA Final: 91.26% ± 1.42%
------------------------------------------------------------
Tiempo entrenamiento total medio con hiperparámetros óptimos: 515.17 s
Tiempo medio por época con hiperparámetros óptimos: 5.1517 s
============================================================
Prueba iteracion 2 finalizada.
********************************************
Ejecutando prueba iteración: 3...
GPUs detectadas: 2
********************Ejecutando prueba sobre el dataset ermidas_creek ******************************
Cargando datos en memoria principal...
--- Cargando hiperparámetros óptimos desde hiperParametros_ViT_CUTMIX_Con_Aumentado.json ---

--- Ejecutando evaluación final paralela ViT (10 experimentos) ---
Ejecutando test de ViT...

============================================================
RESULTADOS FINALES PROMEDIADOS VIT+CUTMIX SOBRE: ermidas_creek
============================================================
Mejor Configuración ViT: Alpha=0.5, Epoch=100, Batch=256, Prob=0.2, Sampler=1
------------------------------------------------------------
ACCURACY POR CLASE:
  Clase 01: 93.08% ± 2.18%
  Clase 02: 95.55% ± 1.06%
  Clase 03: 94.17% ± 1.23%
  Clase 04: 98.93% ± 0.28%
  Clase 05: 96.54% ± 3.26%
  Clase 06: 99.17% ± 0.62%
  Clase 07: 99.07% ± 0.20%
  Clase 08: 97.77% ± 0.45%
  Clase 09: 98.81% ± 0.66%
  Clase 10: 98.41% ± 0.39%
------------------------------------------------------------
OA Final: 98.51% ± 0.16%
AA Final: 97.15% ± 0.45%
------------------------------------------------------------
Tiempo entrenamiento total medio con hiperparámetros óptimos: 799.15 s
Tiempo medio por época con hiperparámetros óptimos: 7.9915 s
============================================================
Prueba iteracion 3 finalizada.
********************************************
Ejecutando prueba iteración: 4...
GPUs detectadas: 2
********************Ejecutando prueba sobre el dataset ferreiras_river ******************************
Cargando datos en memoria principal...
--- Cargando hiperparámetros óptimos desde hiperParametros_ViT_CUTMIX_Con_Aumentado.json ---

--- Ejecutando evaluación final paralela ViT (10 experimentos) ---
Ejecutando test de ViT...

============================================================
RESULTADOS FINALES PROMEDIADOS VIT+CUTMIX SOBRE: ferreiras_river
============================================================
Mejor Configuración ViT: Alpha=0.5, Epoch=100, Batch=256, Prob=0.2, Sampler=1
------------------------------------------------------------
ACCURACY POR CLASE:
  Clase 02: 94.45% ± 0.33%
  Clase 04: 98.34% ± 0.62%
  Clase 07: 82.63% ± 0.51%
  Clase 08: 95.03% ± 1.12%
  Clase 09: 20.20% ± 13.44%
  Clase 10: 94.54% ± 0.20%
------------------------------------------------------------
OA Final: 91.97% ± 0.10%
AA Final: 80.86% ± 2.11%
------------------------------------------------------------
Tiempo entrenamiento total medio con hiperparámetros óptimos: 1828.21 s
Tiempo medio por época con hiperparámetros óptimos: 18.2821 s
============================================================
Prueba iteracion 4 finalizada.
********************************************
Ejecutando prueba iteración: 5...
GPUs detectadas: 2
********************Ejecutando prueba sobre el dataset mera_river ******************************
Cargando datos en memoria principal...
--- Cargando hiperparámetros óptimos desde hiperParametros_ViT_CUTMIX_Con_Aumentado.json ---

--- Ejecutando evaluación final paralela ViT (10 experimentos) ---
Ejecutando test de ViT...

============================================================
RESULTADOS FINALES PROMEDIADOS VIT+CUTMIX SOBRE: mera_river
============================================================
Mejor Configuración ViT: Alpha=0.5, Epoch=100, Batch=256, Prob=0.2, Sampler=1
------------------------------------------------------------
ACCURACY POR CLASE:
  Clase 02: 87.71% ± 0.53%
  Clase 04: 94.78% ± 2.13%
  Clase 05: 0.00% ± 0.00%
  Clase 06: 73.12% ± 30.26%
  Clase 07: 88.85% ± 0.17%
  Clase 08: 97.77% ± 0.35%
  Clase 10: 93.93% ± 0.15%
------------------------------------------------------------
OA Final: 91.25% ± 0.04%
AA Final: 89.36% ± 4.93%
------------------------------------------------------------
Tiempo entrenamiento total medio con hiperparámetros óptimos: 2061.90 s
Tiempo medio por época con hiperparámetros óptimos: 20.6190 s
============================================================
Prueba iteracion 5 finalizada.
********************************************
Ejecutando prueba iteración: 6...
GPUs detectadas: 2
********************Ejecutando prueba sobre el dataset ulla ******************************
Cargando datos en memoria principal...
--- Cargando hiperparámetros óptimos desde hiperParametros_ViT_CUTMIX_Con_Aumentado.json ---

--- Ejecutando evaluación final paralela ViT (10 experimentos) ---
Ejecutando test de ViT...

============================================================
RESULTADOS FINALES PROMEDIADOS VIT+CUTMIX SOBRE: ulla
============================================================
Mejor Configuración ViT: Alpha=0.5, Epoch=100, Batch=256, Prob=0.2, Sampler=1
------------------------------------------------------------
ACCURACY POR CLASE:
  Clase 02: 99.72% ± 0.47%
  Clase 04: 97.60% ± 3.88%
  Clase 07: 98.46% ± 2.29%
  Clase 08: 96.56% ± 1.90%
  Clase 09: 87.85% ± 13.66%
------------------------------------------------------------
OA Final: 97.12% ± 1.66%
AA Final: 96.04% ± 3.33%
------------------------------------------------------------
Tiempo entrenamiento total medio con hiperparámetros óptimos: 54.36 s
Tiempo medio por época con hiperparámetros óptimos: 0.5436 s
============================================================
Prueba iteracion 6 finalizada.
********************************************
Ejecutando prueba iteración: 7...
GPUs detectadas: 2
********************Ejecutando prueba sobre el dataset xesta ******************************
Cargando datos en memoria principal...
--- Cargando hiperparámetros óptimos desde hiperParametros_ViT_CUTMIX_Con_Aumentado.json ---

--- Ejecutando evaluación final paralela ViT (10 experimentos) ---
Ejecutando test de ViT...

============================================================
RESULTADOS FINALES PROMEDIADOS VIT+CUTMIX SOBRE: xesta
============================================================
Mejor Configuración ViT: Alpha=0.5, Epoch=100, Batch=256, Prob=0.2, Sampler=1
------------------------------------------------------------
ACCURACY POR CLASE:
  Clase 01: 92.94% ± 3.72%
  Clase 02: 87.57% ± 4.41%
  Clase 03: 93.19% ± 0.81%
  Clase 04: 98.14% ± 0.71%
  Clase 07: 99.16% ± 0.08%
  Clase 08: 98.61% ± 0.17%
------------------------------------------------------------
OA Final: 98.83% ± 0.04%
AA Final: 94.94% ± 1.04%
------------------------------------------------------------
Tiempo entrenamiento total medio con hiperparámetros óptimos: 2067.97 s
Tiempo medio por época con hiperparámetros óptimos: 20.6797 s
============================================================
Prueba iteracion 7 finalizada.
********************************************
********** Se han finalizado todas las pruebas de VIT+CUTMIX con aumentado: 01:46:59 **********
