********** Iniciando experimentos MIXUP con aumentado: 16:21:31 **********
Ejecutando: prueba inicial MIXUP (sobre Oitaven)
GPUs detectadas: 2
********************Ejecutando prueba sobre el dataset oitaven ******************************
Cargando datos en memoria principal...
--- Iniciando Grid Search Paralelo (56 combinaciones) ---
[GPU: 0]  Evaluando: Alpha=0.1, Epochs=100, Batch=256, Prob=0.2, Usar_sampler=1
[GPU: 1]  Evaluando: Alpha=0.1, Epochs=100, Batch=256, Prob=0.3, Usar_sampler=1
[GPU: 0]  Evaluando: Alpha=0.1, Epochs=100, Batch=256, Prob=0.4, Usar_sampler=1
[GPU: 1]  Evaluando: Alpha=0.1, Epochs=100, Batch=256, Prob=0.5, Usar_sampler=1
[GPU: 0]  Fin evaluación: Alpha=0.1,  Epochs=100, Batch=256, Prob=0.2, Usar_sampler=1 *************************
[GPU: 0]  Fin evaluación: Alpha=0.1,  Epochs=100, Batch=256, Prob=0.4, Usar_sampler=1 *************************
[GPU: 1]  Fin evaluación: Alpha=0.1,  Epochs=100, Batch=256, Prob=0.3, Usar_sampler=1 *************************
[GPU: 0]  Evaluando: Alpha=0.1, Epochs=100, Batch=256, Prob=0.6, Usar_sampler=1
[GPU: 1]  Fin evaluación: Alpha=0.1,  Epochs=100, Batch=256, Prob=0.5, Usar_sampler=1 *************************
[GPU: 1]  Evaluando: Alpha=0.1, Epochs=100, Batch=256, Prob=0.7, Usar_sampler=1
[GPU: 0]  Evaluando: Alpha=0.1, Epochs=100, Batch=256, Prob=0.8, Usar_sampler=1
[GPU: 1]  Evaluando: Alpha=0.2, Epochs=100, Batch=256, Prob=0.2, Usar_sampler=1
[GPU: 1]  Fin evaluación: Alpha=0.1,  Epochs=100, Batch=256, Prob=0.7, Usar_sampler=1 *************************
[GPU: 0]  Fin evaluación: Alpha=0.1,  Epochs=100, Batch=256, Prob=0.6, Usar_sampler=1 *************************
[GPU: 0]  Fin evaluación: Alpha=0.1,  Epochs=100, Batch=256, Prob=0.8, Usar_sampler=1 *************************
[GPU: 0]  Evaluando: Alpha=0.2, Epochs=100, Batch=256, Prob=0.3, Usar_sampler=1
[GPU: 1]  Fin evaluación: Alpha=0.2,  Epochs=100, Batch=256, Prob=0.2, Usar_sampler=1 *************************
[GPU: 1]  Evaluando: Alpha=0.2, Epochs=100, Batch=256, Prob=0.4, Usar_sampler=1
[GPU: 0]  Evaluando: Alpha=0.2, Epochs=100, Batch=256, Prob=0.5, Usar_sampler=1
[GPU: 1]  Evaluando: Alpha=0.2, Epochs=100, Batch=256, Prob=0.6, Usar_sampler=1
[GPU: 0]  Fin evaluación: Alpha=0.2,  Epochs=100, Batch=256, Prob=0.3, Usar_sampler=1 *************************
[GPU: 0]  Evaluando: Alpha=0.2, Epochs=100, Batch=256, Prob=0.7, Usar_sampler=1
[GPU: 0]  Fin evaluación: Alpha=0.2,  Epochs=100, Batch=256, Prob=0.5, Usar_sampler=1 *************************
[GPU: 1]  Evaluando: Alpha=0.2, Epochs=100, Batch=256, Prob=0.8, Usar_sampler=1
[GPU: 1]  Fin evaluación: Alpha=0.2,  Epochs=100, Batch=256, Prob=0.4, Usar_sampler=1 *************************
[GPU: 1]  Fin evaluación: Alpha=0.2,  Epochs=100, Batch=256, Prob=0.6, Usar_sampler=1 *************************
[GPU: 0]  Evaluando: Alpha=0.3, Epochs=100, Batch=256, Prob=0.2, Usar_sampler=1
[GPU: 1]  Evaluando: Alpha=0.3, Epochs=100, Batch=256, Prob=0.3, Usar_sampler=1
[GPU: 0]  Fin evaluación: Alpha=0.2,  Epochs=100, Batch=256, Prob=0.7, Usar_sampler=1 *************************
[GPU: 0]  Evaluando: Alpha=0.3, Epochs=100, Batch=256, Prob=0.4, Usar_sampler=1
[GPU: 1]  Fin evaluación: Alpha=0.2,  Epochs=100, Batch=256, Prob=0.8, Usar_sampler=1 *************************
[GPU: 1]  Evaluando: Alpha=0.3, Epochs=100, Batch=256, Prob=0.5, Usar_sampler=1
[GPU: 0]  Fin evaluación: Alpha=0.3,  Epochs=100, Batch=256, Prob=0.2, Usar_sampler=1 *************************
[GPU: 1]  Fin evaluación: Alpha=0.3,  Epochs=100, Batch=256, Prob=0.3, Usar_sampler=1 *************************
[GPU: 0]  Evaluando: Alpha=0.3, Epochs=100, Batch=256, Prob=0.6, Usar_sampler=1
[GPU: 1]  Evaluando: Alpha=0.3, Epochs=100, Batch=256, Prob=0.7, Usar_sampler=1
[GPU: 0]  Fin evaluación: Alpha=0.3,  Epochs=100, Batch=256, Prob=0.4, Usar_sampler=1 *************************
[GPU: 0]  Evaluando: Alpha=0.3, Epochs=100, Batch=256, Prob=0.8, Usar_sampler=1
[GPU: 1]  Fin evaluación: Alpha=0.3,  Epochs=100, Batch=256, Prob=0.5, Usar_sampler=1 *************************
[GPU: 1]  Evaluando: Alpha=0.5, Epochs=100, Batch=256, Prob=0.2, Usar_sampler=1
[GPU: 0]  Fin evaluación: Alpha=0.3,  Epochs=100, Batch=256, Prob=0.6, Usar_sampler=1 *************************
[GPU: 0]  Evaluando: Alpha=0.5, Epochs=100, Batch=256, Prob=0.3, Usar_sampler=1
[GPU: 1]  Fin evaluación: Alpha=0.3,  Epochs=100, Batch=256, Prob=0.7, Usar_sampler=1 *************************
[GPU: 1]  Evaluando: Alpha=0.5, Epochs=100, Batch=256, Prob=0.4, Usar_sampler=1
[GPU: 0]  Fin evaluación: Alpha=0.3,  Epochs=100, Batch=256, Prob=0.8, Usar_sampler=1 *************************
[GPU: 0]  Evaluando: Alpha=0.5, Epochs=100, Batch=256, Prob=0.5, Usar_sampler=1
[GPU: 1]  Fin evaluación: Alpha=0.5,  Epochs=100, Batch=256, Prob=0.2, Usar_sampler=1 *************************
[GPU: 1]  Evaluando: Alpha=0.5, Epochs=100, Batch=256, Prob=0.6, Usar_sampler=1
[GPU: 0]  Fin evaluación: Alpha=0.5,  Epochs=100, Batch=256, Prob=0.3, Usar_sampler=1 *************************
[GPU: 1]  Fin evaluación: Alpha=0.5,  Epochs=100, Batch=256, Prob=0.4, Usar_sampler=1 *************************
[GPU: 0]  Evaluando: Alpha=0.5, Epochs=100, Batch=256, Prob=0.7, Usar_sampler=1
[GPU: 1]  Evaluando: Alpha=0.5, Epochs=100, Batch=256, Prob=0.8, Usar_sampler=1
[GPU: 0]  Fin evaluación: Alpha=0.5,  Epochs=100, Batch=256, Prob=0.5, Usar_sampler=1 *************************
[GPU: 1]  Fin evaluación: Alpha=0.5,  Epochs=100, Batch=256, Prob=0.6, Usar_sampler=1 *************************
[GPU: 0]  Evaluando: Alpha=0.7, Epochs=100, Batch=256, Prob=0.2, Usar_sampler=1
[GPU: 1]  Evaluando: Alpha=0.7, Epochs=100, Batch=256, Prob=0.3, Usar_sampler=1
[GPU: 1]  Fin evaluación: Alpha=0.5,  Epochs=100, Batch=256, Prob=0.8, Usar_sampler=1 *************************
[GPU: 0]  Evaluando: Alpha=0.7, Epochs=100, Batch=256, Prob=0.4, Usar_sampler=1
[GPU: 0]  Fin evaluación: Alpha=0.5,  Epochs=100, Batch=256, Prob=0.7, Usar_sampler=1 *************************
[GPU: 1]  Evaluando: Alpha=0.7, Epochs=100, Batch=256, Prob=0.5, Usar_sampler=1
[GPU: 0]  Fin evaluación: Alpha=0.7,  Epochs=100, Batch=256, Prob=0.2, Usar_sampler=1 *************************
[GPU: 1]  Fin evaluación: Alpha=0.7,  Epochs=100, Batch=256, Prob=0.3, Usar_sampler=1 *************************
[GPU: 0]  Evaluando: Alpha=0.7, Epochs=100, Batch=256, Prob=0.6, Usar_sampler=1
[GPU: 1]  Evaluando: Alpha=0.7, Epochs=100, Batch=256, Prob=0.7, Usar_sampler=1
[GPU: 0]  Fin evaluación: Alpha=0.7,  Epochs=100, Batch=256, Prob=0.4, Usar_sampler=1 *************************
[GPU: 0]  Evaluando: Alpha=0.7, Epochs=100, Batch=256, Prob=0.8, Usar_sampler=1
[GPU: 1]  Fin evaluación: Alpha=0.7,  Epochs=100, Batch=256, Prob=0.5, Usar_sampler=1 *************************
[GPU: 1]  Evaluando: Alpha=0.9, Epochs=100, Batch=256, Prob=0.2, Usar_sampler=1
[GPU: 0]  Fin evaluación: Alpha=0.7,  Epochs=100, Batch=256, Prob=0.6, Usar_sampler=1 *************************
[GPU: 0]  Evaluando: Alpha=0.9, Epochs=100, Batch=256, Prob=0.3, Usar_sampler=1
[GPU: 1]  Fin evaluación: Alpha=0.7,  Epochs=100, Batch=256, Prob=0.7, Usar_sampler=1 *************************
[GPU: 1]  Evaluando: Alpha=0.9, Epochs=100, Batch=256, Prob=0.4, Usar_sampler=1
[GPU: 0]  Fin evaluación: Alpha=0.7,  Epochs=100, Batch=256, Prob=0.8, Usar_sampler=1 *************************
[GPU: 0]  Evaluando: Alpha=0.9, Epochs=100, Batch=256, Prob=0.5, Usar_sampler=1
[GPU: 1]  Fin evaluación: Alpha=0.9,  Epochs=100, Batch=256, Prob=0.2, Usar_sampler=1 *************************
[GPU: 1]  Evaluando: Alpha=0.9, Epochs=100, Batch=256, Prob=0.6, Usar_sampler=1
[GPU: 0]  Fin evaluación: Alpha=0.9,  Epochs=100, Batch=256, Prob=0.3, Usar_sampler=1 *************************
[GPU: 1]  Fin evaluación: Alpha=0.9,  Epochs=100, Batch=256, Prob=0.4, Usar_sampler=1 *************************
[GPU: 0]  Evaluando: Alpha=0.9, Epochs=100, Batch=256, Prob=0.7, Usar_sampler=1
[GPU: 1]  Evaluando: Alpha=0.9, Epochs=100, Batch=256, Prob=0.8, Usar_sampler=1
[GPU: 0]  Fin evaluación: Alpha=0.9,  Epochs=100, Batch=256, Prob=0.5, Usar_sampler=1 *************************
[GPU: 0]  Evaluando: Alpha=1.0, Epochs=100, Batch=256, Prob=0.2, Usar_sampler=1
[GPU: 1]  Fin evaluación: Alpha=0.9,  Epochs=100, Batch=256, Prob=0.6, Usar_sampler=1 *************************
[GPU: 1]  Evaluando: Alpha=1.0, Epochs=100, Batch=256, Prob=0.3, Usar_sampler=1
[GPU: 0]  Fin evaluación: Alpha=0.9,  Epochs=100, Batch=256, Prob=0.7, Usar_sampler=1 *************************
[GPU: 1]  Fin evaluación: Alpha=0.9,  Epochs=100, Batch=256, Prob=0.8, Usar_sampler=1 *************************
[GPU: 0]  Evaluando: Alpha=1.0, Epochs=100, Batch=256, Prob=0.4, Usar_sampler=1
[GPU: 1]  Evaluando: Alpha=1.0, Epochs=100, Batch=256, Prob=0.5, Usar_sampler=1
[GPU: 0]  Fin evaluación: Alpha=1.0,  Epochs=100, Batch=256, Prob=0.2, Usar_sampler=1 *************************
[GPU: 0]  Evaluando: Alpha=1.0, Epochs=100, Batch=256, Prob=0.6, Usar_sampler=1
[GPU: 1]  Fin evaluación: Alpha=1.0,  Epochs=100, Batch=256, Prob=0.3, Usar_sampler=1 *************************
[GPU: 1]  Evaluando: Alpha=1.0, Epochs=100, Batch=256, Prob=0.7, Usar_sampler=1
[GPU: 0]  Fin evaluación: Alpha=1.0,  Epochs=100, Batch=256, Prob=0.4, Usar_sampler=1 *************************
[GPU: 1]  Fin evaluación: Alpha=1.0,  Epochs=100, Batch=256, Prob=0.5, Usar_sampler=1 *************************
[GPU: 0]  Evaluando: Alpha=1.0, Epochs=100, Batch=256, Prob=0.8, Usar_sampler=1
[GPU: 1]  Evaluando: Alpha=2.0, Epochs=100, Batch=256, Prob=0.2, Usar_sampler=1
[GPU: 0]  Fin evaluación: Alpha=1.0,  Epochs=100, Batch=256, Prob=0.6, Usar_sampler=1 *************************
[GPU: 0]  Evaluando: Alpha=2.0, Epochs=100, Batch=256, Prob=0.3, Usar_sampler=1
[GPU: 1]  Fin evaluación: Alpha=1.0,  Epochs=100, Batch=256, Prob=0.7, Usar_sampler=1 *************************
[GPU: 1]  Evaluando: Alpha=2.0, Epochs=100, Batch=256, Prob=0.4, Usar_sampler=1
[GPU: 0]  Fin evaluación: Alpha=1.0,  Epochs=100, Batch=256, Prob=0.8, Usar_sampler=1 *************************
[GPU: 1]  Fin evaluación: Alpha=2.0,  Epochs=100, Batch=256, Prob=0.2, Usar_sampler=1 *************************
[GPU: 0]  Evaluando: Alpha=2.0, Epochs=100, Batch=256, Prob=0.5, Usar_sampler=1
[GPU: 1]  Evaluando: Alpha=2.0, Epochs=100, Batch=256, Prob=0.6, Usar_sampler=1
[GPU: 0]  Fin evaluación: Alpha=2.0,  Epochs=100, Batch=256, Prob=0.3, Usar_sampler=1 *************************
[GPU: 0]  Evaluando: Alpha=2.0, Epochs=100, Batch=256, Prob=0.7, Usar_sampler=1
[GPU: 1]  Fin evaluación: Alpha=2.0,  Epochs=100, Batch=256, Prob=0.4, Usar_sampler=1 *************************
[GPU: 1]  Evaluando: Alpha=2.0, Epochs=100, Batch=256, Prob=0.8, Usar_sampler=1
[GPU: 0]  Fin evaluación: Alpha=2.0,  Epochs=100, Batch=256, Prob=0.5, Usar_sampler=1 *************************
[GPU: 1]  Fin evaluación: Alpha=2.0,  Epochs=100, Batch=256, Prob=0.6, Usar_sampler=1 *************************
[GPU: 0]  Fin evaluación: Alpha=2.0,  Epochs=100, Batch=256, Prob=0.7, Usar_sampler=1 *************************
[GPU: 1]  Fin evaluación: Alpha=2.0,  Epochs=100, Batch=256, Prob=0.8, Usar_sampler=1 *************************

--- Ejecutando evaluación final paralela (10 experimentos) ---
ACABÓ LA PRUEBA
ACABÓ LA PRUEBA
ACABÓ LA PRUEBA
ACABÓ LA PRUEBA
ACABÓ LA PRUEBA
ACABÓ LA PRUEBA
ACABÓ LA PRUEBA
ACABÓ LA PRUEBA
ACABÓ LA PRUEBA
ACABÓ LA PRUEBA

============================================================
RESULTADOS FINALES PROMEDIADOS (CONJUNTO DE TEST) SOBRE EL FICHERO: oitaven
============================================================
Mejor Configuración: Alpha=0.2, Epoch=100, Batch=256, Prob=0.3, Sampler=1
------------------------------------------------------------
ACCURACY POR CLASE:
  Clase 01: 97.94% ± 0.57%
  Clase 02: 84.73% ± 2.28%
  Clase 03: 83.22% ± 3.27%
  Clase 04: 89.56% ± 3.73%
  Clase 05: 86.54% ± 3.03%
  Clase 06: 92.19% ± 2.89%
  Clase 07: 95.82% ± 0.51%
  Clase 08: 95.67% ± 0.53%
  Clase 09: 98.85% ± 0.75%
  Clase 10: 91.56% ± 1.11%
------------------------------------------------------------
OA Final: 94.81% ± 0.24%
AA Final: 91.61% ± 0.80%
------------------------------------------------------------
Tiempo entrenamiento total medio con hiperparámetros óptimos: 50.81 s
Tiempo medio por época con hiperparámetros óptimos: 0.5081 s
============================================================
------------------------------------------
Ejecutando prueba iteración: 1...
GPUs detectadas: 2
********************Ejecutando prueba sobre el dataset das_mestas ******************************
Cargando datos en memoria principal...
--- Cargando hiperparámetros óptimos desde hiperParametros_MIXUP_Con_Aumentado.json ---

--- Ejecutando evaluación final paralela (10 experimentos) ---
ACABÓ LA PRUEBA
ACABÓ LA PRUEBA
ACABÓ LA PRUEBA
ACABÓ LA PRUEBA
ACABÓ LA PRUEBA
ACABÓ LA PRUEBA
ACABÓ LA PRUEBA
ACABÓ LA PRUEBA
ACABÓ LA PRUEBA
ACABÓ LA PRUEBA

============================================================
RESULTADOS FINALES PROMEDIADOS (CONJUNTO DE TEST) SOBRE EL FICHERO: das_mestas
============================================================
Mejor Configuración: Alpha=0.2, Epoch=100, Batch=256, Prob=0.3, Sampler=1
------------------------------------------------------------
ACCURACY POR CLASE:
  Clase 02: 73.30% ± 0.66%
  Clase 07: 90.62% ± 0.36%
  Clase 08: 96.67% ± 0.54%
  Clase 10: 94.68% ± 0.25%
------------------------------------------------------------
OA Final: 90.82% ± 0.10%
AA Final: 88.82% ± 0.17%
------------------------------------------------------------
Tiempo entrenamiento total medio con hiperparámetros óptimos: 93.77 s
Tiempo medio por época con hiperparámetros óptimos: 0.9377 s
============================================================
Prueba iteracion 1 finalizada.
********************************************
Ejecutando prueba iteración: 2...
GPUs detectadas: 2
********************Ejecutando prueba sobre el dataset eiras_dam ******************************
Cargando datos en memoria principal...
--- Cargando hiperparámetros óptimos desde hiperParametros_MIXUP_Con_Aumentado.json ---

--- Ejecutando evaluación final paralela (10 experimentos) ---
ACABÓ LA PRUEBA
ACABÓ LA PRUEBA
ACABÓ LA PRUEBA
ACABÓ LA PRUEBA
ACABÓ LA PRUEBA
ACABÓ LA PRUEBA
ACABÓ LA PRUEBA
ACABÓ LA PRUEBA
ACABÓ LA PRUEBA
ACABÓ LA PRUEBA

============================================================
RESULTADOS FINALES PROMEDIADOS (CONJUNTO DE TEST) SOBRE EL FICHERO: eiras_dam
============================================================
Mejor Configuración: Alpha=0.2, Epoch=100, Batch=256, Prob=0.3, Sampler=1
------------------------------------------------------------
ACCURACY POR CLASE:
  Clase 01: 99.07% ± 0.29%
  Clase 02: 81.76% ± 2.06%
  Clase 03: 94.64% ± 1.66%
  Clase 04: 93.16% ± 3.05%
  Clase 05: 76.44% ± 8.15%
  Clase 06: 83.06% ± 15.42%
  Clase 07: 94.60% ± 0.70%
  Clase 08: 96.49% ± 0.48%
  Clase 09: 80.92% ± 5.38%
  Clase 10: 84.34% ± 4.38%
------------------------------------------------------------
OA Final: 95.57% ± 0.22%
AA Final: 88.45% ± 2.17%
------------------------------------------------------------
Tiempo entrenamiento total medio con hiperparámetros óptimos: 39.65 s
Tiempo medio por época con hiperparámetros óptimos: 0.3965 s
============================================================
Prueba iteracion 2 finalizada.
********************************************
Ejecutando prueba iteración: 3...
GPUs detectadas: 2
********************Ejecutando prueba sobre el dataset ermidas_creek ******************************
Cargando datos en memoria principal...
--- Cargando hiperparámetros óptimos desde hiperParametros_MIXUP_Con_Aumentado.json ---

--- Ejecutando evaluación final paralela (10 experimentos) ---
ACABÓ LA PRUEBA
ACABÓ LA PRUEBA
ACABÓ LA PRUEBA
ACABÓ LA PRUEBA
ACABÓ LA PRUEBA
ACABÓ LA PRUEBA
ACABÓ LA PRUEBA
ACABÓ LA PRUEBA
ACABÓ LA PRUEBA
ACABÓ LA PRUEBA

============================================================
RESULTADOS FINALES PROMEDIADOS (CONJUNTO DE TEST) SOBRE EL FICHERO: ermidas_creek
============================================================
Mejor Configuración: Alpha=0.2, Epoch=100, Batch=256, Prob=0.3, Sampler=1
------------------------------------------------------------
ACCURACY POR CLASE:
  Clase 01: 94.43% ± 1.19%
  Clase 02: 91.56% ± 2.47%
  Clase 03: 89.92% ± 3.39%
  Clase 04: 98.40% ± 0.21%
  Clase 05: 96.82% ± 3.60%
  Clase 06: 98.39% ± 0.67%
  Clase 07: 98.64% ± 0.24%
  Clase 08: 97.51% ± 0.44%
  Clase 09: 97.37% ± 0.70%
  Clase 10: 97.69% ± 0.36%
------------------------------------------------------------
OA Final: 97.91% ± 0.14%
AA Final: 96.07% ± 0.51%
------------------------------------------------------------
Tiempo entrenamiento total medio con hiperparámetros óptimos: 59.61 s
Tiempo medio por época con hiperparámetros óptimos: 0.5961 s
============================================================
Prueba iteracion 3 finalizada.
********************************************
Ejecutando prueba iteración: 4...
GPUs detectadas: 2
********************Ejecutando prueba sobre el dataset ferreiras_river ******************************
Cargando datos en memoria principal...
--- Cargando hiperparámetros óptimos desde hiperParametros_MIXUP_Con_Aumentado.json ---

--- Ejecutando evaluación final paralela (10 experimentos) ---
ACABÓ LA PRUEBA
ACABÓ LA PRUEBA
ACABÓ LA PRUEBA
ACABÓ LA PRUEBA
ACABÓ LA PRUEBA
ACABÓ LA PRUEBA
ACABÓ LA PRUEBA
ACABÓ LA PRUEBA
ACABÓ LA PRUEBA
ACABÓ LA PRUEBA

============================================================
RESULTADOS FINALES PROMEDIADOS (CONJUNTO DE TEST) SOBRE EL FICHERO: ferreiras_river
============================================================
Mejor Configuración: Alpha=0.2, Epoch=100, Batch=256, Prob=0.3, Sampler=1
------------------------------------------------------------
ACCURACY POR CLASE:
  Clase 02: 94.71% ± 0.12%
  Clase 04: 97.46% ± 0.56%
  Clase 07: 80.60% ± 0.53%
  Clase 08: 93.20% ± 1.55%
  Clase 09: 7.82% ± 5.96%
  Clase 10: 93.70% ± 0.38%
------------------------------------------------------------
OA Final: 91.25% ± 0.09%
AA Final: 77.91% ± 0.94%
------------------------------------------------------------
Tiempo entrenamiento total medio con hiperparámetros óptimos: 132.06 s
Tiempo medio por época con hiperparámetros óptimos: 1.3206 s
============================================================
Prueba iteracion 4 finalizada.
********************************************
Ejecutando prueba iteración: 5...
GPUs detectadas: 2
********************Ejecutando prueba sobre el dataset mera_river ******************************
Cargando datos en memoria principal...
--- Cargando hiperparámetros óptimos desde hiperParametros_MIXUP_Con_Aumentado.json ---

--- Ejecutando evaluación final paralela (10 experimentos) ---
ACABÓ LA PRUEBA
ACABÓ LA PRUEBA
ACABÓ LA PRUEBA
ACABÓ LA PRUEBA
ACABÓ LA PRUEBA
ACABÓ LA PRUEBA
ACABÓ LA PRUEBA
ACABÓ LA PRUEBA
ACABÓ LA PRUEBA
ACABÓ LA PRUEBA

============================================================
RESULTADOS FINALES PROMEDIADOS (CONJUNTO DE TEST) SOBRE EL FICHERO: mera_river
============================================================
Mejor Configuración: Alpha=0.2, Epoch=100, Batch=256, Prob=0.3, Sampler=1
------------------------------------------------------------
ACCURACY POR CLASE:
  Clase 02: 88.30% ± 0.31%
  Clase 04: 89.26% ± 1.35%
  Clase 05: 22.61% ± 16.91%
  Clase 06: 21.99% ± 22.40%
  Clase 07: 87.42% ± 0.36%
  Clase 08: 97.16% ± 0.30%
  Clase 10: 93.60% ± 0.24%
------------------------------------------------------------
OA Final: 90.59% ± 0.10%
AA Final: 71.48% ± 3.34%
------------------------------------------------------------
Tiempo entrenamiento total medio con hiperparámetros óptimos: 148.88 s
Tiempo medio por época con hiperparámetros óptimos: 1.4888 s
============================================================
Prueba iteracion 5 finalizada.
********************************************
Ejecutando prueba iteración: 6...
GPUs detectadas: 2
********************Ejecutando prueba sobre el dataset ulla ******************************
Cargando datos en memoria principal...
--- Cargando hiperparámetros óptimos desde hiperParametros_MIXUP_Con_Aumentado.json ---

--- Ejecutando evaluación final paralela (10 experimentos) ---
ACABÓ LA PRUEBA
ACABÓ LA PRUEBA
ACABÓ LA PRUEBA
ACABÓ LA PRUEBA
ACABÓ LA PRUEBA
ACABÓ LA PRUEBA
ACABÓ LA PRUEBA
ACABÓ LA PRUEBA
ACABÓ LA PRUEBA
ACABÓ LA PRUEBA

============================================================
RESULTADOS FINALES PROMEDIADOS (CONJUNTO DE TEST) SOBRE EL FICHERO: ulla
============================================================
Mejor Configuración: Alpha=0.2, Epoch=100, Batch=256, Prob=0.3, Sampler=1
------------------------------------------------------------
ACCURACY POR CLASE:
  Clase 02: 99.68% ± 0.60%
  Clase 04: 92.73% ± 8.67%
  Clase 07: 98.62% ± 1.08%
  Clase 08: 98.82% ± 0.35%
  Clase 09: 93.70% ± 3.31%
------------------------------------------------------------
OA Final: 98.57% ± 0.29%
AA Final: 96.71% ± 1.52%
------------------------------------------------------------
Tiempo entrenamiento total medio con hiperparámetros óptimos: 4.29 s
Tiempo medio por época con hiperparámetros óptimos: 0.0429 s
============================================================
Prueba iteracion 6 finalizada.
********************************************
Ejecutando prueba iteración: 7...
GPUs detectadas: 2
********************Ejecutando prueba sobre el dataset xesta ******************************
Cargando datos en memoria principal...
--- Cargando hiperparámetros óptimos desde hiperParametros_MIXUP_Con_Aumentado.json ---

--- Ejecutando evaluación final paralela (10 experimentos) ---
ACABÓ LA PRUEBA
ACABÓ LA PRUEBA
ACABÓ LA PRUEBA
ACABÓ LA PRUEBA
ACABÓ LA PRUEBA
ACABÓ LA PRUEBA
ACABÓ LA PRUEBA
ACABÓ LA PRUEBA
ACABÓ LA PRUEBA
ACABÓ LA PRUEBA

============================================================
RESULTADOS FINALES PROMEDIADOS (CONJUNTO DE TEST) SOBRE EL FICHERO: xesta
============================================================
Mejor Configuración: Alpha=0.2, Epoch=100, Batch=256, Prob=0.3, Sampler=1
------------------------------------------------------------
ACCURACY POR CLASE:
  Clase 01: 91.18% ± 1.29%
  Clase 02: 71.47% ± 4.73%
  Clase 03: 93.03% ± 0.30%
  Clase 04: 93.46% ± 1.86%
  Clase 07: 98.63% ± 0.06%
  Clase 08: 97.28% ± 0.40%
------------------------------------------------------------
OA Final: 98.07% ± 0.11%
AA Final: 90.84% ± 0.91%
------------------------------------------------------------
Tiempo entrenamiento total medio con hiperparámetros óptimos: 146.61 s
Tiempo medio por época con hiperparámetros óptimos: 1.4661 s
============================================================
Prueba iteracion 7 finalizada.
********************************************
********** Se han finalizado todas las pruebas de MIXUP con aumentado: 17:46:18 **********
