********** Iniciando experimentos CUTMIX con aumentado: 18:28:02 **********
Ejecutando: prueba inicial CUTMIX (sobre Oitaven)
GPUs detectadas: 2
********************Ejecutando prueba sobre el dataset oitaven ******************************
Cargando datos en memoria principal...
--- Iniciando Grid Search Paralelo (49 combinaciones) ---
[GPU: 0]  Evaluando: Alpha=0.1, Epochs=100, Batch=256, Prob=0.2, Usar_sampler=1
[GPU: 1]  Evaluando: Alpha=0.1, Epochs=100, Batch=256, Prob=0.3, Usar_sampler=1
[GPU: 0]  Evaluando: Alpha=0.1, Epochs=100, Batch=256, Prob=0.4, Usar_sampler=1
[GPU: 1]  Evaluando: Alpha=0.1, Epochs=100, Batch=256, Prob=0.5, Usar_sampler=1
[GPU: 0]  Evaluando: Alpha=0.1, Epochs=100, Batch=256, Prob=0.6, Usar_sampler=1
[GPU: 1]  Evaluando: Alpha=0.1, Epochs=100, Batch=256, Prob=0.7, Usar_sampler=1
[GPU: 0]  Fin evaluación: Alpha=0.1,  Epochs=100, Batch=256, Prob=0.2, Usar_sampler=1 *************************
[GPU: 0]  Evaluando: Alpha=0.1, Epochs=100, Batch=256, Prob=0.8, Usar_sampler=1
[GPU: 1]  Fin evaluación: Alpha=0.1,  Epochs=100, Batch=256, Prob=0.3, Usar_sampler=1 *************************
[GPU: 1]  Evaluando: Alpha=0.2, Epochs=100, Batch=256, Prob=0.2, Usar_sampler=1
[GPU: 0]  Fin evaluación: Alpha=0.1,  Epochs=100, Batch=256, Prob=0.6, Usar_sampler=1 *************************
[GPU: 0]  Fin evaluación: Alpha=0.1,  Epochs=100, Batch=256, Prob=0.4, Usar_sampler=1 *************************
[GPU: 1]  Fin evaluación: Alpha=0.1,  Epochs=100, Batch=256, Prob=0.7, Usar_sampler=1 *************************
[GPU: 1]  Fin evaluación: Alpha=0.1,  Epochs=100, Batch=256, Prob=0.5, Usar_sampler=1 *************************
[GPU: 0]  Evaluando: Alpha=0.2, Epochs=100, Batch=256, Prob=0.3, Usar_sampler=1
[GPU: 1]  Evaluando: Alpha=0.2, Epochs=100, Batch=256, Prob=0.4, Usar_sampler=1
[GPU: 0]  Evaluando: Alpha=0.2, Epochs=100, Batch=256, Prob=0.5, Usar_sampler=1
[GPU: 1]  Evaluando: Alpha=0.2, Epochs=100, Batch=256, Prob=0.6, Usar_sampler=1
[GPU: 0]  Fin evaluación: Alpha=0.1,  Epochs=100, Batch=256, Prob=0.8, Usar_sampler=1 *************************
[GPU: 0]  Fin evaluación: Alpha=0.2,  Epochs=100, Batch=256, Prob=0.3, Usar_sampler=1 *************************
[GPU: 0]  Evaluando: Alpha=0.2, Epochs=100, Batch=256, Prob=0.7, Usar_sampler=1
[GPU: 1]  Fin evaluación: Alpha=0.2,  Epochs=100, Batch=256, Prob=0.2, Usar_sampler=1 *************************
[GPU: 1]  Evaluando: Alpha=0.2, Epochs=100, Batch=256, Prob=0.8, Usar_sampler=1
[GPU: 0]  Evaluando: Alpha=0.3, Epochs=100, Batch=256, Prob=0.2, Usar_sampler=1
[GPU: 0]  Fin evaluación: Alpha=0.2,  Epochs=100, Batch=256, Prob=0.5, Usar_sampler=1 *************************
[GPU: 1]  Evaluando: Alpha=0.3, Epochs=100, Batch=256, Prob=0.3, Usar_sampler=1
[GPU: 1]  Fin evaluación: Alpha=0.2,  Epochs=100, Batch=256, Prob=0.6, Usar_sampler=1 *************************
[GPU: 1]  Fin evaluación: Alpha=0.2,  Epochs=100, Batch=256, Prob=0.4, Usar_sampler=1 *************************
[GPU: 0]  Evaluando: Alpha=0.3, Epochs=100, Batch=256, Prob=0.4, Usar_sampler=1
[GPU: 1]  Evaluando: Alpha=0.3, Epochs=100, Batch=256, Prob=0.5, Usar_sampler=1
[GPU: 0]  Fin evaluación: Alpha=0.2,  Epochs=100, Batch=256, Prob=0.7, Usar_sampler=1 *************************
[GPU: 0]  Evaluando: Alpha=0.3, Epochs=100, Batch=256, Prob=0.6, Usar_sampler=1
[GPU: 1]  Fin evaluación: Alpha=0.2,  Epochs=100, Batch=256, Prob=0.8, Usar_sampler=1 *************************
[GPU: 1]  Fin evaluación: Alpha=0.3,  Epochs=100, Batch=256, Prob=0.3, Usar_sampler=1 *************************
[GPU: 1]  Evaluando: Alpha=0.3, Epochs=100, Batch=256, Prob=0.7, Usar_sampler=1
[GPU: 0]  Fin evaluación: Alpha=0.3,  Epochs=100, Batch=256, Prob=0.2, Usar_sampler=1 *************************
[GPU: 0]  Evaluando: Alpha=0.3, Epochs=100, Batch=256, Prob=0.8, Usar_sampler=1
[GPU: 1]  Evaluando: Alpha=0.5, Epochs=100, Batch=256, Prob=0.2, Usar_sampler=1
[GPU: 0]  Fin evaluación: Alpha=0.3,  Epochs=100, Batch=256, Prob=0.4, Usar_sampler=1 *************************
[GPU: 1]  Fin evaluación: Alpha=0.3,  Epochs=100, Batch=256, Prob=0.5, Usar_sampler=1 *************************
[GPU: 0]  Evaluando: Alpha=0.5, Epochs=100, Batch=256, Prob=0.3, Usar_sampler=1
[GPU: 1]  Evaluando: Alpha=0.5, Epochs=100, Batch=256, Prob=0.4, Usar_sampler=1
[GPU: 1]  Fin evaluación: Alpha=0.3,  Epochs=100, Batch=256, Prob=0.7, Usar_sampler=1 *************************
[GPU: 0]  Fin evaluación: Alpha=0.3,  Epochs=100, Batch=256, Prob=0.6, Usar_sampler=1 *************************
[GPU: 0]  Evaluando: Alpha=0.5, Epochs=100, Batch=256, Prob=0.5, Usar_sampler=1
[GPU: 0]  Fin evaluación: Alpha=0.3,  Epochs=100, Batch=256, Prob=0.8, Usar_sampler=1 *************************
[GPU: 1]  Evaluando: Alpha=0.5, Epochs=100, Batch=256, Prob=0.6, Usar_sampler=1
[GPU: 0]  Evaluando: Alpha=0.5, Epochs=100, Batch=256, Prob=0.7, Usar_sampler=1
[GPU: 1]  Fin evaluación: Alpha=0.5,  Epochs=100, Batch=256, Prob=0.2, Usar_sampler=1 *************************
[GPU: 1]  Evaluando: Alpha=0.5, Epochs=100, Batch=256, Prob=0.8, Usar_sampler=1
[GPU: 0]  Fin evaluación: Alpha=0.5,  Epochs=100, Batch=256, Prob=0.3, Usar_sampler=1 *************************
[GPU: 0]  Evaluando: Alpha=0.7, Epochs=100, Batch=256, Prob=0.2, Usar_sampler=1
[GPU: 1]  Fin evaluación: Alpha=0.5,  Epochs=100, Batch=256, Prob=0.4, Usar_sampler=1 *************************
[GPU: 1]  Evaluando: Alpha=0.7, Epochs=100, Batch=256, Prob=0.3, Usar_sampler=1
[GPU: 0]  Fin evaluación: Alpha=0.5,  Epochs=100, Batch=256, Prob=0.5, Usar_sampler=1 *************************
[GPU: 0]  Evaluando: Alpha=0.7, Epochs=100, Batch=256, Prob=0.4, Usar_sampler=1
[GPU: 0]  Fin evaluación: Alpha=0.5,  Epochs=100, Batch=256, Prob=0.7, Usar_sampler=1 *************************
[GPU: 1]  Fin evaluación: Alpha=0.5,  Epochs=100, Batch=256, Prob=0.6, Usar_sampler=1 *************************
[GPU: 1]  Evaluando: Alpha=0.7, Epochs=100, Batch=256, Prob=0.5, Usar_sampler=1
[GPU: 0]  Evaluando: Alpha=0.7, Epochs=100, Batch=256, Prob=0.6, Usar_sampler=1
[GPU: 1]  Fin evaluación: Alpha=0.5,  Epochs=100, Batch=256, Prob=0.8, Usar_sampler=1 *************************
[GPU: 1]  Evaluando: Alpha=0.7, Epochs=100, Batch=256, Prob=0.7, Usar_sampler=1
[GPU: 0]  Fin evaluación: Alpha=0.7,  Epochs=100, Batch=256, Prob=0.2, Usar_sampler=1 *************************
[GPU: 0]  Evaluando: Alpha=0.7, Epochs=100, Batch=256, Prob=0.8, Usar_sampler=1
[GPU: 1]  Fin evaluación: Alpha=0.7,  Epochs=100, Batch=256, Prob=0.3, Usar_sampler=1 *************************
[GPU: 1]  Evaluando: Alpha=0.9, Epochs=100, Batch=256, Prob=0.2, Usar_sampler=1
[GPU: 0]  Fin evaluación: Alpha=0.7,  Epochs=100, Batch=256, Prob=0.4, Usar_sampler=1 *************************
[GPU: 0]  Evaluando: Alpha=0.9, Epochs=100, Batch=256, Prob=0.3, Usar_sampler=1
[GPU: 1]  Fin evaluación: Alpha=0.7,  Epochs=100, Batch=256, Prob=0.5, Usar_sampler=1 *************************
[GPU: 1]  Evaluando: Alpha=0.9, Epochs=100, Batch=256, Prob=0.4, Usar_sampler=1
[GPU: 0]  Fin evaluación: Alpha=0.7,  Epochs=100, Batch=256, Prob=0.6, Usar_sampler=1 *************************
[GPU: 0]  Evaluando: Alpha=0.9, Epochs=100, Batch=256, Prob=0.5, Usar_sampler=1
[GPU: 1]  Fin evaluación: Alpha=0.7,  Epochs=100, Batch=256, Prob=0.7, Usar_sampler=1 *************************
[GPU: 1]  Evaluando: Alpha=0.9, Epochs=100, Batch=256, Prob=0.6, Usar_sampler=1
[GPU: 0]  Fin evaluación: Alpha=0.7,  Epochs=100, Batch=256, Prob=0.8, Usar_sampler=1 *************************
[GPU: 0]  Evaluando: Alpha=0.9, Epochs=100, Batch=256, Prob=0.7, Usar_sampler=1
[GPU: 1]  Fin evaluación: Alpha=0.9,  Epochs=100, Batch=256, Prob=0.2, Usar_sampler=1 *************************
[GPU: 1]  Evaluando: Alpha=0.9, Epochs=100, Batch=256, Prob=0.8, Usar_sampler=1
[GPU: 0]  Fin evaluación: Alpha=0.9,  Epochs=100, Batch=256, Prob=0.3, Usar_sampler=1 *************************
[GPU: 0]  Evaluando: Alpha=1.0, Epochs=100, Batch=256, Prob=0.2, Usar_sampler=1
[GPU: 1]  Fin evaluación: Alpha=0.9,  Epochs=100, Batch=256, Prob=0.4, Usar_sampler=1 *************************
[GPU: 1]  Evaluando: Alpha=1.0, Epochs=100, Batch=256, Prob=0.3, Usar_sampler=1
[GPU: 0]  Fin evaluación: Alpha=0.9,  Epochs=100, Batch=256, Prob=0.5, Usar_sampler=1 *************************
[GPU: 0]  Evaluando: Alpha=1.0, Epochs=100, Batch=256, Prob=0.4, Usar_sampler=1
[GPU: 1]  Fin evaluación: Alpha=0.9,  Epochs=100, Batch=256, Prob=0.6, Usar_sampler=1 *************************
[GPU: 1]  Evaluando: Alpha=1.0, Epochs=100, Batch=256, Prob=0.5, Usar_sampler=1
[GPU: 0]  Fin evaluación: Alpha=0.9,  Epochs=100, Batch=256, Prob=0.7, Usar_sampler=1 *************************
[GPU: 0]  Evaluando: Alpha=1.0, Epochs=100, Batch=256, Prob=0.6, Usar_sampler=1
[GPU: 1]  Fin evaluación: Alpha=0.9,  Epochs=100, Batch=256, Prob=0.8, Usar_sampler=1 *************************
[GPU: 1]  Evaluando: Alpha=1.0, Epochs=100, Batch=256, Prob=0.7, Usar_sampler=1
[GPU: 0]  Fin evaluación: Alpha=1.0,  Epochs=100, Batch=256, Prob=0.2, Usar_sampler=1 *************************
[GPU: 0]  Evaluando: Alpha=1.0, Epochs=100, Batch=256, Prob=0.8, Usar_sampler=1
[GPU: 1]  Fin evaluación: Alpha=1.0,  Epochs=100, Batch=256, Prob=0.3, Usar_sampler=1 *************************
[GPU: 0]  Fin evaluación: Alpha=1.0,  Epochs=100, Batch=256, Prob=0.4, Usar_sampler=1 *************************
[GPU: 1]  Fin evaluación: Alpha=1.0,  Epochs=100, Batch=256, Prob=0.5, Usar_sampler=1 *************************
[GPU: 0]  Fin evaluación: Alpha=1.0,  Epochs=100, Batch=256, Prob=0.6, Usar_sampler=1 *************************
[GPU: 1]  Fin evaluación: Alpha=1.0,  Epochs=100, Batch=256, Prob=0.7, Usar_sampler=1 *************************
[GPU: 0]  Fin evaluación: Alpha=1.0,  Epochs=100, Batch=256, Prob=0.8, Usar_sampler=1 *************************

--- Ejecutando evaluación final paralela (10 experimentos) ---
ACABÓ LA PRUEBA
ACABÓ LA PRUEBA
ACABÓ LA PRUEBA
ACABÓ LA PRUEBA
ACABÓ LA PRUEBA
ACABÓ LA PRUEBA
ACABÓ LA PRUEBA
ACABÓ LA PRUEBA
ACABÓ LA PRUEBA
ACABÓ LA PRUEBA

============================================================
RESULTADOS FINALES PROMEDIADOS (CONJUNTO DE TEST) SOBRE EL FICHERO: oitaven
============================================================
Mejor Configuración: Alpha=0.3, Epoch=100, Batch=256, Prob=0.8, Sampler=1
------------------------------------------------------------
ACCURACY POR CLASE:
  Clase 01: 96.75% ± 0.96%
  Clase 02: 84.10% ± 2.51%
  Clase 03: 85.26% ± 2.32%
  Clase 04: 95.47% ± 3.40%
  Clase 05: 90.77% ± 2.60%
  Clase 06: 94.18% ± 1.89%
  Clase 07: 95.67% ± 0.38%
  Clase 08: 93.95% ± 0.65%
  Clase 09: 99.62% ± 0.24%
  Clase 10: 90.47% ± 0.66%
------------------------------------------------------------
OA Final: 94.22% ± 0.31%
AA Final: 92.62% ± 0.75%
------------------------------------------------------------
Tiempo entrenamiento total medio con hiperparámetros óptimos: 53.29 s
Tiempo medio por época con hiperparámetros óptimos: 0.5329 s
============================================================
------------------------------------------
Ejecutando prueba iteración: 1...
GPUs detectadas: 2
********************Ejecutando prueba sobre el dataset das_mestas ******************************
Cargando datos en memoria principal...
--- Cargando hiperparámetros óptimos desde hiperParametros_CUTMIX_Con_Aumentado.json ---

--- Ejecutando evaluación final paralela (10 experimentos) ---
ACABÓ LA PRUEBA
ACABÓ LA PRUEBA
ACABÓ LA PRUEBA
ACABÓ LA PRUEBA
ACABÓ LA PRUEBA
ACABÓ LA PRUEBA
ACABÓ LA PRUEBA
ACABÓ LA PRUEBA
ACABÓ LA PRUEBA
ACABÓ LA PRUEBA

============================================================
RESULTADOS FINALES PROMEDIADOS (CONJUNTO DE TEST) SOBRE EL FICHERO: das_mestas
============================================================
Mejor Configuración: Alpha=0.3, Epoch=100, Batch=256, Prob=0.8, Sampler=1
------------------------------------------------------------
ACCURACY POR CLASE:
  Clase 02: 74.55% ± 1.04%
  Clase 07: 90.16% ± 0.41%
  Clase 08: 97.59% ± 0.63%
  Clase 10: 94.51% ± 0.21%
------------------------------------------------------------
OA Final: 90.68% ± 0.12%
AA Final: 89.20% ± 0.25%
------------------------------------------------------------
Tiempo entrenamiento total medio con hiperparámetros óptimos: 94.93 s
Tiempo medio por época con hiperparámetros óptimos: 0.9493 s
============================================================
Prueba iteracion 1 finalizada.
********************************************
Ejecutando prueba iteración: 2...
GPUs detectadas: 2
********************Ejecutando prueba sobre el dataset eiras_dam ******************************
Cargando datos en memoria principal...
--- Cargando hiperparámetros óptimos desde hiperParametros_CUTMIX_Con_Aumentado.json ---

--- Ejecutando evaluación final paralela (10 experimentos) ---
ACABÓ LA PRUEBA
ACABÓ LA PRUEBA
ACABÓ LA PRUEBA
ACABÓ LA PRUEBA
ACABÓ LA PRUEBA
ACABÓ LA PRUEBA
ACABÓ LA PRUEBA
ACABÓ LA PRUEBA
ACABÓ LA PRUEBA
ACABÓ LA PRUEBA

============================================================
RESULTADOS FINALES PROMEDIADOS (CONJUNTO DE TEST) SOBRE EL FICHERO: eiras_dam
============================================================
Mejor Configuración: Alpha=0.3, Epoch=100, Batch=256, Prob=0.8, Sampler=1
------------------------------------------------------------
ACCURACY POR CLASE:
  Clase 01: 98.27% ± 0.49%
  Clase 02: 85.13% ± 3.57%
  Clase 03: 93.81% ± 2.35%
  Clase 04: 96.89% ± 1.96%
  Clase 05: 81.96% ± 4.83%
  Clase 06: 97.92% ± 3.21%
  Clase 07: 92.23% ± 1.88%
  Clase 08: 95.52% ± 1.12%
  Clase 09: 84.08% ± 6.70%
  Clase 10: 92.02% ± 4.71%
------------------------------------------------------------
OA Final: 94.81% ± 0.41%
AA Final: 91.78% ± 1.02%
------------------------------------------------------------
Tiempo entrenamiento total medio con hiperparámetros óptimos: 40.29 s
Tiempo medio por época con hiperparámetros óptimos: 0.4029 s
============================================================
Prueba iteracion 2 finalizada.
********************************************
Ejecutando prueba iteración: 3...
GPUs detectadas: 2
********************Ejecutando prueba sobre el dataset ermidas_creek ******************************
Cargando datos en memoria principal...
--- Cargando hiperparámetros óptimos desde hiperParametros_CUTMIX_Con_Aumentado.json ---

--- Ejecutando evaluación final paralela (10 experimentos) ---
ACABÓ LA PRUEBA
ACABÓ LA PRUEBA
ACABÓ LA PRUEBA
ACABÓ LA PRUEBA
ACABÓ LA PRUEBA
ACABÓ LA PRUEBA
ACABÓ LA PRUEBA
ACABÓ LA PRUEBA
ACABÓ LA PRUEBA
ACABÓ LA PRUEBA

============================================================
RESULTADOS FINALES PROMEDIADOS (CONJUNTO DE TEST) SOBRE EL FICHERO: ermidas_creek
============================================================
Mejor Configuración: Alpha=0.3, Epoch=100, Batch=256, Prob=0.8, Sampler=1
------------------------------------------------------------
ACCURACY POR CLASE:
  Clase 01: 93.10% ± 1.66%
  Clase 02: 93.45% ± 2.31%
  Clase 03: 89.01% ± 2.13%
  Clase 04: 98.03% ± 0.49%
  Clase 05: 98.50% ± 2.28%
  Clase 06: 98.25% ± 0.71%
  Clase 07: 98.16% ± 0.33%
  Clase 08: 96.53% ± 0.57%
  Clase 09: 97.66% ± 0.87%
  Clase 10: 97.49% ± 0.25%
------------------------------------------------------------
OA Final: 97.48% ± 0.13%
AA Final: 96.02% ± 0.33%
------------------------------------------------------------
Tiempo entrenamiento total medio con hiperparámetros óptimos: 60.02 s
Tiempo medio por época con hiperparámetros óptimos: 0.6002 s
============================================================
Prueba iteracion 3 finalizada.
********************************************
Ejecutando prueba iteración: 4...
GPUs detectadas: 2
********************Ejecutando prueba sobre el dataset ferreiras_river ******************************
Cargando datos en memoria principal...
--- Cargando hiperparámetros óptimos desde hiperParametros_CUTMIX_Con_Aumentado.json ---

--- Ejecutando evaluación final paralela (10 experimentos) ---
ACABÓ LA PRUEBA
ACABÓ LA PRUEBA
ACABÓ LA PRUEBA
ACABÓ LA PRUEBA
ACABÓ LA PRUEBA
ACABÓ LA PRUEBA
ACABÓ LA PRUEBA
ACABÓ LA PRUEBA
ACABÓ LA PRUEBA
ACABÓ LA PRUEBA

============================================================
RESULTADOS FINALES PROMEDIADOS (CONJUNTO DE TEST) SOBRE EL FICHERO: ferreiras_river
============================================================
Mejor Configuración: Alpha=0.3, Epoch=100, Batch=256, Prob=0.8, Sampler=1
------------------------------------------------------------
ACCURACY POR CLASE:
  Clase 02: 94.73% ± 0.33%
  Clase 04: 98.59% ± 0.43%
  Clase 07: 80.05% ± 0.81%
  Clase 08: 92.47% ± 1.66%
  Clase 09: 12.18% ± 8.86%
  Clase 10: 93.72% ± 0.42%
------------------------------------------------------------
OA Final: 91.14% ± 0.09%
AA Final: 78.62% ± 1.55%
------------------------------------------------------------
Tiempo entrenamiento total medio con hiperparámetros óptimos: 135.16 s
Tiempo medio por época con hiperparámetros óptimos: 1.3516 s
============================================================
Prueba iteracion 4 finalizada.
********************************************
Ejecutando prueba iteración: 5...
GPUs detectadas: 2
********************Ejecutando prueba sobre el dataset mera_river ******************************
Cargando datos en memoria principal...
--- Cargando hiperparámetros óptimos desde hiperParametros_CUTMIX_Con_Aumentado.json ---

--- Ejecutando evaluación final paralela (10 experimentos) ---
ACABÓ LA PRUEBA
ACABÓ LA PRUEBA
ACABÓ LA PRUEBA
ACABÓ LA PRUEBA
ACABÓ LA PRUEBA
ACABÓ LA PRUEBA
ACABÓ LA PRUEBA
ACABÓ LA PRUEBA
ACABÓ LA PRUEBA
ACABÓ LA PRUEBA

============================================================
RESULTADOS FINALES PROMEDIADOS (CONJUNTO DE TEST) SOBRE EL FICHERO: mera_river
============================================================
Mejor Configuración: Alpha=0.3, Epoch=100, Batch=256, Prob=0.8, Sampler=1
------------------------------------------------------------
ACCURACY POR CLASE:
  Clase 02: 88.34% ± 0.49%
  Clase 04: 94.23% ± 1.37%
  Clase 05: 79.80% ± 26.34%
  Clase 06: 32.84% ± 24.32%
  Clase 07: 86.39% ± 0.77%
  Clase 08: 97.65% ± 0.54%
  Clase 10: 93.30% ± 0.51%
------------------------------------------------------------
OA Final: 90.15% ± 0.13%
AA Final: 81.79% ± 4.84%
------------------------------------------------------------
Tiempo entrenamiento total medio con hiperparámetros óptimos: 152.11 s
Tiempo medio por época con hiperparámetros óptimos: 1.5211 s
============================================================
Prueba iteracion 5 finalizada.
********************************************
Ejecutando prueba iteración: 6...
GPUs detectadas: 2
********************Ejecutando prueba sobre el dataset ulla ******************************
Cargando datos en memoria principal...
--- Cargando hiperparámetros óptimos desde hiperParametros_CUTMIX_Con_Aumentado.json ---

--- Ejecutando evaluación final paralela (10 experimentos) ---
ACABÓ LA PRUEBA
ACABÓ LA PRUEBA
ACABÓ LA PRUEBA
ACABÓ LA PRUEBA
ACABÓ LA PRUEBA
ACABÓ LA PRUEBA
ACABÓ LA PRUEBA
ACABÓ LA PRUEBA
ACABÓ LA PRUEBA
ACABÓ LA PRUEBA

============================================================
RESULTADOS FINALES PROMEDIADOS (CONJUNTO DE TEST) SOBRE EL FICHERO: ulla
============================================================
Mejor Configuración: Alpha=0.3, Epoch=100, Batch=256, Prob=0.8, Sampler=1
------------------------------------------------------------
ACCURACY POR CLASE:
  Clase 02: 99.82% ± 0.12%
  Clase 04: 100.00% ± 0.00%
  Clase 07: 99.69% ± 0.34%
  Clase 08: 98.14% ± 0.79%
  Clase 09: 96.54% ± 3.16%
------------------------------------------------------------
OA Final: 98.74% ± 0.45%
AA Final: 98.84% ± 0.67%
------------------------------------------------------------
Tiempo entrenamiento total medio con hiperparámetros óptimos: 4.69 s
Tiempo medio por época con hiperparámetros óptimos: 0.0469 s
============================================================
Prueba iteracion 6 finalizada.
********************************************
Ejecutando prueba iteración: 7...
GPUs detectadas: 2
********************Ejecutando prueba sobre el dataset xesta ******************************
Cargando datos en memoria principal...
--- Cargando hiperparámetros óptimos desde hiperParametros_CUTMIX_Con_Aumentado.json ---

--- Ejecutando evaluación final paralela (10 experimentos) ---
ACABÓ LA PRUEBA
ACABÓ LA PRUEBA
ACABÓ LA PRUEBA
ACABÓ LA PRUEBA
ACABÓ LA PRUEBA
ACABÓ LA PRUEBA
ACABÓ LA PRUEBA
ACABÓ LA PRUEBA
ACABÓ LA PRUEBA
ACABÓ LA PRUEBA

============================================================
RESULTADOS FINALES PROMEDIADOS (CONJUNTO DE TEST) SOBRE EL FICHERO: xesta
============================================================
Mejor Configuración: Alpha=0.3, Epoch=100, Batch=256, Prob=0.8, Sampler=1
------------------------------------------------------------
ACCURACY POR CLASE:
  Clase 01: 88.51% ± 3.41%
  Clase 02: 86.20% ± 6.30%
  Clase 03: 93.03% ± 0.41%
  Clase 04: 96.25% ± 1.25%
  Clase 07: 98.55% ± 0.15%
  Clase 08: 96.67% ± 0.38%
------------------------------------------------------------
OA Final: 97.93% ± 0.11%
AA Final: 93.20% ± 1.10%
------------------------------------------------------------
Tiempo entrenamiento total medio con hiperparámetros óptimos: 151.18 s
Tiempo medio por época con hiperparámetros óptimos: 1.5118 s
============================================================
Prueba iteracion 7 finalizada.
********************************************
********** Se han finalizado todas las pruebas de CUTMIX con aumentado: 19:26:59 **********
