********** Iniciando experimentos VIT Básica con aumentado: 08:44:41 **********
Ejecutando: prueba inicial VIT Básica (sobre Oitaven)
GPUs detectadas: 2
********************Ejecutando prueba sobre el dataset oitaven ******************************
Cargando datos en memoria principal...
Ejecutando test de ViT...

============================================================
RESULTADOS FINALES PROMEDIADOS (CONJUNTO DE TEST) SOBRE EL FICHERO: oitaven
============================================================
Mejor Configuración ViT: Epoch=100, Batch=256, Sampler=1
------------------------------------------------------------
ACCURACY POR CLASE:
  Clase 01: 97.08% ± 0.80%
  Clase 02: 84.82% ± 2.28%
  Clase 03: 82.67% ± 2.39%
  Clase 04: 89.99% ± 4.26%
  Clase 05: 91.55% ± 1.99%
  Clase 06: 95.70% ± 1.79%
  Clase 07: 96.83% ± 0.37%
  Clase 08: 96.34% ± 0.50%
  Clase 09: 99.73% ± 0.14%
  Clase 10: 95.31% ± 0.80%
------------------------------------------------------------
OA Final: 96.04% ± 0.29%
AA Final: 93.00% ± 0.64%
------------------------------------------------------------
Tiempo entrenamiento total medio con hiperparámetros óptimos: 554.30 s
Tiempo medio por época con hiperparámetros óptimos: 5.5430 s
============================================================
------------------------------------------
Ejecutando prueba iteración: 1...
GPUs detectadas: 2
********************Ejecutando prueba sobre el dataset das_mestas ******************************
Cargando datos en memoria principal...
Ejecutando test de ViT...

============================================================
RESULTADOS FINALES PROMEDIADOS (CONJUNTO DE TEST) SOBRE EL FICHERO: das_mestas
============================================================
Mejor Configuración ViT: Epoch=100, Batch=256, Sampler=1
------------------------------------------------------------
ACCURACY POR CLASE:
  Clase 02: 73.88% ± 0.51%
  Clase 07: 90.68% ± 0.31%
  Clase 08: 96.32% ± 0.69%
  Clase 10: 94.72% ± 0.25%
------------------------------------------------------------
OA Final: 90.91% ± 0.10%
AA Final: 88.90% ± 0.23%
------------------------------------------------------------
Tiempo entrenamiento total medio con hiperparámetros óptimos: 1031.09 s
Tiempo medio por época con hiperparámetros óptimos: 10.3109 s
============================================================
Prueba iteracion 1 finalizada.
********************************************
Ejecutando prueba iteración: 2...
GPUs detectadas: 2
********************Ejecutando prueba sobre el dataset eiras_dam ******************************
Cargando datos en memoria principal...
Ejecutando test de ViT...

============================================================
RESULTADOS FINALES PROMEDIADOS (CONJUNTO DE TEST) SOBRE EL FICHERO: eiras_dam
============================================================
Mejor Configuración ViT: Epoch=100, Batch=256, Sampler=1
------------------------------------------------------------
ACCURACY POR CLASE:
  Clase 01: 99.25% ± 0.12%
  Clase 02: 79.17% ± 3.88%
  Clase 03: 95.23% ± 1.41%
  Clase 04: 94.94% ± 3.12%
  Clase 05: 85.05% ± 6.09%
  Clase 06: 80.78% ± 13.02%
  Clase 07: 93.84% ± 0.75%
  Clase 08: 96.66% ± 0.36%
  Clase 09: 83.68% ± 4.29%
  Clase 10: 78.23% ± 8.05%
------------------------------------------------------------
OA Final: 95.67% ± 0.28%
AA Final: 88.68% ± 1.35%
------------------------------------------------------------
Tiempo entrenamiento total medio con hiperparámetros óptimos: 405.84 s
Tiempo medio por época con hiperparámetros óptimos: 4.0584 s
============================================================
Prueba iteracion 2 finalizada.
********************************************
Ejecutando prueba iteración: 3...
GPUs detectadas: 2
********************Ejecutando prueba sobre el dataset ermidas_creek ******************************
Cargando datos en memoria principal...
Ejecutando test de ViT...

============================================================
RESULTADOS FINALES PROMEDIADOS (CONJUNTO DE TEST) SOBRE EL FICHERO: ermidas_creek
============================================================
Mejor Configuración ViT: Epoch=100, Batch=256, Sampler=1
------------------------------------------------------------
ACCURACY POR CLASE:
  Clase 01: 95.24% ± 1.10%
  Clase 02: 93.74% ± 1.82%
  Clase 03: 95.40% ± 1.72%
  Clase 04: 98.83% ± 0.37%
  Clase 05: 92.05% ± 5.94%
  Clase 06: 99.10% ± 0.86%
  Clase 07: 99.06% ± 0.12%
  Clase 08: 97.86% ± 0.31%
  Clase 09: 98.37% ± 0.59%
  Clase 10: 98.38% ± 0.38%
------------------------------------------------------------
OA Final: 98.50% ± 0.08%
AA Final: 96.80% ± 0.53%
------------------------------------------------------------
Tiempo entrenamiento total medio con hiperparámetros óptimos: 620.08 s
Tiempo medio por época con hiperparámetros óptimos: 6.2008 s
============================================================
Prueba iteracion 3 finalizada.
********************************************
Ejecutando prueba iteración: 4...
GPUs detectadas: 2
********************Ejecutando prueba sobre el dataset ferreiras_river ******************************
Cargando datos en memoria principal...
Ejecutando test de ViT...

============================================================
RESULTADOS FINALES PROMEDIADOS (CONJUNTO DE TEST) SOBRE EL FICHERO: ferreiras_river
============================================================
Mejor Configuración ViT: Epoch=100, Batch=256, Sampler=1
------------------------------------------------------------
ACCURACY POR CLASE:
  Clase 02: 94.43% ± 0.17%
  Clase 04: 97.88% ± 0.82%
  Clase 07: 81.99% ± 0.57%
  Clase 08: 93.61% ± 0.67%
  Clase 09: 27.66% ± 13.43%
  Clase 10: 94.19% ± 0.22%
------------------------------------------------------------
OA Final: 91.65% ± 0.08%
AA Final: 81.63% ± 2.27%
------------------------------------------------------------
Tiempo entrenamiento total medio con hiperparámetros óptimos: 1431.69 s
Tiempo medio por época con hiperparámetros óptimos: 14.3169 s
============================================================
Prueba iteracion 4 finalizada.
********************************************
Ejecutando prueba iteración: 5...
GPUs detectadas: 2
********************Ejecutando prueba sobre el dataset mera_river ******************************
Cargando datos en memoria principal...
Ejecutando test de ViT...

============================================================
RESULTADOS FINALES PROMEDIADOS (CONJUNTO DE TEST) SOBRE EL FICHERO: mera_river
============================================================
Mejor Configuración ViT: Epoch=100, Batch=256, Sampler=1
------------------------------------------------------------
ACCURACY POR CLASE:
  Clase 02: 87.52% ± 0.55%
  Clase 04: 93.93% ± 1.90%
  Clase 05: 0.00% ± 0.00%
  Clase 06: 62.38% ± 30.92%
  Clase 07: 88.93% ± 0.36%
  Clase 08: 96.82% ± 0.46%
  Clase 10: 93.52% ± 0.16%
------------------------------------------------------------
OA Final: 91.03% ± 0.15%
AA Final: 87.18% ± 5.13%
------------------------------------------------------------
Tiempo entrenamiento total medio con hiperparámetros óptimos: 1586.54 s
Tiempo medio por época con hiperparámetros óptimos: 15.8654 s
============================================================
Prueba iteracion 5 finalizada.
********************************************
Ejecutando prueba iteración: 6...
GPUs detectadas: 2
********************Ejecutando prueba sobre el dataset ulla ******************************
Cargando datos en memoria principal...
Ejecutando test de ViT...

============================================================
RESULTADOS FINALES PROMEDIADOS (CONJUNTO DE TEST) SOBRE EL FICHERO: ulla
============================================================
Mejor Configuración ViT: Epoch=100, Batch=256, Sampler=1
------------------------------------------------------------
ACCURACY POR CLASE:
  Clase 02: 99.97% ± 0.07%
  Clase 04: 100.00% ± 0.00%
  Clase 07: 98.12% ± 1.68%
  Clase 08: 97.69% ± 1.41%
  Clase 09: 82.17% ± 24.89%
------------------------------------------------------------
OA Final: 97.44% ± 1.83%
AA Final: 95.59% ± 5.16%
------------------------------------------------------------
Tiempo entrenamiento total medio con hiperparámetros óptimos: 38.75 s
Tiempo medio por época con hiperparámetros óptimos: 0.3875 s
============================================================
Prueba iteracion 6 finalizada.
********************************************
Ejecutando prueba iteración: 7...
GPUs detectadas: 2
********************Ejecutando prueba sobre el dataset xesta ******************************
Cargando datos en memoria principal...
Ejecutando test de ViT...

============================================================
RESULTADOS FINALES PROMEDIADOS (CONJUNTO DE TEST) SOBRE EL FICHERO: xesta
============================================================
Mejor Configuración ViT: Epoch=100, Batch=256, Sampler=1
------------------------------------------------------------
ACCURACY POR CLASE:
  Clase 01: 93.94% ± 3.63%
  Clase 02: 83.20% ± 4.20%
  Clase 03: 93.33% ± 0.80%
  Clase 04: 97.39% ± 1.07%
  Clase 07: 99.18% ± 0.10%
  Clase 08: 98.28% ± 0.28%
------------------------------------------------------------
OA Final: 98.77% ± 0.06%
AA Final: 94.22% ± 0.86%
------------------------------------------------------------
Tiempo entrenamiento total medio con hiperparámetros óptimos: 1606.68 s
Tiempo medio por época con hiperparámetros óptimos: 16.0668 s
============================================================
Prueba iteracion 7 finalizada.
********************************************
********** Se han finalizado todas las pruebas de VIT Básica con aumentado: 19:59:01 **********
