**Ejecutando dataset: 0 | Método: Rotacion_Zoom_Ruido_Espectral | Inicio: 21:12:00**
GPUs detectadas: 2
Usando el método de aumento: Rotacion_Zoom_Ruido_Espectral (ID: 14)
********************Ejecutando prueba sobre el dataset oitaven ******************************
Cargando datos en memoria principal...
Ejecutando test...
ACABÓ LA PRUEBA
ACABÓ LA PRUEBA
ACABÓ LA PRUEBA
ACABÓ LA PRUEBA
ACABÓ LA PRUEBA
ACABÓ LA PRUEBA
ACABÓ LA PRUEBA
ACABÓ LA PRUEBA
ACABÓ LA PRUEBA
ACABÓ LA PRUEBA

============================================================
RESULTADOS FINALES PROMEDIADOS (CONJUNTO DE TEST) SOBRE EL FICHERO: oitaven
============================================================
Configuración: Epoch=200, Batch=256, Sampler=1, ID Aumentado=14, Aumentado=Rotacion_Zoom_Ruido_Espectral
------------------------------------------------------------
ACCURACY POR CLASE:
  Clase 01: 96.88% ± 0.56%
  Clase 02: 86.05% ± 2.61%
  Clase 03: 84.64% ± 3.11%
  Clase 04: 90.59% ± 4.07%
  Clase 05: 89.43% ± 3.36%
  Clase 06: 94.58% ± 1.25%
  Clase 07: 95.92% ± 0.35%
  Clase 08: 94.74% ± 0.37%
  Clase 09: 99.22% ± 0.50%
  Clase 10: 91.94% ± 0.49%
------------------------------------------------------------
OA Final: 94.71% ± 0.21%
AA Final: 92.40% ± 0.56%
------------------------------------------------------------
Tiempo entrenamiento total medio con hiperparámetros óptimos: 249.85 s
Tiempo medio por época con hiperparámetros óptimos: 2.4985 s
============================================================
FINALIZACIÓN dataset: 0 | Método: Rotacion_Zoom_Ruido_Espectral | 21:22:02
********************************************
**Ejecutando dataset: 1 | Método: Rotacion_Zoom_Ruido_Espectral | Inicio: 21:39:51**
GPUs detectadas: 2
Usando el método de aumento: Rotacion_Zoom_Ruido_Espectral (ID: 14)
********************Ejecutando prueba sobre el dataset das_mestas ******************************
Cargando datos en memoria principal...
Ejecutando test...
ACABÓ LA PRUEBA
ACABÓ LA PRUEBA
ACABÓ LA PRUEBA
ACABÓ LA PRUEBA
ACABÓ LA PRUEBA
ACABÓ LA PRUEBA
ACABÓ LA PRUEBA
ACABÓ LA PRUEBA
ACABÓ LA PRUEBA
ACABÓ LA PRUEBA

============================================================
RESULTADOS FINALES PROMEDIADOS (CONJUNTO DE TEST) SOBRE EL FICHERO: das_mestas
============================================================
Configuración: Epoch=200, Batch=256, Sampler=1, ID Aumentado=14, Aumentado=Rotacion_Zoom_Ruido_Espectral
------------------------------------------------------------
ACCURACY POR CLASE:
  Clase 02: 75.75% ± 1.13%
  Clase 07: 90.42% ± 0.52%
  Clase 08: 97.46% ± 0.54%
  Clase 10: 94.13% ± 0.27%
------------------------------------------------------------
OA Final: 90.75% ± 0.13%
AA Final: 89.44% ± 0.22%
------------------------------------------------------------
Tiempo entrenamiento total medio con hiperparámetros óptimos: 445.86 s
Tiempo medio por época con hiperparámetros óptimos: 4.4586 s
============================================================
FINALIZACIÓN dataset: 1 | Método: Rotacion_Zoom_Ruido_Espectral | 21:56:33
********************************************
**Ejecutando dataset: 2 | Método: Rotacion_Zoom_Ruido_Espectral | Inicio: 22:12:31**
GPUs detectadas: 2
Usando el método de aumento: Rotacion_Zoom_Ruido_Espectral (ID: 14)
********************Ejecutando prueba sobre el dataset eiras_dam ******************************
Cargando datos en memoria principal...
Ejecutando test...
ACABÓ LA PRUEBA
ACABÓ LA PRUEBA
ACABÓ LA PRUEBA
ACABÓ LA PRUEBA
ACABÓ LA PRUEBA
ACABÓ LA PRUEBA
ACABÓ LA PRUEBA
ACABÓ LA PRUEBA
ACABÓ LA PRUEBA
ACABÓ LA PRUEBA

============================================================
RESULTADOS FINALES PROMEDIADOS (CONJUNTO DE TEST) SOBRE EL FICHERO: eiras_dam
============================================================
Configuración: Epoch=200, Batch=256, Sampler=1, ID Aumentado=14, Aumentado=Rotacion_Zoom_Ruido_Espectral
------------------------------------------------------------
ACCURACY POR CLASE:
  Clase 01: 98.57% ± 0.47%
  Clase 02: 86.36% ± 2.47%
  Clase 03: 93.29% ± 1.22%
  Clase 04: 92.35% ± 4.19%
  Clase 05: 74.47% ± 11.97%
  Clase 06: 88.13% ± 7.42%
  Clase 07: 93.06% ± 1.61%
  Clase 08: 96.42% ± 0.82%
  Clase 09: 77.31% ± 5.54%
  Clase 10: 88.51% ± 5.45%
------------------------------------------------------------
OA Final: 95.16% ± 0.31%
AA Final: 88.85% ± 1.58%
------------------------------------------------------------
Tiempo entrenamiento total medio con hiperparámetros óptimos: 179.76 s
Tiempo medio por época con hiperparámetros óptimos: 1.7976 s
============================================================
FINALIZACIÓN dataset: 2 | Método: Rotacion_Zoom_Ruido_Espectral | 22:21:28
********************************************
**Ejecutando dataset: 3 | Método: Rotacion_Zoom_Ruido_Espectral | Inicio: 22:40:13**
GPUs detectadas: 2
Usando el método de aumento: Rotacion_Zoom_Ruido_Espectral (ID: 14)
********************Ejecutando prueba sobre el dataset ermidas_creek ******************************
Cargando datos en memoria principal...
Ejecutando test...
ACABÓ LA PRUEBA
ACABÓ LA PRUEBA
ACABÓ LA PRUEBA
ACABÓ LA PRUEBA
ACABÓ LA PRUEBA
ACABÓ LA PRUEBA
ACABÓ LA PRUEBA
ACABÓ LA PRUEBA
ACABÓ LA PRUEBA
ACABÓ LA PRUEBA

============================================================
RESULTADOS FINALES PROMEDIADOS (CONJUNTO DE TEST) SOBRE EL FICHERO: ermidas_creek
============================================================
Configuración: Epoch=200, Batch=256, Sampler=1, ID Aumentado=14, Aumentado=Rotacion_Zoom_Ruido_Espectral
------------------------------------------------------------
ACCURACY POR CLASE:
  Clase 01: 93.66% ± 1.60%
  Clase 02: 93.30% ± 1.19%
  Clase 03: 92.74% ± 1.90%
  Clase 04: 98.42% ± 0.37%
  Clase 05: 97.04% ± 2.35%
  Clase 06: 98.05% ± 0.90%
  Clase 07: 98.48% ± 0.29%
  Clase 08: 97.31% ± 0.39%
  Clase 09: 97.77% ± 1.00%
  Clase 10: 97.69% ± 0.29%
------------------------------------------------------------
OA Final: 97.88% ± 0.16%
AA Final: 96.45% ± 0.34%
------------------------------------------------------------
Tiempo entrenamiento total medio con hiperparámetros óptimos: 269.57 s
Tiempo medio por época con hiperparámetros óptimos: 2.6957 s
============================================================
FINALIZACIÓN dataset: 3 | Método: Rotacion_Zoom_Ruido_Espectral | 22:55:44
********************************************
**Ejecutando dataset: 4 | Método: Rotacion_Zoom_Ruido_Espectral | Inicio: 23:24:28**
GPUs detectadas: 2
Usando el método de aumento: Rotacion_Zoom_Ruido_Espectral (ID: 14)
********************Ejecutando prueba sobre el dataset ferreiras_river ******************************
Cargando datos en memoria principal...
Ejecutando test...
ACABÓ LA PRUEBA
ACABÓ LA PRUEBA
ACABÓ LA PRUEBA
ACABÓ LA PRUEBA
ACABÓ LA PRUEBA
ACABÓ LA PRUEBA
ACABÓ LA PRUEBA
ACABÓ LA PRUEBA
ACABÓ LA PRUEBA
ACABÓ LA PRUEBA

============================================================
RESULTADOS FINALES PROMEDIADOS (CONJUNTO DE TEST) SOBRE EL FICHERO: ferreiras_river
============================================================
Configuración: Epoch=200, Batch=256, Sampler=1, ID Aumentado=14, Aumentado=Rotacion_Zoom_Ruido_Espectral
------------------------------------------------------------
ACCURACY POR CLASE:
  Clase 02: 94.84% ± 0.15%
  Clase 04: 97.66% ± 0.73%
  Clase 07: 81.41% ± 0.66%
  Clase 08: 95.08% ± 0.93%
  Clase 09: 13.73% ± 8.43%
  Clase 10: 93.41% ± 0.34%
------------------------------------------------------------
OA Final: 91.42% ± 0.11%
AA Final: 79.35% ± 1.42%
------------------------------------------------------------
Tiempo entrenamiento total medio con hiperparámetros óptimos: 628.97 s
Tiempo medio por época con hiperparámetros óptimos: 6.2897 s
============================================================
FINALIZACIÓN dataset: 4 | Método: Rotacion_Zoom_Ruido_Espectral | 23:48:22
********************************************
**Ejecutando dataset: 5 | Método: Rotacion_Zoom_Ruido_Espectral | Inicio: 00:25:11**
GPUs detectadas: 2
Usando el método de aumento: Rotacion_Zoom_Ruido_Espectral (ID: 14)
********************Ejecutando prueba sobre el dataset mera_river ******************************
Cargando datos en memoria principal...
Ejecutando test...
ACABÓ LA PRUEBA
ACABÓ LA PRUEBA
ACABÓ LA PRUEBA
ACABÓ LA PRUEBA
ACABÓ LA PRUEBA
ACABÓ LA PRUEBA
ACABÓ LA PRUEBA
ACABÓ LA PRUEBA
ACABÓ LA PRUEBA
ACABÓ LA PRUEBA

============================================================
RESULTADOS FINALES PROMEDIADOS (CONJUNTO DE TEST) SOBRE EL FICHERO: mera_river
============================================================
Configuración: Epoch=200, Batch=256, Sampler=1, ID Aumentado=14, Aumentado=Rotacion_Zoom_Ruido_Espectral
------------------------------------------------------------
ACCURACY POR CLASE:
  Clase 02: 88.62% ± 0.40%
  Clase 04: 92.21% ± 2.78%
  Clase 05: 89.18% ± 10.19%
  Clase 06: 40.39% ± 30.31%
  Clase 07: 87.55% ± 0.46%
  Clase 08: 97.51% ± 0.36%
  Clase 10: 93.25% ± 0.52%
------------------------------------------------------------
OA Final: 90.61% ± 0.07%
AA Final: 84.10% ± 4.17%
------------------------------------------------------------
Tiempo entrenamiento total medio con hiperparámetros óptimos: 702.49 s
Tiempo medio por época con hiperparámetros óptimos: 7.0249 s
============================================================
FINALIZACIÓN dataset: 5 | Método: Rotacion_Zoom_Ruido_Espectral | 00:56:58
********************************************
**Ejecutando dataset: 6 | Método: Rotacion_Zoom_Ruido_Espectral | Inicio: 01:17:38**
GPUs detectadas: 2
Usando el método de aumento: Rotacion_Zoom_Ruido_Espectral (ID: 14)
********************Ejecutando prueba sobre el dataset ulla ******************************
Cargando datos en memoria principal...
Ejecutando test...
ACABÓ LA PRUEBA
ACABÓ LA PRUEBA
ACABÓ LA PRUEBA
ACABÓ LA PRUEBA
ACABÓ LA PRUEBA
ACABÓ LA PRUEBA
ACABÓ LA PRUEBA
ACABÓ LA PRUEBA
ACABÓ LA PRUEBA
ACABÓ LA PRUEBA

============================================================
RESULTADOS FINALES PROMEDIADOS (CONJUNTO DE TEST) SOBRE EL FICHERO: ulla
============================================================
Configuración: Epoch=200, Batch=256, Sampler=1, ID Aumentado=14, Aumentado=Rotacion_Zoom_Ruido_Espectral
------------------------------------------------------------
ACCURACY POR CLASE:
  Clase 02: 99.98% ± 0.05%
  Clase 04: 95.54% ± 5.11%
  Clase 07: 99.44% ± 0.65%
  Clase 08: 97.84% ± 1.15%
  Clase 09: 94.08% ± 4.64%
------------------------------------------------------------
OA Final: 98.36% ± 0.55%
AA Final: 97.38% ± 1.41%
------------------------------------------------------------
Tiempo entrenamiento total medio con hiperparámetros óptimos: 17.91 s
Tiempo medio por época con hiperparámetros óptimos: 0.1791 s
============================================================
FINALIZACIÓN dataset: 6 | Método: Rotacion_Zoom_Ruido_Espectral | 01:20:19
********************************************
**Ejecutando dataset: 7 | Método: Rotacion_Zoom_Ruido_Espectral | Inicio: 01:42:00**
GPUs detectadas: 2
Usando el método de aumento: Rotacion_Zoom_Ruido_Espectral (ID: 14)
********************Ejecutando prueba sobre el dataset xesta ******************************
Cargando datos en memoria principal...
Ejecutando test...
ACABÓ LA PRUEBA
ACABÓ LA PRUEBA
ACABÓ LA PRUEBA
ACABÓ LA PRUEBA
ACABÓ LA PRUEBA
ACABÓ LA PRUEBA
ACABÓ LA PRUEBA
ACABÓ LA PRUEBA
ACABÓ LA PRUEBA
ACABÓ LA PRUEBA

============================================================
RESULTADOS FINALES PROMEDIADOS (CONJUNTO DE TEST) SOBRE EL FICHERO: xesta
============================================================
Configuración: Epoch=200, Batch=256, Sampler=1, ID Aumentado=14, Aumentado=Rotacion_Zoom_Ruido_Espectral
------------------------------------------------------------
ACCURACY POR CLASE:
  Clase 01: 90.90% ± 1.96%
  Clase 02: 84.17% ± 4.95%
  Clase 03: 92.81% ± 0.46%
  Clase 04: 96.80% ± 0.91%
  Clase 07: 98.42% ± 0.10%
  Clase 08: 97.37% ± 0.27%
------------------------------------------------------------
OA Final: 97.98% ± 0.08%
AA Final: 93.41% ± 0.86%
------------------------------------------------------------
Tiempo entrenamiento total medio con hiperparámetros óptimos: 700.32 s
Tiempo medio por época con hiperparámetros óptimos: 7.0032 s
============================================================
FINALIZACIÓN dataset: 7 | Método: Rotacion_Zoom_Ruido_Espectral | 02:08:18
********************************************
