**Ejecutando dataset: 0 | Método: Zoom_Simetrico | Inicio: 00:04:31**
GPUs detectadas: 2
Usando el método de aumento: Zoom Simétrico (ID: 2)
********************Ejecutando prueba sobre el dataset oitaven ******************************
Cargando datos en memoria principal...
Ejecutando test...
ACABÓ LA PRUEBA
ACABÓ LA PRUEBA
ACABÓ LA PRUEBA
ACABÓ LA PRUEBA
ACABÓ LA PRUEBA

============================================================
RESULTADOS FINALES PROMEDIADOS (CONJUNTO DE TEST) SOBRE EL FICHERO: oitaven
============================================================
Configuración: Epoch=200, Batch=256, Sampler=1, ID Aumentado=2, Aumentado=Zoom Simétrico
------------------------------------------------------------
ACCURACY POR CLASE:
  Clase 01: 97.83% ± 0.53%
  Clase 02: 85.14% ± 3.69%
  Clase 03: 82.03% ± 3.64%
  Clase 04: 89.92% ± 2.80%
  Clase 05: 87.84% ± 2.74%
  Clase 06: 95.38% ± 2.02%
  Clase 07: 95.75% ± 0.41%
  Clase 08: 95.20% ± 0.71%
  Clase 09: 99.12% ± 0.61%
  Clase 10: 93.05% ± 0.55%
------------------------------------------------------------
OA Final: 94.89% ± 0.14%
AA Final: 92.13% ± 0.59%
------------------------------------------------------------
Tiempo entrenamiento total medio con hiperparámetros óptimos: 183.13 s
Tiempo medio por época con hiperparámetros óptimos: 1.8313 s
============================================================
FINALIZACIÓN dataset: 0 | Método: Zoom_Simetrico | 00:08:40
********************************************
**Ejecutando dataset: 1 | Método: Zoom_Simetrico | Inicio: 00:41:01**
GPUs detectadas: 2
Usando el método de aumento: Zoom Simétrico (ID: 2)
********************Ejecutando prueba sobre el dataset das_mestas ******************************
Cargando datos en memoria principal...
Ejecutando test...
ACABÓ LA PRUEBA
ACABÓ LA PRUEBA
ACABÓ LA PRUEBA
ACABÓ LA PRUEBA
ACABÓ LA PRUEBA

============================================================
RESULTADOS FINALES PROMEDIADOS (CONJUNTO DE TEST) SOBRE EL FICHERO: das_mestas
============================================================
Configuración: Epoch=200, Batch=256, Sampler=1, ID Aumentado=2, Aumentado=Zoom Simétrico
------------------------------------------------------------
ACCURACY POR CLASE:
  Clase 02: 75.13% ± 1.24%
  Clase 07: 90.08% ± 0.62%
  Clase 08: 96.83% ± 0.78%
  Clase 10: 94.58% ± 0.22%
------------------------------------------------------------
OA Final: 90.72% ± 0.18%
AA Final: 89.16% ± 0.17%
------------------------------------------------------------
Tiempo entrenamiento total medio con hiperparámetros óptimos: 330.18 s
Tiempo medio por época con hiperparámetros óptimos: 3.3018 s
============================================================
FINALIZACIÓN dataset: 1 | Método: Zoom_Simetrico | 00:47:39
********************************************
**Ejecutando dataset: 2 | Método: Zoom_Simetrico | Inicio: 01:30:18**
GPUs detectadas: 2
Usando el método de aumento: Zoom Simétrico (ID: 2)
********************Ejecutando prueba sobre el dataset eiras_dam ******************************
Cargando datos en memoria principal...
Ejecutando test...
ACABÓ LA PRUEBA
ACABÓ LA PRUEBA
ACABÓ LA PRUEBA
ACABÓ LA PRUEBA
ACABÓ LA PRUEBA

============================================================
RESULTADOS FINALES PROMEDIADOS (CONJUNTO DE TEST) SOBRE EL FICHERO: eiras_dam
============================================================
Configuración: Epoch=200, Batch=256, Sampler=1, ID Aumentado=2, Aumentado=Zoom Simétrico
------------------------------------------------------------
ACCURACY POR CLASE:
  Clase 01: 98.30% ± 0.44%
  Clase 02: 84.07% ± 3.20%
  Clase 03: 94.37% ± 2.32%
  Clase 04: 93.09% ± 3.18%
  Clase 05: 80.03% ± 7.62%
  Clase 06: 87.39% ± 11.07%
  Clase 07: 94.63% ± 1.04%
  Clase 08: 95.61% ± 1.03%
  Clase 09: 79.30% ± 5.78%
  Clase 10: 83.50% ± 3.16%
------------------------------------------------------------
OA Final: 95.02% ± 0.49%
AA Final: 89.03% ± 1.11%
------------------------------------------------------------
Tiempo entrenamiento total medio con hiperparámetros óptimos: 132.35 s
Tiempo medio por época con hiperparámetros óptimos: 1.3235 s
============================================================
FINALIZACIÓN dataset: 2 | Método: Zoom_Simetrico | 01:34:17
********************************************
**Ejecutando dataset: 3 | Método: Zoom_Simetrico | Inicio: 02:11:50**
GPUs detectadas: 2
Usando el método de aumento: Zoom Simétrico (ID: 2)
********************Ejecutando prueba sobre el dataset ermidas_creek ******************************
Cargando datos en memoria principal...
Ejecutando test...
ACABÓ LA PRUEBA
ACABÓ LA PRUEBA
ACABÓ LA PRUEBA
ACABÓ LA PRUEBA
ACABÓ LA PRUEBA

============================================================
RESULTADOS FINALES PROMEDIADOS (CONJUNTO DE TEST) SOBRE EL FICHERO: ermidas_creek
============================================================
Configuración: Epoch=200, Batch=256, Sampler=1, ID Aumentado=2, Aumentado=Zoom Simétrico
------------------------------------------------------------
ACCURACY POR CLASE:
  Clase 01: 92.20% ± 2.24%
  Clase 02: 92.50% ± 0.57%
  Clase 03: 93.46% ± 0.72%
  Clase 04: 98.04% ± 0.62%
  Clase 05: 95.72% ± 7.36%
  Clase 06: 97.86% ± 1.06%
  Clase 07: 98.72% ± 0.17%
  Clase 08: 97.62% ± 0.25%
  Clase 09: 98.36% ± 0.48%
  Clase 10: 97.60% ± 0.21%
------------------------------------------------------------
OA Final: 97.96% ± 0.14%
AA Final: 96.21% ± 0.82%
------------------------------------------------------------
Tiempo entrenamiento total medio con hiperparámetros óptimos: 205.93 s
Tiempo medio por época con hiperparámetros óptimos: 2.0593 s
============================================================
FINALIZACIÓN dataset: 3 | Método: Zoom_Simetrico | 02:19:17
********************************************
**Ejecutando dataset: 4 | Método: Zoom_Simetrico | Inicio: 03:20:47**
GPUs detectadas: 2
Usando el método de aumento: Zoom Simétrico (ID: 2)
********************Ejecutando prueba sobre el dataset ferreiras_river ******************************
Cargando datos en memoria principal...
Ejecutando test...
ACABÓ LA PRUEBA
ACABÓ LA PRUEBA
ACABÓ LA PRUEBA
ACABÓ LA PRUEBA
ACABÓ LA PRUEBA

============================================================
RESULTADOS FINALES PROMEDIADOS (CONJUNTO DE TEST) SOBRE EL FICHERO: ferreiras_river
============================================================
Configuración: Epoch=200, Batch=256, Sampler=1, ID Aumentado=2, Aumentado=Zoom Simétrico
------------------------------------------------------------
ACCURACY POR CLASE:
  Clase 02: 94.61% ± 0.37%
  Clase 04: 97.34% ± 0.39%
  Clase 07: 80.65% ± 0.29%
  Clase 08: 95.22% ± 0.93%
  Clase 09: 10.00% ± 8.57%
  Clase 10: 93.79% ± 0.29%
------------------------------------------------------------
OA Final: 91.31% ± 0.06%
AA Final: 78.60% ± 1.33%
------------------------------------------------------------
Tiempo entrenamiento total medio con hiperparámetros óptimos: 460.89 s
Tiempo medio por época con hiperparámetros óptimos: 4.6089 s
============================================================
FINALIZACIÓN dataset: 4 | Método: Zoom_Simetrico | 03:30:16
********************************************
**Ejecutando dataset: 5 | Método: Zoom_Simetrico | Inicio: 04:41:51**
GPUs detectadas: 2
Usando el método de aumento: Zoom Simétrico (ID: 2)
********************Ejecutando prueba sobre el dataset mera_river ******************************
Cargando datos en memoria principal...
Ejecutando test...
ACABÓ LA PRUEBA
ACABÓ LA PRUEBA
ACABÓ LA PRUEBA
ACABÓ LA PRUEBA
ACABÓ LA PRUEBA

============================================================
RESULTADOS FINALES PROMEDIADOS (CONJUNTO DE TEST) SOBRE EL FICHERO: mera_river
============================================================
Configuración: Epoch=200, Batch=256, Sampler=1, ID Aumentado=2, Aumentado=Zoom Simétrico
------------------------------------------------------------
ACCURACY POR CLASE:
  Clase 02: 87.84% ± 0.62%
  Clase 04: 91.37% ± 0.91%
  Clase 05: 78.44% ± 0.00%
  Clase 06: 25.76% ± 22.59%
  Clase 07: 87.66% ± 0.54%
  Clase 08: 97.29% ± 0.20%
  Clase 10: 93.62% ± 0.38%
------------------------------------------------------------
OA Final: 90.65% ± 0.05%
AA Final: 80.28% ± 3.36%
------------------------------------------------------------
Tiempo entrenamiento total medio con hiperparámetros óptimos: 562.68 s
Tiempo medio por época con hiperparámetros óptimos: 5.6268 s
============================================================
FINALIZACIÓN dataset: 5 | Método: Zoom_Simetrico | 04:55:15
********************************************
**Ejecutando dataset: 6 | Método: Zoom_Simetrico | Inicio: 06:14:30**
GPUs detectadas: 2
Usando el método de aumento: Zoom Simétrico (ID: 2)
********************Ejecutando prueba sobre el dataset ulla ******************************
Cargando datos en memoria principal...
Ejecutando test...
ACABÓ LA PRUEBA
ACABÓ LA PRUEBA
ACABÓ LA PRUEBA
ACABÓ LA PRUEBA
ACABÓ LA PRUEBA

============================================================
RESULTADOS FINALES PROMEDIADOS (CONJUNTO DE TEST) SOBRE EL FICHERO: ulla
============================================================
Configuración: Epoch=200, Batch=256, Sampler=1, ID Aumentado=2, Aumentado=Zoom Simétrico
------------------------------------------------------------
ACCURACY POR CLASE:
  Clase 02: 99.97% ± 0.08%
  Clase 04: 100.00% ± 0.00%
  Clase 07: 99.12% ± 0.72%
  Clase 08: 99.01% ± 0.43%
  Clase 09: 92.85% ± 4.98%
------------------------------------------------------------
OA Final: 98.91% ± 0.38%
AA Final: 98.19% ± 0.97%
------------------------------------------------------------
Tiempo entrenamiento total medio con hiperparámetros óptimos: 13.54 s
Tiempo medio por época con hiperparámetros óptimos: 0.1354 s
============================================================
FINALIZACIÓN dataset: 6 | Método: Zoom_Simetrico | 06:16:02
********************************************
**Ejecutando dataset: 7 | Método: Zoom_Simetrico | Inicio: 06:42:46**
GPUs detectadas: 2
Usando el método de aumento: Zoom Simétrico (ID: 2)
********************Ejecutando prueba sobre el dataset xesta ******************************
Cargando datos en memoria principal...
Ejecutando test...
ACABÓ LA PRUEBA
ACABÓ LA PRUEBA
ACABÓ LA PRUEBA
ACABÓ LA PRUEBA
ACABÓ LA PRUEBA

============================================================
RESULTADOS FINALES PROMEDIADOS (CONJUNTO DE TEST) SOBRE EL FICHERO: xesta
============================================================
Configuración: Epoch=200, Batch=256, Sampler=1, ID Aumentado=2, Aumentado=Zoom Simétrico
------------------------------------------------------------
ACCURACY POR CLASE:
  Clase 01: 90.23% ± 3.23%
  Clase 02: 78.05% ± 4.28%
  Clase 03: 92.77% ± 0.40%
  Clase 04: 94.39% ± 2.30%
  Clase 07: 98.56% ± 0.05%
  Clase 08: 97.50% ± 0.18%
------------------------------------------------------------
OA Final: 98.07% ± 0.07%
AA Final: 91.92% ± 0.82%
------------------------------------------------------------
Tiempo entrenamiento total medio con hiperparámetros óptimos: 514.63 s
Tiempo medio por época con hiperparámetros óptimos: 5.1463 s
============================================================
FINALIZACIÓN dataset: 7 | Método: Zoom_Simetrico | 06:52:57
********************************************
