**Ejecutando dataset: 0 | Método: Ruido_Gaussiano | Inicio: 00:14:45**
GPUs detectadas: 2
Usando el método de aumento: Ruido Gaussiano (ID: 4)
********************Ejecutando prueba sobre el dataset oitaven ******************************
Cargando datos en memoria principal...
Ejecutando test...
ACABÓ LA PRUEBA
ACABÓ LA PRUEBA
ACABÓ LA PRUEBA
ACABÓ LA PRUEBA
ACABÓ LA PRUEBA

============================================================
RESULTADOS FINALES PROMEDIADOS (CONJUNTO DE TEST) SOBRE EL FICHERO: oitaven
============================================================
Configuración: Epoch=200, Batch=256, Sampler=1, ID Aumentado=4, Aumentado=Ruido Gaussiano
------------------------------------------------------------
ACCURACY POR CLASE:
  Clase 01: 84.75% ± 9.82%
  Clase 02: 78.94% ± 2.67%
  Clase 03: 83.81% ± 5.65%
  Clase 04: 89.83% ± 4.59%
  Clase 05: 91.56% ± 6.05%
  Clase 06: 91.87% ± 3.62%
  Clase 07: 97.82% ± 0.57%
  Clase 08: 88.01% ± 3.08%
  Clase 09: 98.13% ± 0.78%
  Clase 10: 87.36% ± 4.17%
------------------------------------------------------------
OA Final: 92.14% ± 0.92%
AA Final: 89.21% ± 0.89%
------------------------------------------------------------
Tiempo entrenamiento total medio con hiperparámetros óptimos: 84.30 s
Tiempo medio por época con hiperparámetros óptimos: 0.8430 s
============================================================
FINALIZACIÓN dataset: 0 | Método: Ruido_Gaussiano | 00:17:06
********************************************
**Ejecutando dataset: 1 | Método: Ruido_Gaussiano | Inicio: 00:57:58**
GPUs detectadas: 2
Usando el método de aumento: Ruido Gaussiano (ID: 4)
********************Ejecutando prueba sobre el dataset das_mestas ******************************
Cargando datos en memoria principal...
Ejecutando test...
ACABÓ LA PRUEBA
ACABÓ LA PRUEBA
ACABÓ LA PRUEBA
ACABÓ LA PRUEBA
ACABÓ LA PRUEBA

============================================================
RESULTADOS FINALES PROMEDIADOS (CONJUNTO DE TEST) SOBRE EL FICHERO: das_mestas
============================================================
Configuración: Epoch=200, Batch=256, Sampler=1, ID Aumentado=4, Aumentado=Ruido Gaussiano
------------------------------------------------------------
ACCURACY POR CLASE:
  Clase 02: 71.05% ± 1.28%
  Clase 07: 91.80% ± 1.14%
  Clase 08: 96.03% ± 0.71%
  Clase 10: 92.85% ± 1.88%
------------------------------------------------------------
OA Final: 90.32% ± 0.39%
AA Final: 87.93% ± 0.33%
------------------------------------------------------------
Tiempo entrenamiento total medio con hiperparámetros óptimos: 150.58 s
Tiempo medio por época con hiperparámetros óptimos: 1.5058 s
============================================================
FINALIZACIÓN dataset: 1 | Método: Ruido_Gaussiano | 01:01:35
********************************************
**Ejecutando dataset: 2 | Método: Ruido_Gaussiano | Inicio: 01:39:50**
GPUs detectadas: 2
Usando el método de aumento: Ruido Gaussiano (ID: 4)
********************Ejecutando prueba sobre el dataset eiras_dam ******************************
Cargando datos en memoria principal...
Ejecutando test...
ACABÓ LA PRUEBA
ACABÓ LA PRUEBA
ACABÓ LA PRUEBA
ACABÓ LA PRUEBA
ACABÓ LA PRUEBA

============================================================
RESULTADOS FINALES PROMEDIADOS (CONJUNTO DE TEST) SOBRE EL FICHERO: eiras_dam
============================================================
Configuración: Epoch=200, Batch=256, Sampler=1, ID Aumentado=4, Aumentado=Ruido Gaussiano
------------------------------------------------------------
ACCURACY POR CLASE:
  Clase 01: 97.73% ± 0.88%
  Clase 02: 85.38% ± 0.48%
  Clase 03: 90.59% ± 4.16%
  Clase 04: 96.41% ± 1.45%
  Clase 05: 70.90% ± 7.63%
  Clase 06: 82.01% ± 11.64%
  Clase 07: 90.80% ± 3.31%
  Clase 08: 96.47% ± 0.86%
  Clase 09: 76.83% ± 3.71%
  Clase 10: 90.19% ± 6.51%
------------------------------------------------------------
OA Final: 94.60% ± 0.58%
AA Final: 87.73% ± 1.74%
------------------------------------------------------------
Tiempo entrenamiento total medio con hiperparámetros óptimos: 61.42 s
Tiempo medio por época con hiperparámetros óptimos: 0.6142 s
============================================================
FINALIZACIÓN dataset: 2 | Método: Ruido_Gaussiano | 01:42:40
********************************************
**Ejecutando dataset: 3 | Método: Ruido_Gaussiano | Inicio: 02:28:47**
GPUs detectadas: 2
Usando el método de aumento: Ruido Gaussiano (ID: 4)
********************Ejecutando prueba sobre el dataset ermidas_creek ******************************
Cargando datos en memoria principal...
Ejecutando test...
ACABÓ LA PRUEBA
ACABÓ LA PRUEBA
ACABÓ LA PRUEBA
ACABÓ LA PRUEBA
ACABÓ LA PRUEBA

============================================================
RESULTADOS FINALES PROMEDIADOS (CONJUNTO DE TEST) SOBRE EL FICHERO: ermidas_creek
============================================================
Configuración: Epoch=200, Batch=256, Sampler=1, ID Aumentado=4, Aumentado=Ruido Gaussiano
------------------------------------------------------------
ACCURACY POR CLASE:
  Clase 01: 76.46% ± 8.14%
  Clase 02: 83.74% ± 1.24%
  Clase 03: 75.04% ± 6.30%
  Clase 04: 98.25% ± 0.91%
  Clase 05: 95.09% ± 4.59%
  Clase 06: 90.03% ± 3.37%
  Clase 07: 98.92% ± 0.26%
  Clase 08: 80.15% ± 8.62%
  Clase 09: 80.70% ± 7.15%
  Clase 10: 96.71% ± 1.05%
------------------------------------------------------------
OA Final: 94.47% ± 0.86%
AA Final: 87.51% ± 1.74%
------------------------------------------------------------
Tiempo entrenamiento total medio con hiperparámetros óptimos: 92.34 s
Tiempo medio por época con hiperparámetros óptimos: 0.9234 s
============================================================
FINALIZACIÓN dataset: 3 | Método: Ruido_Gaussiano | 02:34:15
********************************************
**Ejecutando dataset: 4 | Método: Ruido_Gaussiano | Inicio: 03:44:58**
GPUs detectadas: 2
Usando el método de aumento: Ruido Gaussiano (ID: 4)
********************Ejecutando prueba sobre el dataset ferreiras_river ******************************
Cargando datos en memoria principal...
Ejecutando test...
ACABÓ LA PRUEBA
ACABÓ LA PRUEBA
ACABÓ LA PRUEBA
ACABÓ LA PRUEBA
ACABÓ LA PRUEBA

============================================================
RESULTADOS FINALES PROMEDIADOS (CONJUNTO DE TEST) SOBRE EL FICHERO: ferreiras_river
============================================================
Configuración: Epoch=200, Batch=256, Sampler=1, ID Aumentado=4, Aumentado=Ruido Gaussiano
------------------------------------------------------------
ACCURACY POR CLASE:
  Clase 02: 94.85% ± 0.21%
  Clase 04: 94.98% ± 3.48%
  Clase 07: 84.00% ± 1.81%
  Clase 08: 89.55% ± 3.92%
  Clase 09: 6.05% ± 5.18%
  Clase 10: 88.48% ± 3.15%
------------------------------------------------------------
OA Final: 89.93% ± 0.88%
AA Final: 76.32% ± 1.61%
------------------------------------------------------------
Tiempo entrenamiento total medio con hiperparámetros óptimos: 213.85 s
Tiempo medio por época con hiperparámetros óptimos: 2.1385 s
============================================================
FINALIZACIÓN dataset: 4 | Método: Ruido_Gaussiano | 03:50:23
********************************************
**Ejecutando dataset: 5 | Método: Ruido_Gaussiano | Inicio: 05:13:34**
GPUs detectadas: 2
Usando el método de aumento: Ruido Gaussiano (ID: 4)
********************Ejecutando prueba sobre el dataset mera_river ******************************
Cargando datos en memoria principal...
Ejecutando test...
ACABÓ LA PRUEBA
ACABÓ LA PRUEBA
ACABÓ LA PRUEBA
ACABÓ LA PRUEBA
ACABÓ LA PRUEBA

============================================================
RESULTADOS FINALES PROMEDIADOS (CONJUNTO DE TEST) SOBRE EL FICHERO: mera_river
============================================================
Configuración: Epoch=200, Batch=256, Sampler=1, ID Aumentado=4, Aumentado=Ruido Gaussiano
------------------------------------------------------------
ACCURACY POR CLASE:
  Clase 02: 88.24% ± 0.60%
  Clase 04: 89.90% ± 2.99%
  Clase 05: 63.65% ± 35.22%
  Clase 06: 27.06% ± 27.67%
  Clase 07: 86.86% ± 1.62%
  Clase 08: 98.95% ± 0.51%
  Clase 10: 89.61% ± 1.48%
------------------------------------------------------------
OA Final: 88.95% ± 0.40%
AA Final: 77.75% ± 7.94%
------------------------------------------------------------
Tiempo entrenamiento total medio con hiperparámetros óptimos: 234.70 s
Tiempo medio por época con hiperparámetros óptimos: 2.3470 s
============================================================
FINALIZACIÓN dataset: 5 | Método: Ruido_Gaussiano | 05:22:13
********************************************
**Ejecutando dataset: 6 | Método: Ruido_Gaussiano | Inicio: 06:17:48**
GPUs detectadas: 2
Usando el método de aumento: Ruido Gaussiano (ID: 4)
********************Ejecutando prueba sobre el dataset ulla ******************************
Cargando datos en memoria principal...
Ejecutando test...
ACABÓ LA PRUEBA
ACABÓ LA PRUEBA
ACABÓ LA PRUEBA
ACABÓ LA PRUEBA
ACABÓ LA PRUEBA

============================================================
RESULTADOS FINALES PROMEDIADOS (CONJUNTO DE TEST) SOBRE EL FICHERO: ulla
============================================================
Configuración: Epoch=200, Batch=256, Sampler=1, ID Aumentado=4, Aumentado=Ruido Gaussiano
------------------------------------------------------------
ACCURACY POR CLASE:
  Clase 02: 100.00% ± 0.00%
  Clase 04: 98.57% ± 3.20%
  Clase 07: 99.24% ± 0.80%
  Clase 08: 98.12% ± 1.44%
  Clase 09: 90.05% ± 13.85%
------------------------------------------------------------
OA Final: 98.31% ± 0.63%
AA Final: 97.19% ± 3.14%
------------------------------------------------------------
Tiempo entrenamiento total medio con hiperparámetros óptimos: 6.90 s
Tiempo medio por época con hiperparámetros óptimos: 0.0690 s
============================================================
FINALIZACIÓN dataset: 6 | Método: Ruido_Gaussiano | 06:19:33
********************************************
**Ejecutando dataset: 7 | Método: Ruido_Gaussiano | Inicio: 07:08:49**
GPUs detectadas: 2
Usando el método de aumento: Ruido Gaussiano (ID: 4)
********************Ejecutando prueba sobre el dataset xesta ******************************
Cargando datos en memoria principal...
Ejecutando test...
ACABÓ LA PRUEBA
ACABÓ LA PRUEBA
ACABÓ LA PRUEBA
ACABÓ LA PRUEBA
ACABÓ LA PRUEBA

============================================================
RESULTADOS FINALES PROMEDIADOS (CONJUNTO DE TEST) SOBRE EL FICHERO: xesta
============================================================
Configuración: Epoch=200, Batch=256, Sampler=1, ID Aumentado=4, Aumentado=Ruido Gaussiano
------------------------------------------------------------
ACCURACY POR CLASE:
  Clase 01: 87.97% ± 4.98%
  Clase 02: 79.23% ± 5.06%
  Clase 03: 87.65% ± 1.52%
  Clase 04: 92.50% ± 2.07%
  Clase 07: 98.82% ± 0.19%
  Clase 08: 94.41% ± 1.26%
------------------------------------------------------------
OA Final: 97.46% ± 0.15%
AA Final: 90.10% ± 1.06%
------------------------------------------------------------
Tiempo entrenamiento total medio con hiperparámetros óptimos: 233.18 s
Tiempo medio por época con hiperparámetros óptimos: 2.3318 s
============================================================
FINALIZACIÓN dataset: 7 | Método: Ruido_Gaussiano | 07:14:11
********************************************
