********** Iniciando experimentos CNN Básica: 12:56:36 **********
Ejecutando: prueba inicial CNN Básica (sobre Oitaven)
********************Ejecutando prueba sobre el dataset oitaven ******************************
Cargando datos en memoria principal...
Ejecutando test...
ACABÓ LA PRUEBA
ACABÓ LA PRUEBA
ACABÓ LA PRUEBA
ACABÓ LA PRUEBA
ACABÓ LA PRUEBA

============================================================
RESULTADOS FINALES PROMEDIADOS (CONJUNTO DE TEST) SOBRE EL FICHERO: oitaven
============================================================
Mejor Configuración: Epoch=200, Batch=100
------------------------------------------------------------
ACCURACY POR CLASE:
  Clase 01: 97.28% ± 0.59%
  Clase 02: 80.29% ± 3.36%
  Clase 03: 76.21% ± 2.36%
  Clase 04: 89.32% ± 3.94%
  Clase 05: 85.23% ± 2.87%
  Clase 06: 91.93% ± 1.48%
  Clase 07: 97.11% ± 0.26%
  Clase 08: 96.08% ± 0.32%
  Clase 09: 98.74% ± 0.54%
  Clase 10: 92.90% ± 0.61%
------------------------------------------------------------
OA Final: 95.42% ± 0.15%
AA Final: 90.51% ± 0.97%
============================================================
------------------------------------------
Ejecutando prueba iteración: 1...
********************Ejecutando prueba sobre el dataset das_mestas ******************************
Cargando datos en memoria principal...
Ejecutando test...
ACABÓ LA PRUEBA
ACABÓ LA PRUEBA
ACABÓ LA PRUEBA
ACABÓ LA PRUEBA
ACABÓ LA PRUEBA

============================================================
RESULTADOS FINALES PROMEDIADOS (CONJUNTO DE TEST) SOBRE EL FICHERO: das_mestas
============================================================
Mejor Configuración: Epoch=200, Batch=100
------------------------------------------------------------
ACCURACY POR CLASE:
  Clase 02: 70.44% ± 1.15%
  Clase 07: 91.19% ± 0.26%
  Clase 08: 95.45% ± 0.81%
  Clase 10: 94.77% ± 0.24%
------------------------------------------------------------
OA Final: 90.79% ± 0.08%
AA Final: 87.96% ± 0.29%
============================================================
Prueba iteracion 1 finalizada.
********************************************
Ejecutando prueba iteración: 2...
********************Ejecutando prueba sobre el dataset eiras_dam ******************************
Cargando datos en memoria principal...
Ejecutando test...
ACABÓ LA PRUEBA
ACABÓ LA PRUEBA
ACABÓ LA PRUEBA
ACABÓ LA PRUEBA
ACABÓ LA PRUEBA

============================================================
RESULTADOS FINALES PROMEDIADOS (CONJUNTO DE TEST) SOBRE EL FICHERO: eiras_dam
============================================================
Mejor Configuración: Epoch=200, Batch=100
------------------------------------------------------------
ACCURACY POR CLASE:
  Clase 01: 99.00% ± 0.27%
  Clase 02: 82.86% ± 3.42%
  Clase 03: 92.85% ± 1.15%
  Clase 04: 94.71% ± 2.57%
  Clase 05: 78.13% ± 5.54%
  Clase 06: 85.64% ± 12.03%
  Clase 07: 95.65% ± 1.16%
  Clase 08: 98.63% ± 0.36%
  Clase 09: 77.99% ± 4.39%
  Clase 10: 84.06% ± 8.61%
------------------------------------------------------------
OA Final: 96.86% ± 0.17%
AA Final: 88.95% ± 1.29%
============================================================
Prueba iteracion 2 finalizada.
********************************************
Ejecutando prueba iteración: 3...
********************Ejecutando prueba sobre el dataset ermidas_creek ******************************
Cargando datos en memoria principal...
Ejecutando test...
ACABÓ LA PRUEBA
ACABÓ LA PRUEBA
ACABÓ LA PRUEBA
ACABÓ LA PRUEBA
ACABÓ LA PRUEBA

============================================================
RESULTADOS FINALES PROMEDIADOS (CONJUNTO DE TEST) SOBRE EL FICHERO: ermidas_creek
============================================================
Mejor Configuración: Epoch=200, Batch=100
------------------------------------------------------------
ACCURACY POR CLASE:
  Clase 01: 92.10% ± 1.61%
  Clase 02: 91.83% ± 0.51%
  Clase 03: 92.08% ± 2.17%
  Clase 04: 98.14% ± 0.51%
  Clase 05: 97.61% ± 1.94%
  Clase 06: 97.97% ± 1.17%
  Clase 07: 99.31% ± 0.09%
  Clase 08: 97.28% ± 0.33%
  Clase 09: 97.79% ± 0.47%
  Clase 10: 98.31% ± 0.16%
------------------------------------------------------------
OA Final: 98.31% ± 0.06%
AA Final: 96.24% ± 0.57%
============================================================
Prueba iteracion 3 finalizada.
********************************************
Ejecutando prueba iteración: 4...
********************Ejecutando prueba sobre el dataset ferreiras_river ******************************
Cargando datos en memoria principal...
Ejecutando test...
ACABÓ LA PRUEBA
ACABÓ LA PRUEBA
ACABÓ LA PRUEBA
ACABÓ LA PRUEBA
ACABÓ LA PRUEBA

============================================================
RESULTADOS FINALES PROMEDIADOS (CONJUNTO DE TEST) SOBRE EL FICHERO: ferreiras_river
============================================================
Mejor Configuración: Epoch=200, Batch=100
------------------------------------------------------------
ACCURACY POR CLASE:
  Clase 02: 94.29% ± 0.15%
  Clase 04: 95.82% ± 2.04%
  Clase 07: 79.87% ± 0.42%
  Clase 08: 89.68% ± 0.79%
  Clase 09: 10.19% ± 7.26%
  Clase 10: 93.80% ± 0.22%
------------------------------------------------------------
OA Final: 90.87% ± 0.14%
AA Final: 77.28% ± 1.39%
============================================================
Prueba iteracion 4 finalizada.
********************************************
Ejecutando prueba iteración: 5...
********************Ejecutando prueba sobre el dataset mera_river ******************************
Cargando datos en memoria principal...
Ejecutando test...
ACABÓ LA PRUEBA
ACABÓ LA PRUEBA
ACABÓ LA PRUEBA
ACABÓ LA PRUEBA
ACABÓ LA PRUEBA

============================================================
RESULTADOS FINALES PROMEDIADOS (CONJUNTO DE TEST) SOBRE EL FICHERO: mera_river
============================================================
Mejor Configuración: Epoch=200, Batch=100
------------------------------------------------------------
ACCURACY POR CLASE:
  Clase 02: 86.67% ± 0.35%
  Clase 04: 86.31% ± 4.00%
  Clase 05: 48.53% ± 19.61%
  Clase 06: 7.69% ± 4.21%
  Clase 07: 88.26% ± 0.15%
  Clase 08: 96.32% ± 0.17%
  Clase 10: 93.24% ± 0.19%
------------------------------------------------------------
OA Final: 90.46% ± 0.12%
AA Final: 72.43% ± 2.51%
============================================================
Prueba iteracion 5 finalizada.
********************************************
Ejecutando prueba iteración: 6...
********************Ejecutando prueba sobre el dataset ulla ******************************
Cargando datos en memoria principal...
Ejecutando test...
ACABÓ LA PRUEBA
ACABÓ LA PRUEBA
ACABÓ LA PRUEBA
ACABÓ LA PRUEBA
ACABÓ LA PRUEBA

============================================================
RESULTADOS FINALES PROMEDIADOS (CONJUNTO DE TEST) SOBRE EL FICHERO: ulla
============================================================
Mejor Configuración: Epoch=200, Batch=100
------------------------------------------------------------
ACCURACY POR CLASE:
  Clase 02: 99.87% ± 0.21%
  Clase 04: 98.21% ± 4.01%
  Clase 07: 99.75% ± 0.26%
  Clase 08: 98.94% ± 0.44%
  Clase 09: 90.53% ± 5.94%
------------------------------------------------------------
OA Final: 98.88% ± 0.37%
AA Final: 97.46% ± 1.81%
============================================================
Prueba iteracion 6 finalizada.
********************************************
Ejecutando prueba iteración: 7...
********************Ejecutando prueba sobre el dataset xesta ******************************
Cargando datos en memoria principal...
Ejecutando test...
ACABÓ LA PRUEBA
ACABÓ LA PRUEBA
ACABÓ LA PRUEBA
ACABÓ LA PRUEBA
ACABÓ LA PRUEBA

============================================================
RESULTADOS FINALES PROMEDIADOS (CONJUNTO DE TEST) SOBRE EL FICHERO: xesta
============================================================
Mejor Configuración: Epoch=200, Batch=100
------------------------------------------------------------
ACCURACY POR CLASE:
  Clase 01: 86.84% ± 2.15%
  Clase 02: 64.52% ± 4.30%
  Clase 03: 90.05% ± 0.86%
  Clase 04: 93.64% ± 2.24%
  Clase 07: 99.01% ± 0.06%
  Clase 08: 96.85% ± 0.44%
------------------------------------------------------------
OA Final: 98.15% ± 0.12%
AA Final: 88.49% ± 1.38%
============================================================
Prueba iteracion 7 finalizada.
********************************************
********** Se han finalizado todas las pruebas: 13:24:07 **********
