********** Iniciando experimentos FMIX: 13:40:13 **********
Ejecutando: prueba inicial FMIX (sobre Oitaven)
********************Ejecutando prueba sobre el dataset oitaven ******************************
Cargando datos en memoria principal...
--- Iniciando Grid Search Paralelo (48 combinaciones) ---
 Evaluando: Alpha=0.1, Decay=2.0, Soft=0.0, Epochs=200, Batch=100, Prob=0.2
 Evaluando: Alpha=0.1, Decay=2.0, Soft=0.0, Epochs=200, Batch=100, Prob=0.5
 Evaluando: Alpha=0.1, Decay=2.0, Soft=0.0, Epochs=200, Batch=100, Prob=0.7
 Fin evaluación: Alpha=0.1, Decay=2.0, Soft=0.0, Epochs=200, Batch=100, Prob=0.2 *************************
 Evaluando: Alpha=0.1, Decay=2.0, Soft=0.5, Epochs=200, Batch=100, Prob=0.2
 Fin evaluación: Alpha=0.1, Decay=2.0, Soft=0.0, Epochs=200, Batch=100, Prob=0.5 *************************
 Evaluando: Alpha=0.1, Decay=2.0, Soft=0.5, Epochs=200, Batch=100, Prob=0.5
 Fin evaluación: Alpha=0.1, Decay=2.0, Soft=0.0, Epochs=200, Batch=100, Prob=0.7 *************************
 Evaluando: Alpha=0.1, Decay=2.0, Soft=0.5, Epochs=200, Batch=100, Prob=0.7
 Fin evaluación: Alpha=0.1, Decay=2.0, Soft=0.5, Epochs=200, Batch=100, Prob=0.2 *************************
 Evaluando: Alpha=0.1, Decay=3.0, Soft=0.0, Epochs=200, Batch=100, Prob=0.2
 Fin evaluación: Alpha=0.1, Decay=2.0, Soft=0.5, Epochs=200, Batch=100, Prob=0.5 *************************
 Evaluando: Alpha=0.1, Decay=3.0, Soft=0.0, Epochs=200, Batch=100, Prob=0.5
 Fin evaluación: Alpha=0.1, Decay=2.0, Soft=0.5, Epochs=200, Batch=100, Prob=0.7 *************************
 Evaluando: Alpha=0.1, Decay=3.0, Soft=0.0, Epochs=200, Batch=100, Prob=0.7
 Fin evaluación: Alpha=0.1, Decay=3.0, Soft=0.0, Epochs=200, Batch=100, Prob=0.2 *************************
 Evaluando: Alpha=0.1, Decay=3.0, Soft=0.5, Epochs=200, Batch=100, Prob=0.2
 Fin evaluación: Alpha=0.1, Decay=3.0, Soft=0.0, Epochs=200, Batch=100, Prob=0.5 *************************
 Evaluando: Alpha=0.1, Decay=3.0, Soft=0.5, Epochs=200, Batch=100, Prob=0.5
 Fin evaluación: Alpha=0.1, Decay=3.0, Soft=0.0, Epochs=200, Batch=100, Prob=0.7 *************************
 Evaluando: Alpha=0.1, Decay=3.0, Soft=0.5, Epochs=200, Batch=100, Prob=0.7
 Fin evaluación: Alpha=0.1, Decay=3.0, Soft=0.5, Epochs=200, Batch=100, Prob=0.2 *************************
 Evaluando: Alpha=0.5, Decay=2.0, Soft=0.0, Epochs=200, Batch=100, Prob=0.2
 Fin evaluación: Alpha=0.1, Decay=3.0, Soft=0.5, Epochs=200, Batch=100, Prob=0.5 *************************
 Evaluando: Alpha=0.5, Decay=2.0, Soft=0.0, Epochs=200, Batch=100, Prob=0.5
 Fin evaluación: Alpha=0.5, Decay=2.0, Soft=0.0, Epochs=200, Batch=100, Prob=0.2 *************************
 Evaluando: Alpha=0.5, Decay=2.0, Soft=0.0, Epochs=200, Batch=100, Prob=0.7
 Fin evaluación: Alpha=0.1, Decay=3.0, Soft=0.5, Epochs=200, Batch=100, Prob=0.7 *************************
 Evaluando: Alpha=0.5, Decay=2.0, Soft=0.5, Epochs=200, Batch=100, Prob=0.2
 Fin evaluación: Alpha=0.5, Decay=2.0, Soft=0.0, Epochs=200, Batch=100, Prob=0.5 *************************
 Evaluando: Alpha=0.5, Decay=2.0, Soft=0.5, Epochs=200, Batch=100, Prob=0.5
 Fin evaluación: Alpha=0.5, Decay=2.0, Soft=0.0, Epochs=200, Batch=100, Prob=0.7 *************************
 Fin evaluación: Alpha=0.5, Decay=2.0, Soft=0.5, Epochs=200, Batch=100, Prob=0.2 *************************
 Evaluando: Alpha=0.5, Decay=2.0, Soft=0.5, Epochs=200, Batch=100, Prob=0.7
 Evaluando: Alpha=0.5, Decay=3.0, Soft=0.0, Epochs=200, Batch=100, Prob=0.2
 Fin evaluación: Alpha=0.5, Decay=2.0, Soft=0.5, Epochs=200, Batch=100, Prob=0.5 *************************
 Evaluando: Alpha=0.5, Decay=3.0, Soft=0.0, Epochs=200, Batch=100, Prob=0.5
 Fin evaluación: Alpha=0.5, Decay=3.0, Soft=0.0, Epochs=200, Batch=100, Prob=0.2 *************************
 Evaluando: Alpha=0.5, Decay=3.0, Soft=0.0, Epochs=200, Batch=100, Prob=0.7
 Fin evaluación: Alpha=0.5, Decay=2.0, Soft=0.5, Epochs=200, Batch=100, Prob=0.7 *************************
 Evaluando: Alpha=0.5, Decay=3.0, Soft=0.5, Epochs=200, Batch=100, Prob=0.2
 Fin evaluación: Alpha=0.5, Decay=3.0, Soft=0.0, Epochs=200, Batch=100, Prob=0.5 *************************
 Evaluando: Alpha=0.5, Decay=3.0, Soft=0.5, Epochs=200, Batch=100, Prob=0.5
 Fin evaluación: Alpha=0.5, Decay=3.0, Soft=0.5, Epochs=200, Batch=100, Prob=0.2 *************************
 Fin evaluación: Alpha=0.5, Decay=3.0, Soft=0.0, Epochs=200, Batch=100, Prob=0.7 *************************
 Evaluando: Alpha=0.5, Decay=3.0, Soft=0.5, Epochs=200, Batch=100, Prob=0.7
 Evaluando: Alpha=1.0, Decay=2.0, Soft=0.0, Epochs=200, Batch=100, Prob=0.2
 Fin evaluación: Alpha=0.5, Decay=3.0, Soft=0.5, Epochs=200, Batch=100, Prob=0.5 *************************
 Evaluando: Alpha=1.0, Decay=2.0, Soft=0.0, Epochs=200, Batch=100, Prob=0.5
 Fin evaluación: Alpha=1.0, Decay=2.0, Soft=0.0, Epochs=200, Batch=100, Prob=0.2 *************************
 Evaluando: Alpha=1.0, Decay=2.0, Soft=0.0, Epochs=200, Batch=100, Prob=0.7
 Fin evaluación: Alpha=0.5, Decay=3.0, Soft=0.5, Epochs=200, Batch=100, Prob=0.7 *************************
 Evaluando: Alpha=1.0, Decay=2.0, Soft=0.5, Epochs=200, Batch=100, Prob=0.2
 Fin evaluación: Alpha=1.0, Decay=2.0, Soft=0.0, Epochs=200, Batch=100, Prob=0.5 *************************
 Evaluando: Alpha=1.0, Decay=2.0, Soft=0.5, Epochs=200, Batch=100, Prob=0.5
 Fin evaluación: Alpha=1.0, Decay=2.0, Soft=0.5, Epochs=200, Batch=100, Prob=0.2 *************************
 Fin evaluación: Alpha=1.0, Decay=2.0, Soft=0.0, Epochs=200, Batch=100, Prob=0.7 *************************
 Evaluando: Alpha=1.0, Decay=2.0, Soft=0.5, Epochs=200, Batch=100, Prob=0.7
 Evaluando: Alpha=1.0, Decay=3.0, Soft=0.0, Epochs=200, Batch=100, Prob=0.2
 Fin evaluación: Alpha=1.0, Decay=2.0, Soft=0.5, Epochs=200, Batch=100, Prob=0.5 *************************
 Evaluando: Alpha=1.0, Decay=3.0, Soft=0.0, Epochs=200, Batch=100, Prob=0.5
 Fin evaluación: Alpha=1.0, Decay=3.0, Soft=0.0, Epochs=200, Batch=100, Prob=0.2 *************************
 Evaluando: Alpha=1.0, Decay=3.0, Soft=0.0, Epochs=200, Batch=100, Prob=0.7
 Fin evaluación: Alpha=1.0, Decay=2.0, Soft=0.5, Epochs=200, Batch=100, Prob=0.7 *************************
 Evaluando: Alpha=1.0, Decay=3.0, Soft=0.5, Epochs=200, Batch=100, Prob=0.2
 Fin evaluación: Alpha=1.0, Decay=3.0, Soft=0.0, Epochs=200, Batch=100, Prob=0.5 *************************
 Evaluando: Alpha=1.0, Decay=3.0, Soft=0.5, Epochs=200, Batch=100, Prob=0.5
 Fin evaluación: Alpha=1.0, Decay=3.0, Soft=0.5, Epochs=200, Batch=100, Prob=0.2 *************************
 Evaluando: Alpha=1.0, Decay=3.0, Soft=0.5, Epochs=200, Batch=100, Prob=0.7
 Fin evaluación: Alpha=1.0, Decay=3.0, Soft=0.0, Epochs=200, Batch=100, Prob=0.7 *************************
 Evaluando: Alpha=1.5, Decay=2.0, Soft=0.0, Epochs=200, Batch=100, Prob=0.2
 Fin evaluación: Alpha=1.0, Decay=3.0, Soft=0.5, Epochs=200, Batch=100, Prob=0.5 *************************
 Evaluando: Alpha=1.5, Decay=2.0, Soft=0.0, Epochs=200, Batch=100, Prob=0.5
 Fin evaluación: Alpha=1.5, Decay=2.0, Soft=0.0, Epochs=200, Batch=100, Prob=0.2 *************************
 Evaluando: Alpha=1.5, Decay=2.0, Soft=0.0, Epochs=200, Batch=100, Prob=0.7
 Fin evaluación: Alpha=1.0, Decay=3.0, Soft=0.5, Epochs=200, Batch=100, Prob=0.7 *************************
 Evaluando: Alpha=1.5, Decay=2.0, Soft=0.5, Epochs=200, Batch=100, Prob=0.2
 Fin evaluación: Alpha=1.5, Decay=2.0, Soft=0.0, Epochs=200, Batch=100, Prob=0.5 *************************
 Evaluando: Alpha=1.5, Decay=2.0, Soft=0.5, Epochs=200, Batch=100, Prob=0.5
 Fin evaluación: Alpha=1.5, Decay=2.0, Soft=0.5, Epochs=200, Batch=100, Prob=0.2 *************************
 Evaluando: Alpha=1.5, Decay=2.0, Soft=0.5, Epochs=200, Batch=100, Prob=0.7
 Fin evaluación: Alpha=1.5, Decay=2.0, Soft=0.0, Epochs=200, Batch=100, Prob=0.7 *************************
 Evaluando: Alpha=1.5, Decay=3.0, Soft=0.0, Epochs=200, Batch=100, Prob=0.2
 Fin evaluación: Alpha=1.5, Decay=2.0, Soft=0.5, Epochs=200, Batch=100, Prob=0.5 *************************
 Evaluando: Alpha=1.5, Decay=3.0, Soft=0.0, Epochs=200, Batch=100, Prob=0.5
 Fin evaluación: Alpha=1.5, Decay=3.0, Soft=0.0, Epochs=200, Batch=100, Prob=0.2 *************************
 Evaluando: Alpha=1.5, Decay=3.0, Soft=0.0, Epochs=200, Batch=100, Prob=0.7
 Fin evaluación: Alpha=1.5, Decay=2.0, Soft=0.5, Epochs=200, Batch=100, Prob=0.7 *************************
 Evaluando: Alpha=1.5, Decay=3.0, Soft=0.5, Epochs=200, Batch=100, Prob=0.2
 Fin evaluación: Alpha=1.5, Decay=3.0, Soft=0.0, Epochs=200, Batch=100, Prob=0.5 *************************
 Evaluando: Alpha=1.5, Decay=3.0, Soft=0.5, Epochs=200, Batch=100, Prob=0.5
 Fin evaluación: Alpha=1.5, Decay=3.0, Soft=0.5, Epochs=200, Batch=100, Prob=0.2 *************************
 Evaluando: Alpha=1.5, Decay=3.0, Soft=0.5, Epochs=200, Batch=100, Prob=0.7
 Fin evaluación: Alpha=1.5, Decay=3.0, Soft=0.0, Epochs=200, Batch=100, Prob=0.7 *************************
 Fin evaluación: Alpha=1.5, Decay=3.0, Soft=0.5, Epochs=200, Batch=100, Prob=0.5 *************************
 Fin evaluación: Alpha=1.5, Decay=3.0, Soft=0.5, Epochs=200, Batch=100, Prob=0.7 *************************

--- Ejecutando evaluación final paralela (5 experimentos) ---
ACABÓ LA PRUEBA
ACABÓ LA PRUEBA
ACABÓ LA PRUEBA
ACABÓ LA PRUEBA
ACABÓ LA PRUEBA

============================================================
RESULTADOS FINALES PROMEDIADOS (CONJUNTO DE TEST) SOBRE EL FICHERO: oitaven
============================================================
Mejor Configuración: Alpha=1.5, Decay=2.0, Soft=0.0, Epoch=200, Batch=100, Prob=0.2
------------------------------------------------------------
ACCURACY POR CLASE:
  Clase 01: 96.99% ± 0.90%
  Clase 02: 80.21% ± 2.52%
  Clase 03: 78.99% ± 2.04%
  Clase 04: 93.92% ± 2.30%
  Clase 05: 90.95% ± 2.23%
  Clase 06: 93.09% ± 1.26%
  Clase 07: 97.78% ± 0.18%
  Clase 08: 96.71% ± 0.56%
  Clase 09: 99.33% ± 0.32%
  Clase 10: 92.79% ± 0.93%
------------------------------------------------------------
OA Final: 96.08% ± 0.08%
AA Final: 92.08% ± 0.14%
============================================================
------------------------------------------
Ejecutando prueba iteración: 1...
********************Ejecutando prueba sobre el dataset das_mestas ******************************
Cargando datos en memoria principal...
--- Iniciando Grid Search Paralelo (48 combinaciones) ---
 Evaluando: Alpha=0.1, Decay=2.0, Soft=0.0, Epochs=200, Batch=100, Prob=0.2
 Evaluando: Alpha=0.1, Decay=2.0, Soft=0.0, Epochs=200, Batch=100, Prob=0.5
 Evaluando: Alpha=0.1, Decay=2.0, Soft=0.0, Epochs=200, Batch=100, Prob=0.7
 Fin evaluación: Alpha=0.1, Decay=2.0, Soft=0.0, Epochs=200, Batch=100, Prob=0.2 *************************
 Evaluando: Alpha=0.1, Decay=2.0, Soft=0.5, Epochs=200, Batch=100, Prob=0.2
 Fin evaluación: Alpha=0.1, Decay=2.0, Soft=0.0, Epochs=200, Batch=100, Prob=0.5 *************************
 Evaluando: Alpha=0.1, Decay=2.0, Soft=0.5, Epochs=200, Batch=100, Prob=0.5
 Fin evaluación: Alpha=0.1, Decay=2.0, Soft=0.0, Epochs=200, Batch=100, Prob=0.7 *************************
 Evaluando: Alpha=0.1, Decay=2.0, Soft=0.5, Epochs=200, Batch=100, Prob=0.7
 Fin evaluación: Alpha=0.1, Decay=2.0, Soft=0.5, Epochs=200, Batch=100, Prob=0.2 *************************
 Evaluando: Alpha=0.1, Decay=3.0, Soft=0.0, Epochs=200, Batch=100, Prob=0.2
 Fin evaluación: Alpha=0.1, Decay=2.0, Soft=0.5, Epochs=200, Batch=100, Prob=0.5 *************************
 Evaluando: Alpha=0.1, Decay=3.0, Soft=0.0, Epochs=200, Batch=100, Prob=0.5
 Fin evaluación: Alpha=0.1, Decay=2.0, Soft=0.5, Epochs=200, Batch=100, Prob=0.7 *************************
 Evaluando: Alpha=0.1, Decay=3.0, Soft=0.0, Epochs=200, Batch=100, Prob=0.7
 Fin evaluación: Alpha=0.1, Decay=3.0, Soft=0.0, Epochs=200, Batch=100, Prob=0.2 *************************
 Evaluando: Alpha=0.1, Decay=3.0, Soft=0.5, Epochs=200, Batch=100, Prob=0.2
 Fin evaluación: Alpha=0.1, Decay=3.0, Soft=0.0, Epochs=200, Batch=100, Prob=0.5 *************************
 Evaluando: Alpha=0.1, Decay=3.0, Soft=0.5, Epochs=200, Batch=100, Prob=0.5
 Fin evaluación: Alpha=0.1, Decay=3.0, Soft=0.0, Epochs=200, Batch=100, Prob=0.7 *************************
 Evaluando: Alpha=0.1, Decay=3.0, Soft=0.5, Epochs=200, Batch=100, Prob=0.7
 Fin evaluación: Alpha=0.1, Decay=3.0, Soft=0.5, Epochs=200, Batch=100, Prob=0.2 *************************
 Evaluando: Alpha=0.5, Decay=2.0, Soft=0.0, Epochs=200, Batch=100, Prob=0.2
 Fin evaluación: Alpha=0.1, Decay=3.0, Soft=0.5, Epochs=200, Batch=100, Prob=0.5 *************************
 Evaluando: Alpha=0.5, Decay=2.0, Soft=0.0, Epochs=200, Batch=100, Prob=0.5
 Fin evaluación: Alpha=0.5, Decay=2.0, Soft=0.0, Epochs=200, Batch=100, Prob=0.2 *************************
 Evaluando: Alpha=0.5, Decay=2.0, Soft=0.0, Epochs=200, Batch=100, Prob=0.7
 Fin evaluación: Alpha=0.1, Decay=3.0, Soft=0.5, Epochs=200, Batch=100, Prob=0.7 *************************
 Evaluando: Alpha=0.5, Decay=2.0, Soft=0.5, Epochs=200, Batch=100, Prob=0.2
 Fin evaluación: Alpha=0.5, Decay=2.0, Soft=0.0, Epochs=200, Batch=100, Prob=0.5 *************************
 Evaluando: Alpha=0.5, Decay=2.0, Soft=0.5, Epochs=200, Batch=100, Prob=0.5
 Fin evaluación: Alpha=0.5, Decay=2.0, Soft=0.5, Epochs=200, Batch=100, Prob=0.2 *************************
 Evaluando: Alpha=0.5, Decay=2.0, Soft=0.5, Epochs=200, Batch=100, Prob=0.7
 Fin evaluación: Alpha=0.5, Decay=2.0, Soft=0.0, Epochs=200, Batch=100, Prob=0.7 *************************
 Evaluando: Alpha=0.5, Decay=3.0, Soft=0.0, Epochs=200, Batch=100, Prob=0.2
 Fin evaluación: Alpha=0.5, Decay=2.0, Soft=0.5, Epochs=200, Batch=100, Prob=0.5 *************************
 Evaluando: Alpha=0.5, Decay=3.0, Soft=0.0, Epochs=200, Batch=100, Prob=0.5
 Fin evaluación: Alpha=0.5, Decay=3.0, Soft=0.0, Epochs=200, Batch=100, Prob=0.2 *************************
 Evaluando: Alpha=0.5, Decay=3.0, Soft=0.0, Epochs=200, Batch=100, Prob=0.7
 Fin evaluación: Alpha=0.5, Decay=2.0, Soft=0.5, Epochs=200, Batch=100, Prob=0.7 *************************
 Evaluando: Alpha=0.5, Decay=3.0, Soft=0.5, Epochs=200, Batch=100, Prob=0.2
 Fin evaluación: Alpha=0.5, Decay=3.0, Soft=0.0, Epochs=200, Batch=100, Prob=0.5 *************************
 Evaluando: Alpha=0.5, Decay=3.0, Soft=0.5, Epochs=200, Batch=100, Prob=0.5
 Fin evaluación: Alpha=0.5, Decay=3.0, Soft=0.5, Epochs=200, Batch=100, Prob=0.2 *************************
 Evaluando: Alpha=0.5, Decay=3.0, Soft=0.5, Epochs=200, Batch=100, Prob=0.7
 Fin evaluación: Alpha=0.5, Decay=3.0, Soft=0.0, Epochs=200, Batch=100, Prob=0.7 *************************
 Evaluando: Alpha=1.0, Decay=2.0, Soft=0.0, Epochs=200, Batch=100, Prob=0.2
 Fin evaluación: Alpha=0.5, Decay=3.0, Soft=0.5, Epochs=200, Batch=100, Prob=0.5 *************************
 Evaluando: Alpha=1.0, Decay=2.0, Soft=0.0, Epochs=200, Batch=100, Prob=0.5
 Fin evaluación: Alpha=1.0, Decay=2.0, Soft=0.0, Epochs=200, Batch=100, Prob=0.2 *************************
 Evaluando: Alpha=1.0, Decay=2.0, Soft=0.0, Epochs=200, Batch=100, Prob=0.7
 Fin evaluación: Alpha=0.5, Decay=3.0, Soft=0.5, Epochs=200, Batch=100, Prob=0.7 *************************
 Evaluando: Alpha=1.0, Decay=2.0, Soft=0.5, Epochs=200, Batch=100, Prob=0.2
 Fin evaluación: Alpha=1.0, Decay=2.0, Soft=0.0, Epochs=200, Batch=100, Prob=0.5 *************************
 Evaluando: Alpha=1.0, Decay=2.0, Soft=0.5, Epochs=200, Batch=100, Prob=0.5
 Fin evaluación: Alpha=1.0, Decay=2.0, Soft=0.5, Epochs=200, Batch=100, Prob=0.2 *************************
 Evaluando: Alpha=1.0, Decay=2.0, Soft=0.5, Epochs=200, Batch=100, Prob=0.7
 Fin evaluación: Alpha=1.0, Decay=2.0, Soft=0.0, Epochs=200, Batch=100, Prob=0.7 *************************
 Evaluando: Alpha=1.0, Decay=3.0, Soft=0.0, Epochs=200, Batch=100, Prob=0.2
 Fin evaluación: Alpha=1.0, Decay=2.0, Soft=0.5, Epochs=200, Batch=100, Prob=0.5 *************************
 Evaluando: Alpha=1.0, Decay=3.0, Soft=0.0, Epochs=200, Batch=100, Prob=0.5
 Fin evaluación: Alpha=1.0, Decay=3.0, Soft=0.0, Epochs=200, Batch=100, Prob=0.2 *************************
 Evaluando: Alpha=1.0, Decay=3.0, Soft=0.0, Epochs=200, Batch=100, Prob=0.7
 Fin evaluación: Alpha=1.0, Decay=2.0, Soft=0.5, Epochs=200, Batch=100, Prob=0.7 *************************
 Evaluando: Alpha=1.0, Decay=3.0, Soft=0.5, Epochs=200, Batch=100, Prob=0.2
 Fin evaluación: Alpha=1.0, Decay=3.0, Soft=0.0, Epochs=200, Batch=100, Prob=0.5 *************************
 Evaluando: Alpha=1.0, Decay=3.0, Soft=0.5, Epochs=200, Batch=100, Prob=0.5
 Fin evaluación: Alpha=1.0, Decay=3.0, Soft=0.5, Epochs=200, Batch=100, Prob=0.2 *************************
 Evaluando: Alpha=1.0, Decay=3.0, Soft=0.5, Epochs=200, Batch=100, Prob=0.7
 Fin evaluación: Alpha=1.0, Decay=3.0, Soft=0.0, Epochs=200, Batch=100, Prob=0.7 *************************
 Evaluando: Alpha=1.5, Decay=2.0, Soft=0.0, Epochs=200, Batch=100, Prob=0.2
 Fin evaluación: Alpha=1.0, Decay=3.0, Soft=0.5, Epochs=200, Batch=100, Prob=0.5 *************************
 Evaluando: Alpha=1.5, Decay=2.0, Soft=0.0, Epochs=200, Batch=100, Prob=0.5
 Fin evaluación: Alpha=1.5, Decay=2.0, Soft=0.0, Epochs=200, Batch=100, Prob=0.2 *************************
 Evaluando: Alpha=1.5, Decay=2.0, Soft=0.0, Epochs=200, Batch=100, Prob=0.7
 Fin evaluación: Alpha=1.0, Decay=3.0, Soft=0.5, Epochs=200, Batch=100, Prob=0.7 *************************
 Evaluando: Alpha=1.5, Decay=2.0, Soft=0.5, Epochs=200, Batch=100, Prob=0.2
 Fin evaluación: Alpha=1.5, Decay=2.0, Soft=0.0, Epochs=200, Batch=100, Prob=0.5 *************************
 Evaluando: Alpha=1.5, Decay=2.0, Soft=0.5, Epochs=200, Batch=100, Prob=0.5
 Fin evaluación: Alpha=1.5, Decay=2.0, Soft=0.5, Epochs=200, Batch=100, Prob=0.2 *************************
 Evaluando: Alpha=1.5, Decay=2.0, Soft=0.5, Epochs=200, Batch=100, Prob=0.7
 Fin evaluación: Alpha=1.5, Decay=2.0, Soft=0.0, Epochs=200, Batch=100, Prob=0.7 *************************
 Evaluando: Alpha=1.5, Decay=3.0, Soft=0.0, Epochs=200, Batch=100, Prob=0.2
 Fin evaluación: Alpha=1.5, Decay=2.0, Soft=0.5, Epochs=200, Batch=100, Prob=0.5 *************************
 Evaluando: Alpha=1.5, Decay=3.0, Soft=0.0, Epochs=200, Batch=100, Prob=0.5
 Fin evaluación: Alpha=1.5, Decay=3.0, Soft=0.0, Epochs=200, Batch=100, Prob=0.2 *************************
 Evaluando: Alpha=1.5, Decay=3.0, Soft=0.0, Epochs=200, Batch=100, Prob=0.7
 Fin evaluación: Alpha=1.5, Decay=2.0, Soft=0.5, Epochs=200, Batch=100, Prob=0.7 *************************
 Evaluando: Alpha=1.5, Decay=3.0, Soft=0.5, Epochs=200, Batch=100, Prob=0.2
 Fin evaluación: Alpha=1.5, Decay=3.0, Soft=0.0, Epochs=200, Batch=100, Prob=0.5 *************************
 Evaluando: Alpha=1.5, Decay=3.0, Soft=0.5, Epochs=200, Batch=100, Prob=0.5
 Fin evaluación: Alpha=1.5, Decay=3.0, Soft=0.5, Epochs=200, Batch=100, Prob=0.2 *************************
 Evaluando: Alpha=1.5, Decay=3.0, Soft=0.5, Epochs=200, Batch=100, Prob=0.7
 Fin evaluación: Alpha=1.5, Decay=3.0, Soft=0.0, Epochs=200, Batch=100, Prob=0.7 *************************
 Fin evaluación: Alpha=1.5, Decay=3.0, Soft=0.5, Epochs=200, Batch=100, Prob=0.5 *************************
 Fin evaluación: Alpha=1.5, Decay=3.0, Soft=0.5, Epochs=200, Batch=100, Prob=0.7 *************************

--- Ejecutando evaluación final paralela (5 experimentos) ---
ACABÓ LA PRUEBA
ACABÓ LA PRUEBA
ACABÓ LA PRUEBA
ACABÓ LA PRUEBA
ACABÓ LA PRUEBA

============================================================
RESULTADOS FINALES PROMEDIADOS (CONJUNTO DE TEST) SOBRE EL FICHERO: das_mestas
============================================================
Mejor Configuración: Alpha=1.5, Decay=2.0, Soft=0.0, Epoch=200, Batch=100, Prob=0.5
------------------------------------------------------------
ACCURACY POR CLASE:
  Clase 02: 69.76% ± 0.61%
  Clase 07: 92.29% ± 0.45%
  Clase 08: 96.45% ± 0.30%
  Clase 10: 94.90% ± 0.33%
------------------------------------------------------------
OA Final: 91.30% ± 0.15%
AA Final: 88.35% ± 0.10%
============================================================
Prueba iteracion 1 finalizada.
********************************************
Ejecutando prueba iteración: 2...
********************Ejecutando prueba sobre el dataset eiras_dam ******************************
Cargando datos en memoria principal...
--- Iniciando Grid Search Paralelo (48 combinaciones) ---
 Evaluando: Alpha=0.1, Decay=2.0, Soft=0.0, Epochs=200, Batch=100, Prob=0.2
 Evaluando: Alpha=0.1, Decay=2.0, Soft=0.0, Epochs=200, Batch=100, Prob=0.5
 Evaluando: Alpha=0.1, Decay=2.0, Soft=0.0, Epochs=200, Batch=100, Prob=0.7
 Fin evaluación: Alpha=0.1, Decay=2.0, Soft=0.0, Epochs=200, Batch=100, Prob=0.2 *************************
 Evaluando: Alpha=0.1, Decay=2.0, Soft=0.5, Epochs=200, Batch=100, Prob=0.2
 Fin evaluación: Alpha=0.1, Decay=2.0, Soft=0.0, Epochs=200, Batch=100, Prob=0.5 *************************
 Evaluando: Alpha=0.1, Decay=2.0, Soft=0.5, Epochs=200, Batch=100, Prob=0.5
 Fin evaluación: Alpha=0.1, Decay=2.0, Soft=0.0, Epochs=200, Batch=100, Prob=0.7 *************************
 Evaluando: Alpha=0.1, Decay=2.0, Soft=0.5, Epochs=200, Batch=100, Prob=0.7
 Fin evaluación: Alpha=0.1, Decay=2.0, Soft=0.5, Epochs=200, Batch=100, Prob=0.2 *************************
 Evaluando: Alpha=0.1, Decay=3.0, Soft=0.0, Epochs=200, Batch=100, Prob=0.2
 Fin evaluación: Alpha=0.1, Decay=2.0, Soft=0.5, Epochs=200, Batch=100, Prob=0.5 *************************
 Evaluando: Alpha=0.1, Decay=3.0, Soft=0.0, Epochs=200, Batch=100, Prob=0.5
 Fin evaluación: Alpha=0.1, Decay=2.0, Soft=0.5, Epochs=200, Batch=100, Prob=0.7 *************************
 Evaluando: Alpha=0.1, Decay=3.0, Soft=0.0, Epochs=200, Batch=100, Prob=0.7
 Fin evaluación: Alpha=0.1, Decay=3.0, Soft=0.0, Epochs=200, Batch=100, Prob=0.2 *************************
 Evaluando: Alpha=0.1, Decay=3.0, Soft=0.5, Epochs=200, Batch=100, Prob=0.2
 Fin evaluación: Alpha=0.1, Decay=3.0, Soft=0.0, Epochs=200, Batch=100, Prob=0.5 *************************
 Evaluando: Alpha=0.1, Decay=3.0, Soft=0.5, Epochs=200, Batch=100, Prob=0.5
 Fin evaluación: Alpha=0.1, Decay=3.0, Soft=0.0, Epochs=200, Batch=100, Prob=0.7 *************************
 Evaluando: Alpha=0.1, Decay=3.0, Soft=0.5, Epochs=200, Batch=100, Prob=0.7
 Fin evaluación: Alpha=0.1, Decay=3.0, Soft=0.5, Epochs=200, Batch=100, Prob=0.2 *************************
 Evaluando: Alpha=0.5, Decay=2.0, Soft=0.0, Epochs=200, Batch=100, Prob=0.2
 Fin evaluación: Alpha=0.1, Decay=3.0, Soft=0.5, Epochs=200, Batch=100, Prob=0.5 *************************
 Evaluando: Alpha=0.5, Decay=2.0, Soft=0.0, Epochs=200, Batch=100, Prob=0.5
 Fin evaluación: Alpha=0.1, Decay=3.0, Soft=0.5, Epochs=200, Batch=100, Prob=0.7 *************************
 Evaluando: Alpha=0.5, Decay=2.0, Soft=0.0, Epochs=200, Batch=100, Prob=0.7
 Fin evaluación: Alpha=0.5, Decay=2.0, Soft=0.0, Epochs=200, Batch=100, Prob=0.2 *************************
 Evaluando: Alpha=0.5, Decay=2.0, Soft=0.5, Epochs=200, Batch=100, Prob=0.2
 Fin evaluación: Alpha=0.5, Decay=2.0, Soft=0.0, Epochs=200, Batch=100, Prob=0.5 *************************
 Evaluando: Alpha=0.5, Decay=2.0, Soft=0.5, Epochs=200, Batch=100, Prob=0.5
 Fin evaluación: Alpha=0.5, Decay=2.0, Soft=0.5, Epochs=200, Batch=100, Prob=0.2 *************************
 Fin evaluación: Alpha=0.5, Decay=2.0, Soft=0.0, Epochs=200, Batch=100, Prob=0.7 *************************
 Evaluando: Alpha=0.5, Decay=2.0, Soft=0.5, Epochs=200, Batch=100, Prob=0.7
 Evaluando: Alpha=0.5, Decay=3.0, Soft=0.0, Epochs=200, Batch=100, Prob=0.2
 Fin evaluación: Alpha=0.5, Decay=2.0, Soft=0.5, Epochs=200, Batch=100, Prob=0.5 *************************
 Evaluando: Alpha=0.5, Decay=3.0, Soft=0.0, Epochs=200, Batch=100, Prob=0.5
 Fin evaluación: Alpha=0.5, Decay=3.0, Soft=0.0, Epochs=200, Batch=100, Prob=0.2 *************************
 Evaluando: Alpha=0.5, Decay=3.0, Soft=0.0, Epochs=200, Batch=100, Prob=0.7
 Fin evaluación: Alpha=0.5, Decay=2.0, Soft=0.5, Epochs=200, Batch=100, Prob=0.7 *************************
 Evaluando: Alpha=0.5, Decay=3.0, Soft=0.5, Epochs=200, Batch=100, Prob=0.2
 Fin evaluación: Alpha=0.5, Decay=3.0, Soft=0.0, Epochs=200, Batch=100, Prob=0.5 *************************
 Evaluando: Alpha=0.5, Decay=3.0, Soft=0.5, Epochs=200, Batch=100, Prob=0.5
 Fin evaluación: Alpha=0.5, Decay=3.0, Soft=0.5, Epochs=200, Batch=100, Prob=0.2 *************************
 Fin evaluación: Alpha=0.5, Decay=3.0, Soft=0.0, Epochs=200, Batch=100, Prob=0.7 *************************
 Evaluando: Alpha=0.5, Decay=3.0, Soft=0.5, Epochs=200, Batch=100, Prob=0.7
 Evaluando: Alpha=1.0, Decay=2.0, Soft=0.0, Epochs=200, Batch=100, Prob=0.2
 Fin evaluación: Alpha=0.5, Decay=3.0, Soft=0.5, Epochs=200, Batch=100, Prob=0.5 *************************
 Evaluando: Alpha=1.0, Decay=2.0, Soft=0.0, Epochs=200, Batch=100, Prob=0.5
 Fin evaluación: Alpha=1.0, Decay=2.0, Soft=0.0, Epochs=200, Batch=100, Prob=0.2 *************************
 Evaluando: Alpha=1.0, Decay=2.0, Soft=0.0, Epochs=200, Batch=100, Prob=0.7
 Fin evaluación: Alpha=0.5, Decay=3.0, Soft=0.5, Epochs=200, Batch=100, Prob=0.7 *************************
 Evaluando: Alpha=1.0, Decay=2.0, Soft=0.5, Epochs=200, Batch=100, Prob=0.2
 Fin evaluación: Alpha=1.0, Decay=2.0, Soft=0.0, Epochs=200, Batch=100, Prob=0.5 *************************
 Evaluando: Alpha=1.0, Decay=2.0, Soft=0.5, Epochs=200, Batch=100, Prob=0.5
 Fin evaluación: Alpha=1.0, Decay=2.0, Soft=0.5, Epochs=200, Batch=100, Prob=0.2 *************************
 Fin evaluación: Alpha=1.0, Decay=2.0, Soft=0.0, Epochs=200, Batch=100, Prob=0.7 *************************
 Evaluando: Alpha=1.0, Decay=2.0, Soft=0.5, Epochs=200, Batch=100, Prob=0.7
 Evaluando: Alpha=1.0, Decay=3.0, Soft=0.0, Epochs=200, Batch=100, Prob=0.2
 Fin evaluación: Alpha=1.0, Decay=2.0, Soft=0.5, Epochs=200, Batch=100, Prob=0.5 *************************
 Evaluando: Alpha=1.0, Decay=3.0, Soft=0.0, Epochs=200, Batch=100, Prob=0.5
 Fin evaluación: Alpha=1.0, Decay=3.0, Soft=0.0, Epochs=200, Batch=100, Prob=0.2 *************************
 Evaluando: Alpha=1.0, Decay=3.0, Soft=0.0, Epochs=200, Batch=100, Prob=0.7
 Fin evaluación: Alpha=1.0, Decay=2.0, Soft=0.5, Epochs=200, Batch=100, Prob=0.7 *************************
 Evaluando: Alpha=1.0, Decay=3.0, Soft=0.5, Epochs=200, Batch=100, Prob=0.2
 Fin evaluación: Alpha=1.0, Decay=3.0, Soft=0.0, Epochs=200, Batch=100, Prob=0.5 *************************
 Evaluando: Alpha=1.0, Decay=3.0, Soft=0.5, Epochs=200, Batch=100, Prob=0.5
 Fin evaluación: Alpha=1.0, Decay=3.0, Soft=0.5, Epochs=200, Batch=100, Prob=0.2 *************************
 Fin evaluación: Alpha=1.0, Decay=3.0, Soft=0.0, Epochs=200, Batch=100, Prob=0.7 *************************
 Evaluando: Alpha=1.0, Decay=3.0, Soft=0.5, Epochs=200, Batch=100, Prob=0.7
 Evaluando: Alpha=1.5, Decay=2.0, Soft=0.0, Epochs=200, Batch=100, Prob=0.2
 Fin evaluación: Alpha=1.0, Decay=3.0, Soft=0.5, Epochs=200, Batch=100, Prob=0.5 *************************
 Evaluando: Alpha=1.5, Decay=2.0, Soft=0.0, Epochs=200, Batch=100, Prob=0.5
 Fin evaluación: Alpha=1.5, Decay=2.0, Soft=0.0, Epochs=200, Batch=100, Prob=0.2 *************************
 Evaluando: Alpha=1.5, Decay=2.0, Soft=0.0, Epochs=200, Batch=100, Prob=0.7
 Fin evaluación: Alpha=1.0, Decay=3.0, Soft=0.5, Epochs=200, Batch=100, Prob=0.7 *************************
 Evaluando: Alpha=1.5, Decay=2.0, Soft=0.5, Epochs=200, Batch=100, Prob=0.2
 Fin evaluación: Alpha=1.5, Decay=2.0, Soft=0.0, Epochs=200, Batch=100, Prob=0.5 *************************
 Evaluando: Alpha=1.5, Decay=2.0, Soft=0.5, Epochs=200, Batch=100, Prob=0.5
 Fin evaluación: Alpha=1.5, Decay=2.0, Soft=0.5, Epochs=200, Batch=100, Prob=0.2 *************************
 Fin evaluación: Alpha=1.5, Decay=2.0, Soft=0.0, Epochs=200, Batch=100, Prob=0.7 *************************
 Evaluando: Alpha=1.5, Decay=2.0, Soft=0.5, Epochs=200, Batch=100, Prob=0.7
 Evaluando: Alpha=1.5, Decay=3.0, Soft=0.0, Epochs=200, Batch=100, Prob=0.2
 Fin evaluación: Alpha=1.5, Decay=2.0, Soft=0.5, Epochs=200, Batch=100, Prob=0.5 *************************
 Evaluando: Alpha=1.5, Decay=3.0, Soft=0.0, Epochs=200, Batch=100, Prob=0.5
 Fin evaluación: Alpha=1.5, Decay=3.0, Soft=0.0, Epochs=200, Batch=100, Prob=0.2 *************************
 Evaluando: Alpha=1.5, Decay=3.0, Soft=0.0, Epochs=200, Batch=100, Prob=0.7
 Fin evaluación: Alpha=1.5, Decay=2.0, Soft=0.5, Epochs=200, Batch=100, Prob=0.7 *************************
 Evaluando: Alpha=1.5, Decay=3.0, Soft=0.5, Epochs=200, Batch=100, Prob=0.2
 Fin evaluación: Alpha=1.5, Decay=3.0, Soft=0.0, Epochs=200, Batch=100, Prob=0.5 *************************
 Evaluando: Alpha=1.5, Decay=3.0, Soft=0.5, Epochs=200, Batch=100, Prob=0.5
 Fin evaluación: Alpha=1.5, Decay=3.0, Soft=0.5, Epochs=200, Batch=100, Prob=0.2 *************************
 Evaluando: Alpha=1.5, Decay=3.0, Soft=0.5, Epochs=200, Batch=100, Prob=0.7
 Fin evaluación: Alpha=1.5, Decay=3.0, Soft=0.0, Epochs=200, Batch=100, Prob=0.7 *************************
 Fin evaluación: Alpha=1.5, Decay=3.0, Soft=0.5, Epochs=200, Batch=100, Prob=0.5 *************************
 Fin evaluación: Alpha=1.5, Decay=3.0, Soft=0.5, Epochs=200, Batch=100, Prob=0.7 *************************

--- Ejecutando evaluación final paralela (5 experimentos) ---
ACABÓ LA PRUEBA
ACABÓ LA PRUEBA
ACABÓ LA PRUEBA
ACABÓ LA PRUEBA
ACABÓ LA PRUEBA

============================================================
RESULTADOS FINALES PROMEDIADOS (CONJUNTO DE TEST) SOBRE EL FICHERO: eiras_dam
============================================================
Mejor Configuración: Alpha=1.0, Decay=3.0, Soft=0.0, Epoch=200, Batch=100, Prob=0.5
------------------------------------------------------------
ACCURACY POR CLASE:
  Clase 01: 99.44% ± 0.15%
  Clase 02: 83.93% ± 2.80%
  Clase 03: 94.89% ± 3.00%
  Clase 04: 94.75% ± 2.74%
  Clase 05: 78.51% ± 4.88%
  Clase 06: 86.64% ± 19.57%
  Clase 07: 95.61% ± 0.82%
  Clase 08: 98.87% ± 0.32%
  Clase 09: 80.99% ± 3.55%
  Clase 10: 87.53% ± 6.77%
------------------------------------------------------------
OA Final: 97.22% ± 0.21%
AA Final: 90.12% ± 1.80%
============================================================
Prueba iteracion 2 finalizada.
********************************************
Ejecutando prueba iteración: 3...
********************Ejecutando prueba sobre el dataset ermidas_creek ******************************
Cargando datos en memoria principal...
--- Iniciando Grid Search Paralelo (48 combinaciones) ---
 Evaluando: Alpha=0.1, Decay=2.0, Soft=0.0, Epochs=200, Batch=100, Prob=0.2
 Evaluando: Alpha=0.1, Decay=2.0, Soft=0.0, Epochs=200, Batch=100, Prob=0.5
 Evaluando: Alpha=0.1, Decay=2.0, Soft=0.0, Epochs=200, Batch=100, Prob=0.7
 Fin evaluación: Alpha=0.1, Decay=2.0, Soft=0.0, Epochs=200, Batch=100, Prob=0.2 *************************
 Evaluando: Alpha=0.1, Decay=2.0, Soft=0.5, Epochs=200, Batch=100, Prob=0.2
 Fin evaluación: Alpha=0.1, Decay=2.0, Soft=0.0, Epochs=200, Batch=100, Prob=0.5 *************************
 Evaluando: Alpha=0.1, Decay=2.0, Soft=0.5, Epochs=200, Batch=100, Prob=0.5
 Fin evaluación: Alpha=0.1, Decay=2.0, Soft=0.0, Epochs=200, Batch=100, Prob=0.7 *************************
 Evaluando: Alpha=0.1, Decay=2.0, Soft=0.5, Epochs=200, Batch=100, Prob=0.7
 Fin evaluación: Alpha=0.1, Decay=2.0, Soft=0.5, Epochs=200, Batch=100, Prob=0.2 *************************
 Evaluando: Alpha=0.1, Decay=3.0, Soft=0.0, Epochs=200, Batch=100, Prob=0.2
 Fin evaluación: Alpha=0.1, Decay=2.0, Soft=0.5, Epochs=200, Batch=100, Prob=0.5 *************************
 Evaluando: Alpha=0.1, Decay=3.0, Soft=0.0, Epochs=200, Batch=100, Prob=0.5
 Fin evaluación: Alpha=0.1, Decay=2.0, Soft=0.5, Epochs=200, Batch=100, Prob=0.7 *************************
 Evaluando: Alpha=0.1, Decay=3.0, Soft=0.0, Epochs=200, Batch=100, Prob=0.7
 Fin evaluación: Alpha=0.1, Decay=3.0, Soft=0.0, Epochs=200, Batch=100, Prob=0.2 *************************
 Evaluando: Alpha=0.1, Decay=3.0, Soft=0.5, Epochs=200, Batch=100, Prob=0.2
 Fin evaluación: Alpha=0.1, Decay=3.0, Soft=0.0, Epochs=200, Batch=100, Prob=0.5 *************************
 Evaluando: Alpha=0.1, Decay=3.0, Soft=0.5, Epochs=200, Batch=100, Prob=0.5
 Fin evaluación: Alpha=0.1, Decay=3.0, Soft=0.0, Epochs=200, Batch=100, Prob=0.7 *************************
 Evaluando: Alpha=0.1, Decay=3.0, Soft=0.5, Epochs=200, Batch=100, Prob=0.7
 Fin evaluación: Alpha=0.1, Decay=3.0, Soft=0.5, Epochs=200, Batch=100, Prob=0.2 *************************
 Evaluando: Alpha=0.5, Decay=2.0, Soft=0.0, Epochs=200, Batch=100, Prob=0.2
 Fin evaluación: Alpha=0.1, Decay=3.0, Soft=0.5, Epochs=200, Batch=100, Prob=0.5 *************************
 Evaluando: Alpha=0.5, Decay=2.0, Soft=0.0, Epochs=200, Batch=100, Prob=0.5
 Fin evaluación: Alpha=0.1, Decay=3.0, Soft=0.5, Epochs=200, Batch=100, Prob=0.7 *************************
 Evaluando: Alpha=0.5, Decay=2.0, Soft=0.0, Epochs=200, Batch=100, Prob=0.7
 Fin evaluación: Alpha=0.5, Decay=2.0, Soft=0.0, Epochs=200, Batch=100, Prob=0.2 *************************
 Evaluando: Alpha=0.5, Decay=2.0, Soft=0.5, Epochs=200, Batch=100, Prob=0.2
 Fin evaluación: Alpha=0.5, Decay=2.0, Soft=0.0, Epochs=200, Batch=100, Prob=0.5 *************************
 Evaluando: Alpha=0.5, Decay=2.0, Soft=0.5, Epochs=200, Batch=100, Prob=0.5
 Fin evaluación: Alpha=0.5, Decay=2.0, Soft=0.0, Epochs=200, Batch=100, Prob=0.7 *************************
 Fin evaluación: Alpha=0.5, Decay=2.0, Soft=0.5, Epochs=200, Batch=100, Prob=0.2 *************************
 Evaluando: Alpha=0.5, Decay=2.0, Soft=0.5, Epochs=200, Batch=100, Prob=0.7
 Evaluando: Alpha=0.5, Decay=3.0, Soft=0.0, Epochs=200, Batch=100, Prob=0.2
 Fin evaluación: Alpha=0.5, Decay=2.0, Soft=0.5, Epochs=200, Batch=100, Prob=0.5 *************************
 Evaluando: Alpha=0.5, Decay=3.0, Soft=0.0, Epochs=200, Batch=100, Prob=0.5
 Fin evaluación: Alpha=0.5, Decay=3.0, Soft=0.0, Epochs=200, Batch=100, Prob=0.2 *************************
 Fin evaluación: Alpha=0.5, Decay=2.0, Soft=0.5, Epochs=200, Batch=100, Prob=0.7 *************************
 Evaluando: Alpha=0.5, Decay=3.0, Soft=0.0, Epochs=200, Batch=100, Prob=0.7
 Evaluando: Alpha=0.5, Decay=3.0, Soft=0.5, Epochs=200, Batch=100, Prob=0.2
 Fin evaluación: Alpha=0.5, Decay=3.0, Soft=0.0, Epochs=200, Batch=100, Prob=0.5 *************************
 Evaluando: Alpha=0.5, Decay=3.0, Soft=0.5, Epochs=200, Batch=100, Prob=0.5
 Fin evaluación: Alpha=0.5, Decay=3.0, Soft=0.5, Epochs=200, Batch=100, Prob=0.2 *************************
 Fin evaluación: Alpha=0.5, Decay=3.0, Soft=0.0, Epochs=200, Batch=100, Prob=0.7 *************************
 Evaluando: Alpha=0.5, Decay=3.0, Soft=0.5, Epochs=200, Batch=100, Prob=0.7
 Evaluando: Alpha=1.0, Decay=2.0, Soft=0.0, Epochs=200, Batch=100, Prob=0.2
 Fin evaluación: Alpha=0.5, Decay=3.0, Soft=0.5, Epochs=200, Batch=100, Prob=0.5 *************************
 Evaluando: Alpha=1.0, Decay=2.0, Soft=0.0, Epochs=200, Batch=100, Prob=0.5
 Fin evaluación: Alpha=1.0, Decay=2.0, Soft=0.0, Epochs=200, Batch=100, Prob=0.2 *************************
 Fin evaluación: Alpha=0.5, Decay=3.0, Soft=0.5, Epochs=200, Batch=100, Prob=0.7 *************************
 Evaluando: Alpha=1.0, Decay=2.0, Soft=0.0, Epochs=200, Batch=100, Prob=0.7
 Evaluando: Alpha=1.0, Decay=2.0, Soft=0.5, Epochs=200, Batch=100, Prob=0.2
 Fin evaluación: Alpha=1.0, Decay=2.0, Soft=0.0, Epochs=200, Batch=100, Prob=0.5 *************************
 Fin evaluación: Alpha=1.0, Decay=2.0, Soft=0.5, Epochs=200, Batch=100, Prob=0.2 *************************
 Evaluando: Alpha=1.0, Decay=2.0, Soft=0.5, Epochs=200, Batch=100, Prob=0.5
 Fin evaluación: Alpha=1.0, Decay=2.0, Soft=0.0, Epochs=200, Batch=100, Prob=0.7 *************************
 Evaluando: Alpha=1.0, Decay=2.0, Soft=0.5, Epochs=200, Batch=100, Prob=0.7
 Evaluando: Alpha=1.0, Decay=3.0, Soft=0.0, Epochs=200, Batch=100, Prob=0.2
 Fin evaluación: Alpha=1.0, Decay=2.0, Soft=0.5, Epochs=200, Batch=100, Prob=0.5 *************************
 Fin evaluación: Alpha=1.0, Decay=3.0, Soft=0.0, Epochs=200, Batch=100, Prob=0.2 *************************
 Fin evaluación: Alpha=1.0, Decay=2.0, Soft=0.5, Epochs=200, Batch=100, Prob=0.7 *************************
 Evaluando: Alpha=1.0, Decay=3.0, Soft=0.0, Epochs=200, Batch=100, Prob=0.5
 Evaluando: Alpha=1.0, Decay=3.0, Soft=0.0, Epochs=200, Batch=100, Prob=0.7
 Evaluando: Alpha=1.0, Decay=3.0, Soft=0.5, Epochs=200, Batch=100, Prob=0.2
 Fin evaluación: Alpha=1.0, Decay=3.0, Soft=0.0, Epochs=200, Batch=100, Prob=0.5 *************************
 Fin evaluación: Alpha=1.0, Decay=3.0, Soft=0.5, Epochs=200, Batch=100, Prob=0.2 *************************
 Fin evaluación: Alpha=1.0, Decay=3.0, Soft=0.0, Epochs=200, Batch=100, Prob=0.7 *************************
 Evaluando: Alpha=1.0, Decay=3.0, Soft=0.5, Epochs=200, Batch=100, Prob=0.5
 Evaluando: Alpha=1.0, Decay=3.0, Soft=0.5, Epochs=200, Batch=100, Prob=0.7
 Evaluando: Alpha=1.5, Decay=2.0, Soft=0.0, Epochs=200, Batch=100, Prob=0.2
 Fin evaluación: Alpha=1.0, Decay=3.0, Soft=0.5, Epochs=200, Batch=100, Prob=0.5 *************************
 Fin evaluación: Alpha=1.5, Decay=2.0, Soft=0.0, Epochs=200, Batch=100, Prob=0.2 *************************
 Fin evaluación: Alpha=1.0, Decay=3.0, Soft=0.5, Epochs=200, Batch=100, Prob=0.7 *************************
 Evaluando: Alpha=1.5, Decay=2.0, Soft=0.0, Epochs=200, Batch=100, Prob=0.5
 Evaluando: Alpha=1.5, Decay=2.0, Soft=0.0, Epochs=200, Batch=100, Prob=0.7
 Evaluando: Alpha=1.5, Decay=2.0, Soft=0.5, Epochs=200, Batch=100, Prob=0.2
 Fin evaluación: Alpha=1.5, Decay=2.0, Soft=0.5, Epochs=200, Batch=100, Prob=0.2 *************************
 Fin evaluación: Alpha=1.5, Decay=2.0, Soft=0.0, Epochs=200, Batch=100, Prob=0.5 *************************
 Fin evaluación: Alpha=1.5, Decay=2.0, Soft=0.0, Epochs=200, Batch=100, Prob=0.7 *************************
 Evaluando: Alpha=1.5, Decay=2.0, Soft=0.5, Epochs=200, Batch=100, Prob=0.5
 Evaluando: Alpha=1.5, Decay=2.0, Soft=0.5, Epochs=200, Batch=100, Prob=0.7
 Evaluando: Alpha=1.5, Decay=3.0, Soft=0.0, Epochs=200, Batch=100, Prob=0.2
 Fin evaluación: Alpha=1.5, Decay=2.0, Soft=0.5, Epochs=200, Batch=100, Prob=0.5 *************************
 Fin evaluación: Alpha=1.5, Decay=3.0, Soft=0.0, Epochs=200, Batch=100, Prob=0.2 *************************
 Evaluando: Alpha=1.5, Decay=3.0, Soft=0.0, Epochs=200, Batch=100, Prob=0.5
 Fin evaluación: Alpha=1.5, Decay=2.0, Soft=0.5, Epochs=200, Batch=100, Prob=0.7 *************************
 Evaluando: Alpha=1.5, Decay=3.0, Soft=0.0, Epochs=200, Batch=100, Prob=0.7
 Evaluando: Alpha=1.5, Decay=3.0, Soft=0.5, Epochs=200, Batch=100, Prob=0.2
 Fin evaluación: Alpha=1.5, Decay=3.0, Soft=0.0, Epochs=200, Batch=100, Prob=0.5 *************************
 Fin evaluación: Alpha=1.5, Decay=3.0, Soft=0.5, Epochs=200, Batch=100, Prob=0.2 *************************
 Evaluando: Alpha=1.5, Decay=3.0, Soft=0.5, Epochs=200, Batch=100, Prob=0.5
 Fin evaluación: Alpha=1.5, Decay=3.0, Soft=0.0, Epochs=200, Batch=100, Prob=0.7 *************************
 Evaluando: Alpha=1.5, Decay=3.0, Soft=0.5, Epochs=200, Batch=100, Prob=0.7
 Fin evaluación: Alpha=1.5, Decay=3.0, Soft=0.5, Epochs=200, Batch=100, Prob=0.5 *************************
 Fin evaluación: Alpha=1.5, Decay=3.0, Soft=0.5, Epochs=200, Batch=100, Prob=0.7 *************************

--- Ejecutando evaluación final paralela (5 experimentos) ---
ACABÓ LA PRUEBA
ACABÓ LA PRUEBA
ACABÓ LA PRUEBA
ACABÓ LA PRUEBA
ACABÓ LA PRUEBA

============================================================
RESULTADOS FINALES PROMEDIADOS (CONJUNTO DE TEST) SOBRE EL FICHERO: ermidas_creek
============================================================
Mejor Configuración: Alpha=0.1, Decay=2.0, Soft=0.5, Epoch=200, Batch=100, Prob=0.2
------------------------------------------------------------
ACCURACY POR CLASE:
  Clase 01: 93.76% ± 1.38%
  Clase 02: 91.09% ± 1.71%
  Clase 03: 92.02% ± 1.74%
  Clase 04: 98.82% ± 0.21%
  Clase 05: 95.80% ± 6.26%
  Clase 06: 98.19% ± 0.87%
  Clase 07: 99.32% ± 0.13%
  Clase 08: 97.75% ± 0.63%
  Clase 09: 97.95% ± 0.80%
  Clase 10: 98.44% ± 0.21%
------------------------------------------------------------
OA Final: 98.48% ± 0.14%
AA Final: 96.31% ± 0.68%
============================================================
Prueba iteracion 3 finalizada.
********************************************
Ejecutando prueba iteración: 4...
********************Ejecutando prueba sobre el dataset ferreiras_river ******************************
Cargando datos en memoria principal...
--- Iniciando Grid Search Paralelo (48 combinaciones) ---
 Evaluando: Alpha=0.1, Decay=2.0, Soft=0.0, Epochs=200, Batch=100, Prob=0.2
 Evaluando: Alpha=0.1, Decay=2.0, Soft=0.0, Epochs=200, Batch=100, Prob=0.5
 Evaluando: Alpha=0.1, Decay=2.0, Soft=0.0, Epochs=200, Batch=100, Prob=0.7
 Fin evaluación: Alpha=0.1, Decay=2.0, Soft=0.0, Epochs=200, Batch=100, Prob=0.2 *************************
 Evaluando: Alpha=0.1, Decay=2.0, Soft=0.5, Epochs=200, Batch=100, Prob=0.2
 Fin evaluación: Alpha=0.1, Decay=2.0, Soft=0.0, Epochs=200, Batch=100, Prob=0.5 *************************
 Evaluando: Alpha=0.1, Decay=2.0, Soft=0.5, Epochs=200, Batch=100, Prob=0.5
 Fin evaluación: Alpha=0.1, Decay=2.0, Soft=0.0, Epochs=200, Batch=100, Prob=0.7 *************************
 Evaluando: Alpha=0.1, Decay=2.0, Soft=0.5, Epochs=200, Batch=100, Prob=0.7
 Fin evaluación: Alpha=0.1, Decay=2.0, Soft=0.5, Epochs=200, Batch=100, Prob=0.2 *************************
 Evaluando: Alpha=0.1, Decay=3.0, Soft=0.0, Epochs=200, Batch=100, Prob=0.2
 Fin evaluación: Alpha=0.1, Decay=2.0, Soft=0.5, Epochs=200, Batch=100, Prob=0.5 *************************
 Evaluando: Alpha=0.1, Decay=3.0, Soft=0.0, Epochs=200, Batch=100, Prob=0.5
 Fin evaluación: Alpha=0.1, Decay=2.0, Soft=0.5, Epochs=200, Batch=100, Prob=0.7 *************************
 Evaluando: Alpha=0.1, Decay=3.0, Soft=0.0, Epochs=200, Batch=100, Prob=0.7
 Fin evaluación: Alpha=0.1, Decay=3.0, Soft=0.0, Epochs=200, Batch=100, Prob=0.2 *************************
 Evaluando: Alpha=0.1, Decay=3.0, Soft=0.5, Epochs=200, Batch=100, Prob=0.2
 Fin evaluación: Alpha=0.1, Decay=3.0, Soft=0.0, Epochs=200, Batch=100, Prob=0.5 *************************
 Evaluando: Alpha=0.1, Decay=3.0, Soft=0.5, Epochs=200, Batch=100, Prob=0.5
 Fin evaluación: Alpha=0.1, Decay=3.0, Soft=0.0, Epochs=200, Batch=100, Prob=0.7 *************************
 Evaluando: Alpha=0.1, Decay=3.0, Soft=0.5, Epochs=200, Batch=100, Prob=0.7
 Fin evaluación: Alpha=0.1, Decay=3.0, Soft=0.5, Epochs=200, Batch=100, Prob=0.2 *************************
 Evaluando: Alpha=0.5, Decay=2.0, Soft=0.0, Epochs=200, Batch=100, Prob=0.2
 Fin evaluación: Alpha=0.1, Decay=3.0, Soft=0.5, Epochs=200, Batch=100, Prob=0.5 *************************
 Evaluando: Alpha=0.5, Decay=2.0, Soft=0.0, Epochs=200, Batch=100, Prob=0.5
 Fin evaluación: Alpha=0.5, Decay=2.0, Soft=0.0, Epochs=200, Batch=100, Prob=0.2 *************************
 Evaluando: Alpha=0.5, Decay=2.0, Soft=0.0, Epochs=200, Batch=100, Prob=0.7
 Fin evaluación: Alpha=0.1, Decay=3.0, Soft=0.5, Epochs=200, Batch=100, Prob=0.7 *************************
 Evaluando: Alpha=0.5, Decay=2.0, Soft=0.5, Epochs=200, Batch=100, Prob=0.2
 Fin evaluación: Alpha=0.5, Decay=2.0, Soft=0.0, Epochs=200, Batch=100, Prob=0.5 *************************
 Evaluando: Alpha=0.5, Decay=2.0, Soft=0.5, Epochs=200, Batch=100, Prob=0.5
 Fin evaluación: Alpha=0.5, Decay=2.0, Soft=0.0, Epochs=200, Batch=100, Prob=0.7 *************************
 Fin evaluación: Alpha=0.5, Decay=2.0, Soft=0.5, Epochs=200, Batch=100, Prob=0.2 *************************
 Evaluando: Alpha=0.5, Decay=2.0, Soft=0.5, Epochs=200, Batch=100, Prob=0.7
 Evaluando: Alpha=0.5, Decay=3.0, Soft=0.0, Epochs=200, Batch=100, Prob=0.2
 Fin evaluación: Alpha=0.5, Decay=2.0, Soft=0.5, Epochs=200, Batch=100, Prob=0.5 *************************
 Evaluando: Alpha=0.5, Decay=3.0, Soft=0.0, Epochs=200, Batch=100, Prob=0.5
 Fin evaluación: Alpha=0.5, Decay=3.0, Soft=0.0, Epochs=200, Batch=100, Prob=0.2 *************************
 Evaluando: Alpha=0.5, Decay=3.0, Soft=0.0, Epochs=200, Batch=100, Prob=0.7
 Fin evaluación: Alpha=0.5, Decay=2.0, Soft=0.5, Epochs=200, Batch=100, Prob=0.7 *************************
 Evaluando: Alpha=0.5, Decay=3.0, Soft=0.5, Epochs=200, Batch=100, Prob=0.2
 Fin evaluación: Alpha=0.5, Decay=3.0, Soft=0.0, Epochs=200, Batch=100, Prob=0.5 *************************
 Evaluando: Alpha=0.5, Decay=3.0, Soft=0.5, Epochs=200, Batch=100, Prob=0.5
 Fin evaluación: Alpha=0.5, Decay=3.0, Soft=0.5, Epochs=200, Batch=100, Prob=0.2 *************************
 Evaluando: Alpha=0.5, Decay=3.0, Soft=0.5, Epochs=200, Batch=100, Prob=0.7
 Fin evaluación: Alpha=0.5, Decay=3.0, Soft=0.0, Epochs=200, Batch=100, Prob=0.7 *************************
 Evaluando: Alpha=1.0, Decay=2.0, Soft=0.0, Epochs=200, Batch=100, Prob=0.2
 Fin evaluación: Alpha=0.5, Decay=3.0, Soft=0.5, Epochs=200, Batch=100, Prob=0.5 *************************
 Fin evaluación: Alpha=1.0, Decay=2.0, Soft=0.0, Epochs=200, Batch=100, Prob=0.2 *************************
 Evaluando: Alpha=1.0, Decay=2.0, Soft=0.0, Epochs=200, Batch=100, Prob=0.5
 Evaluando: Alpha=1.0, Decay=2.0, Soft=0.0, Epochs=200, Batch=100, Prob=0.7
 Fin evaluación: Alpha=0.5, Decay=3.0, Soft=0.5, Epochs=200, Batch=100, Prob=0.7 *************************
 Evaluando: Alpha=1.0, Decay=2.0, Soft=0.5, Epochs=200, Batch=100, Prob=0.2
 Fin evaluación: Alpha=1.0, Decay=2.0, Soft=0.5, Epochs=200, Batch=100, Prob=0.2 *************************
 Evaluando: Alpha=1.0, Decay=2.0, Soft=0.5, Epochs=200, Batch=100, Prob=0.5
 Fin evaluación: Alpha=1.0, Decay=2.0, Soft=0.0, Epochs=200, Batch=100, Prob=0.5 *************************
 Evaluando: Alpha=1.0, Decay=2.0, Soft=0.5, Epochs=200, Batch=100, Prob=0.7
 Fin evaluación: Alpha=1.0, Decay=2.0, Soft=0.0, Epochs=200, Batch=100, Prob=0.7 *************************
 Evaluando: Alpha=1.0, Decay=3.0, Soft=0.0, Epochs=200, Batch=100, Prob=0.2
 Fin evaluación: Alpha=1.0, Decay=2.0, Soft=0.5, Epochs=200, Batch=100, Prob=0.5 *************************
 Evaluando: Alpha=1.0, Decay=3.0, Soft=0.0, Epochs=200, Batch=100, Prob=0.5
 Fin evaluación: Alpha=1.0, Decay=3.0, Soft=0.0, Epochs=200, Batch=100, Prob=0.2 *************************
 Evaluando: Alpha=1.0, Decay=3.0, Soft=0.0, Epochs=200, Batch=100, Prob=0.7
 Fin evaluación: Alpha=1.0, Decay=2.0, Soft=0.5, Epochs=200, Batch=100, Prob=0.7 *************************
 Evaluando: Alpha=1.0, Decay=3.0, Soft=0.5, Epochs=200, Batch=100, Prob=0.2
 Fin evaluación: Alpha=1.0, Decay=3.0, Soft=0.0, Epochs=200, Batch=100, Prob=0.5 *************************
 Evaluando: Alpha=1.0, Decay=3.0, Soft=0.5, Epochs=200, Batch=100, Prob=0.5
 Fin evaluación: Alpha=1.0, Decay=3.0, Soft=0.5, Epochs=200, Batch=100, Prob=0.2 *************************
 Evaluando: Alpha=1.0, Decay=3.0, Soft=0.5, Epochs=200, Batch=100, Prob=0.7
 Fin evaluación: Alpha=1.0, Decay=3.0, Soft=0.0, Epochs=200, Batch=100, Prob=0.7 *************************
 Evaluando: Alpha=1.5, Decay=2.0, Soft=0.0, Epochs=200, Batch=100, Prob=0.2
 Fin evaluación: Alpha=1.0, Decay=3.0, Soft=0.5, Epochs=200, Batch=100, Prob=0.5 *************************
 Evaluando: Alpha=1.5, Decay=2.0, Soft=0.0, Epochs=200, Batch=100, Prob=0.5
 Fin evaluación: Alpha=1.5, Decay=2.0, Soft=0.0, Epochs=200, Batch=100, Prob=0.2 *************************
 Evaluando: Alpha=1.5, Decay=2.0, Soft=0.0, Epochs=200, Batch=100, Prob=0.7
 Fin evaluación: Alpha=1.0, Decay=3.0, Soft=0.5, Epochs=200, Batch=100, Prob=0.7 *************************
 Evaluando: Alpha=1.5, Decay=2.0, Soft=0.5, Epochs=200, Batch=100, Prob=0.2
 Fin evaluación: Alpha=1.5, Decay=2.0, Soft=0.0, Epochs=200, Batch=100, Prob=0.5 *************************
 Evaluando: Alpha=1.5, Decay=2.0, Soft=0.5, Epochs=200, Batch=100, Prob=0.5
 Fin evaluación: Alpha=1.5, Decay=2.0, Soft=0.5, Epochs=200, Batch=100, Prob=0.2 *************************
 Evaluando: Alpha=1.5, Decay=2.0, Soft=0.5, Epochs=200, Batch=100, Prob=0.7
 Fin evaluación: Alpha=1.5, Decay=2.0, Soft=0.0, Epochs=200, Batch=100, Prob=0.7 *************************
 Evaluando: Alpha=1.5, Decay=3.0, Soft=0.0, Epochs=200, Batch=100, Prob=0.2
 Fin evaluación: Alpha=1.5, Decay=2.0, Soft=0.5, Epochs=200, Batch=100, Prob=0.5 *************************
 Evaluando: Alpha=1.5, Decay=3.0, Soft=0.0, Epochs=200, Batch=100, Prob=0.5
 Fin evaluación: Alpha=1.5, Decay=3.0, Soft=0.0, Epochs=200, Batch=100, Prob=0.2 *************************
 Evaluando: Alpha=1.5, Decay=3.0, Soft=0.0, Epochs=200, Batch=100, Prob=0.7
 Fin evaluación: Alpha=1.5, Decay=2.0, Soft=0.5, Epochs=200, Batch=100, Prob=0.7 *************************
 Evaluando: Alpha=1.5, Decay=3.0, Soft=0.5, Epochs=200, Batch=100, Prob=0.2
 Fin evaluación: Alpha=1.5, Decay=3.0, Soft=0.0, Epochs=200, Batch=100, Prob=0.5 *************************
 Evaluando: Alpha=1.5, Decay=3.0, Soft=0.5, Epochs=200, Batch=100, Prob=0.5
 Fin evaluación: Alpha=1.5, Decay=3.0, Soft=0.5, Epochs=200, Batch=100, Prob=0.2 *************************
 Fin evaluación: Alpha=1.5, Decay=3.0, Soft=0.0, Epochs=200, Batch=100, Prob=0.7 *************************
 Evaluando: Alpha=1.5, Decay=3.0, Soft=0.5, Epochs=200, Batch=100, Prob=0.7
 Fin evaluación: Alpha=1.5, Decay=3.0, Soft=0.5, Epochs=200, Batch=100, Prob=0.5 *************************
 Fin evaluación: Alpha=1.5, Decay=3.0, Soft=0.5, Epochs=200, Batch=100, Prob=0.7 *************************

--- Ejecutando evaluación final paralela (5 experimentos) ---
ACABÓ LA PRUEBA
ACABÓ LA PRUEBA
ACABÓ LA PRUEBA
ACABÓ LA PRUEBA
ACABÓ LA PRUEBA

============================================================
RESULTADOS FINALES PROMEDIADOS (CONJUNTO DE TEST) SOBRE EL FICHERO: ferreiras_river
============================================================
Mejor Configuración: Alpha=1.0, Decay=3.0, Soft=0.0, Epoch=200, Batch=100, Prob=0.7
------------------------------------------------------------
ACCURACY POR CLASE:
  Clase 02: 95.14% ± 0.14%
  Clase 04: 97.43% ± 0.54%
  Clase 07: 81.63% ± 0.23%
  Clase 08: 89.88% ± 1.62%
  Clase 09: 14.34% ± 6.34%
  Clase 10: 94.55% ± 0.15%
------------------------------------------------------------
OA Final: 91.87% ± 0.05%
AA Final: 78.83% ± 0.92%
============================================================
Prueba iteracion 4 finalizada.
********************************************
Ejecutando prueba iteración: 5...
********************Ejecutando prueba sobre el dataset mera_river ******************************
Cargando datos en memoria principal...
--- Iniciando Grid Search Paralelo (48 combinaciones) ---
 Evaluando: Alpha=0.1, Decay=2.0, Soft=0.0, Epochs=200, Batch=100, Prob=0.2
 Evaluando: Alpha=0.1, Decay=2.0, Soft=0.0, Epochs=200, Batch=100, Prob=0.5
 Evaluando: Alpha=0.1, Decay=2.0, Soft=0.0, Epochs=200, Batch=100, Prob=0.7
 Fin evaluación: Alpha=0.1, Decay=2.0, Soft=0.0, Epochs=200, Batch=100, Prob=0.2 *************************
 Evaluando: Alpha=0.1, Decay=2.0, Soft=0.5, Epochs=200, Batch=100, Prob=0.2
 Fin evaluación: Alpha=0.1, Decay=2.0, Soft=0.0, Epochs=200, Batch=100, Prob=0.5 *************************
 Evaluando: Alpha=0.1, Decay=2.0, Soft=0.5, Epochs=200, Batch=100, Prob=0.5
 Fin evaluación: Alpha=0.1, Decay=2.0, Soft=0.0, Epochs=200, Batch=100, Prob=0.7 *************************
 Evaluando: Alpha=0.1, Decay=2.0, Soft=0.5, Epochs=200, Batch=100, Prob=0.7
 Fin evaluación: Alpha=0.1, Decay=2.0, Soft=0.5, Epochs=200, Batch=100, Prob=0.2 *************************
 Evaluando: Alpha=0.1, Decay=3.0, Soft=0.0, Epochs=200, Batch=100, Prob=0.2
 Fin evaluación: Alpha=0.1, Decay=2.0, Soft=0.5, Epochs=200, Batch=100, Prob=0.5 *************************
 Evaluando: Alpha=0.1, Decay=3.0, Soft=0.0, Epochs=200, Batch=100, Prob=0.5
 Fin evaluación: Alpha=0.1, Decay=2.0, Soft=0.5, Epochs=200, Batch=100, Prob=0.7 *************************
 Evaluando: Alpha=0.1, Decay=3.0, Soft=0.0, Epochs=200, Batch=100, Prob=0.7
 Fin evaluación: Alpha=0.1, Decay=3.0, Soft=0.0, Epochs=200, Batch=100, Prob=0.2 *************************
 Evaluando: Alpha=0.1, Decay=3.0, Soft=0.5, Epochs=200, Batch=100, Prob=0.2
 Fin evaluación: Alpha=0.1, Decay=3.0, Soft=0.0, Epochs=200, Batch=100, Prob=0.5 *************************
 Evaluando: Alpha=0.1, Decay=3.0, Soft=0.5, Epochs=200, Batch=100, Prob=0.5
 Fin evaluación: Alpha=0.1, Decay=3.0, Soft=0.0, Epochs=200, Batch=100, Prob=0.7 *************************
 Evaluando: Alpha=0.1, Decay=3.0, Soft=0.5, Epochs=200, Batch=100, Prob=0.7
 Fin evaluación: Alpha=0.1, Decay=3.0, Soft=0.5, Epochs=200, Batch=100, Prob=0.2 *************************
 Evaluando: Alpha=0.5, Decay=2.0, Soft=0.0, Epochs=200, Batch=100, Prob=0.2
 Fin evaluación: Alpha=0.1, Decay=3.0, Soft=0.5, Epochs=200, Batch=100, Prob=0.5 *************************
 Evaluando: Alpha=0.5, Decay=2.0, Soft=0.0, Epochs=200, Batch=100, Prob=0.5
 Fin evaluación: Alpha=0.1, Decay=3.0, Soft=0.5, Epochs=200, Batch=100, Prob=0.7 *************************
 Fin evaluación: Alpha=0.5, Decay=2.0, Soft=0.0, Epochs=200, Batch=100, Prob=0.2 *************************
 Evaluando: Alpha=0.5, Decay=2.0, Soft=0.0, Epochs=200, Batch=100, Prob=0.7
 Evaluando: Alpha=0.5, Decay=2.0, Soft=0.5, Epochs=200, Batch=100, Prob=0.2
 Fin evaluación: Alpha=0.5, Decay=2.0, Soft=0.0, Epochs=200, Batch=100, Prob=0.5 *************************
 Evaluando: Alpha=0.5, Decay=2.0, Soft=0.5, Epochs=200, Batch=100, Prob=0.5
 Fin evaluación: Alpha=0.5, Decay=2.0, Soft=0.5, Epochs=200, Batch=100, Prob=0.2 *************************
 Evaluando: Alpha=0.5, Decay=2.0, Soft=0.5, Epochs=200, Batch=100, Prob=0.7
 Fin evaluación: Alpha=0.5, Decay=2.0, Soft=0.0, Epochs=200, Batch=100, Prob=0.7 *************************
 Evaluando: Alpha=0.5, Decay=3.0, Soft=0.0, Epochs=200, Batch=100, Prob=0.2
 Fin evaluación: Alpha=0.5, Decay=2.0, Soft=0.5, Epochs=200, Batch=100, Prob=0.5 *************************
 Evaluando: Alpha=0.5, Decay=3.0, Soft=0.0, Epochs=200, Batch=100, Prob=0.5
 Fin evaluación: Alpha=0.5, Decay=3.0, Soft=0.0, Epochs=200, Batch=100, Prob=0.2 *************************
 Fin evaluación: Alpha=0.5, Decay=2.0, Soft=0.5, Epochs=200, Batch=100, Prob=0.7 *************************
 Evaluando: Alpha=0.5, Decay=3.0, Soft=0.0, Epochs=200, Batch=100, Prob=0.7
 Evaluando: Alpha=0.5, Decay=3.0, Soft=0.5, Epochs=200, Batch=100, Prob=0.2
 Fin evaluación: Alpha=0.5, Decay=3.0, Soft=0.0, Epochs=200, Batch=100, Prob=0.5 *************************
 Evaluando: Alpha=0.5, Decay=3.0, Soft=0.5, Epochs=200, Batch=100, Prob=0.5
 Fin evaluación: Alpha=0.5, Decay=3.0, Soft=0.5, Epochs=200, Batch=100, Prob=0.2 *************************
 Evaluando: Alpha=0.5, Decay=3.0, Soft=0.5, Epochs=200, Batch=100, Prob=0.7
 Fin evaluación: Alpha=0.5, Decay=3.0, Soft=0.0, Epochs=200, Batch=100, Prob=0.7 *************************
 Evaluando: Alpha=1.0, Decay=2.0, Soft=0.0, Epochs=200, Batch=100, Prob=0.2
 Fin evaluación: Alpha=0.5, Decay=3.0, Soft=0.5, Epochs=200, Batch=100, Prob=0.5 *************************
 Evaluando: Alpha=1.0, Decay=2.0, Soft=0.0, Epochs=200, Batch=100, Prob=0.5
 Fin evaluación: Alpha=1.0, Decay=2.0, Soft=0.0, Epochs=200, Batch=100, Prob=0.2 *************************
 Fin evaluación: Alpha=0.5, Decay=3.0, Soft=0.5, Epochs=200, Batch=100, Prob=0.7 *************************
 Evaluando: Alpha=1.0, Decay=2.0, Soft=0.0, Epochs=200, Batch=100, Prob=0.7
 Evaluando: Alpha=1.0, Decay=2.0, Soft=0.5, Epochs=200, Batch=100, Prob=0.2
 Fin evaluación: Alpha=1.0, Decay=2.0, Soft=0.0, Epochs=200, Batch=100, Prob=0.5 *************************
 Evaluando: Alpha=1.0, Decay=2.0, Soft=0.5, Epochs=200, Batch=100, Prob=0.5
 Fin evaluación: Alpha=1.0, Decay=2.0, Soft=0.5, Epochs=200, Batch=100, Prob=0.2 *************************
 Evaluando: Alpha=1.0, Decay=2.0, Soft=0.5, Epochs=200, Batch=100, Prob=0.7
 Fin evaluación: Alpha=1.0, Decay=2.0, Soft=0.0, Epochs=200, Batch=100, Prob=0.7 *************************
 Evaluando: Alpha=1.0, Decay=3.0, Soft=0.0, Epochs=200, Batch=100, Prob=0.2
 Fin evaluación: Alpha=1.0, Decay=2.0, Soft=0.5, Epochs=200, Batch=100, Prob=0.5 *************************
 Evaluando: Alpha=1.0, Decay=3.0, Soft=0.0, Epochs=200, Batch=100, Prob=0.5
 Fin evaluación: Alpha=1.0, Decay=3.0, Soft=0.0, Epochs=200, Batch=100, Prob=0.2 *************************
 Fin evaluación: Alpha=1.0, Decay=2.0, Soft=0.5, Epochs=200, Batch=100, Prob=0.7 *************************
 Evaluando: Alpha=1.0, Decay=3.0, Soft=0.0, Epochs=200, Batch=100, Prob=0.7
 Evaluando: Alpha=1.0, Decay=3.0, Soft=0.5, Epochs=200, Batch=100, Prob=0.2
 Fin evaluación: Alpha=1.0, Decay=3.0, Soft=0.0, Epochs=200, Batch=100, Prob=0.5 *************************
 Evaluando: Alpha=1.0, Decay=3.0, Soft=0.5, Epochs=200, Batch=100, Prob=0.5
 Fin evaluación: Alpha=1.0, Decay=3.0, Soft=0.5, Epochs=200, Batch=100, Prob=0.2 *************************
 Evaluando: Alpha=1.0, Decay=3.0, Soft=0.5, Epochs=200, Batch=100, Prob=0.7
 Fin evaluación: Alpha=1.0, Decay=3.0, Soft=0.0, Epochs=200, Batch=100, Prob=0.7 *************************
 Evaluando: Alpha=1.5, Decay=2.0, Soft=0.0, Epochs=200, Batch=100, Prob=0.2
 Fin evaluación: Alpha=1.0, Decay=3.0, Soft=0.5, Epochs=200, Batch=100, Prob=0.5 *************************
 Evaluando: Alpha=1.5, Decay=2.0, Soft=0.0, Epochs=200, Batch=100, Prob=0.5
 Fin evaluación: Alpha=1.5, Decay=2.0, Soft=0.0, Epochs=200, Batch=100, Prob=0.2 *************************
 Fin evaluación: Alpha=1.0, Decay=3.0, Soft=0.5, Epochs=200, Batch=100, Prob=0.7 *************************
 Evaluando: Alpha=1.5, Decay=2.0, Soft=0.0, Epochs=200, Batch=100, Prob=0.7
 Evaluando: Alpha=1.5, Decay=2.0, Soft=0.5, Epochs=200, Batch=100, Prob=0.2
 Fin evaluación: Alpha=1.5, Decay=2.0, Soft=0.0, Epochs=200, Batch=100, Prob=0.5 *************************
 Evaluando: Alpha=1.5, Decay=2.0, Soft=0.5, Epochs=200, Batch=100, Prob=0.5
 Fin evaluación: Alpha=1.5, Decay=2.0, Soft=0.5, Epochs=200, Batch=100, Prob=0.2 *************************
 Evaluando: Alpha=1.5, Decay=2.0, Soft=0.5, Epochs=200, Batch=100, Prob=0.7
 Fin evaluación: Alpha=1.5, Decay=2.0, Soft=0.0, Epochs=200, Batch=100, Prob=0.7 *************************
 Evaluando: Alpha=1.5, Decay=3.0, Soft=0.0, Epochs=200, Batch=100, Prob=0.2
 Fin evaluación: Alpha=1.5, Decay=2.0, Soft=0.5, Epochs=200, Batch=100, Prob=0.5 *************************
 Evaluando: Alpha=1.5, Decay=3.0, Soft=0.0, Epochs=200, Batch=100, Prob=0.5
 Fin evaluación: Alpha=1.5, Decay=3.0, Soft=0.0, Epochs=200, Batch=100, Prob=0.2 *************************
 Fin evaluación: Alpha=1.5, Decay=2.0, Soft=0.5, Epochs=200, Batch=100, Prob=0.7 *************************
 Evaluando: Alpha=1.5, Decay=3.0, Soft=0.0, Epochs=200, Batch=100, Prob=0.7
 Evaluando: Alpha=1.5, Decay=3.0, Soft=0.5, Epochs=200, Batch=100, Prob=0.2
 Fin evaluación: Alpha=1.5, Decay=3.0, Soft=0.0, Epochs=200, Batch=100, Prob=0.5 *************************
 Fin evaluación: Alpha=1.5, Decay=3.0, Soft=0.5, Epochs=200, Batch=100, Prob=0.2 *************************
 Evaluando: Alpha=1.5, Decay=3.0, Soft=0.5, Epochs=200, Batch=100, Prob=0.5
 Evaluando: Alpha=1.5, Decay=3.0, Soft=0.5, Epochs=200, Batch=100, Prob=0.7
 Fin evaluación: Alpha=1.5, Decay=3.0, Soft=0.0, Epochs=200, Batch=100, Prob=0.7 *************************
 Fin evaluación: Alpha=1.5, Decay=3.0, Soft=0.5, Epochs=200, Batch=100, Prob=0.5 *************************
 Fin evaluación: Alpha=1.5, Decay=3.0, Soft=0.5, Epochs=200, Batch=100, Prob=0.7 *************************

--- Ejecutando evaluación final paralela (5 experimentos) ---
ACABÓ LA PRUEBA
ACABÓ LA PRUEBA
ACABÓ LA PRUEBA
ACABÓ LA PRUEBA
ACABÓ LA PRUEBA

============================================================
RESULTADOS FINALES PROMEDIADOS (CONJUNTO DE TEST) SOBRE EL FICHERO: mera_river
============================================================
Mejor Configuración: Alpha=1.5, Decay=2.0, Soft=0.0, Epoch=200, Batch=100, Prob=0.7
------------------------------------------------------------
ACCURACY POR CLASE:
  Clase 02: 86.72% ± 0.85%
  Clase 04: 90.73% ± 2.67%
  Clase 05: 88.29% ± 13.71%
  Clase 06: 28.79% ± 26.67%
  Clase 07: 88.73% ± 0.45%
  Clase 08: 97.82% ± 0.59%
  Clase 10: 93.76% ± 0.27%
------------------------------------------------------------
OA Final: 90.98% ± 0.17%
AA Final: 82.12% ± 3.73%
============================================================
Prueba iteracion 5 finalizada.
********************************************
Ejecutando prueba iteración: 6...
********************Ejecutando prueba sobre el dataset ulla ******************************
Cargando datos en memoria principal...
--- Iniciando Grid Search Paralelo (48 combinaciones) ---
 Evaluando: Alpha=0.1, Decay=2.0, Soft=0.0, Epochs=200, Batch=100, Prob=0.2
 Evaluando: Alpha=0.1, Decay=2.0, Soft=0.0, Epochs=200, Batch=100, Prob=0.5
 Evaluando: Alpha=0.1, Decay=2.0, Soft=0.0, Epochs=200, Batch=100, Prob=0.7
 Fin evaluación: Alpha=0.1, Decay=2.0, Soft=0.0, Epochs=200, Batch=100, Prob=0.2 *************************
 Fin evaluación: Alpha=0.1, Decay=2.0, Soft=0.0, Epochs=200, Batch=100, Prob=0.5 *************************
 Evaluando: Alpha=0.1, Decay=2.0, Soft=0.5, Epochs=200, Batch=100, Prob=0.2
 Fin evaluación: Alpha=0.1, Decay=2.0, Soft=0.0, Epochs=200, Batch=100, Prob=0.7 *************************
 Evaluando: Alpha=0.1, Decay=2.0, Soft=0.5, Epochs=200, Batch=100, Prob=0.5
 Evaluando: Alpha=0.1, Decay=2.0, Soft=0.5, Epochs=200, Batch=100, Prob=0.7
 Fin evaluación: Alpha=0.1, Decay=2.0, Soft=0.5, Epochs=200, Batch=100, Prob=0.2 *************************
 Evaluando: Alpha=0.1, Decay=3.0, Soft=0.0, Epochs=200, Batch=100, Prob=0.2
 Fin evaluación: Alpha=0.1, Decay=2.0, Soft=0.5, Epochs=200, Batch=100, Prob=0.5 *************************
 Fin evaluación: Alpha=0.1, Decay=2.0, Soft=0.5, Epochs=200, Batch=100, Prob=0.7 *************************
 Evaluando: Alpha=0.1, Decay=3.0, Soft=0.0, Epochs=200, Batch=100, Prob=0.5
 Evaluando: Alpha=0.1, Decay=3.0, Soft=0.0, Epochs=200, Batch=100, Prob=0.7
 Fin evaluación: Alpha=0.1, Decay=3.0, Soft=0.0, Epochs=200, Batch=100, Prob=0.2 *************************
 Evaluando: Alpha=0.1, Decay=3.0, Soft=0.5, Epochs=200, Batch=100, Prob=0.2
 Fin evaluación: Alpha=0.1, Decay=3.0, Soft=0.0, Epochs=200, Batch=100, Prob=0.5 *************************
 Fin evaluación: Alpha=0.1, Decay=3.0, Soft=0.0, Epochs=200, Batch=100, Prob=0.7 *************************
 Evaluando: Alpha=0.1, Decay=3.0, Soft=0.5, Epochs=200, Batch=100, Prob=0.5
 Evaluando: Alpha=0.1, Decay=3.0, Soft=0.5, Epochs=200, Batch=100, Prob=0.7
 Fin evaluación: Alpha=0.1, Decay=3.0, Soft=0.5, Epochs=200, Batch=100, Prob=0.2 *************************
 Evaluando: Alpha=0.5, Decay=2.0, Soft=0.0, Epochs=200, Batch=100, Prob=0.2
 Fin evaluación: Alpha=0.1, Decay=3.0, Soft=0.5, Epochs=200, Batch=100, Prob=0.5 *************************
 Fin evaluación: Alpha=0.1, Decay=3.0, Soft=0.5, Epochs=200, Batch=100, Prob=0.7 *************************
 Evaluando: Alpha=0.5, Decay=2.0, Soft=0.0, Epochs=200, Batch=100, Prob=0.5
 Evaluando: Alpha=0.5, Decay=2.0, Soft=0.0, Epochs=200, Batch=100, Prob=0.7
 Fin evaluación: Alpha=0.5, Decay=2.0, Soft=0.0, Epochs=200, Batch=100, Prob=0.2 *************************
 Evaluando: Alpha=0.5, Decay=2.0, Soft=0.5, Epochs=200, Batch=100, Prob=0.2
 Fin evaluación: Alpha=0.5, Decay=2.0, Soft=0.0, Epochs=200, Batch=100, Prob=0.5 *************************
 Fin evaluación: Alpha=0.5, Decay=2.0, Soft=0.0, Epochs=200, Batch=100, Prob=0.7 *************************
 Evaluando: Alpha=0.5, Decay=2.0, Soft=0.5, Epochs=200, Batch=100, Prob=0.5
 Fin evaluación: Alpha=0.5, Decay=2.0, Soft=0.5, Epochs=200, Batch=100, Prob=0.2 *************************
 Evaluando: Alpha=0.5, Decay=2.0, Soft=0.5, Epochs=200, Batch=100, Prob=0.7
 Evaluando: Alpha=0.5, Decay=3.0, Soft=0.0, Epochs=200, Batch=100, Prob=0.2
 Fin evaluación: Alpha=0.5, Decay=2.0, Soft=0.5, Epochs=200, Batch=100, Prob=0.5 *************************
 Fin evaluación: Alpha=0.5, Decay=2.0, Soft=0.5, Epochs=200, Batch=100, Prob=0.7 *************************
 Evaluando: Alpha=0.5, Decay=3.0, Soft=0.0, Epochs=200, Batch=100, Prob=0.5
 Fin evaluación: Alpha=0.5, Decay=3.0, Soft=0.0, Epochs=200, Batch=100, Prob=0.2 *************************
 Evaluando: Alpha=0.5, Decay=3.0, Soft=0.0, Epochs=200, Batch=100, Prob=0.7
 Evaluando: Alpha=0.5, Decay=3.0, Soft=0.5, Epochs=200, Batch=100, Prob=0.2
 Fin evaluación: Alpha=0.5, Decay=3.0, Soft=0.0, Epochs=200, Batch=100, Prob=0.5 *************************
 Fin evaluación: Alpha=0.5, Decay=3.0, Soft=0.0, Epochs=200, Batch=100, Prob=0.7 *************************
 Evaluando: Alpha=0.5, Decay=3.0, Soft=0.5, Epochs=200, Batch=100, Prob=0.5
 Fin evaluación: Alpha=0.5, Decay=3.0, Soft=0.5, Epochs=200, Batch=100, Prob=0.2 *************************
 Evaluando: Alpha=0.5, Decay=3.0, Soft=0.5, Epochs=200, Batch=100, Prob=0.7
 Evaluando: Alpha=1.0, Decay=2.0, Soft=0.0, Epochs=200, Batch=100, Prob=0.2
 Fin evaluación: Alpha=0.5, Decay=3.0, Soft=0.5, Epochs=200, Batch=100, Prob=0.5 *************************
 Evaluando: Alpha=1.0, Decay=2.0, Soft=0.0, Epochs=200, Batch=100, Prob=0.5
 Fin evaluación: Alpha=0.5, Decay=3.0, Soft=0.5, Epochs=200, Batch=100, Prob=0.7 *************************
 Fin evaluación: Alpha=1.0, Decay=2.0, Soft=0.0, Epochs=200, Batch=100, Prob=0.2 *************************
 Evaluando: Alpha=1.0, Decay=2.0, Soft=0.0, Epochs=200, Batch=100, Prob=0.7
 Evaluando: Alpha=1.0, Decay=2.0, Soft=0.5, Epochs=200, Batch=100, Prob=0.2
 Fin evaluación: Alpha=1.0, Decay=2.0, Soft=0.0, Epochs=200, Batch=100, Prob=0.5 *************************
 Evaluando: Alpha=1.0, Decay=2.0, Soft=0.5, Epochs=200, Batch=100, Prob=0.5
 Fin evaluación: Alpha=1.0, Decay=2.0, Soft=0.0, Epochs=200, Batch=100, Prob=0.7 *************************
 Fin evaluación: Alpha=1.0, Decay=2.0, Soft=0.5, Epochs=200, Batch=100, Prob=0.2 *************************
 Evaluando: Alpha=1.0, Decay=2.0, Soft=0.5, Epochs=200, Batch=100, Prob=0.7
 Fin evaluación: Alpha=1.0, Decay=2.0, Soft=0.5, Epochs=200, Batch=100, Prob=0.5 *************************
 Evaluando: Alpha=1.0, Decay=3.0, Soft=0.0, Epochs=200, Batch=100, Prob=0.2
 Evaluando: Alpha=1.0, Decay=3.0, Soft=0.0, Epochs=200, Batch=100, Prob=0.5
 Fin evaluación: Alpha=1.0, Decay=2.0, Soft=0.5, Epochs=200, Batch=100, Prob=0.7 *************************
 Fin evaluación: Alpha=1.0, Decay=3.0, Soft=0.0, Epochs=200, Batch=100, Prob=0.2 *************************
 Evaluando: Alpha=1.0, Decay=3.0, Soft=0.0, Epochs=200, Batch=100, Prob=0.7
 Fin evaluación: Alpha=1.0, Decay=3.0, Soft=0.0, Epochs=200, Batch=100, Prob=0.5 *************************
 Evaluando: Alpha=1.0, Decay=3.0, Soft=0.5, Epochs=200, Batch=100, Prob=0.2
 Evaluando: Alpha=1.0, Decay=3.0, Soft=0.5, Epochs=200, Batch=100, Prob=0.5
 Fin evaluación: Alpha=1.0, Decay=3.0, Soft=0.0, Epochs=200, Batch=100, Prob=0.7 *************************
 Fin evaluación: Alpha=1.0, Decay=3.0, Soft=0.5, Epochs=200, Batch=100, Prob=0.2 *************************
 Evaluando: Alpha=1.0, Decay=3.0, Soft=0.5, Epochs=200, Batch=100, Prob=0.7
 Fin evaluación: Alpha=1.0, Decay=3.0, Soft=0.5, Epochs=200, Batch=100, Prob=0.5 *************************
 Evaluando: Alpha=1.5, Decay=2.0, Soft=0.0, Epochs=200, Batch=100, Prob=0.2
 Evaluando: Alpha=1.5, Decay=2.0, Soft=0.0, Epochs=200, Batch=100, Prob=0.5
 Fin evaluación: Alpha=1.0, Decay=3.0, Soft=0.5, Epochs=200, Batch=100, Prob=0.7 *************************
 Fin evaluación: Alpha=1.5, Decay=2.0, Soft=0.0, Epochs=200, Batch=100, Prob=0.2 *************************
 Evaluando: Alpha=1.5, Decay=2.0, Soft=0.0, Epochs=200, Batch=100, Prob=0.7
 Fin evaluación: Alpha=1.5, Decay=2.0, Soft=0.0, Epochs=200, Batch=100, Prob=0.5 *************************
 Evaluando: Alpha=1.5, Decay=2.0, Soft=0.5, Epochs=200, Batch=100, Prob=0.2
 Evaluando: Alpha=1.5, Decay=2.0, Soft=0.5, Epochs=200, Batch=100, Prob=0.5
 Fin evaluación: Alpha=1.5, Decay=2.0, Soft=0.0, Epochs=200, Batch=100, Prob=0.7 *************************
 Fin evaluación: Alpha=1.5, Decay=2.0, Soft=0.5, Epochs=200, Batch=100, Prob=0.2 *************************
 Evaluando: Alpha=1.5, Decay=2.0, Soft=0.5, Epochs=200, Batch=100, Prob=0.7
 Fin evaluación: Alpha=1.5, Decay=2.0, Soft=0.5, Epochs=200, Batch=100, Prob=0.5 *************************
 Evaluando: Alpha=1.5, Decay=3.0, Soft=0.0, Epochs=200, Batch=100, Prob=0.2
 Evaluando: Alpha=1.5, Decay=3.0, Soft=0.0, Epochs=200, Batch=100, Prob=0.5
 Fin evaluación: Alpha=1.5, Decay=2.0, Soft=0.5, Epochs=200, Batch=100, Prob=0.7 *************************
 Fin evaluación: Alpha=1.5, Decay=3.0, Soft=0.0, Epochs=200, Batch=100, Prob=0.2 *************************
 Evaluando: Alpha=1.5, Decay=3.0, Soft=0.0, Epochs=200, Batch=100, Prob=0.7
 Fin evaluación: Alpha=1.5, Decay=3.0, Soft=0.0, Epochs=200, Batch=100, Prob=0.5 *************************
 Evaluando: Alpha=1.5, Decay=3.0, Soft=0.5, Epochs=200, Batch=100, Prob=0.2
 Evaluando: Alpha=1.5, Decay=3.0, Soft=0.5, Epochs=200, Batch=100, Prob=0.5
 Fin evaluación: Alpha=1.5, Decay=3.0, Soft=0.0, Epochs=200, Batch=100, Prob=0.7 *************************
 Evaluando: Alpha=1.5, Decay=3.0, Soft=0.5, Epochs=200, Batch=100, Prob=0.7
 Fin evaluación: Alpha=1.5, Decay=3.0, Soft=0.5, Epochs=200, Batch=100, Prob=0.2 *************************
 Fin evaluación: Alpha=1.5, Decay=3.0, Soft=0.5, Epochs=200, Batch=100, Prob=0.5 *************************
 Fin evaluación: Alpha=1.5, Decay=3.0, Soft=0.5, Epochs=200, Batch=100, Prob=0.7 *************************

--- Ejecutando evaluación final paralela (5 experimentos) ---
ACABÓ LA PRUEBA
ACABÓ LA PRUEBA
ACABÓ LA PRUEBA
ACABÓ LA PRUEBA
ACABÓ LA PRUEBA

============================================================
RESULTADOS FINALES PROMEDIADOS (CONJUNTO DE TEST) SOBRE EL FICHERO: ulla
============================================================
Mejor Configuración: Alpha=0.1, Decay=2.0, Soft=0.0, Epoch=200, Batch=100, Prob=0.2
------------------------------------------------------------
ACCURACY POR CLASE:
  Clase 02: 99.61% ± 0.31%
  Clase 04: 97.67% ± 5.22%
  Clase 07: 98.88% ± 1.75%
  Clase 08: 99.40% ± 0.41%
  Clase 09: 91.94% ± 3.40%
------------------------------------------------------------
OA Final: 98.92% ± 0.45%
AA Final: 97.50% ± 1.05%
============================================================
Prueba iteracion 6 finalizada.
********************************************
Ejecutando prueba iteración: 7...
********************Ejecutando prueba sobre el dataset xesta ******************************
Cargando datos en memoria principal...
--- Iniciando Grid Search Paralelo (48 combinaciones) ---
 Evaluando: Alpha=0.1, Decay=2.0, Soft=0.0, Epochs=200, Batch=100, Prob=0.2
 Evaluando: Alpha=0.1, Decay=2.0, Soft=0.0, Epochs=200, Batch=100, Prob=0.5
 Evaluando: Alpha=0.1, Decay=2.0, Soft=0.0, Epochs=200, Batch=100, Prob=0.7
 Fin evaluación: Alpha=0.1, Decay=2.0, Soft=0.0, Epochs=200, Batch=100, Prob=0.2 *************************
 Evaluando: Alpha=0.1, Decay=2.0, Soft=0.5, Epochs=200, Batch=100, Prob=0.2
 Fin evaluación: Alpha=0.1, Decay=2.0, Soft=0.0, Epochs=200, Batch=100, Prob=0.5 *************************
 Evaluando: Alpha=0.1, Decay=2.0, Soft=0.5, Epochs=200, Batch=100, Prob=0.5
 Fin evaluación: Alpha=0.1, Decay=2.0, Soft=0.0, Epochs=200, Batch=100, Prob=0.7 *************************
 Evaluando: Alpha=0.1, Decay=2.0, Soft=0.5, Epochs=200, Batch=100, Prob=0.7
 Fin evaluación: Alpha=0.1, Decay=2.0, Soft=0.5, Epochs=200, Batch=100, Prob=0.2 *************************
 Evaluando: Alpha=0.1, Decay=3.0, Soft=0.0, Epochs=200, Batch=100, Prob=0.2
 Fin evaluación: Alpha=0.1, Decay=2.0, Soft=0.5, Epochs=200, Batch=100, Prob=0.5 *************************
 Evaluando: Alpha=0.1, Decay=3.0, Soft=0.0, Epochs=200, Batch=100, Prob=0.5
 Fin evaluación: Alpha=0.1, Decay=2.0, Soft=0.5, Epochs=200, Batch=100, Prob=0.7 *************************
 Evaluando: Alpha=0.1, Decay=3.0, Soft=0.0, Epochs=200, Batch=100, Prob=0.7
 Fin evaluación: Alpha=0.1, Decay=3.0, Soft=0.0, Epochs=200, Batch=100, Prob=0.2 *************************
 Evaluando: Alpha=0.1, Decay=3.0, Soft=0.5, Epochs=200, Batch=100, Prob=0.2
 Fin evaluación: Alpha=0.1, Decay=3.0, Soft=0.0, Epochs=200, Batch=100, Prob=0.5 *************************
 Evaluando: Alpha=0.1, Decay=3.0, Soft=0.5, Epochs=200, Batch=100, Prob=0.5
 Fin evaluación: Alpha=0.1, Decay=3.0, Soft=0.0, Epochs=200, Batch=100, Prob=0.7 *************************
 Evaluando: Alpha=0.1, Decay=3.0, Soft=0.5, Epochs=200, Batch=100, Prob=0.7
 Fin evaluación: Alpha=0.1, Decay=3.0, Soft=0.5, Epochs=200, Batch=100, Prob=0.2 *************************
 Evaluando: Alpha=0.5, Decay=2.0, Soft=0.0, Epochs=200, Batch=100, Prob=0.2
 Fin evaluación: Alpha=0.1, Decay=3.0, Soft=0.5, Epochs=200, Batch=100, Prob=0.5 *************************
 Evaluando: Alpha=0.5, Decay=2.0, Soft=0.0, Epochs=200, Batch=100, Prob=0.5
 Fin evaluación: Alpha=0.5, Decay=2.0, Soft=0.0, Epochs=200, Batch=100, Prob=0.2 *************************
 Evaluando: Alpha=0.5, Decay=2.0, Soft=0.0, Epochs=200, Batch=100, Prob=0.7
 Fin evaluación: Alpha=0.1, Decay=3.0, Soft=0.5, Epochs=200, Batch=100, Prob=0.7 *************************
 Evaluando: Alpha=0.5, Decay=2.0, Soft=0.5, Epochs=200, Batch=100, Prob=0.2
 Fin evaluación: Alpha=0.5, Decay=2.0, Soft=0.0, Epochs=200, Batch=100, Prob=0.5 *************************
 Evaluando: Alpha=0.5, Decay=2.0, Soft=0.5, Epochs=200, Batch=100, Prob=0.5
 Fin evaluación: Alpha=0.5, Decay=2.0, Soft=0.5, Epochs=200, Batch=100, Prob=0.2 *************************
 Evaluando: Alpha=0.5, Decay=2.0, Soft=0.5, Epochs=200, Batch=100, Prob=0.7
 Fin evaluación: Alpha=0.5, Decay=2.0, Soft=0.0, Epochs=200, Batch=100, Prob=0.7 *************************
 Evaluando: Alpha=0.5, Decay=3.0, Soft=0.0, Epochs=200, Batch=100, Prob=0.2
 Fin evaluación: Alpha=0.5, Decay=2.0, Soft=0.5, Epochs=200, Batch=100, Prob=0.5 *************************
 Evaluando: Alpha=0.5, Decay=3.0, Soft=0.0, Epochs=200, Batch=100, Prob=0.5
 Fin evaluación: Alpha=0.5, Decay=3.0, Soft=0.0, Epochs=200, Batch=100, Prob=0.2 *************************
 Evaluando: Alpha=0.5, Decay=3.0, Soft=0.0, Epochs=200, Batch=100, Prob=0.7
 Fin evaluación: Alpha=0.5, Decay=2.0, Soft=0.5, Epochs=200, Batch=100, Prob=0.7 *************************
 Evaluando: Alpha=0.5, Decay=3.0, Soft=0.5, Epochs=200, Batch=100, Prob=0.2
 Fin evaluación: Alpha=0.5, Decay=3.0, Soft=0.0, Epochs=200, Batch=100, Prob=0.5 *************************
 Evaluando: Alpha=0.5, Decay=3.0, Soft=0.5, Epochs=200, Batch=100, Prob=0.5
 Fin evaluación: Alpha=0.5, Decay=3.0, Soft=0.5, Epochs=200, Batch=100, Prob=0.2 *************************
 Evaluando: Alpha=0.5, Decay=3.0, Soft=0.5, Epochs=200, Batch=100, Prob=0.7
 Fin evaluación: Alpha=0.5, Decay=3.0, Soft=0.0, Epochs=200, Batch=100, Prob=0.7 *************************
 Evaluando: Alpha=1.0, Decay=2.0, Soft=0.0, Epochs=200, Batch=100, Prob=0.2
 Fin evaluación: Alpha=0.5, Decay=3.0, Soft=0.5, Epochs=200, Batch=100, Prob=0.5 *************************
 Evaluando: Alpha=1.0, Decay=2.0, Soft=0.0, Epochs=200, Batch=100, Prob=0.5
 Fin evaluación: Alpha=1.0, Decay=2.0, Soft=0.0, Epochs=200, Batch=100, Prob=0.2 *************************
 Evaluando: Alpha=1.0, Decay=2.0, Soft=0.0, Epochs=200, Batch=100, Prob=0.7
 Fin evaluación: Alpha=0.5, Decay=3.0, Soft=0.5, Epochs=200, Batch=100, Prob=0.7 *************************
 Evaluando: Alpha=1.0, Decay=2.0, Soft=0.5, Epochs=200, Batch=100, Prob=0.2
 Fin evaluación: Alpha=1.0, Decay=2.0, Soft=0.0, Epochs=200, Batch=100, Prob=0.5 *************************
 Evaluando: Alpha=1.0, Decay=2.0, Soft=0.5, Epochs=200, Batch=100, Prob=0.5
 Fin evaluación: Alpha=1.0, Decay=2.0, Soft=0.5, Epochs=200, Batch=100, Prob=0.2 *************************
 Evaluando: Alpha=1.0, Decay=2.0, Soft=0.5, Epochs=200, Batch=100, Prob=0.7
 Fin evaluación: Alpha=1.0, Decay=2.0, Soft=0.0, Epochs=200, Batch=100, Prob=0.7 *************************
 Evaluando: Alpha=1.0, Decay=3.0, Soft=0.0, Epochs=200, Batch=100, Prob=0.2
 Fin evaluación: Alpha=1.0, Decay=2.0, Soft=0.5, Epochs=200, Batch=100, Prob=0.5 *************************
 Evaluando: Alpha=1.0, Decay=3.0, Soft=0.0, Epochs=200, Batch=100, Prob=0.5
 Fin evaluación: Alpha=1.0, Decay=3.0, Soft=0.0, Epochs=200, Batch=100, Prob=0.2 *************************
 Evaluando: Alpha=1.0, Decay=3.0, Soft=0.0, Epochs=200, Batch=100, Prob=0.7
 Fin evaluación: Alpha=1.0, Decay=2.0, Soft=0.5, Epochs=200, Batch=100, Prob=0.7 *************************
 Evaluando: Alpha=1.0, Decay=3.0, Soft=0.5, Epochs=200, Batch=100, Prob=0.2
 Fin evaluación: Alpha=1.0, Decay=3.0, Soft=0.0, Epochs=200, Batch=100, Prob=0.5 *************************
 Evaluando: Alpha=1.0, Decay=3.0, Soft=0.5, Epochs=200, Batch=100, Prob=0.5
 Fin evaluación: Alpha=1.0, Decay=3.0, Soft=0.5, Epochs=200, Batch=100, Prob=0.2 *************************
 Evaluando: Alpha=1.0, Decay=3.0, Soft=0.5, Epochs=200, Batch=100, Prob=0.7
 Fin evaluación: Alpha=1.0, Decay=3.0, Soft=0.0, Epochs=200, Batch=100, Prob=0.7 *************************
 Evaluando: Alpha=1.5, Decay=2.0, Soft=0.0, Epochs=200, Batch=100, Prob=0.2
 Fin evaluación: Alpha=1.0, Decay=3.0, Soft=0.5, Epochs=200, Batch=100, Prob=0.5 *************************
 Evaluando: Alpha=1.5, Decay=2.0, Soft=0.0, Epochs=200, Batch=100, Prob=0.5
 Fin evaluación: Alpha=1.5, Decay=2.0, Soft=0.0, Epochs=200, Batch=100, Prob=0.2 *************************
 Evaluando: Alpha=1.5, Decay=2.0, Soft=0.0, Epochs=200, Batch=100, Prob=0.7
 Fin evaluación: Alpha=1.0, Decay=3.0, Soft=0.5, Epochs=200, Batch=100, Prob=0.7 *************************
 Evaluando: Alpha=1.5, Decay=2.0, Soft=0.5, Epochs=200, Batch=100, Prob=0.2
 Fin evaluación: Alpha=1.5, Decay=2.0, Soft=0.0, Epochs=200, Batch=100, Prob=0.5 *************************
 Evaluando: Alpha=1.5, Decay=2.0, Soft=0.5, Epochs=200, Batch=100, Prob=0.5
 Fin evaluación: Alpha=1.5, Decay=2.0, Soft=0.5, Epochs=200, Batch=100, Prob=0.2 *************************
 Fin evaluación: Alpha=1.5, Decay=2.0, Soft=0.0, Epochs=200, Batch=100, Prob=0.7 *************************
 Evaluando: Alpha=1.5, Decay=2.0, Soft=0.5, Epochs=200, Batch=100, Prob=0.7
 Evaluando: Alpha=1.5, Decay=3.0, Soft=0.0, Epochs=200, Batch=100, Prob=0.2
 Fin evaluación: Alpha=1.5, Decay=2.0, Soft=0.5, Epochs=200, Batch=100, Prob=0.5 *************************
 Evaluando: Alpha=1.5, Decay=3.0, Soft=0.0, Epochs=200, Batch=100, Prob=0.5
 Fin evaluación: Alpha=1.5, Decay=3.0, Soft=0.0, Epochs=200, Batch=100, Prob=0.2 *************************
 Evaluando: Alpha=1.5, Decay=3.0, Soft=0.0, Epochs=200, Batch=100, Prob=0.7
 Fin evaluación: Alpha=1.5, Decay=2.0, Soft=0.5, Epochs=200, Batch=100, Prob=0.7 *************************
 Evaluando: Alpha=1.5, Decay=3.0, Soft=0.5, Epochs=200, Batch=100, Prob=0.2
 Fin evaluación: Alpha=1.5, Decay=3.0, Soft=0.0, Epochs=200, Batch=100, Prob=0.5 *************************
 Evaluando: Alpha=1.5, Decay=3.0, Soft=0.5, Epochs=200, Batch=100, Prob=0.5
 Fin evaluación: Alpha=1.5, Decay=3.0, Soft=0.0, Epochs=200, Batch=100, Prob=0.7 *************************
 Fin evaluación: Alpha=1.5, Decay=3.0, Soft=0.5, Epochs=200, Batch=100, Prob=0.2 *************************
 Evaluando: Alpha=1.5, Decay=3.0, Soft=0.5, Epochs=200, Batch=100, Prob=0.7
 Fin evaluación: Alpha=1.5, Decay=3.0, Soft=0.5, Epochs=200, Batch=100, Prob=0.5 *************************
 Fin evaluación: Alpha=1.5, Decay=3.0, Soft=0.5, Epochs=200, Batch=100, Prob=0.7 *************************

--- Ejecutando evaluación final paralela (5 experimentos) ---
ACABÓ LA PRUEBA
ACABÓ LA PRUEBA
ACABÓ LA PRUEBA
ACABÓ LA PRUEBA
ACABÓ LA PRUEBA

============================================================
RESULTADOS FINALES PROMEDIADOS (CONJUNTO DE TEST) SOBRE EL FICHERO: xesta
============================================================
Mejor Configuración: Alpha=0.1, Decay=3.0, Soft=0.5, Epoch=200, Batch=100, Prob=0.7
------------------------------------------------------------
ACCURACY POR CLASE:
  Clase 01: 89.33% ± 2.66%
  Clase 02: 72.57% ± 7.58%
  Clase 03: 90.18% ± 0.85%
  Clase 04: 93.65% ± 1.48%
  Clase 07: 99.23% ± 0.07%
  Clase 08: 97.62% ± 0.35%
------------------------------------------------------------
OA Final: 98.51% ± 0.10%
AA Final: 90.43% ± 1.02%
============================================================
Prueba iteracion 7 finalizada.
********************************************
********** Se han finalizado todas las pruebas: 16:54:44 **********
