********** Iniciando experimentos MIXUP con aumentado: 21:35:52 **********
Ejecutando: prueba inicial MIXUP (sobre Oitaven)
GPUs detectadas: 2
********************Ejecutando prueba sobre el dataset oitaven ******************************
Cargando datos en memoria principal...
--- Iniciando Grid Search Paralelo (42 combinaciones) ---
[GPU: 0]  Evaluando: Alpha=0.1, Epochs=100, Batch=256, Prob=0.2, Usar_sampler=1
[GPU: 1]  Evaluando: Alpha=0.1, Epochs=100, Batch=256, Prob=0.3, Usar_sampler=1
[GPU: 0]  Evaluando: Alpha=0.1, Epochs=100, Batch=256, Prob=0.4, Usar_sampler=1
[GPU: 1]  Evaluando: Alpha=0.1, Epochs=100, Batch=256, Prob=0.5, Usar_sampler=1
[GPU: 0]  Evaluando: Alpha=0.1, Epochs=100, Batch=256, Prob=0.6, Usar_sampler=1
[GPU: 1]  Evaluando: Alpha=0.1, Epochs=100, Batch=256, Prob=0.7, Usar_sampler=1
[GPU: 0]  Fin evaluación: Alpha=0.1,  Epochs=100, Batch=256, Prob=0.2, Usar_sampler=1 *************************
[GPU: 0]  Evaluando: Alpha=0.1, Epochs=100, Batch=256, Prob=0.8, Usar_sampler=1
[GPU: 0]  Fin evaluación: Alpha=0.1,  Epochs=100, Batch=256, Prob=0.4, Usar_sampler=1 *************************
[GPU: 1]  Fin evaluación: Alpha=0.1,  Epochs=100, Batch=256, Prob=0.3, Usar_sampler=1 *************************
[GPU: 1]  Evaluando: Alpha=0.3, Epochs=100, Batch=256, Prob=0.2, Usar_sampler=1
[GPU: 1]  Fin evaluación: Alpha=0.1,  Epochs=100, Batch=256, Prob=0.5, Usar_sampler=1 *************************
[GPU: 1]  Fin evaluación: Alpha=0.1,  Epochs=100, Batch=256, Prob=0.7, Usar_sampler=1 *************************
[GPU: 0]  Fin evaluación: Alpha=0.1,  Epochs=100, Batch=256, Prob=0.6, Usar_sampler=1 *************************
[GPU: 0]  Evaluando: Alpha=0.3, Epochs=100, Batch=256, Prob=0.3, Usar_sampler=1
[GPU: 1]  Evaluando: Alpha=0.3, Epochs=100, Batch=256, Prob=0.4, Usar_sampler=1
[GPU: 0]  Evaluando: Alpha=0.3, Epochs=100, Batch=256, Prob=0.5, Usar_sampler=1
[GPU: 1]  Evaluando: Alpha=0.3, Epochs=100, Batch=256, Prob=0.6, Usar_sampler=1
[GPU: 0]  Fin evaluación: Alpha=0.1,  Epochs=100, Batch=256, Prob=0.8, Usar_sampler=1 *************************
[GPU: 0]  Evaluando: Alpha=0.3, Epochs=100, Batch=256, Prob=0.7, Usar_sampler=1
[GPU: 1]  Fin evaluación: Alpha=0.3,  Epochs=100, Batch=256, Prob=0.2, Usar_sampler=1 *************************
[GPU: 1]  Evaluando: Alpha=0.3, Epochs=100, Batch=256, Prob=0.8, Usar_sampler=1
[GPU: 1]  Fin evaluación: Alpha=0.3,  Epochs=100, Batch=256, Prob=0.4, Usar_sampler=1 *************************
[GPU: 0]  Fin evaluación: Alpha=0.3,  Epochs=100, Batch=256, Prob=0.5, Usar_sampler=1 *************************
[GPU: 0]  Evaluando: Alpha=0.5, Epochs=100, Batch=256, Prob=0.2, Usar_sampler=1
[GPU: 0]  Fin evaluación: Alpha=0.3,  Epochs=100, Batch=256, Prob=0.3, Usar_sampler=1 *************************
[GPU: 1]  Fin evaluación: Alpha=0.3,  Epochs=100, Batch=256, Prob=0.6, Usar_sampler=1 *************************
[GPU: 1]  Evaluando: Alpha=0.5, Epochs=100, Batch=256, Prob=0.3, Usar_sampler=1
[GPU: 0]  Evaluando: Alpha=0.5, Epochs=100, Batch=256, Prob=0.4, Usar_sampler=1
[GPU: 1]  Evaluando: Alpha=0.5, Epochs=100, Batch=256, Prob=0.5, Usar_sampler=1
[GPU: 0]  Fin evaluación: Alpha=0.3,  Epochs=100, Batch=256, Prob=0.7, Usar_sampler=1 *************************
[GPU: 0]  Evaluando: Alpha=0.5, Epochs=100, Batch=256, Prob=0.6, Usar_sampler=1
[GPU: 1]  Fin evaluación: Alpha=0.3,  Epochs=100, Batch=256, Prob=0.8, Usar_sampler=1 *************************
[GPU: 1]  Fin evaluación: Alpha=0.5,  Epochs=100, Batch=256, Prob=0.3, Usar_sampler=1 *************************
[GPU: 1]  Evaluando: Alpha=0.5, Epochs=100, Batch=256, Prob=0.7, Usar_sampler=1
[GPU: 0]  Fin evaluación: Alpha=0.5,  Epochs=100, Batch=256, Prob=0.2, Usar_sampler=1 *************************
[GPU: 0]  Evaluando: Alpha=0.5, Epochs=100, Batch=256, Prob=0.8, Usar_sampler=1
[GPU: 1]  Evaluando: Alpha=0.7, Epochs=100, Batch=256, Prob=0.2, Usar_sampler=1
[GPU: 1]  Fin evaluación: Alpha=0.5,  Epochs=100, Batch=256, Prob=0.5, Usar_sampler=1 *************************
[GPU: 0]  Evaluando: Alpha=0.7, Epochs=100, Batch=256, Prob=0.3, Usar_sampler=1
[GPU: 0]  Fin evaluación: Alpha=0.5,  Epochs=100, Batch=256, Prob=0.4, Usar_sampler=1 *************************
[GPU: 1]  Evaluando: Alpha=0.7, Epochs=100, Batch=256, Prob=0.4, Usar_sampler=1
[GPU: 0]  Fin evaluación: Alpha=0.5,  Epochs=100, Batch=256, Prob=0.6, Usar_sampler=1 *************************
[GPU: 0]  Evaluando: Alpha=0.7, Epochs=100, Batch=256, Prob=0.5, Usar_sampler=1
[GPU: 1]  Fin evaluación: Alpha=0.5,  Epochs=100, Batch=256, Prob=0.7, Usar_sampler=1 *************************
[GPU: 0]  Fin evaluación: Alpha=0.5,  Epochs=100, Batch=256, Prob=0.8, Usar_sampler=1 *************************
[GPU: 1]  Evaluando: Alpha=0.7, Epochs=100, Batch=256, Prob=0.6, Usar_sampler=1
[GPU: 1]  Fin evaluación: Alpha=0.7,  Epochs=100, Batch=256, Prob=0.2, Usar_sampler=1 *************************
[GPU: 0]  Evaluando: Alpha=0.7, Epochs=100, Batch=256, Prob=0.7, Usar_sampler=1
[GPU: 1]  Evaluando: Alpha=0.7, Epochs=100, Batch=256, Prob=0.8, Usar_sampler=1
[GPU: 0]  Fin evaluación: Alpha=0.7,  Epochs=100, Batch=256, Prob=0.3, Usar_sampler=1 *************************
[GPU: 0]  Evaluando: Alpha=1.0, Epochs=100, Batch=256, Prob=0.2, Usar_sampler=1
[GPU: 1]  Fin evaluación: Alpha=0.7,  Epochs=100, Batch=256, Prob=0.4, Usar_sampler=1 *************************
[GPU: 1]  Evaluando: Alpha=1.0, Epochs=100, Batch=256, Prob=0.3, Usar_sampler=1
[GPU: 0]  Fin evaluación: Alpha=0.7,  Epochs=100, Batch=256, Prob=0.5, Usar_sampler=1 *************************
[GPU: 0]  Evaluando: Alpha=1.0, Epochs=100, Batch=256, Prob=0.4, Usar_sampler=1
[GPU: 0]  Fin evaluación: Alpha=0.7,  Epochs=100, Batch=256, Prob=0.7, Usar_sampler=1 *************************
[GPU: 1]  Fin evaluación: Alpha=0.7,  Epochs=100, Batch=256, Prob=0.6, Usar_sampler=1 *************************
[GPU: 1]  Evaluando: Alpha=1.0, Epochs=100, Batch=256, Prob=0.5, Usar_sampler=1
[GPU: 1]  Fin evaluación: Alpha=0.7,  Epochs=100, Batch=256, Prob=0.8, Usar_sampler=1 *************************
[GPU: 0]  Evaluando: Alpha=1.0, Epochs=100, Batch=256, Prob=0.6, Usar_sampler=1
[GPU: 0]  Fin evaluación: Alpha=1.0,  Epochs=100, Batch=256, Prob=0.2, Usar_sampler=1 *************************
[GPU: 1]  Evaluando: Alpha=1.0, Epochs=100, Batch=256, Prob=0.7, Usar_sampler=1
[GPU: 0]  Evaluando: Alpha=1.0, Epochs=100, Batch=256, Prob=0.8, Usar_sampler=1
[GPU: 1]  Fin evaluación: Alpha=1.0,  Epochs=100, Batch=256, Prob=0.3, Usar_sampler=1 *************************
[GPU: 1]  Evaluando: Alpha=2.0, Epochs=100, Batch=256, Prob=0.2, Usar_sampler=1
[GPU: 0]  Fin evaluación: Alpha=1.0,  Epochs=100, Batch=256, Prob=0.4, Usar_sampler=1 *************************
[GPU: 1]  Fin evaluación: Alpha=1.0,  Epochs=100, Batch=256, Prob=0.5, Usar_sampler=1 *************************
[GPU: 0]  Evaluando: Alpha=2.0, Epochs=100, Batch=256, Prob=0.3, Usar_sampler=1
[GPU: 1]  Evaluando: Alpha=2.0, Epochs=100, Batch=256, Prob=0.4, Usar_sampler=1
[GPU: 0]  Fin evaluación: Alpha=1.0,  Epochs=100, Batch=256, Prob=0.6, Usar_sampler=1 *************************
[GPU: 1]  Fin evaluación: Alpha=1.0,  Epochs=100, Batch=256, Prob=0.7, Usar_sampler=1 *************************
[GPU: 0]  Evaluando: Alpha=2.0, Epochs=100, Batch=256, Prob=0.5, Usar_sampler=1
[GPU: 1]  Evaluando: Alpha=2.0, Epochs=100, Batch=256, Prob=0.6, Usar_sampler=1
[GPU: 0]  Fin evaluación: Alpha=1.0,  Epochs=100, Batch=256, Prob=0.8, Usar_sampler=1 *************************
[GPU: 0]  Evaluando: Alpha=2.0, Epochs=100, Batch=256, Prob=0.7, Usar_sampler=1
[GPU: 1]  Fin evaluación: Alpha=2.0,  Epochs=100, Batch=256, Prob=0.2, Usar_sampler=1 *************************
[GPU: 1]  Evaluando: Alpha=2.0, Epochs=100, Batch=256, Prob=0.8, Usar_sampler=1
[GPU: 1]  Fin evaluación: Alpha=2.0,  Epochs=100, Batch=256, Prob=0.4, Usar_sampler=1 *************************
[GPU: 0]  Fin evaluación: Alpha=2.0,  Epochs=100, Batch=256, Prob=0.3, Usar_sampler=1 *************************
[GPU: 1]  Fin evaluación: Alpha=2.0,  Epochs=100, Batch=256, Prob=0.6, Usar_sampler=1 *************************
[GPU: 0]  Fin evaluación: Alpha=2.0,  Epochs=100, Batch=256, Prob=0.5, Usar_sampler=1 *************************
[GPU: 0]  Fin evaluación: Alpha=2.0,  Epochs=100, Batch=256, Prob=0.7, Usar_sampler=1 *************************
[GPU: 1]  Fin evaluación: Alpha=2.0,  Epochs=100, Batch=256, Prob=0.8, Usar_sampler=1 *************************

--- Ejecutando evaluación final paralela (5 experimentos) ---
ACABÓ LA PRUEBA
ACABÓ LA PRUEBA
ACABÓ LA PRUEBA
ACABÓ LA PRUEBA
ACABÓ LA PRUEBA

============================================================
RESULTADOS FINALES PROMEDIADOS (CONJUNTO DE TEST) SOBRE EL FICHERO: oitaven
============================================================
Mejor Configuración: Alpha=1.0, Epoch=100, Batch=256, Prob=0.2, Sampler=1
------------------------------------------------------------
ACCURACY POR CLASE:
  Clase 01: 97.86% ± 0.87%
  Clase 02: 84.10% ± 1.45%
  Clase 03: 82.63% ± 3.84%
  Clase 04: 93.38% ± 2.68%
  Clase 05: 88.03% ± 3.49%
  Clase 06: 93.77% ± 1.21%
  Clase 07: 95.65% ± 0.27%
  Clase 08: 95.77% ± 0.49%
  Clase 09: 98.60% ± 0.53%
  Clase 10: 90.94% ± 1.16%
------------------------------------------------------------
OA Final: 94.74% ± 0.17%
AA Final: 92.07% ± 0.41%
------------------------------------------------------------
Tiempo entrenamiento total medio con hiperparámetros óptimos: 52.60 s
Tiempo medio por época con hiperparámetros óptimos: 0.5260 s
============================================================
------------------------------------------
Ejecutando prueba iteración: 1...
GPUs detectadas: 2
********************Ejecutando prueba sobre el dataset das_mestas ******************************
Cargando datos en memoria principal...
--- Cargando hiperparámetros óptimos desde hiperParametros_MIXUP_Con_Aumentado.json ---

--- Ejecutando evaluación final paralela (5 experimentos) ---
ACABÓ LA PRUEBA
ACABÓ LA PRUEBA
ACABÓ LA PRUEBA
ACABÓ LA PRUEBA
ACABÓ LA PRUEBA

============================================================
RESULTADOS FINALES PROMEDIADOS (CONJUNTO DE TEST) SOBRE EL FICHERO: das_mestas
============================================================
Mejor Configuración: Alpha=1.0, Epoch=100, Batch=256, Prob=0.2, Sampler=1
------------------------------------------------------------
ACCURACY POR CLASE:
  Clase 02: 73.21% ± 0.87%
  Clase 07: 90.52% ± 0.50%
  Clase 08: 96.36% ± 0.84%
  Clase 10: 94.54% ± 0.42%
------------------------------------------------------------
OA Final: 90.70% ± 0.22%
AA Final: 88.66% ± 0.28%
------------------------------------------------------------
Tiempo entrenamiento total medio con hiperparámetros óptimos: 93.73 s
Tiempo medio por época con hiperparámetros óptimos: 0.9373 s
============================================================
Prueba iteracion 1 finalizada.
********************************************
Ejecutando prueba iteración: 2...
GPUs detectadas: 2
********************Ejecutando prueba sobre el dataset eiras_dam ******************************
Cargando datos en memoria principal...
--- Cargando hiperparámetros óptimos desde hiperParametros_MIXUP_Con_Aumentado.json ---

--- Ejecutando evaluación final paralela (5 experimentos) ---
ACABÓ LA PRUEBA
ACABÓ LA PRUEBA
ACABÓ LA PRUEBA
ACABÓ LA PRUEBA
ACABÓ LA PRUEBA

============================================================
RESULTADOS FINALES PROMEDIADOS (CONJUNTO DE TEST) SOBRE EL FICHERO: eiras_dam
============================================================
Mejor Configuración: Alpha=1.0, Epoch=100, Batch=256, Prob=0.2, Sampler=1
------------------------------------------------------------
ACCURACY POR CLASE:
  Clase 01: 99.07% ± 0.40%
  Clase 02: 82.83% ± 3.28%
  Clase 03: 95.76% ± 0.62%
  Clase 04: 92.19% ± 3.96%
  Clase 05: 82.49% ± 2.70%
  Clase 06: 84.05% ± 2.48%
  Clase 07: 94.26% ± 0.83%
  Clase 08: 96.66% ± 0.63%
  Clase 09: 81.26% ± 2.41%
  Clase 10: 77.49% ± 13.76%
------------------------------------------------------------
OA Final: 95.68% ± 0.28%
AA Final: 88.61% ± 1.56%
------------------------------------------------------------
Tiempo entrenamiento total medio con hiperparámetros óptimos: 39.32 s
Tiempo medio por época con hiperparámetros óptimos: 0.3932 s
============================================================
Prueba iteracion 2 finalizada.
********************************************
Ejecutando prueba iteración: 3...
GPUs detectadas: 2
********************Ejecutando prueba sobre el dataset ermidas_creek ******************************
Cargando datos en memoria principal...
--- Cargando hiperparámetros óptimos desde hiperParametros_MIXUP_Con_Aumentado.json ---

--- Ejecutando evaluación final paralela (5 experimentos) ---
ACABÓ LA PRUEBA
ACABÓ LA PRUEBA
ACABÓ LA PRUEBA
ACABÓ LA PRUEBA
ACABÓ LA PRUEBA

============================================================
RESULTADOS FINALES PROMEDIADOS (CONJUNTO DE TEST) SOBRE EL FICHERO: ermidas_creek
============================================================
Mejor Configuración: Alpha=1.0, Epoch=100, Batch=256, Prob=0.2, Sampler=1
------------------------------------------------------------
ACCURACY POR CLASE:
  Clase 01: 94.50% ± 1.06%
  Clase 02: 91.53% ± 3.07%
  Clase 03: 92.60% ± 0.67%
  Clase 04: 97.89% ± 0.58%
  Clase 05: 97.39% ± 2.46%
  Clase 06: 98.41% ± 0.99%
  Clase 07: 98.54% ± 0.24%
  Clase 08: 97.02% ± 0.51%
  Clase 09: 97.61% ± 0.85%
  Clase 10: 97.01% ± 0.31%
------------------------------------------------------------
OA Final: 97.72% ± 0.14%
AA Final: 96.25% ± 0.35%
------------------------------------------------------------
Tiempo entrenamiento total medio con hiperparámetros óptimos: 61.02 s
Tiempo medio por época con hiperparámetros óptimos: 0.6102 s
============================================================
Prueba iteracion 3 finalizada.
********************************************
Ejecutando prueba iteración: 4...
GPUs detectadas: 2
********************Ejecutando prueba sobre el dataset ferreiras_river ******************************
Cargando datos en memoria principal...
--- Cargando hiperparámetros óptimos desde hiperParametros_MIXUP_Con_Aumentado.json ---

--- Ejecutando evaluación final paralela (5 experimentos) ---
ACABÓ LA PRUEBA
ACABÓ LA PRUEBA
ACABÓ LA PRUEBA
ACABÓ LA PRUEBA
ACABÓ LA PRUEBA

============================================================
RESULTADOS FINALES PROMEDIADOS (CONJUNTO DE TEST) SOBRE EL FICHERO: ferreiras_river
============================================================
Mejor Configuración: Alpha=1.0, Epoch=100, Batch=256, Prob=0.2, Sampler=1
------------------------------------------------------------
ACCURACY POR CLASE:
  Clase 02: 94.80% ± 0.27%
  Clase 04: 97.66% ± 0.43%
  Clase 07: 79.91% ± 0.72%
  Clase 08: 94.28% ± 0.54%
  Clase 09: 9.81% ± 7.47%
  Clase 10: 93.91% ± 0.56%
------------------------------------------------------------
OA Final: 91.25% ± 0.15%
AA Final: 78.40% ± 1.19%
------------------------------------------------------------
Tiempo entrenamiento total medio con hiperparámetros óptimos: 129.25 s
Tiempo medio por época con hiperparámetros óptimos: 1.2925 s
============================================================
Prueba iteracion 4 finalizada.
********************************************
Ejecutando prueba iteración: 5...
GPUs detectadas: 2
********************Ejecutando prueba sobre el dataset mera_river ******************************
Cargando datos en memoria principal...
--- Cargando hiperparámetros óptimos desde hiperParametros_MIXUP_Con_Aumentado.json ---

--- Ejecutando evaluación final paralela (5 experimentos) ---
ACABÓ LA PRUEBA
ACABÓ LA PRUEBA
ACABÓ LA PRUEBA
ACABÓ LA PRUEBA
ACABÓ LA PRUEBA

============================================================
RESULTADOS FINALES PROMEDIADOS (CONJUNTO DE TEST) SOBRE EL FICHERO: mera_river
============================================================
Mejor Configuración: Alpha=1.0, Epoch=100, Batch=256, Prob=0.2, Sampler=1
------------------------------------------------------------
ACCURACY POR CLASE:
  Clase 02: 88.23% ± 0.43%
  Clase 04: 89.69% ± 1.24%
  Clase 05: 28.21% ± 13.86%
  Clase 06: 7.89% ± 7.71%
  Clase 07: 87.51% ± 0.21%
  Clase 08: 97.24% ± 0.35%
  Clase 10: 93.40% ± 0.25%
------------------------------------------------------------
OA Final: 90.55% ± 0.07%
AA Final: 70.31% ± 2.08%
------------------------------------------------------------
Tiempo entrenamiento total medio con hiperparámetros óptimos: 151.49 s
Tiempo medio por época con hiperparámetros óptimos: 1.5149 s
============================================================
Prueba iteracion 5 finalizada.
********************************************
Ejecutando prueba iteración: 6...
GPUs detectadas: 2
********************Ejecutando prueba sobre el dataset ulla ******************************
Cargando datos en memoria principal...
--- Cargando hiperparámetros óptimos desde hiperParametros_MIXUP_Con_Aumentado.json ---

--- Ejecutando evaluación final paralela (5 experimentos) ---
ACABÓ LA PRUEBA
ACABÓ LA PRUEBA
ACABÓ LA PRUEBA
ACABÓ LA PRUEBA
ACABÓ LA PRUEBA

============================================================
RESULTADOS FINALES PROMEDIADOS (CONJUNTO DE TEST) SOBRE EL FICHERO: ulla
============================================================
Mejor Configuración: Alpha=1.0, Epoch=100, Batch=256, Prob=0.2, Sampler=1
------------------------------------------------------------
ACCURACY POR CLASE:
  Clase 02: 99.84% ± 0.10%
  Clase 04: 95.34% ± 7.12%
  Clase 07: 97.86% ± 1.72%
  Clase 08: 99.44% ± 0.21%
  Clase 09: 93.33% ± 4.14%
------------------------------------------------------------
OA Final: 98.74% ± 0.46%
AA Final: 97.16% ± 1.76%
------------------------------------------------------------
Tiempo entrenamiento total medio con hiperparámetros óptimos: 4.54 s
Tiempo medio por época con hiperparámetros óptimos: 0.0454 s
============================================================
Prueba iteracion 6 finalizada.
********************************************
Ejecutando prueba iteración: 7...
GPUs detectadas: 2
********************Ejecutando prueba sobre el dataset xesta ******************************
Cargando datos en memoria principal...
--- Cargando hiperparámetros óptimos desde hiperParametros_MIXUP_Con_Aumentado.json ---

--- Ejecutando evaluación final paralela (5 experimentos) ---
ACABÓ LA PRUEBA
ACABÓ LA PRUEBA
ACABÓ LA PRUEBA
ACABÓ LA PRUEBA
ACABÓ LA PRUEBA

============================================================
RESULTADOS FINALES PROMEDIADOS (CONJUNTO DE TEST) SOBRE EL FICHERO: xesta
============================================================
Mejor Configuración: Alpha=1.0, Epoch=100, Batch=256, Prob=0.2, Sampler=1
------------------------------------------------------------
ACCURACY POR CLASE:
  Clase 01: 90.60% ± 1.59%
  Clase 02: 69.11% ± 2.49%
  Clase 03: 93.39% ± 0.40%
  Clase 04: 93.28% ± 1.55%
  Clase 07: 98.51% ± 0.13%
  Clase 08: 97.38% ± 0.25%
------------------------------------------------------------
OA Final: 98.00% ± 0.11%
AA Final: 90.38% ± 0.41%
------------------------------------------------------------
Tiempo entrenamiento total medio con hiperparámetros óptimos: 157.25 s
Tiempo medio por época con hiperparámetros óptimos: 1.5725 s
============================================================
Prueba iteracion 7 finalizada.
********************************************
********** Se han finalizado todas las pruebas de MIXUP con aumentado: 22:11:23 **********
