********** Iniciando experimentos CNN Básica con aumentado: 22:09:52 **********
Ejecutando: prueba inicial CNN Básica (sobre Oitaven)
GPUs detectadas: 2
********************Ejecutando prueba sobre el dataset oitaven ******************************
Cargando datos en memoria principal...
Ejecutando test...
ACABÓ LA PRUEBA
ACABÓ LA PRUEBA
ACABÓ LA PRUEBA
ACABÓ LA PRUEBA
ACABÓ LA PRUEBA

============================================================
RESULTADOS FINALES PROMEDIADOS (CONJUNTO DE TEST) SOBRE EL FICHERO: oitaven
============================================================
Mejor Configuración: Epoch=200, Batch=256, Sampler=1
------------------------------------------------------------
ACCURACY POR CLASE:
  Clase 01: 96.06% ± 1.58%
  Clase 02: 84.02% ± 3.07%
  Clase 03: 78.93% ± 2.05%
  Clase 04: 89.22% ± 4.08%
  Clase 05: 88.42% ± 4.05%
  Clase 06: 93.52% ± 2.02%
  Clase 07: 97.18% ± 0.33%
  Clase 08: 95.29% ± 0.58%
  Clase 09: 99.28% ± 0.41%
  Clase 10: 93.45% ± 0.34%
------------------------------------------------------------
OA Final: 95.41% ± 0.16%
AA Final: 91.54% ± 0.95%
------------------------------------------------------------
Tiempo entrenamiento total medio con hiperparámetros óptimos: 138.29 s
Tiempo medio por época con hiperparámetros óptimos: 0.6914 s
============================================================
------------------------------------------
Ejecutando prueba iteración: 1...
GPUs detectadas: 2
********************Ejecutando prueba sobre el dataset das_mestas ******************************
Cargando datos en memoria principal...
Ejecutando test...
ACABÓ LA PRUEBA
ACABÓ LA PRUEBA
ACABÓ LA PRUEBA
ACABÓ LA PRUEBA
ACABÓ LA PRUEBA

============================================================
RESULTADOS FINALES PROMEDIADOS (CONJUNTO DE TEST) SOBRE EL FICHERO: das_mestas
============================================================
Mejor Configuración: Epoch=200, Batch=256, Sampler=1
------------------------------------------------------------
ACCURACY POR CLASE:
  Clase 02: 70.49% ± 0.84%
  Clase 07: 90.70% ± 0.40%
  Clase 08: 95.22% ± 0.96%
  Clase 10: 94.35% ± 0.26%
------------------------------------------------------------
OA Final: 90.39% ± 0.25%
AA Final: 87.69% ± 0.47%
------------------------------------------------------------
Tiempo entrenamiento total medio con hiperparámetros óptimos: 251.05 s
Tiempo medio por época con hiperparámetros óptimos: 1.2553 s
============================================================
Prueba iteracion 1 finalizada.
********************************************
Ejecutando prueba iteración: 2...
GPUs detectadas: 2
********************Ejecutando prueba sobre el dataset eiras_dam ******************************
Cargando datos en memoria principal...
Ejecutando test...
ACABÓ LA PRUEBA
ACABÓ LA PRUEBA
ACABÓ LA PRUEBA
ACABÓ LA PRUEBA
ACABÓ LA PRUEBA

============================================================
RESULTADOS FINALES PROMEDIADOS (CONJUNTO DE TEST) SOBRE EL FICHERO: eiras_dam
============================================================
Mejor Configuración: Epoch=200, Batch=256, Sampler=1
------------------------------------------------------------
ACCURACY POR CLASE:
  Clase 01: 98.92% ± 0.39%
  Clase 02: 84.29% ± 2.00%
  Clase 03: 95.90% ± 0.90%
  Clase 04: 94.21% ± 3.45%
  Clase 05: 81.78% ± 4.35%
  Clase 06: 86.15% ± 3.31%
  Clase 07: 95.67% ± 0.83%
  Clase 08: 97.59% ± 0.39%
  Clase 09: 85.38% ± 3.68%
  Clase 10: 87.72% ± 9.42%
------------------------------------------------------------
OA Final: 96.60% ± 0.26%
AA Final: 90.76% ± 1.78%
------------------------------------------------------------
Tiempo entrenamiento total medio con hiperparámetros óptimos: 99.36 s
Tiempo medio por época con hiperparámetros óptimos: 0.4968 s
============================================================
Prueba iteracion 2 finalizada.
********************************************
Ejecutando prueba iteración: 3...
GPUs detectadas: 2
********************Ejecutando prueba sobre el dataset ermidas_creek ******************************
Cargando datos en memoria principal...
Ejecutando test...
ACABÓ LA PRUEBA
ACABÓ LA PRUEBA
ACABÓ LA PRUEBA
ACABÓ LA PRUEBA
ACABÓ LA PRUEBA

============================================================
RESULTADOS FINALES PROMEDIADOS (CONJUNTO DE TEST) SOBRE EL FICHERO: ermidas_creek
============================================================
Mejor Configuración: Epoch=200, Batch=256, Sampler=1
------------------------------------------------------------
ACCURACY POR CLASE:
  Clase 01: 93.30% ± 3.09%
  Clase 02: 91.31% ± 2.06%
  Clase 03: 90.17% ± 1.73%
  Clase 04: 98.61% ± 0.30%
  Clase 05: 98.67% ± 0.92%
  Clase 06: 97.86% ± 1.72%
  Clase 07: 98.97% ± 0.06%
  Clase 08: 97.51% ± 0.61%
  Clase 09: 98.06% ± 0.42%
  Clase 10: 97.98% ± 0.15%
------------------------------------------------------------
OA Final: 98.14% ± 0.15%
AA Final: 96.24% ± 0.50%
------------------------------------------------------------
Tiempo entrenamiento total medio con hiperparámetros óptimos: 155.97 s
Tiempo medio por época con hiperparámetros óptimos: 0.7798 s
============================================================
Prueba iteracion 3 finalizada.
********************************************
Ejecutando prueba iteración: 4...
GPUs detectadas: 2
********************Ejecutando prueba sobre el dataset ferreiras_river ******************************
Cargando datos en memoria principal...
Ejecutando test...
ACABÓ LA PRUEBA
ACABÓ LA PRUEBA
ACABÓ LA PRUEBA
ACABÓ LA PRUEBA
ACABÓ LA PRUEBA

============================================================
RESULTADOS FINALES PROMEDIADOS (CONJUNTO DE TEST) SOBRE EL FICHERO: ferreiras_river
============================================================
Mejor Configuración: Epoch=200, Batch=256, Sampler=1
------------------------------------------------------------
ACCURACY POR CLASE:
  Clase 02: 94.08% ± 0.13%
  Clase 04: 96.74% ± 0.28%
  Clase 07: 79.97% ± 0.60%
  Clase 08: 92.53% ± 1.80%
  Clase 09: 1.19% ± 2.67%
  Clase 10: 93.61% ± 0.29%
------------------------------------------------------------
OA Final: 90.82% ± 0.11%
AA Final: 76.35% ± 0.66%
------------------------------------------------------------
Tiempo entrenamiento total medio con hiperparámetros óptimos: 376.45 s
Tiempo medio por época con hiperparámetros óptimos: 1.8823 s
============================================================
Prueba iteracion 4 finalizada.
********************************************
Ejecutando prueba iteración: 5...
GPUs detectadas: 2
********************Ejecutando prueba sobre el dataset mera_river ******************************
Cargando datos en memoria principal...
Ejecutando test...
ACABÓ LA PRUEBA
ACABÓ LA PRUEBA
ACABÓ LA PRUEBA
ACABÓ LA PRUEBA
ACABÓ LA PRUEBA

============================================================
RESULTADOS FINALES PROMEDIADOS (CONJUNTO DE TEST) SOBRE EL FICHERO: mera_river
============================================================
Mejor Configuración: Epoch=200, Batch=256, Sampler=1
------------------------------------------------------------
ACCURACY POR CLASE:
  Clase 02: 86.37% ± 0.46%
  Clase 04: 89.23% ± 3.37%
  Clase 05: 25.60% ± 24.60%
  Clase 06: 9.36% ± 16.59%
  Clase 07: 87.79% ± 0.27%
  Clase 08: 96.40% ± 0.49%
  Clase 10: 92.96% ± 0.17%
------------------------------------------------------------
OA Final: 90.13% ± 0.03%
AA Final: 69.67% ± 3.65%
------------------------------------------------------------
Tiempo entrenamiento total medio con hiperparámetros óptimos: 416.84 s
Tiempo medio por época con hiperparámetros óptimos: 2.0842 s
============================================================
Prueba iteracion 5 finalizada.
********************************************
Ejecutando prueba iteración: 6...
GPUs detectadas: 2
********************Ejecutando prueba sobre el dataset ulla ******************************
Cargando datos en memoria principal...
Ejecutando test...
ACABÓ LA PRUEBA
ACABÓ LA PRUEBA
ACABÓ LA PRUEBA
ACABÓ LA PRUEBA
ACABÓ LA PRUEBA

============================================================
RESULTADOS FINALES PROMEDIADOS (CONJUNTO DE TEST) SOBRE EL FICHERO: ulla
============================================================
Mejor Configuración: Epoch=200, Batch=256, Sampler=1
------------------------------------------------------------
ACCURACY POR CLASE:
  Clase 02: 99.83% ± 0.10%
  Clase 04: 100.00% ± 0.00%
  Clase 07: 99.08% ± 1.19%
  Clase 08: 98.75% ± 0.99%
  Clase 09: 92.99% ± 4.86%
------------------------------------------------------------
OA Final: 98.75% ± 0.78%
AA Final: 98.13% ± 1.03%
------------------------------------------------------------
Tiempo entrenamiento total medio con hiperparámetros óptimos: 11.44 s
Tiempo medio por época con hiperparámetros óptimos: 0.0572 s
============================================================
Prueba iteracion 6 finalizada.
********************************************
Ejecutando prueba iteración: 7...
GPUs detectadas: 2
********************Ejecutando prueba sobre el dataset xesta ******************************
Cargando datos en memoria principal...
Ejecutando test...
ACABÓ LA PRUEBA
ACABÓ LA PRUEBA
ACABÓ LA PRUEBA
ACABÓ LA PRUEBA
ACABÓ LA PRUEBA

============================================================
RESULTADOS FINALES PROMEDIADOS (CONJUNTO DE TEST) SOBRE EL FICHERO: xesta
============================================================
Mejor Configuración: Epoch=200, Batch=256, Sampler=1
------------------------------------------------------------
ACCURACY POR CLASE:
  Clase 01: 87.36% ± 3.74%
  Clase 02: 76.93% ± 4.57%
  Clase 03: 91.08% ± 1.01%
  Clase 04: 94.76% ± 1.88%
  Clase 07: 98.91% ± 0.15%
  Clase 08: 97.09% ± 0.26%
------------------------------------------------------------
OA Final: 98.20% ± 0.10%
AA Final: 91.02% ± 1.33%
------------------------------------------------------------
Tiempo entrenamiento total medio con hiperparámetros óptimos: 409.94 s
Tiempo medio por época con hiperparámetros óptimos: 2.0497 s
============================================================
Prueba iteracion 7 finalizada.
********************************************
********** Se han finalizado todas las pruebas de CNN Básica con aumentado: 22:58:38 **********
