********** Iniciando experimentos MIXUP sin aumentado: 22:24:24 **********
Ejecutando: prueba inicial MIXUP (sobre Oitaven)
GPUs detectadas: 2
********************Ejecutando prueba sobre el dataset oitaven ******************************
Cargando datos en memoria principal...
--- Iniciando Grid Search Paralelo (42 combinaciones) ---
[GPU: 0]  Evaluando: Alpha=0.1, Epochs=100, Batch=256, Prob=0.2, Usar_sampler=0
[GPU: 1]  Evaluando: Alpha=0.1, Epochs=100, Batch=256, Prob=0.3, Usar_sampler=0
[GPU: 0]  Evaluando: Alpha=0.1, Epochs=100, Batch=256, Prob=0.4, Usar_sampler=0
[GPU: 1]  Evaluando: Alpha=0.1, Epochs=100, Batch=256, Prob=0.5, Usar_sampler=0
[GPU: 0]  Evaluando: Alpha=0.1, Epochs=100, Batch=256, Prob=0.6, Usar_sampler=0
[GPU: 1]  Evaluando: Alpha=0.1, Epochs=100, Batch=256, Prob=0.7, Usar_sampler=0
[GPU: 1]  Fin evaluación: Alpha=0.1,  Epochs=100, Batch=256, Prob=0.3, Usar_sampler=0 *************************
[GPU: 0]  Fin evaluación: Alpha=0.1,  Epochs=100, Batch=256, Prob=0.2, Usar_sampler=0 *************************
[GPU: 1]  Fin evaluación: Alpha=0.1,  Epochs=100, Batch=256, Prob=0.5, Usar_sampler=0 *************************
[GPU: 0]  Evaluando: Alpha=0.1, Epochs=100, Batch=256, Prob=0.8, Usar_sampler=0
[GPU: 1]  Evaluando: Alpha=0.3, Epochs=100, Batch=256, Prob=0.2, Usar_sampler=0
[GPU: 0]  Fin evaluación: Alpha=0.1,  Epochs=100, Batch=256, Prob=0.4, Usar_sampler=0 *************************
[GPU: 1]  Fin evaluación: Alpha=0.1,  Epochs=100, Batch=256, Prob=0.7, Usar_sampler=0 *************************
[GPU: 0]  Evaluando: Alpha=0.3, Epochs=100, Batch=256, Prob=0.3, Usar_sampler=0
[GPU: 0]  Fin evaluación: Alpha=0.1,  Epochs=100, Batch=256, Prob=0.6, Usar_sampler=0 *************************
[GPU: 1]  Evaluando: Alpha=0.3, Epochs=100, Batch=256, Prob=0.4, Usar_sampler=0
[GPU: 0]  Evaluando: Alpha=0.3, Epochs=100, Batch=256, Prob=0.5, Usar_sampler=0
[GPU: 1]  Evaluando: Alpha=0.3, Epochs=100, Batch=256, Prob=0.6, Usar_sampler=0
[GPU: 0]  Fin evaluación: Alpha=0.1,  Epochs=100, Batch=256, Prob=0.8, Usar_sampler=0 *************************
[GPU: 0]  Fin evaluación: Alpha=0.3,  Epochs=100, Batch=256, Prob=0.3, Usar_sampler=0 *************************
[GPU: 0]  Evaluando: Alpha=0.3, Epochs=100, Batch=256, Prob=0.7, Usar_sampler=0
[GPU: 1]  Fin evaluación: Alpha=0.3,  Epochs=100, Batch=256, Prob=0.2, Usar_sampler=0 *************************
[GPU: 1]  Evaluando: Alpha=0.3, Epochs=100, Batch=256, Prob=0.8, Usar_sampler=0
[GPU: 1]  Fin evaluación: Alpha=0.3,  Epochs=100, Batch=256, Prob=0.4, Usar_sampler=0 *************************
[GPU: 0]  Fin evaluación: Alpha=0.3,  Epochs=100, Batch=256, Prob=0.5, Usar_sampler=0 *************************
[GPU: 0]  Evaluando: Alpha=0.5, Epochs=100, Batch=256, Prob=0.2, Usar_sampler=0
[GPU: 1]  Fin evaluación: Alpha=0.3,  Epochs=100, Batch=256, Prob=0.6, Usar_sampler=0 *************************
[GPU: 1]  Evaluando: Alpha=0.5, Epochs=100, Batch=256, Prob=0.3, Usar_sampler=0
[GPU: 0]  Evaluando: Alpha=0.5, Epochs=100, Batch=256, Prob=0.4, Usar_sampler=0
[GPU: 1]  Evaluando: Alpha=0.5, Epochs=100, Batch=256, Prob=0.5, Usar_sampler=0
[GPU: 0]  Fin evaluación: Alpha=0.3,  Epochs=100, Batch=256, Prob=0.7, Usar_sampler=0 *************************
[GPU: 1]  Fin evaluación: Alpha=0.3,  Epochs=100, Batch=256, Prob=0.8, Usar_sampler=0 *************************
[GPU: 0]  Evaluando: Alpha=0.5, Epochs=100, Batch=256, Prob=0.6, Usar_sampler=0
[GPU: 1]  Evaluando: Alpha=0.5, Epochs=100, Batch=256, Prob=0.7, Usar_sampler=0
[GPU: 0]  Fin evaluación: Alpha=0.5,  Epochs=100, Batch=256, Prob=0.2, Usar_sampler=0 *************************
[GPU: 1]  Fin evaluación: Alpha=0.5,  Epochs=100, Batch=256, Prob=0.3, Usar_sampler=0 *************************
[GPU: 0]  Fin evaluación: Alpha=0.5,  Epochs=100, Batch=256, Prob=0.4, Usar_sampler=0 *************************
[GPU: 1]  Fin evaluación: Alpha=0.5,  Epochs=100, Batch=256, Prob=0.5, Usar_sampler=0 *************************
[GPU: 0]  Evaluando: Alpha=0.5, Epochs=100, Batch=256, Prob=0.8, Usar_sampler=0
[GPU: 1]  Evaluando: Alpha=0.7, Epochs=100, Batch=256, Prob=0.2, Usar_sampler=0
[GPU: 0]  Evaluando: Alpha=0.7, Epochs=100, Batch=256, Prob=0.3, Usar_sampler=0
[GPU: 1]  Evaluando: Alpha=0.7, Epochs=100, Batch=256, Prob=0.4, Usar_sampler=0
[GPU: 1]  Fin evaluación: Alpha=0.5,  Epochs=100, Batch=256, Prob=0.7, Usar_sampler=0 *************************
[GPU: 0]  Fin evaluación: Alpha=0.5,  Epochs=100, Batch=256, Prob=0.6, Usar_sampler=0 *************************
[GPU: 0]  Evaluando: Alpha=0.7, Epochs=100, Batch=256, Prob=0.5, Usar_sampler=0
[GPU: 1]  Evaluando: Alpha=0.7, Epochs=100, Batch=256, Prob=0.6, Usar_sampler=0
[GPU: 1]  Fin evaluación: Alpha=0.7,  Epochs=100, Batch=256, Prob=0.2, Usar_sampler=0 *************************
[GPU: 0]  Fin evaluación: Alpha=0.7,  Epochs=100, Batch=256, Prob=0.3, Usar_sampler=0 *************************
[GPU: 0]  Fin evaluación: Alpha=0.5,  Epochs=100, Batch=256, Prob=0.8, Usar_sampler=0 *************************
[GPU: 1]  Fin evaluación: Alpha=0.7,  Epochs=100, Batch=256, Prob=0.4, Usar_sampler=0 *************************
[GPU: 0]  Evaluando: Alpha=0.7, Epochs=100, Batch=256, Prob=0.7, Usar_sampler=0
[GPU: 1]  Evaluando: Alpha=0.7, Epochs=100, Batch=256, Prob=0.8, Usar_sampler=0
[GPU: 0]  Evaluando: Alpha=1.0, Epochs=100, Batch=256, Prob=0.2, Usar_sampler=0
[GPU: 1]  Evaluando: Alpha=1.0, Epochs=100, Batch=256, Prob=0.3, Usar_sampler=0
[GPU: 0]  Fin evaluación: Alpha=0.7,  Epochs=100, Batch=256, Prob=0.5, Usar_sampler=0 *************************
[GPU: 1]  Fin evaluación: Alpha=0.7,  Epochs=100, Batch=256, Prob=0.6, Usar_sampler=0 *************************
[GPU: 0]  Evaluando: Alpha=1.0, Epochs=100, Batch=256, Prob=0.4, Usar_sampler=0
[GPU: 1]  Evaluando: Alpha=1.0, Epochs=100, Batch=256, Prob=0.5, Usar_sampler=0
[GPU: 0]  Fin evaluación: Alpha=0.7,  Epochs=100, Batch=256, Prob=0.7, Usar_sampler=0 *************************
[GPU: 1]  Fin evaluación: Alpha=0.7,  Epochs=100, Batch=256, Prob=0.8, Usar_sampler=0 *************************
[GPU: 0]  Fin evaluación: Alpha=1.0,  Epochs=100, Batch=256, Prob=0.2, Usar_sampler=0 *************************
[GPU: 0]  Evaluando: Alpha=1.0, Epochs=100, Batch=256, Prob=0.6, Usar_sampler=0
[GPU: 1]  Fin evaluación: Alpha=1.0,  Epochs=100, Batch=256, Prob=0.3, Usar_sampler=0 *************************
[GPU: 1]  Evaluando: Alpha=1.0, Epochs=100, Batch=256, Prob=0.7, Usar_sampler=0
[GPU: 0]  Evaluando: Alpha=1.0, Epochs=100, Batch=256, Prob=0.8, Usar_sampler=0
[GPU: 1]  Evaluando: Alpha=2.0, Epochs=100, Batch=256, Prob=0.2, Usar_sampler=0
[GPU: 0]  Fin evaluación: Alpha=1.0,  Epochs=100, Batch=256, Prob=0.4, Usar_sampler=0 *************************
[GPU: 0]  Evaluando: Alpha=2.0, Epochs=100, Batch=256, Prob=0.3, Usar_sampler=0
[GPU: 1]  Fin evaluación: Alpha=1.0,  Epochs=100, Batch=256, Prob=0.5, Usar_sampler=0 *************************
[GPU: 1]  Evaluando: Alpha=2.0, Epochs=100, Batch=256, Prob=0.4, Usar_sampler=0
[GPU: 0]  Fin evaluación: Alpha=1.0,  Epochs=100, Batch=256, Prob=0.6, Usar_sampler=0 *************************
[GPU: 1]  Fin evaluación: Alpha=1.0,  Epochs=100, Batch=256, Prob=0.7, Usar_sampler=0 *************************
[GPU: 0]  Evaluando: Alpha=2.0, Epochs=100, Batch=256, Prob=0.5, Usar_sampler=0
[GPU: 1]  Fin evaluación: Alpha=2.0,  Epochs=100, Batch=256, Prob=0.2, Usar_sampler=0 *************************
[GPU: 1]  Evaluando: Alpha=2.0, Epochs=100, Batch=256, Prob=0.6, Usar_sampler=0
[GPU: 0]  Fin evaluación: Alpha=1.0,  Epochs=100, Batch=256, Prob=0.8, Usar_sampler=0 *************************
[GPU: 0]  Evaluando: Alpha=2.0, Epochs=100, Batch=256, Prob=0.7, Usar_sampler=0
[GPU: 1]  Evaluando: Alpha=2.0, Epochs=100, Batch=256, Prob=0.8, Usar_sampler=0
[GPU: 0]  Fin evaluación: Alpha=2.0,  Epochs=100, Batch=256, Prob=0.3, Usar_sampler=0 *************************
[GPU: 1]  Fin evaluación: Alpha=2.0,  Epochs=100, Batch=256, Prob=0.4, Usar_sampler=0 *************************
[GPU: 0]  Fin evaluación: Alpha=2.0,  Epochs=100, Batch=256, Prob=0.5, Usar_sampler=0 *************************
[GPU: 1]  Fin evaluación: Alpha=2.0,  Epochs=100, Batch=256, Prob=0.6, Usar_sampler=0 *************************
[GPU: 0]  Fin evaluación: Alpha=2.0,  Epochs=100, Batch=256, Prob=0.7, Usar_sampler=0 *************************
[GPU: 1]  Fin evaluación: Alpha=2.0,  Epochs=100, Batch=256, Prob=0.8, Usar_sampler=0 *************************

--- Ejecutando evaluación final paralela (10 experimentos) ---
ACABÓ LA PRUEBA
ACABÓ LA PRUEBA
ACABÓ LA PRUEBA
ACABÓ LA PRUEBA
ACABÓ LA PRUEBA
ACABÓ LA PRUEBA
ACABÓ LA PRUEBA
ACABÓ LA PRUEBA
ACABÓ LA PRUEBA
ACABÓ LA PRUEBA

============================================================
RESULTADOS FINALES PROMEDIADOS (CONJUNTO DE TEST) SOBRE EL FICHERO: oitaven
============================================================
Mejor Configuración: Alpha=0.3, Epoch=100, Batch=256, Prob=0.5, Sampler=0
------------------------------------------------------------
ACCURACY POR CLASE:
  Clase 01: 98.08% ± 0.48%
  Clase 02: 82.84% ± 3.80%
  Clase 03: 77.38% ± 2.91%
  Clase 04: 85.51% ± 4.52%
  Clase 05: 81.77% ± 2.62%
  Clase 06: 90.27% ± 1.50%
  Clase 07: 96.15% ± 0.43%
  Clase 08: 96.56% ± 0.51%
  Clase 09: 98.91% ± 0.49%
  Clase 10: 90.04% ± 1.32%
------------------------------------------------------------
OA Final: 94.79% ± 0.12%
AA Final: 89.75% ± 0.57%
------------------------------------------------------------
Tiempo entrenamiento total medio con hiperparámetros óptimos: 52.45 s
Tiempo medio por época con hiperparámetros óptimos: 0.5245 s
============================================================
------------------------------------------
Ejecutando prueba iteración: 1...
GPUs detectadas: 2
********************Ejecutando prueba sobre el dataset das_mestas ******************************
Cargando datos en memoria principal...
--- Cargando hiperparámetros óptimos desde hiperParametros_MIXUP.json ---

--- Ejecutando evaluación final paralela (10 experimentos) ---
ACABÓ LA PRUEBA
ACABÓ LA PRUEBA
ACABÓ LA PRUEBA
ACABÓ LA PRUEBA
ACABÓ LA PRUEBA
ACABÓ LA PRUEBA
ACABÓ LA PRUEBA
ACABÓ LA PRUEBA
ACABÓ LA PRUEBA
ACABÓ LA PRUEBA

============================================================
RESULTADOS FINALES PROMEDIADOS (CONJUNTO DE TEST) SOBRE EL FICHERO: das_mestas
============================================================
Mejor Configuración: Alpha=0.3, Epoch=100, Batch=256, Prob=0.5, Sampler=0
------------------------------------------------------------
ACCURACY POR CLASE:
  Clase 02: 70.81% ± 0.76%
  Clase 07: 91.58% ± 0.38%
  Clase 08: 93.04% ± 1.39%
  Clase 10: 94.83% ± 0.24%
------------------------------------------------------------
OA Final: 90.97% ± 0.12%
AA Final: 87.57% ± 0.40%
------------------------------------------------------------
Tiempo entrenamiento total medio con hiperparámetros óptimos: 96.75 s
Tiempo medio por época con hiperparámetros óptimos: 0.9675 s
============================================================
Prueba iteracion 1 finalizada.
********************************************
Ejecutando prueba iteración: 2...
GPUs detectadas: 2
********************Ejecutando prueba sobre el dataset eiras_dam ******************************
Cargando datos en memoria principal...
--- Cargando hiperparámetros óptimos desde hiperParametros_MIXUP.json ---

--- Ejecutando evaluación final paralela (10 experimentos) ---
ACABÓ LA PRUEBA
ACABÓ LA PRUEBA
ACABÓ LA PRUEBA
ACABÓ LA PRUEBA
ACABÓ LA PRUEBA
ACABÓ LA PRUEBA
ACABÓ LA PRUEBA
ACABÓ LA PRUEBA
ACABÓ LA PRUEBA
ACABÓ LA PRUEBA

============================================================
RESULTADOS FINALES PROMEDIADOS (CONJUNTO DE TEST) SOBRE EL FICHERO: eiras_dam
============================================================
Mejor Configuración: Alpha=0.3, Epoch=100, Batch=256, Prob=0.5, Sampler=0
------------------------------------------------------------
ACCURACY POR CLASE:
  Clase 01: 99.13% ± 0.23%
  Clase 02: 78.96% ± 3.98%
  Clase 03: 93.44% ± 2.32%
  Clase 04: 90.84% ± 4.76%
  Clase 05: 60.24% ± 4.98%
  Clase 06: 85.91% ± 11.40%
  Clase 07: 94.57% ± 1.15%
  Clase 08: 98.23% ± 0.29%
  Clase 09: 56.70% ± 4.89%
  Clase 10: 42.03% ± 18.20%
------------------------------------------------------------
OA Final: 95.60% ± 0.22%
AA Final: 80.01% ± 3.09%
------------------------------------------------------------
Tiempo entrenamiento total medio con hiperparámetros óptimos: 39.45 s
Tiempo medio por época con hiperparámetros óptimos: 0.3945 s
============================================================
Prueba iteracion 2 finalizada.
********************************************
Ejecutando prueba iteración: 3...
GPUs detectadas: 2
********************Ejecutando prueba sobre el dataset ermidas_creek ******************************
Cargando datos en memoria principal...
--- Cargando hiperparámetros óptimos desde hiperParametros_MIXUP.json ---

--- Ejecutando evaluación final paralela (10 experimentos) ---
ACABÓ LA PRUEBA
ACABÓ LA PRUEBA
ACABÓ LA PRUEBA
ACABÓ LA PRUEBA
ACABÓ LA PRUEBA
ACABÓ LA PRUEBA
ACABÓ LA PRUEBA
ACABÓ LA PRUEBA
ACABÓ LA PRUEBA
ACABÓ LA PRUEBA

============================================================
RESULTADOS FINALES PROMEDIADOS (CONJUNTO DE TEST) SOBRE EL FICHERO: ermidas_creek
============================================================
Mejor Configuración: Alpha=0.3, Epoch=100, Batch=256, Prob=0.5, Sampler=0
------------------------------------------------------------
ACCURACY POR CLASE:
  Clase 01: 93.15% ± 1.61%
  Clase 02: 88.92% ± 4.09%
  Clase 03: 89.66% ± 1.77%
  Clase 04: 98.27% ± 0.36%
  Clase 05: 87.85% ± 7.23%
  Clase 06: 97.70% ± 0.99%
  Clase 07: 99.19% ± 0.13%
  Clase 08: 96.62% ± 0.29%
  Clase 09: 96.54% ± 0.94%
  Clase 10: 97.38% ± 0.40%
------------------------------------------------------------
OA Final: 97.88% ± 0.16%
AA Final: 94.53% ± 0.93%
------------------------------------------------------------
Tiempo entrenamiento total medio con hiperparámetros óptimos: 60.34 s
Tiempo medio por época con hiperparámetros óptimos: 0.6034 s
============================================================
Prueba iteracion 3 finalizada.
********************************************
Ejecutando prueba iteración: 4...
GPUs detectadas: 2
********************Ejecutando prueba sobre el dataset ferreiras_river ******************************
Cargando datos en memoria principal...
--- Cargando hiperparámetros óptimos desde hiperParametros_MIXUP.json ---

--- Ejecutando evaluación final paralela (10 experimentos) ---
ACABÓ LA PRUEBA
ACABÓ LA PRUEBA
ACABÓ LA PRUEBA
ACABÓ LA PRUEBA
ACABÓ LA PRUEBA
ACABÓ LA PRUEBA
ACABÓ LA PRUEBA
ACABÓ LA PRUEBA
ACABÓ LA PRUEBA
ACABÓ LA PRUEBA

============================================================
RESULTADOS FINALES PROMEDIADOS (CONJUNTO DE TEST) SOBRE EL FICHERO: ferreiras_river
============================================================
Mejor Configuración: Alpha=0.3, Epoch=100, Batch=256, Prob=0.5, Sampler=0
------------------------------------------------------------
ACCURACY POR CLASE:
  Clase 02: 94.75% ± 0.24%
  Clase 04: 96.76% ± 0.64%
  Clase 07: 80.27% ± 0.66%
  Clase 08: 87.06% ± 1.63%
  Clase 09: 6.08% ± 5.72%
  Clase 10: 94.21% ± 0.30%
------------------------------------------------------------
OA Final: 91.22% ± 0.13%
AA Final: 76.52% ± 0.94%
------------------------------------------------------------
Tiempo entrenamiento total medio con hiperparámetros óptimos: 133.95 s
Tiempo medio por época con hiperparámetros óptimos: 1.3395 s
============================================================
Prueba iteracion 4 finalizada.
********************************************
Ejecutando prueba iteración: 5...
GPUs detectadas: 2
********************Ejecutando prueba sobre el dataset mera_river ******************************
Cargando datos en memoria principal...
--- Cargando hiperparámetros óptimos desde hiperParametros_MIXUP.json ---

--- Ejecutando evaluación final paralela (10 experimentos) ---
ACABÓ LA PRUEBA
ACABÓ LA PRUEBA
ACABÓ LA PRUEBA
ACABÓ LA PRUEBA
ACABÓ LA PRUEBA
ACABÓ LA PRUEBA
ACABÓ LA PRUEBA
ACABÓ LA PRUEBA
ACABÓ LA PRUEBA
ACABÓ LA PRUEBA

============================================================
RESULTADOS FINALES PROMEDIADOS (CONJUNTO DE TEST) SOBRE EL FICHERO: mera_river
============================================================
Mejor Configuración: Alpha=0.3, Epoch=100, Batch=256, Prob=0.5, Sampler=0
------------------------------------------------------------
ACCURACY POR CLASE:
  Clase 02: 87.23% ± 0.55%
  Clase 04: 88.46% ± 2.69%
  Clase 05: 34.23% ± 31.19%
  Clase 06: 17.46% ± 21.72%
  Clase 07: 88.31% ± 0.28%
  Clase 08: 95.75% ± 0.41%
  Clase 10: 93.59% ± 0.24%
------------------------------------------------------------
OA Final: 90.67% ± 0.08%
AA Final: 72.15% ± 3.82%
------------------------------------------------------------
Tiempo entrenamiento total medio con hiperparámetros óptimos: 153.63 s
Tiempo medio por época con hiperparámetros óptimos: 1.5363 s
============================================================
Prueba iteracion 5 finalizada.
********************************************
Ejecutando prueba iteración: 6...
GPUs detectadas: 2
********************Ejecutando prueba sobre el dataset ulla ******************************
Cargando datos en memoria principal...
--- Cargando hiperparámetros óptimos desde hiperParametros_MIXUP.json ---

--- Ejecutando evaluación final paralela (10 experimentos) ---
ACABÓ LA PRUEBA
ACABÓ LA PRUEBA
ACABÓ LA PRUEBA
ACABÓ LA PRUEBA
ACABÓ LA PRUEBA
ACABÓ LA PRUEBA
ACABÓ LA PRUEBA
ACABÓ LA PRUEBA
ACABÓ LA PRUEBA
ACABÓ LA PRUEBA

============================================================
RESULTADOS FINALES PROMEDIADOS (CONJUNTO DE TEST) SOBRE EL FICHERO: ulla
============================================================
Mejor Configuración: Alpha=0.3, Epoch=100, Batch=256, Prob=0.5, Sampler=0
------------------------------------------------------------
ACCURACY POR CLASE:
  Clase 02: 99.57% ± 1.06%
  Clase 04: 87.96% ± 10.66%
  Clase 07: 98.32% ± 1.33%
  Clase 08: 99.41% ± 0.34%
  Clase 09: 86.41% ± 5.19%
------------------------------------------------------------
OA Final: 98.37% ± 0.52%
AA Final: 94.33% ± 2.42%
------------------------------------------------------------
Tiempo entrenamiento total medio con hiperparámetros óptimos: 4.41 s
Tiempo medio por época con hiperparámetros óptimos: 0.0441 s
============================================================
Prueba iteracion 6 finalizada.
********************************************
Ejecutando prueba iteración: 7...
GPUs detectadas: 2
********************Ejecutando prueba sobre el dataset xesta ******************************
Cargando datos en memoria principal...
--- Cargando hiperparámetros óptimos desde hiperParametros_MIXUP.json ---

--- Ejecutando evaluación final paralela (10 experimentos) ---
ACABÓ LA PRUEBA
ACABÓ LA PRUEBA
ACABÓ LA PRUEBA
ACABÓ LA PRUEBA
ACABÓ LA PRUEBA
ACABÓ LA PRUEBA
ACABÓ LA PRUEBA
ACABÓ LA PRUEBA
ACABÓ LA PRUEBA
ACABÓ LA PRUEBA

============================================================
RESULTADOS FINALES PROMEDIADOS (CONJUNTO DE TEST) SOBRE EL FICHERO: xesta
============================================================
Mejor Configuración: Alpha=0.3, Epoch=100, Batch=256, Prob=0.5, Sampler=0
------------------------------------------------------------
ACCURACY POR CLASE:
  Clase 01: 88.09% ± 2.40%
  Clase 02: 67.27% ± 7.42%
  Clase 03: 91.75% ± 0.78%
  Clase 04: 92.48% ± 2.79%
  Clase 07: 98.93% ± 0.10%
  Clase 08: 96.70% ± 0.40%
------------------------------------------------------------
OA Final: 98.11% ± 0.09%
AA Final: 89.21% ± 1.29%
------------------------------------------------------------
Tiempo entrenamiento total medio con hiperparámetros óptimos: 150.54 s
Tiempo medio por época con hiperparámetros óptimos: 1.5054 s
============================================================
Prueba iteracion 7 finalizada.
********************************************
********** Se han finalizado todas las pruebas de MIXUP sin aumentado: 23:21:51 **********
