********** Iniciando experimentos CUTMIX con aumentado óptimo (Flips+Rotación+Zoom+Borrado): 01:06:43 **********
Ejecutando: prueba inicial CUTMIX (sobre Oitaven)
GPUs detectadas: 2
********************Ejecutando prueba sobre el dataset oitaven ******************************
Cargando datos en memoria principal...
--- Iniciando Grid Search Paralelo (49 combinaciones) ---
[GPU: 0]  Evaluando: Alpha=0.1, Epochs=100, Batch=256, Prob=0.2, Usar_sampler=1
[GPU: 1]  Evaluando: Alpha=0.1, Epochs=100, Batch=256, Prob=0.3, Usar_sampler=1
[GPU: 0]  Evaluando: Alpha=0.1, Epochs=100, Batch=256, Prob=0.4, Usar_sampler=1
[GPU: 1]  Evaluando: Alpha=0.1, Epochs=100, Batch=256, Prob=0.5, Usar_sampler=1
[GPU: 0]  Fin evaluación: Alpha=0.1,  Epochs=100, Batch=256, Prob=0.2, Usar_sampler=1 *************************
[GPU: 0]  Evaluando: Alpha=0.1, Epochs=100, Batch=256, Prob=0.6, Usar_sampler=1
[GPU: 1]  Fin evaluación: Alpha=0.1,  Epochs=100, Batch=256, Prob=0.3, Usar_sampler=1 *************************
[GPU: 1]  Evaluando: Alpha=0.1, Epochs=100, Batch=256, Prob=0.7, Usar_sampler=1
[GPU: 0]  Fin evaluación: Alpha=0.1,  Epochs=100, Batch=256, Prob=0.4, Usar_sampler=1 *************************
[GPU: 0]  Evaluando: Alpha=0.1, Epochs=100, Batch=256, Prob=0.8, Usar_sampler=1
[GPU: 1]  Fin evaluación: Alpha=0.1,  Epochs=100, Batch=256, Prob=0.5, Usar_sampler=1 *************************
[GPU: 1]  Evaluando: Alpha=0.2, Epochs=100, Batch=256, Prob=0.2, Usar_sampler=1
[GPU: 0]  Fin evaluación: Alpha=0.1,  Epochs=100, Batch=256, Prob=0.6, Usar_sampler=1 *************************
[GPU: 0]  Evaluando: Alpha=0.2, Epochs=100, Batch=256, Prob=0.3, Usar_sampler=1
[GPU: 1]  Fin evaluación: Alpha=0.1,  Epochs=100, Batch=256, Prob=0.7, Usar_sampler=1 *************************
[GPU: 1]  Evaluando: Alpha=0.2, Epochs=100, Batch=256, Prob=0.4, Usar_sampler=1
[GPU: 0]  Fin evaluación: Alpha=0.1,  Epochs=100, Batch=256, Prob=0.8, Usar_sampler=1 *************************
[GPU: 0]  Evaluando: Alpha=0.2, Epochs=100, Batch=256, Prob=0.5, Usar_sampler=1
[GPU: 1]  Fin evaluación: Alpha=0.2,  Epochs=100, Batch=256, Prob=0.2, Usar_sampler=1 *************************
[GPU: 1]  Evaluando: Alpha=0.2, Epochs=100, Batch=256, Prob=0.6, Usar_sampler=1
[GPU: 0]  Fin evaluación: Alpha=0.2,  Epochs=100, Batch=256, Prob=0.3, Usar_sampler=1 *************************
[GPU: 0]  Evaluando: Alpha=0.2, Epochs=100, Batch=256, Prob=0.7, Usar_sampler=1
[GPU: 1]  Fin evaluación: Alpha=0.2,  Epochs=100, Batch=256, Prob=0.4, Usar_sampler=1 *************************
[GPU: 1]  Evaluando: Alpha=0.2, Epochs=100, Batch=256, Prob=0.8, Usar_sampler=1
[GPU: 0]  Fin evaluación: Alpha=0.2,  Epochs=100, Batch=256, Prob=0.5, Usar_sampler=1 *************************
[GPU: 0]  Evaluando: Alpha=0.3, Epochs=100, Batch=256, Prob=0.2, Usar_sampler=1
[GPU: 1]  Fin evaluación: Alpha=0.2,  Epochs=100, Batch=256, Prob=0.6, Usar_sampler=1 *************************
[GPU: 1]  Evaluando: Alpha=0.3, Epochs=100, Batch=256, Prob=0.3, Usar_sampler=1
[GPU: 0]  Fin evaluación: Alpha=0.2,  Epochs=100, Batch=256, Prob=0.7, Usar_sampler=1 *************************
[GPU: 0]  Evaluando: Alpha=0.3, Epochs=100, Batch=256, Prob=0.4, Usar_sampler=1
[GPU: 1]  Fin evaluación: Alpha=0.2,  Epochs=100, Batch=256, Prob=0.8, Usar_sampler=1 *************************
[GPU: 1]  Evaluando: Alpha=0.3, Epochs=100, Batch=256, Prob=0.5, Usar_sampler=1
[GPU: 0]  Fin evaluación: Alpha=0.3,  Epochs=100, Batch=256, Prob=0.2, Usar_sampler=1 *************************
[GPU: 0]  Evaluando: Alpha=0.3, Epochs=100, Batch=256, Prob=0.6, Usar_sampler=1
[GPU: 1]  Fin evaluación: Alpha=0.3,  Epochs=100, Batch=256, Prob=0.3, Usar_sampler=1 *************************
[GPU: 1]  Evaluando: Alpha=0.3, Epochs=100, Batch=256, Prob=0.7, Usar_sampler=1
[GPU: 0]  Fin evaluación: Alpha=0.3,  Epochs=100, Batch=256, Prob=0.4, Usar_sampler=1 *************************
[GPU: 0]  Evaluando: Alpha=0.3, Epochs=100, Batch=256, Prob=0.8, Usar_sampler=1
[GPU: 1]  Fin evaluación: Alpha=0.3,  Epochs=100, Batch=256, Prob=0.5, Usar_sampler=1 *************************
[GPU: 1]  Evaluando: Alpha=0.5, Epochs=100, Batch=256, Prob=0.2, Usar_sampler=1
[GPU: 0]  Fin evaluación: Alpha=0.3,  Epochs=100, Batch=256, Prob=0.6, Usar_sampler=1 *************************
[GPU: 0]  Evaluando: Alpha=0.5, Epochs=100, Batch=256, Prob=0.3, Usar_sampler=1
[GPU: 1]  Fin evaluación: Alpha=0.3,  Epochs=100, Batch=256, Prob=0.7, Usar_sampler=1 *************************
[GPU: 1]  Evaluando: Alpha=0.5, Epochs=100, Batch=256, Prob=0.4, Usar_sampler=1
[GPU: 0]  Fin evaluación: Alpha=0.3,  Epochs=100, Batch=256, Prob=0.8, Usar_sampler=1 *************************
[GPU: 0]  Evaluando: Alpha=0.5, Epochs=100, Batch=256, Prob=0.5, Usar_sampler=1
[GPU: 1]  Fin evaluación: Alpha=0.5,  Epochs=100, Batch=256, Prob=0.2, Usar_sampler=1 *************************
[GPU: 1]  Evaluando: Alpha=0.5, Epochs=100, Batch=256, Prob=0.6, Usar_sampler=1
[GPU: 0]  Fin evaluación: Alpha=0.5,  Epochs=100, Batch=256, Prob=0.3, Usar_sampler=1 *************************
[GPU: 0]  Evaluando: Alpha=0.5, Epochs=100, Batch=256, Prob=0.7, Usar_sampler=1
[GPU: 1]  Fin evaluación: Alpha=0.5,  Epochs=100, Batch=256, Prob=0.4, Usar_sampler=1 *************************
[GPU: 1]  Evaluando: Alpha=0.5, Epochs=100, Batch=256, Prob=0.8, Usar_sampler=1
[GPU: 0]  Fin evaluación: Alpha=0.5,  Epochs=100, Batch=256, Prob=0.5, Usar_sampler=1 *************************
[GPU: 0]  Evaluando: Alpha=0.7, Epochs=100, Batch=256, Prob=0.2, Usar_sampler=1
[GPU: 1]  Fin evaluación: Alpha=0.5,  Epochs=100, Batch=256, Prob=0.6, Usar_sampler=1 *************************
[GPU: 1]  Evaluando: Alpha=0.7, Epochs=100, Batch=256, Prob=0.3, Usar_sampler=1
[GPU: 0]  Fin evaluación: Alpha=0.5,  Epochs=100, Batch=256, Prob=0.7, Usar_sampler=1 *************************
[GPU: 0]  Evaluando: Alpha=0.7, Epochs=100, Batch=256, Prob=0.4, Usar_sampler=1
[GPU: 1]  Fin evaluación: Alpha=0.5,  Epochs=100, Batch=256, Prob=0.8, Usar_sampler=1 *************************
[GPU: 1]  Evaluando: Alpha=0.7, Epochs=100, Batch=256, Prob=0.5, Usar_sampler=1
[GPU: 0]  Fin evaluación: Alpha=0.7,  Epochs=100, Batch=256, Prob=0.2, Usar_sampler=1 *************************
[GPU: 0]  Evaluando: Alpha=0.7, Epochs=100, Batch=256, Prob=0.6, Usar_sampler=1
[GPU: 1]  Fin evaluación: Alpha=0.7,  Epochs=100, Batch=256, Prob=0.3, Usar_sampler=1 *************************
[GPU: 1]  Evaluando: Alpha=0.7, Epochs=100, Batch=256, Prob=0.7, Usar_sampler=1
[GPU: 0]  Fin evaluación: Alpha=0.7,  Epochs=100, Batch=256, Prob=0.4, Usar_sampler=1 *************************
[GPU: 0]  Evaluando: Alpha=0.7, Epochs=100, Batch=256, Prob=0.8, Usar_sampler=1
[GPU: 1]  Fin evaluación: Alpha=0.7,  Epochs=100, Batch=256, Prob=0.5, Usar_sampler=1 *************************
[GPU: 1]  Evaluando: Alpha=0.9, Epochs=100, Batch=256, Prob=0.2, Usar_sampler=1
[GPU: 0]  Fin evaluación: Alpha=0.7,  Epochs=100, Batch=256, Prob=0.6, Usar_sampler=1 *************************
[GPU: 0]  Evaluando: Alpha=0.9, Epochs=100, Batch=256, Prob=0.3, Usar_sampler=1
[GPU: 1]  Fin evaluación: Alpha=0.7,  Epochs=100, Batch=256, Prob=0.7, Usar_sampler=1 *************************
[GPU: 1]  Evaluando: Alpha=0.9, Epochs=100, Batch=256, Prob=0.4, Usar_sampler=1
[GPU: 0]  Fin evaluación: Alpha=0.7,  Epochs=100, Batch=256, Prob=0.8, Usar_sampler=1 *************************
[GPU: 0]  Evaluando: Alpha=0.9, Epochs=100, Batch=256, Prob=0.5, Usar_sampler=1
[GPU: 1]  Fin evaluación: Alpha=0.9,  Epochs=100, Batch=256, Prob=0.2, Usar_sampler=1 *************************
[GPU: 1]  Evaluando: Alpha=0.9, Epochs=100, Batch=256, Prob=0.6, Usar_sampler=1
[GPU: 0]  Fin evaluación: Alpha=0.9,  Epochs=100, Batch=256, Prob=0.3, Usar_sampler=1 *************************
[GPU: 0]  Evaluando: Alpha=0.9, Epochs=100, Batch=256, Prob=0.7, Usar_sampler=1
[GPU: 1]  Fin evaluación: Alpha=0.9,  Epochs=100, Batch=256, Prob=0.4, Usar_sampler=1 *************************
[GPU: 1]  Evaluando: Alpha=0.9, Epochs=100, Batch=256, Prob=0.8, Usar_sampler=1
[GPU: 0]  Fin evaluación: Alpha=0.9,  Epochs=100, Batch=256, Prob=0.5, Usar_sampler=1 *************************
[GPU: 0]  Evaluando: Alpha=1.0, Epochs=100, Batch=256, Prob=0.2, Usar_sampler=1
[GPU: 0]  Fin evaluación: Alpha=0.9,  Epochs=100, Batch=256, Prob=0.7, Usar_sampler=1 *************************
[GPU: 1]  Evaluando: Alpha=1.0, Epochs=100, Batch=256, Prob=0.3, Usar_sampler=1
[GPU: 1]  Fin evaluación: Alpha=0.9,  Epochs=100, Batch=256, Prob=0.6, Usar_sampler=1 *************************
[GPU: 0]  Evaluando: Alpha=1.0, Epochs=100, Batch=256, Prob=0.4, Usar_sampler=1
[GPU: 1]  Fin evaluación: Alpha=0.9,  Epochs=100, Batch=256, Prob=0.8, Usar_sampler=1 *************************
[GPU: 1]  Evaluando: Alpha=1.0, Epochs=100, Batch=256, Prob=0.5, Usar_sampler=1
[GPU: 0]  Fin evaluación: Alpha=1.0,  Epochs=100, Batch=256, Prob=0.2, Usar_sampler=1 *************************
[GPU: 0]  Evaluando: Alpha=1.0, Epochs=100, Batch=256, Prob=0.6, Usar_sampler=1
[GPU: 1]  Fin evaluación: Alpha=1.0,  Epochs=100, Batch=256, Prob=0.3, Usar_sampler=1 *************************
[GPU: 1]  Evaluando: Alpha=1.0, Epochs=100, Batch=256, Prob=0.7, Usar_sampler=1
[GPU: 0]  Fin evaluación: Alpha=1.0,  Epochs=100, Batch=256, Prob=0.4, Usar_sampler=1 *************************
[GPU: 0]  Evaluando: Alpha=1.0, Epochs=100, Batch=256, Prob=0.8, Usar_sampler=1
[GPU: 1]  Fin evaluación: Alpha=1.0,  Epochs=100, Batch=256, Prob=0.5, Usar_sampler=1 *************************
[GPU: 0]  Fin evaluación: Alpha=1.0,  Epochs=100, Batch=256, Prob=0.6, Usar_sampler=1 *************************
[GPU: 1]  Fin evaluación: Alpha=1.0,  Epochs=100, Batch=256, Prob=0.7, Usar_sampler=1 *************************
[GPU: 0]  Fin evaluación: Alpha=1.0,  Epochs=100, Batch=256, Prob=0.8, Usar_sampler=1 *************************

--- Ejecutando evaluación final paralela (10 experimentos) ---
ACABÓ LA PRUEBA
ACABÓ LA PRUEBA
ACABÓ LA PRUEBA
ACABÓ LA PRUEBA
ACABÓ LA PRUEBA
ACABÓ LA PRUEBA
ACABÓ LA PRUEBA
ACABÓ LA PRUEBA
ACABÓ LA PRUEBA
ACABÓ LA PRUEBA

============================================================
RESULTADOS FINALES PROMEDIADOS (CONJUNTO DE TEST) SOBRE EL FICHERO: oitaven
============================================================
Mejor Configuración: Alpha=0.9, Epoch=100, Batch=256, Prob=0.4, Sampler=1
------------------------------------------------------------
ACCURACY POR CLASE:
  Clase 01: 96.68% ± 0.90%
  Clase 02: 84.82% ± 3.56%
  Clase 03: 86.21% ± 3.03%
  Clase 04: 95.15% ± 2.59%
  Clase 05: 89.62% ± 3.54%
  Clase 06: 95.88% ± 1.32%
  Clase 07: 95.49% ± 0.28%
  Clase 08: 94.42% ± 0.42%
  Clase 09: 99.58% ± 0.19%
  Clase 10: 90.68% ± 0.68%
------------------------------------------------------------
OA Final: 94.33% ± 0.16%
AA Final: 92.85% ± 0.47%
------------------------------------------------------------
Tiempo entrenamiento total medio con hiperparámetros óptimos: 262.99 s
Tiempo medio por época con hiperparámetros óptimos: 2.6299 s
============================================================
------------------------------------------
Ejecutando prueba iteración: 1...
GPUs detectadas: 2
********************Ejecutando prueba sobre el dataset das_mestas ******************************
Cargando datos en memoria principal...
--- Cargando hiperparámetros óptimos desde hiperParametros_CUTMIX_Con_Aumentado.json ---

--- Ejecutando evaluación final paralela (10 experimentos) ---
ACABÓ LA PRUEBA
ACABÓ LA PRUEBA
ACABÓ LA PRUEBA
ACABÓ LA PRUEBA
ACABÓ LA PRUEBA
ACABÓ LA PRUEBA
ACABÓ LA PRUEBA
ACABÓ LA PRUEBA
ACABÓ LA PRUEBA
ACABÓ LA PRUEBA

============================================================
RESULTADOS FINALES PROMEDIADOS (CONJUNTO DE TEST) SOBRE EL FICHERO: das_mestas
============================================================
Mejor Configuración: Alpha=0.9, Epoch=100, Batch=256, Prob=0.4, Sampler=1
------------------------------------------------------------
ACCURACY POR CLASE:
  Clase 02: 75.20% ± 0.92%
  Clase 07: 90.04% ± 0.66%
  Clase 08: 97.78% ± 0.61%
  Clase 10: 94.09% ± 0.32%
------------------------------------------------------------
OA Final: 90.52% ± 0.16%
AA Final: 89.28% ± 0.29%
------------------------------------------------------------
Tiempo entrenamiento total medio con hiperparámetros óptimos: 476.11 s
Tiempo medio por época con hiperparámetros óptimos: 4.7611 s
============================================================
Prueba iteracion 1 finalizada.
********************************************
Ejecutando prueba iteración: 2...
GPUs detectadas: 2
********************Ejecutando prueba sobre el dataset eiras_dam ******************************
Cargando datos en memoria principal...
--- Cargando hiperparámetros óptimos desde hiperParametros_CUTMIX_Con_Aumentado.json ---

--- Ejecutando evaluación final paralela (10 experimentos) ---
ACABÓ LA PRUEBA
ACABÓ LA PRUEBA
ACABÓ LA PRUEBA
ACABÓ LA PRUEBA
ACABÓ LA PRUEBA
ACABÓ LA PRUEBA
ACABÓ LA PRUEBA
ACABÓ LA PRUEBA
ACABÓ LA PRUEBA
ACABÓ LA PRUEBA

============================================================
RESULTADOS FINALES PROMEDIADOS (CONJUNTO DE TEST) SOBRE EL FICHERO: eiras_dam
============================================================
Mejor Configuración: Alpha=0.9, Epoch=100, Batch=256, Prob=0.4, Sampler=1
------------------------------------------------------------
ACCURACY POR CLASE:
  Clase 01: 98.09% ± 0.33%
  Clase 02: 87.40% ± 3.13%
  Clase 03: 94.17% ± 1.56%
  Clase 04: 96.40% ± 1.84%
  Clase 05: 79.82% ± 8.28%
  Clase 06: 89.41% ± 11.88%
  Clase 07: 91.85% ± 2.45%
  Clase 08: 95.99% ± 1.01%
  Clase 09: 80.81% ± 6.82%
  Clase 10: 92.84% ± 4.86%
------------------------------------------------------------
OA Final: 94.91% ± 0.34%
AA Final: 90.68% ± 1.68%
------------------------------------------------------------
Tiempo entrenamiento total medio con hiperparámetros óptimos: 188.37 s
Tiempo medio por época con hiperparámetros óptimos: 1.8837 s
============================================================
Prueba iteracion 2 finalizada.
********************************************
Ejecutando prueba iteración: 3...
GPUs detectadas: 2
********************Ejecutando prueba sobre el dataset ermidas_creek ******************************
Cargando datos en memoria principal...
--- Cargando hiperparámetros óptimos desde hiperParametros_CUTMIX_Con_Aumentado.json ---

--- Ejecutando evaluación final paralela (10 experimentos) ---
ACABÓ LA PRUEBA
ACABÓ LA PRUEBA
ACABÓ LA PRUEBA
ACABÓ LA PRUEBA
ACABÓ LA PRUEBA
ACABÓ LA PRUEBA
ACABÓ LA PRUEBA
ACABÓ LA PRUEBA
ACABÓ LA PRUEBA
ACABÓ LA PRUEBA

============================================================
RESULTADOS FINALES PROMEDIADOS (CONJUNTO DE TEST) SOBRE EL FICHERO: ermidas_creek
============================================================
Mejor Configuración: Alpha=0.9, Epoch=100, Batch=256, Prob=0.4, Sampler=1
------------------------------------------------------------
ACCURACY POR CLASE:
  Clase 01: 94.02% ± 1.17%
  Clase 02: 94.54% ± 1.62%
  Clase 03: 88.29% ± 1.88%
  Clase 04: 98.06% ± 0.35%
  Clase 05: 97.70% ± 2.51%
  Clase 06: 98.40% ± 1.05%
  Clase 07: 98.15% ± 0.23%
  Clase 08: 96.77% ± 0.45%
  Clase 09: 97.41% ± 0.77%
  Clase 10: 97.31% ± 0.44%
------------------------------------------------------------
OA Final: 97.50% ± 0.17%
AA Final: 96.07% ± 0.36%
------------------------------------------------------------
Tiempo entrenamiento total medio con hiperparámetros óptimos: 287.97 s
Tiempo medio por época con hiperparámetros óptimos: 2.8797 s
============================================================
Prueba iteracion 3 finalizada.
********************************************
Ejecutando prueba iteración: 4...
GPUs detectadas: 2
********************Ejecutando prueba sobre el dataset ferreiras_river ******************************
Cargando datos en memoria principal...
--- Cargando hiperparámetros óptimos desde hiperParametros_CUTMIX_Con_Aumentado.json ---

--- Ejecutando evaluación final paralela (10 experimentos) ---
ACABÓ LA PRUEBA
ACABÓ LA PRUEBA
ACABÓ LA PRUEBA
ACABÓ LA PRUEBA
ACABÓ LA PRUEBA
ACABÓ LA PRUEBA
ACABÓ LA PRUEBA
ACABÓ LA PRUEBA
ACABÓ LA PRUEBA
ACABÓ LA PRUEBA

============================================================
RESULTADOS FINALES PROMEDIADOS (CONJUNTO DE TEST) SOBRE EL FICHERO: ferreiras_river
============================================================
Mejor Configuración: Alpha=0.9, Epoch=100, Batch=256, Prob=0.4, Sampler=1
------------------------------------------------------------
ACCURACY POR CLASE:
  Clase 02: 94.63% ± 0.29%
  Clase 04: 98.65% ± 0.28%
  Clase 07: 80.23% ± 0.60%
  Clase 08: 93.49% ± 0.80%
  Clase 09: 16.09% ± 7.34%
  Clase 10: 93.29% ± 0.41%
------------------------------------------------------------
OA Final: 91.01% ± 0.12%
AA Final: 79.40% ± 1.17%
------------------------------------------------------------
Tiempo entrenamiento total medio con hiperparámetros óptimos: 662.08 s
Tiempo medio por época con hiperparámetros óptimos: 6.6208 s
============================================================
Prueba iteracion 4 finalizada.
********************************************
Ejecutando prueba iteración: 5...
GPUs detectadas: 2
********************Ejecutando prueba sobre el dataset mera_river ******************************
Cargando datos en memoria principal...
--- Cargando hiperparámetros óptimos desde hiperParametros_CUTMIX_Con_Aumentado.json ---

--- Ejecutando evaluación final paralela (10 experimentos) ---
ACABÓ LA PRUEBA
ACABÓ LA PRUEBA
ACABÓ LA PRUEBA
ACABÓ LA PRUEBA
ACABÓ LA PRUEBA
ACABÓ LA PRUEBA
ACABÓ LA PRUEBA
ACABÓ LA PRUEBA
ACABÓ LA PRUEBA
ACABÓ LA PRUEBA

============================================================
RESULTADOS FINALES PROMEDIADOS (CONJUNTO DE TEST) SOBRE EL FICHERO: mera_river
============================================================
Mejor Configuración: Alpha=0.9, Epoch=100, Batch=256, Prob=0.4, Sampler=1
------------------------------------------------------------
ACCURACY POR CLASE:
  Clase 02: 88.71% ± 0.52%
  Clase 04: 94.66% ± 1.48%
  Clase 05: 100.00% ± 0.00%
  Clase 06: 54.74% ± 25.20%
  Clase 07: 86.45% ± 0.60%
  Clase 08: 97.75% ± 0.46%
  Clase 10: 93.24% ± 0.40%
------------------------------------------------------------
OA Final: 90.23% ± 0.09%
AA Final: 87.94% ± 3.46%
------------------------------------------------------------
Tiempo entrenamiento total medio con hiperparámetros óptimos: 752.76 s
Tiempo medio por época con hiperparámetros óptimos: 7.5276 s
============================================================
Prueba iteracion 5 finalizada.
********************************************
Ejecutando prueba iteración: 6...
GPUs detectadas: 2
********************Ejecutando prueba sobre el dataset ulla ******************************
Cargando datos en memoria principal...
--- Cargando hiperparámetros óptimos desde hiperParametros_CUTMIX_Con_Aumentado.json ---

--- Ejecutando evaluación final paralela (10 experimentos) ---
ACABÓ LA PRUEBA
ACABÓ LA PRUEBA
ACABÓ LA PRUEBA
ACABÓ LA PRUEBA
ACABÓ LA PRUEBA
ACABÓ LA PRUEBA
ACABÓ LA PRUEBA
ACABÓ LA PRUEBA
ACABÓ LA PRUEBA
ACABÓ LA PRUEBA

============================================================
RESULTADOS FINALES PROMEDIADOS (CONJUNTO DE TEST) SOBRE EL FICHERO: ulla
============================================================
Mejor Configuración: Alpha=0.9, Epoch=100, Batch=256, Prob=0.4, Sampler=1
------------------------------------------------------------
ACCURACY POR CLASE:
  Clase 02: 99.84% ± 0.17%
  Clase 04: 100.00% ± 0.00%
  Clase 07: 99.76% ± 0.23%
  Clase 08: 97.07% ± 1.03%
  Clase 09: 96.30% ± 2.59%
------------------------------------------------------------
OA Final: 98.18% ± 0.57%
AA Final: 98.59% ± 0.54%
------------------------------------------------------------
Tiempo entrenamiento total medio con hiperparámetros óptimos: 18.37 s
Tiempo medio por época con hiperparámetros óptimos: 0.1837 s
============================================================
Prueba iteracion 6 finalizada.
********************************************
Ejecutando prueba iteración: 7...
GPUs detectadas: 2
********************Ejecutando prueba sobre el dataset xesta ******************************
Cargando datos en memoria principal...
--- Cargando hiperparámetros óptimos desde hiperParametros_CUTMIX_Con_Aumentado.json ---

--- Ejecutando evaluación final paralela (10 experimentos) ---
ACABÓ LA PRUEBA
ACABÓ LA PRUEBA
ACABÓ LA PRUEBA
ACABÓ LA PRUEBA
ACABÓ LA PRUEBA
ACABÓ LA PRUEBA
ACABÓ LA PRUEBA
ACABÓ LA PRUEBA
ACABÓ LA PRUEBA
ACABÓ LA PRUEBA

============================================================
RESULTADOS FINALES PROMEDIADOS (CONJUNTO DE TEST) SOBRE EL FICHERO: xesta
============================================================
Mejor Configuración: Alpha=0.9, Epoch=100, Batch=256, Prob=0.4, Sampler=1
------------------------------------------------------------
ACCURACY POR CLASE:
  Clase 01: 90.65% ± 4.15%
  Clase 02: 87.67% ± 4.21%
  Clase 03: 93.17% ± 1.16%
  Clase 04: 97.41% ± 1.08%
  Clase 07: 98.42% ± 0.19%
  Clase 08: 96.35% ± 0.30%
------------------------------------------------------------
OA Final: 97.79% ± 0.09%
AA Final: 93.95% ± 1.13%
------------------------------------------------------------
Tiempo entrenamiento total medio con hiperparámetros óptimos: 744.68 s
Tiempo medio por época con hiperparámetros óptimos: 7.4468 s
============================================================
Prueba iteracion 7 finalizada.
********************************************
********** Se han finalizado todas las pruebas de CUTMIX 05:28:44 **********
